cells=[(100, 0.1), (140, 0.2), (100, 0.5)]  inst_seeds=[101, 102, 103]  algo_seeds=[0, 1, 2, 3, 4, 5, 6, 7, 8, 9, 10, 11, 12, 13, 14, 15]  tasks to run=144  workers=8
budget/task: 8s legalize + 8x7s polish quanta (+ spur <= 5s, outside the budget)  csv=p3_rank_stability.csv
[1/144     57s] n100 p0.1 i101 s5: legal 10.07 -> 5.45 5.09 5.09 5.09 5.09 5.09 4.88 4.86 | best 4.86 spur 4.76 ovl 0.08 | 57.0s
[2/144     57s] n100 p0.1 i101 s3: legal 8.81 -> 5.56 5.54 5.42 5.42 5.48 5.39 5.39 5.39 | best 5.39 spur 5.27 ovl 0.15 | 57.2s
[3/144     57s] n100 p0.1 i101 s7: legal 8.78 -> 5.48 5.25 5.25 5.15 5.15 5.15 5.15 5.15 | best 5.15 spur 5.06 ovl 0.13 | 57.2s
[4/144     57s] n100 p0.1 i101 s6: legal 9.01 -> 5.68 5.11 5.04 5.10 5.09 5.09 5.09 5.10 | best 5.04 spur 4.94 ovl 0.10 | 57.2s
[5/144     57s] n100 p0.1 i101 s1: legal 8.73 -> 5.73 5.27 5.40 5.16 5.08 5.22 5.22 5.15 | best 5.08 spur 5.00 ovl 0.14 | 57.3s
[6/144     58s] n100 p0.1 i101 s2: legal 9.63 -> 5.59 5.34 5.19 4.96 5.01 5.01 5.01 5.01 | best 4.96 spur 4.89 ovl 0.10 | 57.5s
[7/144     58s] n100 p0.1 i101 s0: legal 8.38 -> 5.69 5.48 5.31 5.27 5.36 5.24 5.25 5.25 | best 5.24 spur 5.16 ovl 0.11 | 57.5s
[8/144     58s] n100 p0.1 i101 s4: legal 8.50 -> 5.29 5.27 5.20 5.19 5.10 5.16 5.16 5.15 | best 5.10 spur 5.02 ovl 0.11 | 57.7s
[9/144    115s] n100 p0.1 i101 s8: legal 9.06 -> 5.29 5.26 5.28 5.29 5.29 5.29 5.25 5.25 | best 5.25 spur 5.20 ovl 0.10 | 57.4s
[10/144    115s] n100 p0.1 i101 s9: legal 8.91 -> 5.32 5.33 5.27 5.30 5.33 5.33 5.33 5.33 | best 5.27 spur 5.20 ovl 0.15 | 57.5s
[11/144    115s] n100 p0.1 i101 s13: legal 9.48 -> 5.62 5.47 5.39 5.38 5.37 5.40 5.40 5.35 | best 5.35 spur 5.23 ovl 0.13 | 57.4s
[12/144    115s] n100 p0.1 i101 s14: legal 8.64 -> 5.92 5.63 5.46 5.46 5.46 5.46 5.46 5.46 | best 5.46 spur 5.36 ovl 0.15 | 57.4s
[13/144    115s] n100 p0.1 i101 s12: legal 9.12 -> 5.46 5.19 4.93 4.97 4.97 4.94 4.93 4.92 | best 4.92 spur 4.87 ovl 0.12 | 57.6s
[14/144    115s] n100 p0.1 i101 s10: legal 7.87 -> 5.50 5.12 5.10 5.10 5.10 5.10 5.10 5.10 | best 5.10 spur 5.01 ovl 0.16 | 57.7s
[15/144    115s] n100 p0.1 i101 s11: legal 8.12 -> 5.78 5.44 5.17 5.17 5.20 5.10 5.09 5.10 | best 5.09 spur 5.03 ovl 0.17 | 57.8s
[16/144    115s] n100 p0.1 i101 s15: legal 8.47 -> 5.79 5.58 5.53 5.52 5.53 5.53 5.53 5.53 | best 5.52 spur 5.37 ovl 0.14 | 57.5s
[17/144    172s] n100 p0.1 i102 s1: legal 8.09 -> 5.48 5.32 5.14 5.09 5.07 5.07 5.07 5.07 | best 5.07 spur 4.94 ovl 0.15 | 57.4s
[18/144    172s] n100 p0.1 i102 s3: legal 8.67 -> 5.51 5.49 5.49 5.32 5.32 5.33 5.18 5.26 | best 5.18 spur 5.10 ovl 0.07 | 57.2s
[19/144    172s] n100 p0.1 i102 s0: legal 8.53 -> 5.34 5.29 5.15 5.15 5.19 5.19 5.18 5.18 | best 5.15 spur 5.05 ovl 0.09 | 57.7s
[20/144    173s] n100 p0.1 i102 s6: legal 9.11 -> 5.51 5.38 5.28 5.29 5.20 5.10 5.06 5.05 | best 5.05 spur 4.96 ovl 0.09 | 57.3s
[21/144    173s] n100 p0.1 i102 s2: legal 9.16 -> 5.87 5.33 5.38 5.38 5.39 5.39 5.39 5.03 | best 5.03 spur 4.87 ovl 0.13 | 57.6s
[22/144    173s] n100 p0.1 i102 s5: legal 8.98 -> 5.77 5.50 5.44 5.44 5.38 5.31 5.27 5.19 | best 5.19 spur 5.10 ovl 0.10 | 57.5s
[23/144    173s] n100 p0.1 i102 s7: legal 8.44 -> 5.43 5.07 5.11 5.11 5.12 5.12 5.12 5.12 | best 5.07 spur 4.94 ovl 0.13 | 57.5s
[24/144    173s] n100 p0.1 i102 s4: legal 7.33 -> 5.42 5.39 5.07 5.07 5.07 5.07 5.08 5.11 | best 5.07 spur 4.98 ovl 0.19 | 57.8s
[25/144    230s] n100 p0.1 i102 s12: legal 9.97 -> 5.25 5.25 5.22 5.22 5.06 5.07 4.98 5.13 | best 4.98 spur 4.83 ovl 0.08 | 57.3s
[26/144    230s] n100 p0.1 i102 s8: legal 8.25 -> 5.50 5.26 5.11 5.01 5.02 5.05 5.04 5.04 | best 5.01 spur 4.92 ovl 0.12 | 57.8s
[27/144    230s] n100 p0.1 i102 s10: legal 8.47 -> 5.80 5.48 5.50 5.29 5.20 5.22 5.21 5.19 | best 5.19 spur 5.08 ovl 0.11 | 57.8s
[28/144    230s] n100 p0.1 i102 s11: legal 8.65 -> 5.58 5.32 5.41 5.15 5.13 5.12 5.12 5.12 | best 5.12 spur 4.97 ovl 0.14 | 57.7s
[29/144    230s] n100 p0.1 i102 s13: legal 8.32 -> 5.40 5.05 5.06 5.06 5.06 5.06 5.05 5.05 | best 5.05 spur 4.96 ovl 0.19 | 57.6s
[30/144    230s] n100 p0.1 i102 s9: legal 9.12 -> 5.49 5.22 5.09 5.05 5.17 5.17 5.17 5.17 | best 5.05 spur 4.93 ovl 0.08 | 58.0s
[31/144    230s] n100 p0.1 i102 s15: legal 8.98 -> 5.84 5.66 5.66 5.57 5.38 5.38 5.39 5.27 | best 5.27 spur 5.11 ovl 0.09 | 57.5s
[32/144    231s] n100 p0.1 i102 s14: legal 9.10 -> 5.43 5.36 5.27 5.18 5.20 5.19 5.19 5.16 | best 5.16 spur 5.07 ovl 0.09 | 57.8s
[33/144    287s] n100 p0.1 i103 s6: legal 8.24 -> 5.48 5.38 5.17 5.08 5.07 5.07 5.06 5.06 | best 5.06 spur 4.92 ovl 0.15 | 57.1s
[34/144    288s] n100 p0.1 i103 s1: legal 8.99 -> 5.41 5.29 5.33 5.32 5.36 5.35 5.35 5.33 | best 5.29 spur 5.12 ovl 0.12 | 57.6s
[35/144    288s] n100 p0.1 i103 s4: legal 8.74 -> 5.55 5.33 5.24 5.23 5.23 5.19 5.19 5.20 | best 5.19 spur 5.08 ovl 0.10 | 57.4s
[36/144    288s] n100 p0.1 i103 s3: legal 8.85 -> 5.61 5.23 5.31 5.16 5.16 5.16 5.16 5.13 | best 5.13 spur 5.04 ovl 0.13 | 57.5s
[37/144    288s] n100 p0.1 i103 s2: legal 8.25 -> 5.69 5.58 5.58 5.57 5.44 5.24 5.29 5.38 | best 5.24 spur 5.14 ovl 0.14 | 57.7s
[38/144    288s] n100 p0.1 i103 s0: legal 8.30 -> 5.85 5.41 5.16 5.15 5.06 5.06 5.07 4.98 | best 4.98 spur 4.88 ovl 0.10 | 58.1s
[39/144    288s] n100 p0.1 i103 s5: legal 7.78 -> 5.42 5.36 5.31 5.20 5.25 5.29 5.29 5.28 | best 5.20 spur 5.07 ovl 0.17 | 57.7s
[40/144    289s] n100 p0.1 i103 s7: legal 8.94 -> 5.38 5.27 5.16 5.16 5.15 5.15 5.15 5.14 | best 5.14 spur 5.04 ovl 0.10 | 58.0s
[41/144    345s] n100 p0.1 i103 s8: legal 8.64 -> 5.53 5.35 5.30 5.30 5.33 5.37 5.37 5.37 | best 5.30 spur 5.20 ovl 0.13 | 57.7s
[42/144    345s] n100 p0.1 i103 s12: legal 9.50 -> 5.47 5.47 5.44 5.38 5.38 5.38 5.38 5.36 | best 5.36 spur 5.24 ovl 0.09 | 57.4s
[43/144    345s] n100 p0.1 i103 s10: legal 9.64 -> 5.38 5.25 5.31 5.31 5.12 5.12 5.13 5.10 | best 5.10 spur 5.00 ovl 0.11 | 57.7s
[44/144    345s] n100 p0.1 i103 s9: legal 8.58 -> 5.55 5.37 5.22 5.04 5.07 4.95 5.00 5.00 | best 4.95 spur 4.92 ovl 0.11 | 57.8s
[45/144    346s] n100 p0.1 i103 s11: legal 8.71 -> 5.86 5.63 5.61 5.38 5.37 5.36 5.30 5.09 | best 5.09 spur 4.99 ovl 0.14 | 58.1s
[46/144    347s] n100 p0.1 i103 s14: legal 8.14 -> 5.76 5.17 5.20 5.18 5.14 5.14 5.14 5.08 | best 5.08 spur 4.96 ovl 0.17 | 58.6s
[47/144    347s] n100 p0.1 i103 s13: legal 9.09 -> 5.66 5.42 5.29 5.00 4.99 4.76 4.76 4.75 | best 4.75 spur 4.68 ovl 0.13 | 58.9s
[48/144    347s] n100 p0.1 i103 s15: legal 8.76 -> 5.75 5.32 5.35 5.35 5.35 5.28 5.29 5.35 | best 5.28 spur 5.22 ovl 0.08 | 58.4s
[49/144    412s] n140 p0.2 i101 s5: legal 22.94 -> 22.85 20.91 19.34 20.03 19.94 19.94 19.93 19.93 | best 19.34 spur 17.52 ovl 0.99 | 65.4s
[50/144    412s] n140 p0.2 i101 s4: legal 22.29 -> 22.20 22.13 22.11 23.06 22.94 20.38 20.35 20.08 | best 20.08 spur 17.90 ovl 0.98 | 66.2s
[51/144    413s] n140 p0.2 i101 s3: legal 23.72 -> 20.48 19.08 19.08 19.08 18.30 18.61 18.61 18.00 | best 18.00 spur 16.39 ovl 0.35 | 67.2s
[52/144    413s] n140 p0.2 i101 s0: legal 24.36 -> 20.20 19.22 19.46 18.87 18.90 18.88 17.70 17.64 | best 17.64 spur 16.19 ovl 0.32 | 67.9s
[53/144    413s] n140 p0.2 i101 s1: legal 27.87 -> 27.65 24.59 24.59 22.99 22.89 22.86 22.82 23.20 | best 22.82 spur 20.59 ovl 0.79 | 68.0s
[54/144    414s] n140 p0.2 i101 s2: legal 22.59 -> 20.27 19.50 18.63 18.54 18.81 18.84 18.37 18.76 | best 18.37 spur 16.49 ovl 0.36 | 68.4s
[55/144    415s] n140 p0.2 i101 s7: legal 25.84 -> 21.45 20.31 20.31 20.31 19.93 19.89 19.76 19.79 | best 19.76 spur 18.06 ovl 0.28 | 67.9s
[56/144    416s] n140 p0.2 i101 s6: legal 24.93 -> 24.79 24.31 24.23 23.12 23.74 23.71 23.90 22.06 | best 22.06 spur 19.96 ovl 0.98 | 69.2s
[57/144    478s] n140 p0.2 i101 s10: legal 28.63 -> 24.11 22.04 21.06 20.22 19.54 19.17 19.17 18.66 | best 18.66 spur 16.91 ovl 0.29 | 65.4s
[58/144    478s] n140 p0.2 i101 s9: legal 28.36 -> 25.87 24.41 23.80 20.92 20.96 21.00 21.00 20.99 | best 20.92 spur 18.94 ovl 0.27 | 66.5s
[59/144    480s] n140 p0.2 i101 s14: legal 22.94 -> 22.31 22.25 20.96 20.01 20.80 19.42 18.68 19.04 | best 18.68 spur 17.07 ovl 0.45 | 65.3s
[60/144    481s] n140 p0.2 i101 s13: legal 21.26 -> 19.01 18.80 18.34 17.71 18.10 17.87 18.45 17.54 | best 17.54 spur 16.25 ovl 0.39 | 67.0s
[61/144    481s] n140 p0.2 i101 s8: legal 27.27 -> 24.63 23.89 21.51 21.22 21.81 21.81 20.69 20.86 | best 20.69 spur 18.54 ovl 0.28 | 69.2s
[62/144    482s] n140 p0.2 i101 s11: legal 23.16 -> 19.81 19.06 18.72 18.71 17.93 17.93 17.84 17.70 | best 17.70 spur 16.11 ovl 0.36 | 68.8s
[63/144    482s] n140 p0.2 i101 s12: legal 27.74 -> 23.39 22.98 22.04 21.51 20.64 19.84 18.89 19.29 | best 18.89 spur 17.31 ovl 0.25 | 69.0s
[64/144    483s] n140 p0.2 i101 s15: legal 23.37 -> 20.98 20.44 20.42 19.79 20.29 18.97 18.54 18.20 | best 18.20 spur 16.64 ovl 0.37 | 67.4s
[65/144    542s] n140 p0.2 i102 s0: legal 27.18 -> 25.44 22.59 22.54 21.84 21.79 21.00 20.55 19.49 | best 19.49 spur 17.81 ovl 0.34 | 64.2s
[66/144    544s] n140 p0.2 i102 s1: legal 24.93 -> 20.74 19.01 18.49 17.75 17.54 16.84 16.94 17.31 | best 16.84 spur 15.75 ovl 0.28 | 65.2s
[67/144    545s] n140 p0.2 i102 s2: legal 19.79 -> 19.06 17.66 17.77 17.36 17.11 17.16 17.16 17.01 | best 17.01 spur 15.66 ovl 0.41 | 64.7s
[68/144    548s] n140 p0.2 i102 s5: legal 20.03 -> 18.91 18.51 17.52 17.28 16.70 16.56 16.57 16.56 | best 16.56 spur 15.49 ovl 0.38 | 66.4s
[69/144    549s] n140 p0.2 i102 s4: legal 20.74 -> 19.68 18.86 18.88 18.19 17.40 17.73 17.49 17.34 | best 17.34 spur 15.93 ovl 0.41 | 67.4s
[70/144    549s] n140 p0.2 i102 s7: legal 21.11 -> 18.61 17.95 18.69 18.72 18.34 17.42 17.49 16.96 | best 16.96 spur 15.70 ovl 0.39 | 65.9s
[71/144    549s] n140 p0.2 i102 s3: legal 25.59 -> 22.36 21.60 21.57 20.63 19.47 18.97 18.83 18.82 | best 18.82 spur 17.19 ovl 0.25 | 68.7s
[72/144    552s] n140 p0.2 i102 s6: legal 25.64 -> 21.44 20.12 20.02 18.60 18.16 18.16 18.12 18.09 | best 18.09 spur 16.87 ovl 0.30 | 69.5s
[73/144    606s] n140 p0.2 i102 s8: legal 23.63 -> 19.83 18.17 18.22 17.51 17.22 16.59 17.09 17.09 | best 16.59 spur 15.31 ovl 0.29 | 63.6s
[74/144    609s] n140 p0.2 i102 s9: legal 21.54 -> 19.21 18.36 17.72 17.89 17.64 17.47 17.13 17.01 | best 17.01 spur 15.90 ovl 0.39 | 65.1s
[75/144    610s] n140 p0.2 i102 s10: legal 27.56 -> 23.34 21.38 21.41 20.86 20.90 19.81 18.74 17.98 | best 17.98 spur 16.53 ovl 0.24 | 65.2s
[76/144    611s] n140 p0.2 i102 s12: legal 25.38 -> 21.67 19.79 19.11 18.32 17.57 17.69 17.97 17.32 | best 17.32 spur 16.13 ovl 0.24 | 62.6s
[77/144    612s] n140 p0.2 i102 s11: legal 24.14 -> 21.12 19.62 19.37 18.29 18.29 17.59 17.57 16.84 | best 16.84 spur 15.56 ovl 0.31 | 64.0s
[78/144    614s] n140 p0.2 i102 s13: legal 23.53 -> 20.85 19.29 18.59 18.59 17.99 17.30 17.18 16.67 | best 16.67 spur 15.46 ovl 0.31 | 64.2s
[79/144    615s] n140 p0.2 i102 s14: legal 26.34 -> 22.42 20.40 20.51 21.01 19.44 18.76 18.76 18.54 | best 18.54 spur 16.87 ovl 0.29 | 65.7s
[80/144    617s] n140 p0.2 i102 s15: legal 22.37 -> 20.10 20.11 19.02 18.31 17.91 18.15 17.11 17.04 | best 17.04 spur 15.74 ovl 0.34 | 65.4s
[81/144    669s] n140 p0.2 i103 s0: legal 21.70 -> 19.58 19.34 19.39 19.34 19.81 19.76 19.84 19.82 | best 19.34 spur 17.76 ovl 0.39 | 63.5s
[82/144    673s] n140 p0.2 i103 s1: legal 21.23 -> 17.98 16.97 16.54 16.54 16.96 16.95 16.95 16.92 | best 16.54 spur 15.33 ovl 0.34 | 64.7s
[83/144    675s] n140 p0.2 i103 s2: legal 26.79 -> 23.62 24.23 21.19 21.18 20.45 19.56 18.55 17.69 | best 17.69 spur 16.16 ovl 0.21 | 65.2s
[84/144    675s] n140 p0.2 i103 s3: legal 28.75 -> 21.60 19.79 19.86 19.45 18.62 17.82 17.76 18.13 | best 17.76 spur 16.46 ovl 0.19 | 64.2s
[85/144    677s] n140 p0.2 i103 s4: legal 19.98 -> 17.62 17.39 16.44 16.26 16.21 16.34 16.31 16.03 | best 16.03 spur 15.00 ovl 0.35 | 64.8s
[86/144    678s] n140 p0.2 i103 s5: legal 19.76 -> 17.30 16.69 16.66 16.74 16.74 16.74 16.71 16.71 | best 16.66 spur 15.52 ovl 0.40 | 64.9s
[87/144    681s] n140 p0.2 i103 s6: legal 23.76 -> 20.18 18.80 18.81 18.71 18.91 18.12 17.55 17.52 | best 17.52 spur 16.12 ovl 0.29 | 66.0s
[88/144    682s] n140 p0.2 i103 s7: legal 24.09 -> 19.75 19.12 18.73 17.86 17.83 17.66 17.55 16.84 | best 16.84 spur 15.31 ovl 0.28 | 64.9s
[89/144    734s] n140 p0.2 i103 s8: legal 26.61 -> 22.32 19.92 20.08 18.54 18.16 16.96 17.11 17.07 | best 16.96 spur 15.84 ovl 0.23 | 65.1s
[90/144    736s] n140 p0.2 i103 s9: legal 19.11 -> 18.40 18.23 17.77 17.39 17.55 16.64 16.74 16.35 | best 16.35 spur 15.22 ovl 0.41 | 62.9s
[91/144    738s] n140 p0.2 i103 s11: legal 22.34 -> 18.89 17.74 17.81 17.17 16.96 16.94 16.89 16.89 | best 16.89 spur 15.63 ovl 0.39 | 62.6s
[92/144    740s] n140 p0.2 i103 s10: legal 28.79 -> 21.71 21.29 20.36 18.95 19.01 19.49 19.49 18.29 | best 18.29 spur 16.72 ovl 0.17 | 64.3s
[93/144    742s] n140 p0.2 i103 s12: legal 29.71 -> 23.64 23.09 23.11 22.47 22.63 20.17 20.19 18.56 | best 18.56 spur 17.14 ovl 0.19 | 65.2s
[94/144    742s] n140 p0.2 i103 s14: legal 27.64 -> 22.61 22.32 20.99 19.11 19.50 19.10 18.15 18.27 | best 18.15 spur 16.64 ovl 0.19 | 61.2s
[95/144    743s] n140 p0.2 i103 s13: legal 26.40 -> 22.04 22.02 19.93 17.96 17.94 17.94 17.94 17.94 | best 17.94 spur 16.38 ovl 0.24 | 64.0s
[96/144    747s] n140 p0.2 i103 s15: legal 23.34 -> 19.46 18.84 17.72 17.89 17.25 16.96 16.41 16.48 | best 16.41 spur 15.39 ovl 0.33 | 64.8s
[97/144    797s] n100 p0.5 i101 s0: legal 12.62 -> 12.71 12.77 14.49 14.54 15.24 14.01 13.97 14.35 | best 12.62 spur 12.18 ovl 0.99 | 63.1s
[98/144    799s] n100 p0.5 i101 s1: legal 15.62 -> 15.29 14.89 15.33 13.98 13.44 13.42 13.38 13.87 | best 13.38 spur 12.26 ovl 0.44 | 62.4s
[99/144    804s] n100 p0.5 i101 s2: legal 12.58 -> 12.58 12.58 12.58 12.58 14.26 14.23 14.22 14.27 | best 12.58 spur 12.26 ovl 1.00 | 65.5s
[100/144    804s] n100 p0.5 i101 s5: legal 12.49 -> 15.52 15.49 14.81 15.09 15.04 14.68 14.68 14.66 | best 12.49 spur 12.12 ovl 0.51 | 61.7s
[101/144    804s] n100 p0.5 i101 s3: legal 22.82 -> 18.16 19.79 17.90 15.86 15.96 16.23 15.03 14.97 | best 14.97 spur 13.17 ovl 0.27 | 64.7s
[102/144    806s] n100 p0.5 i101 s6: legal 20.03 -> 19.65 21.44 17.31 14.77 14.23 14.97 14.34 14.31 | best 14.23 spur 12.95 ovl 0.41 | 63.6s
[103/144    809s] n100 p0.5 i101 s4: legal 12.58 -> 12.66 12.97 12.97 12.97 12.97 12.97 13.25 13.39 | best 12.58 spur 12.19 ovl 0.95 | 66.7s
[104/144    810s] n100 p0.5 i101 s7: legal 20.35 -> 22.17 17.66 17.62 17.62 15.80 15.72 15.37 15.32 | best 15.32 spur 13.55 ovl 0.45 | 63.4s
[105/144    862s] n100 p0.5 i101 s9: legal 17.93 -> 16.40 16.34 17.54 16.35 15.54 15.58 14.28 14.22 | best 14.22 spur 12.85 ovl 0.41 | 63.5s
[106/144    863s] n100 p0.5 i101 s8: legal 16.90 -> 17.37 15.76 15.40 14.37 13.62 13.46 13.96 13.08 | best 13.08 spur 11.89 ovl 0.45 | 65.7s
[107/144    868s] n100 p0.5 i101 s10: legal 24.50 -> 24.64 22.86 20.22 19.40 18.19 17.54 15.94 16.50 | best 15.94 spur 13.87 ovl 0.98 | 64.9s
[108/144    869s] n100 p0.5 i101 s11: legal 17.55 -> 16.76 16.79 17.85 15.71 14.97 14.96 15.11 14.82 | best 14.82 spur 13.10 ovl 0.39 | 65.4s
[109/144    870s] n100 p0.5 i101 s12: legal 16.18 -> 14.90 14.90 14.89 14.75 14.74 15.06 15.01 14.97 | best 14.74 spur 12.96 ovl 0.47 | 65.9s
[110/144    870s] n100 p0.5 i101 s13: legal 14.69 -> 14.56 14.54 14.33 14.26 14.25 14.21 14.19 14.19 | best 14.19 spur 12.52 ovl 0.49 | 64.0s
[111/144    874s] n100 p0.5 i101 s15: legal 18.16 -> 19.76 16.85 15.75 15.70 15.37 15.86 14.41 14.32 | best 14.32 spur 12.83 ovl 0.64 | 64.1s
[112/144    875s] n100 p0.5 i101 s14: legal 19.57 -> 18.17 17.26 15.47 15.17 15.16 15.15 15.13 14.23 | best 14.23 spur 12.66 ovl 0.36 | 66.4s
[113/144    928s] n100 p0.5 i102 s1: legal 17.62 -> 16.13 15.30 14.85 14.83 15.63 15.60 14.84 15.12 | best 14.83 spur 13.34 ovl 0.38 | 64.8s
[114/144    928s] n100 p0.5 i102 s0: legal 22.51 -> 16.68 16.52 15.77 15.59 15.82 15.82 16.55 16.48 | best 15.59 spur 13.62 ovl 0.26 | 65.7s
[115/144    932s] n100 p0.5 i102 s4: legal 13.35 -> 14.77 15.38 15.37 15.34 14.51 15.21 15.20 15.33 | best 13.35 spur 12.76 ovl 0.51 | 61.4s
[116/144    933s] n100 p0.5 i102 s3: legal 12.54 -> 12.52 12.52 13.03 14.49 15.00 14.23 14.17 14.16 | best 12.52 spur 12.15 ovl 1.00 | 63.9s
[117/144    933s] n100 p0.5 i102 s2: legal 19.26 -> 16.46 17.18 15.66 15.36 15.31 15.44 15.44 15.14 | best 15.14 spur 13.49 ovl 0.32 | 64.9s
[118/144    935s] n100 p0.5 i102 s5: legal 13.82 -> 13.96 14.22 14.27 14.24 14.22 14.01 14.01 14.01 | best 13.82 spur 12.95 ovl 0.49 | 64.8s
[119/144    941s] n100 p0.5 i102 s7: legal 15.78 -> 15.61 15.25 13.99 13.97 14.52 14.53 14.51 14.68 | best 13.97 spur 12.55 ovl 0.41 | 65.9s
[120/144    945s] n100 p0.5 i102 s6: legal 16.09 -> 17.29 17.20 17.30 17.26 17.25 17.25 17.25 17.09 | best 16.09 spur 14.83 ovl 0.80 | 70.5s
[121/144    993s] n100 p0.5 i102 s9: legal 13.48 -> 13.48 13.46 13.44 15.99 15.17 14.64 14.60 14.72 | best 13.44 spur 12.73 ovl 1.00 | 64.6s
[122/144    994s] n100 p0.5 i102 s8: legal 22.02 -> 23.39 20.68 20.60 20.58 21.41 18.03 17.81 16.71 | best 16.71 spur 14.23 ovl 0.73 | 65.7s
[123/144    999s] n100 p0.5 i102 s10: legal 14.08 -> 14.00 14.00 14.26 14.24 14.23 15.26 15.23 15.10 | best 14.00 spur 12.83 ovl 0.98 | 67.7s
[124/144   1000s] n100 p0.5 i102 s12: legal 19.76 -> 19.47 19.44 22.38 22.24 22.18 20.80 20.65 17.72 | best 17.72 spur 14.95 ovl 0.98 | 66.8s
[125/144   1000s] n100 p0.5 i102 s11: legal 17.63 -> 16.76 15.54 14.82 14.78 14.77 14.53 14.02 13.93 | best 13.93 spur 12.28 ovl 0.41 | 67.0s
[126/144   1000s] n100 p0.5 i102 s13: legal 20.38 -> 17.98 17.25 18.31 16.17 16.10 15.28 15.23 15.32 | best 15.23 spur 13.23 ovl 0.31 | 65.5s
[127/144   1005s] n100 p0.5 i102 s14: legal 19.80 -> 18.22 16.09 16.09 16.02 15.84 15.79 16.12 16.12 | best 15.79 spur 13.61 ovl 0.35 | 63.4s
[128/144   1009s] n100 p0.5 i102 s15: legal 16.83 -> 15.48 15.28 15.28 14.11 14.17 14.12 13.99 14.33 | best 13.99 spur 12.48 ovl 0.43 | 64.0s
[129/144   1058s] n100 p0.5 i103 s1: legal 17.13 -> 15.21 14.26 14.31 14.43 13.64 13.63 13.63 13.63 | best 13.63 spur 12.44 ovl 0.39 | 64.7s
[130/144   1060s] n100 p0.5 i103 s0: legal 26.10 -> 23.02 22.96 23.56 21.17 19.98 17.93 18.12 18.11 | best 17.93 spur 15.42 ovl 0.21 | 67.4s
[131/144   1062s] n100 p0.5 i103 s4: legal 12.15 -> 14.16 13.88 13.88 13.87 13.90 13.79 13.79 13.77 | best 12.15 spur 11.74 ovl 0.51 | 61.4s
[132/144   1063s] n100 p0.5 i103 s2: legal 17.09 -> 15.69 15.66 15.12 15.05 15.04 15.04 15.04 14.53 | best 14.53 spur 13.00 ovl 0.39 | 63.3s
[133/144   1067s] n100 p0.5 i103 s3: legal 16.88 -> 17.03 15.75 15.41 15.40 14.94 14.87 14.91 14.25 | best 14.25 spur 12.69 ovl 0.36 | 66.5s
[134/144   1073s] n100 p0.5 i103 s7: legal 17.83 -> 19.80 17.43 17.39 16.74 15.61 16.63 16.78 14.88 | best 14.88 spur 13.49 ovl 0.47 | 64.3s
[135/144   1073s] n100 p0.5 i103 s6: legal 13.80 -> 15.34 15.33 15.27 15.37 15.20 15.72 16.51 14.75 | best 13.80 spur 12.75 ovl 0.76 | 68.5s
[136/144   1074s] n100 p0.5 i103 s5: legal 12.69 -> 12.67 12.67 12.85 12.87 12.86 13.18 13.20 13.20 | best 12.67 spur 12.25 ovl 0.98 | 73.0s
[137/144   1123s] n100 p0.5 i103 s8: legal 14.68 -> 15.76 16.94 16.90 16.03 16.02 15.17 14.80 14.50 | best 14.50 spur 12.83 ovl 0.46 | 64.4s
[138/144   1123s] n100 p0.5 i103 s10: legal 15.27 -> 15.43 14.58 14.31 14.15 14.18 14.23 14.19 14.37 | best 14.15 spur 12.65 ovl 0.45 | 61.1s
[139/144   1126s] n100 p0.5 i103 s9: legal 14.36 -> 14.71 15.99 15.82 15.67 15.75 15.08 15.39 14.77 | best 14.36 spur 13.25 ovl 0.50 | 65.6s
[140/144   1126s] n100 p0.5 i103 s11: legal 15.98 -> 14.10 13.81 13.77 14.23 14.21 14.21 13.44 13.36 | best 13.36 spur 12.15 ovl 0.43 | 63.4s
[141/144   1130s] n100 p0.5 i103 s12: legal 16.65 -> 16.88 15.47 15.31 14.70 14.62 14.60 14.24 14.31 | best 14.24 spur 12.74 ovl 0.43 | 63.6s
[142/144   1137s] n100 p0.5 i103 s13: legal 14.09 -> 14.57 14.93 14.74 14.85 14.81 14.74 14.33 13.58 | best 13.58 spur 12.04 ovl 0.46 | 64.3s
[143/144   1139s] n100 p0.5 i103 s15: legal 17.05 -> 15.54 15.06 15.05 15.05 15.05 15.05 14.56 14.71 | best 14.56 spur 13.02 ovl 0.46 | 65.3s
[144/144   1139s] n100 p0.5 i103 s14: legal 16.67 -> 15.40 15.35 15.45 15.45 15.45 15.57 14.64 14.38 | best 14.38 spur 12.71 ovl 0.42 | 66.2s

all tasks done in 1139s; rows appended to /Users/dabh/ember/docs/paper3/data/p3_rank_stability.csv

====================================================================================================
p3_rank_stability summary -- 8 polish quanta; gate quantum q4 (proposals/portfolio.md)
trajectories: 144 complete, 0 legalize failures, 0 partial
====================================================================================================

warm-start check: 124/144 trajectories with raw q1 ACL <= legal ACL; WORST VIOLATION +3.030 at (100, 0.5, 101, 5)
  raw upticks along trajectories: 233/1152 consecutive steps increase (max +3.030)
  WARNING: q1 > legal on some trajectories -- inspect the warm restart before trusting the probe

== P3 gate: Spearman rho(acl_best@q, acl_best@q8) across algo seeds ==
instance                ok     q1    q2    q3    q4    q5    q6    q7   | rho(q4, spur)
n=100 p=0.1  i=101   16   +0.27 +0.75 +0.89 +0.94 +0.95 +0.97 +1.00  |  +0.95
n=100 p=0.1  i=102   16   +0.38 +0.70 +0.59 +0.53 +0.67 +0.70 +0.76  |  +0.52
n=100 p=0.1  i=103   16   -0.35 -0.08 +0.55 +0.78 +0.84 +0.86 +0.87  |  +0.80
n=100 p=0.5  i=101   16   +0.82 +0.87 +0.90 +0.91 +0.92 +0.92 +0.96  |  +0.86
n=100 p=0.5  i=102   16   +0.85 +0.91 +0.96 +0.96 +0.96 +0.98 +0.98  |  +0.81
n=100 p=0.5  i=103   16   +0.81 +0.87 +0.88 +0.91 +0.95 +0.95 +0.94  |  +0.75
n=140 p=0.2  i=101   16   +0.89 +0.90 +0.87 +0.89 +0.91 +0.96 +0.98  |  +0.88
n=140 p=0.2  i=102   16   +0.68 +0.74 +0.80 +0.78 +0.67 +0.86 +0.84  |  +0.74
n=140 p=0.2  i=103   16   +0.73 +0.75 +0.83 +0.84 +0.86 +0.89 +0.96  |  +0.84
pooled (instance-centered, N=144)   +0.72 +0.78 +0.83 +0.88 +0.90 +0.94 +0.97
pooled vs spur ACL   (N=144)    +0.68 +0.75 +0.80 +0.84 +0.85 +0.89 +0.93

GATE (portfolio.md: rho >= 0.5 at the halfway quantum q4; rho < 0.5 -> no racer):
  per-instance rho@q4: median +0.885; 9/9 instances >= 0.5
  pooled (instance-centered) rho@q4 = +0.876 (p=1e-46, N=144) -> PASS

== P4 patience curve: mean ACL vs cumulative time (complete trajectories) ==
-- n=100 p=0.1  (48 trajectories)
   stage      mean_t_cum   mean_acl   mean_acl_best
   q0legal         0.9s      8.748      8.748
   q1              8.0s      5.565      5.565
   q2             15.1s      5.345      5.345
   q3             22.2s      5.279      5.266
   q4             29.3s      5.223      5.215
   q5             36.4s      5.209      5.190
   q6             43.4s      5.192      5.170
   q7             50.5s      5.181      5.158
   q8             57.6s      5.163      5.137
   spur           57.6s      5.035      5.035
-- n=100 p=0.5  (48 trajectories)
   stage      mean_t_cum   mean_acl   mean_acl_best
   q0legal         3.2s     16.832     16.832
   q1             10.9s     16.434     16.031
   q2             18.6s     16.006     15.605
   q3             26.4s     15.813     15.308
   q4             34.0s     15.487     14.993
   q5             41.6s     15.337     14.773
   q6             49.3s     15.167     14.632
   q7             57.0s     14.989     14.468
   q8             64.8s     14.761     14.308
   spur           65.0s     12.928     12.928
-- n=140 p=0.2  (48 trajectories)
   stage      mean_t_cum   mean_acl   mean_acl_best
   q0legal         3.8s     24.307     24.307
   q1             11.4s     21.281     21.281
   q2             19.1s     20.272     20.260
   q3             26.7s     19.779     19.744
   q4             34.5s     19.225     19.153
   q5             42.2s     19.032     18.885
   q6             49.9s     18.614     18.511
   q7             57.5s     18.407     18.291
   q8             65.2s     18.152     18.049
   spur           65.7s     16.571     16.571

== P4 diminishing returns: mean share of total acl_best improvement per quantum ==
-- n=100 p=0.1: q1 87.9%  q2  6.2%  q3  2.3%  q4  1.4%  q5  0.7%  q6  0.5%  q7  0.3%  q8  0.6%
     cumulative:  87.9%   94.2%   96.5%   97.9%   98.6%   99.1%   99.4%  100.0%   (mean total drop 3.611 ACL; 0 zero-improvement trajs)
-- n=100 p=0.5: q1 34.6%  q2 16.9%  q3 11.7%  q4 10.0%  q5  6.9%  q6  3.2%  q7  5.3%  q8 11.4%
     cumulative:  34.6%   51.4%   63.1%   73.1%   80.1%   83.3%   88.6%  100.0%   (mean total drop 3.188 ACL; 10 zero-improvement trajs)
-- n=140 p=0.2: q1 46.7%  q2 17.1%  q3  8.8%  q4  9.4%  q5  4.2%  q6  6.5%  q7  3.3%  q8  4.1%
     cumulative:  46.7%   63.8%   72.6%   81.9%   86.2%   92.6%   95.9%  100.0%   (mean total drop 6.258 ACL; 0 zero-improvement trajs)

rows: 1440   csv: /Users/dabh/ember/docs/paper3/data/p3_rank_stability.csv

summary -> /Users/dabh/ember/docs/paper3/data/p3_rank_stability_summary.txt
