52 jobs; load (89.638671875, 85.4658203125, 86.42138671875)
/data/max/ember/docs/paper2/data/accept_work_probe.py:49: DeprecationWarning: dwave-networkx is deprecated and will be replaced by dwave-graphs in Ocean 10. Most functionality previously provided by dwave-networkx is now available as part of dwave-graphs under the 'dwave.graphs' namespace.
  import dwave_networkx as dnx
/data/max/ember/docs/paper2/data/accept_work_probe.py:49: DeprecationWarning: dwave-networkx is deprecated and will be replaced by dwave-graphs in Ocean 10. Most functionality previously provided by dwave-networkx is now available as part of dwave-graphs under the 'dwave.graphs' namespace.
  import dwave_networkx as dnx
/data/max/ember/docs/paper2/data/accept_work_probe.py:49: DeprecationWarning: dwave-networkx is deprecated and will be replaced by dwave-graphs in Ocean 10. Most functionality previously provided by dwave-networkx is now available as part of dwave-graphs under the 'dwave.graphs' namespace.
  import dwave_networkx as dnx
/data/max/ember/docs/paper2/data/accept_work_probe.py:49: DeprecationWarning: dwave-networkx is deprecated and will be replaced by dwave-graphs in Ocean 10. Most functionality previously provided by dwave-networkx is now available as part of dwave-graphs under the 'dwave.graphs' namespace.
  import dwave_networkx as dnx
/data/max/ember/docs/paper2/data/accept_work_probe.py:49: DeprecationWarning: dwave-networkx is deprecated and will be replaced by dwave-graphs in Ocean 10. Most functionality previously provided by dwave-networkx is now available as part of dwave-graphs under the 'dwave.graphs' namespace.
  import dwave_networkx as dnx
/data/max/ember/docs/paper2/data/accept_work_probe.py:49: DeprecationWarning: dwave-networkx is deprecated and will be replaced by dwave-graphs in Ocean 10. Most functionality previously provided by dwave-networkx is now available as part of dwave-graphs under the 'dwave.graphs' namespace.
  import dwave_networkx as dnx
/data/max/ember/docs/paper2/data/accept_work_probe.py:49: DeprecationWarning: dwave-networkx is deprecated and will be replaced by dwave-graphs in Ocean 10. Most functionality previously provided by dwave-networkx is now available as part of dwave-graphs under the 'dwave.graphs' namespace.
  import dwave_networkx as dnx
/data/max/ember/docs/paper2/data/accept_work_probe.py:49: DeprecationWarning: dwave-networkx is deprecated and will be replaced by dwave-graphs in Ocean 10. Most functionality previously provided by dwave-networkx is now available as part of dwave-graphs under the 'dwave.graphs' namespace.
  import dwave_networkx as dnx
/data/max/ember/docs/paper2/data/accept_work_probe.py:49: DeprecationWarning: dwave-networkx is deprecated and will be replaced by dwave-graphs in Ocean 10. Most functionality previously provided by dwave-networkx is now available as part of dwave-graphs under the 'dwave.graphs' namespace.
  import dwave_networkx as dnx
/data/max/ember/docs/paper2/data/accept_work_probe.py:49: DeprecationWarning: dwave-networkx is deprecated and will be replaced by dwave-graphs in Ocean 10. Most functionality previously provided by dwave-networkx is now available as part of dwave-graphs under the 'dwave.graphs' namespace.
  import dwave_networkx as dnx
/data/max/ember/docs/paper2/data/accept_work_probe.py:49: DeprecationWarning: dwave-networkx is deprecated and will be replaced by dwave-graphs in Ocean 10. Most functionality previously provided by dwave-networkx is now available as part of dwave-graphs under the 'dwave.graphs' namespace.
  import dwave_networkx as dnx
/data/max/ember/docs/paper2/data/accept_work_probe.py:49: DeprecationWarning: dwave-networkx is deprecated and will be replaced by dwave-graphs in Ocean 10. Most functionality previously provided by dwave-networkx is now available as part of dwave-graphs under the 'dwave.graphs' namespace.
  import dwave_networkx as dnx
/data/max/ember/docs/paper2/data/accept_work_probe.py:49: DeprecationWarning: dwave-networkx is deprecated and will be replaced by dwave-graphs in Ocean 10. Most functionality previously provided by dwave-networkx is now available as part of dwave-graphs under the 'dwave.graphs' namespace.
  import dwave_networkx as dnx
/data/max/ember/docs/paper2/data/accept_work_probe.py:49: DeprecationWarning: dwave-networkx is deprecated and will be replaced by dwave-graphs in Ocean 10. Most functionality previously provided by dwave-networkx is now available as part of dwave-graphs under the 'dwave.graphs' namespace.
  import dwave_networkx as dnx
/data/max/ember/docs/paper2/data/accept_work_probe.py:49: DeprecationWarning: dwave-networkx is deprecated and will be replaced by dwave-graphs in Ocean 10. Most functionality previously provided by dwave-networkx is now available as part of dwave-graphs under the 'dwave.graphs' namespace.
  import dwave_networkx as dnx
/data/max/ember/docs/paper2/data/accept_work_probe.py:49: DeprecationWarning: dwave-networkx is deprecated and will be replaced by dwave-graphs in Ocean 10. Most functionality previously provided by dwave-networkx is now available as part of dwave-graphs under the 'dwave.graphs' namespace.
  import dwave_networkx as dnx
/data/max/ember/docs/paper2/data/accept_work_probe.py:49: DeprecationWarning: dwave-networkx is deprecated and will be replaced by dwave-graphs in Ocean 10. Most functionality previously provided by dwave-networkx is now available as part of dwave-graphs under the 'dwave.graphs' namespace.
  import dwave_networkx as dnx
/data/max/ember/docs/paper2/data/accept_work_probe.py:49: DeprecationWarning: dwave-networkx is deprecated and will be replaced by dwave-graphs in Ocean 10. Most functionality previously provided by dwave-networkx is now available as part of dwave-graphs under the 'dwave.graphs' namespace.
  import dwave_networkx as dnx
/data/max/ember/docs/paper2/data/accept_work_probe.py:49: DeprecationWarning: dwave-networkx is deprecated and will be replaced by dwave-graphs in Ocean 10. Most functionality previously provided by dwave-networkx is now available as part of dwave-graphs under the 'dwave.graphs' namespace.
  import dwave_networkx as dnx
/data/max/ember/docs/paper2/data/accept_work_probe.py:49: DeprecationWarning: dwave-networkx is deprecated and will be replaced by dwave-graphs in Ocean 10. Most functionality previously provided by dwave-networkx is now available as part of dwave-graphs under the 'dwave.graphs' namespace.
  import dwave_networkx as dnx
/data/max/ember/docs/paper2/data/accept_work_probe.py:49: DeprecationWarning: dwave-networkx is deprecated and will be replaced by dwave-graphs in Ocean 10. Most functionality previously provided by dwave-networkx is now available as part of dwave-graphs under the 'dwave.graphs' namespace.
  import dwave_networkx as dnx
/data/max/ember/docs/paper2/data/accept_work_probe.py:49: DeprecationWarning: dwave-networkx is deprecated and will be replaced by dwave-graphs in Ocean 10. Most functionality previously provided by dwave-networkx is now available as part of dwave-graphs under the 'dwave.graphs' namespace.
  import dwave_networkx as dnx
/data/max/ember/docs/paper2/data/accept_work_probe.py:49: DeprecationWarning: dwave-networkx is deprecated and will be replaced by dwave-graphs in Ocean 10. Most functionality previously provided by dwave-networkx is now available as part of dwave-graphs under the 'dwave.graphs' namespace.
  import dwave_networkx as dnx
/data/max/ember/docs/paper2/data/accept_work_probe.py:49: DeprecationWarning: dwave-networkx is deprecated and will be replaced by dwave-graphs in Ocean 10. Most functionality previously provided by dwave-networkx is now available as part of dwave-graphs under the 'dwave.graphs' namespace.
  import dwave_networkx as dnx
turan_n162   orders       seed 0: acl=6.0 bm_wall=21.64 bm_ro=214 ro=272 arr=29.9
turan_n162   orders       seed 1: acl=6.0 bm_wall=8.72 bm_ro=95 ro=315 arr=29.94
turan_n162   orders       seed 2: acl=6.0 bm_wall=21.77 bm_ro=214 ro=255 arr=29.92
turan_n162   orders       seed 3: acl=6.0 bm_wall=22.19 bm_ro=214 ro=268 arr=29.96
turan_n162   orders       seed 4: acl=6.0 bm_wall=24.24 bm_ro=214 ro=233 arr=29.88
turan_n162   orders       seed 5: acl=6.0 bm_wall=26.8 bm_ro=325 ro=345 arr=29.96
turan_n162   orders       seed 6: acl=6.0 bm_wall=24.25 bm_ro=214 ro=232 arr=29.92
turan_n162   orders       seed 7: acl=6.0 bm_wall=8.09 bm_ro=95 ro=266 arr=29.98
turan_n162   orders       seed 8: acl=6.0 bm_wall=6.46 bm_ro=95 ro=280 arr=29.95
turan_n162   orders       seed 9: acl=6.0 bm_wall=21.48 bm_ro=214 ro=285 arr=29.9
turan_n162   orders-audit seed 0: acl=6.0 bm_wall=8.84 bm_ro=106 ro=247 arr=23.07
turan_n162   orders-audit seed 1: acl=6.0 bm_wall=13.94 bm_ro=173 ro=320 arr=29.94
turan_n162   orders-audit seed 2: acl=6.0 bm_wall=9.13 bm_ro=106 ro=238 arr=29.95
turan_n162   orders-audit seed 3: acl=6.0 bm_wall=9.22 bm_ro=106 ro=247 arr=25.37
turan_n162   orders-audit seed 4: acl=6.0 bm_wall=9.45 bm_ro=106 ro=247 arr=27.63
turan_n162   orders-audit seed 5: acl=6.0 bm_wall=10.42 bm_ro=173 ro=436 arr=30.04
turan_n162   orders-audit seed 6: acl=6.0 bm_wall=8.79 bm_ro=106 ro=247 arr=24.08
turan_n162   orders-audit seed 7: acl=6.0 bm_wall=14.32 bm_ro=173 ro=342 arr=29.92
turan_n162   orders-audit seed 8: acl=6.0 bm_wall=15.08 bm_ro=173 ro=330 arr=29.93
turan_n162   orders-audit seed 9: acl=6.0 bm_wall=10.42 bm_ro=106 ro=247 arr=28.89
ws_n486      orders       seed 0: acl=2.494 bm_wall=0.68 bm_ro=2 ro=176 arr=26.13
ws_n486      orders       seed 1: acl=2.837 bm_wall=0.3 bm_ro=2 ro=196 arr=25.4
ws_n486      orders       seed 2: acl=2.648 bm_wall=0.49 bm_ro=2 ro=175 arr=25.57
ws_n486      orders       seed 3: acl=2.595 bm_wall=0.46 bm_ro=2 ro=190 arr=25.34
ws_n486      orders       seed 4: acl=2.529 bm_wall=0.22 bm_ro=2 ro=87 arr=12.54
ws_n486      orders       seed 5: acl=2.521 bm_wall=0.39 bm_ro=2 ro=75 arr=17.01
ws_n486      orders       seed 6: acl=2.547 bm_wall=0.44 bm_ro=2 ro=72 arr=15.15
ws_n486      orders       seed 7: acl=2.681 bm_wall=1.03 bm_ro=2 ro=79 arr=16.78
ws_n486      orders       seed 8: acl=2.572 bm_wall=0.52 bm_ro=2 ro=85 arr=16.23
ws_n486      orders       seed 9: acl=2.516 bm_wall=0.23 bm_ro=2 ro=85 arr=14.82
ws_n486      orders-audit seed 0: acl=2.494 bm_wall=0.18 bm_ro=2 ro=72 arr=12.19
ws_n486      orders-audit seed 1: acl=2.837 bm_wall=0.29 bm_ro=2 ro=84 arr=14.1
ws_n486      orders-audit seed 2: acl=2.648 bm_wall=0.21 bm_ro=2 ro=82 arr=16.8
ws_n486      orders-audit seed 3: acl=2.595 bm_wall=0.72 bm_ro=2 ro=83 arr=14.25
ws_n486      orders-audit seed 4: acl=2.529 bm_wall=1.07 bm_ro=2 ro=87 arr=16.68
ws_n486      orders-audit seed 5: acl=2.521 bm_wall=0.68 bm_ro=2 ro=97 arr=17.17
ws_n486      orders-audit seed 6: acl=2.547 bm_wall=0.72 bm_ro=2 ro=43 arr=16.64
ws_n486      orders-audit seed 7: acl=2.681 bm_wall=0.17 bm_ro=2 ro=66 arr=18.41
ws_n486      orders-audit seed 8: acl=2.572 bm_wall=0.26 bm_ro=2 ro=78 arr=16.01
ws_n486      orders-audit seed 9: acl=2.516 bm_wall=0.6 bm_ro=2 ro=91 arr=16.44
grid_200     orders       seed 0: acl=1.72 bm_wall=15.85 bm_ro=109 ro=284 arr=29.79
grid_200     orders       seed 1: acl=1.53 bm_wall=13.41 bm_ro=109 ro=325 arr=29.37
grid_200     orders       seed 2: acl=1.37 bm_wall=26.26 bm_ro=352 ro=393 arr=29.36
grid_200     orders-audit seed 0: acl=1.095 bm_wall=12.06 bm_ro=127 ro=531 arr=29.44
grid_200     orders-audit seed 1: acl=1.04 bm_wall=14.84 bm_ro=127 ro=405 arr=29.81
grid_200     orders-audit seed 2: acl=1.17 bm_wall=9.2 bm_ro=127 ro=508 arr=28.55
ER100_d10    orders       seed 0: acl=5.62 bm_wall=2.77 bm_ro=128 ro=1262 arr=29.31
ER100_d10    orders       seed 1: acl=5.62 bm_wall=4.22 bm_ro=128 ro=1208 arr=29.72
ER100_d10    orders       seed 2: acl=5.62 bm_wall=1.9 bm_ro=128 ro=1471 arr=29.83
ER100_d10    orders-audit seed 0: acl=5.53 bm_wall=24.19 bm_ro=1164 ro=1437 arr=29.83
ER100_d10    orders-audit seed 1: acl=5.53 bm_wall=28.6 bm_ro=1628 ro=1699 arr=29.86
ER100_d10    orders-audit seed 2: acl=5.54 bm_wall=27.86 bm_ro=1463 ro=1563 arr=29.85

work-to-answer (mean over seeds):
turan_n162   | orders: acl=6.0 bm_wall=18.56s bm_ro=189.4 total_ro=275.1 | orders-audit: acl=6.0 bm_wall=10.96s bm_ro=132.8 total_ro=290.1
ws_n486      | orders: acl=2.59 bm_wall=0.48s bm_ro=2.0 total_ro=122.0 | orders-audit: acl=2.59 bm_wall=0.49s bm_ro=2.0 total_ro=78.3
grid_200     | orders: acl=1.54 bm_wall=18.51s bm_ro=190.0 total_ro=334.0 | orders-audit: acl=1.1 bm_wall=12.03s bm_ro=127.0 total_ro=481.33
ER100_d10    | orders: acl=5.62 bm_wall=2.96s bm_ro=128.0 total_ro=1313.67 | orders-audit: acl=5.53 bm_wall=26.88s bm_ro=1418.33 total_ro=1566.33
load at end: (115.296875, 111.49462890625, 97.22119140625)
done-probe
