27 cells x 3 arms x 3 seeds; load (1.39208984375, 1.14111328125, 0.54736328125)
Z12 K100               stock    seed 0: 7.79 mx=10 Ei=786.4 (15.6s)
Z12 K100               stock    seed 1: 7.79 mx=10 Ei=786.4 (17.2s)
Z12 K100               stock    seed 2: 7.79 mx=10 Ei=786.4 (18.2s)
Z12 K100               agg      seed 0: 7.79 mx=10 Ei=786.4 (15.7s)
Z12 K100               agg      seed 1: 7.79 mx=10 Ei=786.4 (17.2s)
Z12 K100               agg      seed 2: 7.79 mx=10 Ei=786.4 (18.2s)
Z12 K100               adjoint  seed 0: 7.79 mx=10 Ei=786.4 (15.4s)
Z12 K100               adjoint  seed 1: 7.79 mx=10 Ei=786.4 (17.2s)
Z12 K100               adjoint  seed 2: 7.79 mx=10 Ei=786.4 (18.2s)
Z12 K140               stock    seed 0: 10.521 mx=12 Ei=1250.4 (48.3s)
Z12 K140               stock    seed 1: 10.521 mx=12 Ei=1250.4 (52.8s)
Z12 K140               stock    seed 2: 10.521 mx=12 Ei=1250.4 (52.0s)
Z12 K140               agg      seed 0: 10.521 mx=12 Ei=1250.4 (52.5s)
Z12 K140               agg      seed 1: 10.521 mx=12 Ei=1250.4 (55.2s)
Z12 K140               agg      seed 2: 10.521 mx=12 Ei=1250.4 (54.9s)
Z12 K140               adjoint  seed 0: 10.521 mx=12 Ei=1250.4 (51.0s)
Z12 K140               adjoint  seed 1: 10.521 mx=12 Ei=1250.4 (50.5s)
Z12 K140               adjoint  seed 2: 10.521 mx=12 Ei=1250.4 (51.8s)
Z12 ER100_d10          stock    seed 0: 4.88 mx=9 Ei=285.8 (4.8s)
Z12 ER100_d10          stock    seed 1: 4.98 mx=9 Ei=285.8 (3.1s)
Z12 ER100_d10          stock    seed 2: 4.69 mx=8 Ei=285.8 (6.6s)
Z12 ER100_d10          agg      seed 0: 4.88 mx=9 Ei=285.8 (4.9s)
Z12 ER100_d10          agg      seed 1: 4.98 mx=9 Ei=285.8 (3.1s)
Z12 ER100_d10          agg      seed 2: 4.69 mx=8 Ei=285.8 (6.6s)
Z12 ER100_d10          adjoint  seed 0: 4.84 mx=9 Ei=80.4 (5.1s)
Z12 ER100_d10          adjoint  seed 1: 4.7 mx=8 Ei=80.4 (3.5s)
Z12 ER100_d10          adjoint  seed 2: 4.73 mx=9 Ei=80.4 (4.9s)
Z12 turan_n162         stock    seed 0: 7.407 mx=9 Ei=4700.4 (34.3s)
Z12 turan_n162         stock    seed 1: 9.463 mx=16 Ei=4700.4 (60.2s)
Z12 turan_n162         stock    seed 2: 7.5 mx=9 Ei=4700.4 (36.0s)
Z12 turan_n162         agg      seed 0: 7.407 mx=9 Ei=4700.4 (36.7s)
Z12 turan_n162         agg      seed 1: 9.463 mx=16 Ei=4700.4 (60.9s)
Z12 turan_n162         agg      seed 2: 7.5 mx=9 Ei=4700.4 (36.0s)
Z12 turan_n162         adjoint  seed 0: 6.0 mx=6 Ei=640.5 (30.4s)
Z12 turan_n162         adjoint  seed 1: 6.0 mx=6 Ei=640.5 (27.3s)
Z12 turan_n162         adjoint  seed 2: 6.0 mx=6 Ei=640.5 (29.7s)
Z12 spin_glass_n163    stock    seed 0: 13.282 mx=23 Ei=1841.2 (27.1s)
Z12 spin_glass_n163    stock    seed 1: 11.712 mx=20 Ei=1841.2 (15.6s)
Z12 spin_glass_n163    stock    seed 2: 11.706 mx=24 Ei=1841.2 (13.7s)
Z12 spin_glass_n163    agg      seed 0: 13.282 mx=23 Ei=1841.2 (27.2s)
Z12 spin_glass_n163    agg      seed 1: 11.712 mx=20 Ei=1841.2 (15.8s)
Z12 spin_glass_n163    agg      seed 2: 11.706 mx=24 Ei=1841.2 (14.0s)
Z12 spin_glass_n163    adjoint  seed 0: 11.822 mx=19 Ei=733.8 (14.8s)
Z12 spin_glass_n163    adjoint  seed 1: 11.877 mx=16 Ei=733.8 (16.8s)
Z12 spin_glass_n163    adjoint  seed 2: 11.779 mx=20 Ei=733.8 (13.9s)
Z12 regular_n316       stock    seed 0: 2.63 mx=6 Ei=1681.7 (4.0s)
Z12 regular_n316       stock    seed 1: 2.845 mx=7 Ei=1681.7 (3.5s)
Z12 regular_n316       stock    seed 2: 2.968 mx=7 Ei=1681.7 (3.4s)
Z12 regular_n316       agg      seed 0: 2.63 mx=6 Ei=1681.7 (4.1s)
Z12 regular_n316       agg      seed 1: 2.845 mx=7 Ei=1681.7 (3.5s)
Z12 regular_n316       agg      seed 2: 2.968 mx=7 Ei=1681.7 (3.5s)
Z12 regular_n316       adjoint  seed 0: 3.506 mx=9 Ei=262.8 (1.9s)
Z12 regular_n316       adjoint  seed 1: 3.326 mx=9 Ei=262.8 (2.4s)
Z12 regular_n316       adjoint  seed 2: 3.826 mx=10 Ei=262.8 (2.7s)
Z12 ws_n486            stock    seed 0: 2.667 mx=9 Ei=1096.5 (9.4s)
Z12 ws_n486            stock    seed 1: 2.551 mx=9 Ei=1096.5 (9.6s)
Z12 ws_n486            stock    seed 2: 2.78 mx=10 Ei=1096.5 (9.0s)
Z12 ws_n486            agg      seed 0: 2.654 mx=9 Ei=1592.2 (8.9s)
Z12 ws_n486            agg      seed 1: 2.866 mx=10 Ei=1592.2 (8.6s)
Z12 ws_n486            agg      seed 2: 2.442 mx=8 Ei=1592.2 (9.8s)
Z12 ws_n486            adjoint  seed 0: 3.058 mx=12 Ei=427.9 (4.3s)
Z12 ws_n486            adjoint  seed 1: 3.021 mx=12 Ei=427.9 (3.6s)
Z12 ws_n486            adjoint  seed 2: 3.457 mx=12 Ei=427.9 (3.7s)
P16 K100               stock    seed 0: 12.68 mx=20 Ei=1027.8 (24.4s)
P16 K100               stock    seed 1: 13.27 mx=20 Ei=1027.8 (61.6s)
P16 K100               stock    seed 2: 13.61 mx=21 Ei=1027.8 (22.4s)
P16 K100               agg      seed 0: 12.68 mx=20 Ei=1027.8 (25.4s)
P16 K100               agg      seed 1: 13.27 mx=20 Ei=1027.8 (60.4s)
P16 K100               agg      seed 2: 13.61 mx=21 Ei=1027.8 (22.8s)
P16 K100               adjoint  seed 0: 12.68 mx=20 Ei=1027.8 (24.7s)
P16 K100               adjoint  seed 1: 13.27 mx=20 Ei=1027.8 (60.5s)
P16 K100               adjoint  seed 2: 13.61 mx=21 Ei=1027.8 (21.5s)
P16 turan_n162         stock    seed 0: 8.0 mx=8 Ei=1184.8 (61.7s)
P16 turan_n162         stock    seed 1: 8.765 mx=10 Ei=1184.8 (45.8s)
P16 turan_n162         stock    seed 2: 8.593 mx=9 Ei=1184.8 (61.1s)
P16 turan_n162         agg      seed 0: 8.0 mx=8 Ei=1184.8 (62.7s)
P16 turan_n162         agg      seed 1: 8.765 mx=10 Ei=1184.8 (47.9s)
P16 turan_n162         agg      seed 2: 8.593 mx=9 Ei=1184.8 (61.3s)
P16 turan_n162         adjoint  seed 0: 8.0 mx=8 Ei=1184.8 (60.6s)
P16 turan_n162         adjoint  seed 1: 8.765 mx=10 Ei=1184.8 (45.6s)
P16 turan_n162         adjoint  seed 2: 8.593 mx=9 Ei=1184.8 (62.4s)
P16 ws_n486            stock    seed 0: 3.687 mx=16 Ei=438.7 (9.7s)
P16 ws_n486            stock    seed 1: 3.988 mx=19 Ei=438.7 (14.9s)
P16 ws_n486            stock    seed 2: 3.881 mx=17 Ei=465.4 (9.8s)
P16 ws_n486            agg      seed 0: 3.821 mx=17 Ei=465.4 (5.9s)
P16 ws_n486            agg      seed 1: 3.486 mx=13 Ei=465.7 (7.7s)
P16 ws_n486            agg      seed 2: 3.883 mx=16 Ei=465.7 (6.1s)
P16 ws_n486            adjoint  seed 0: 3.821 mx=17 Ei=465.4 (5.9s)
P16 ws_n486            adjoint  seed 1: 3.486 mx=13 Ei=465.7 (7.6s)
P16 ws_n486            adjoint  seed 2: 3.687 mx=19 Ei=438.7 (15.2s)
Z12 triangular_lat_150 stock    seed 0: 1.94 mx=4 Ei=946.8 (2.0s)
Z12 triangular_lat_150 stock    seed 1: 1.693 mx=3 Ei=946.8 (1.8s)
Z12 triangular_lat_150 stock    seed 2: 2.307 mx=4 Ei=946.8 (1.4s)
Z12 triangular_lat_150 agg      seed 0: 2.173 mx=4 Ei=1155.6 (1.4s)
Z12 triangular_lat_150 agg      seed 1: 2.24 mx=4 Ei=1155.6 (1.5s)
Z12 triangular_lat_150 agg      seed 2: 2.147 mx=4 Ei=1155.6 (1.2s)
Z12 triangular_lat_150 adjoint  seed 0: 1.66 mx=3 Ei=50.4 (1.0s)
Z12 triangular_lat_150 adjoint  seed 1: 1.86 mx=4 Ei=50.4 (0.7s)
Z12 triangular_lat_150 adjoint  seed 2: 2.013 mx=4 Ei=50.4 (0.8s)
Z12 triangular_lat_400 stock    seed 0: 1.895 mx=4 Ei=1014.1 (3.6s)
Z12 triangular_lat_400 stock    seed 1: 1.823 mx=4 Ei=1014.1 (4.0s)
Z12 triangular_lat_400 stock    seed 2: 1.863 mx=4 Ei=1014.1 (3.8s)
Z12 triangular_lat_400 agg      seed 0: 1.79 mx=4 Ei=1601.8 (2.3s)
Z12 triangular_lat_400 agg      seed 1: 1.78 mx=4 Ei=1601.8 (2.4s)
Z12 triangular_lat_400 agg      seed 2: 1.69 mx=4 Ei=1601.8 (2.8s)
Z12 triangular_lat_400 adjoint  seed 0: 1.452 mx=3 Ei=140.2 (2.5s)
Z12 triangular_lat_400 adjoint  seed 1: 1.715 mx=4 Ei=140.2 (2.7s)
Z12 triangular_lat_400 adjoint  seed 2: 1.77 mx=4 Ei=140.2 (2.7s)
Z12 triangular_lat_805 stock    seed 0: 2.355 mx=5 Ei=2264.3 (37.2s)
Z12 triangular_lat_805 stock    seed 1: 2.327 mx=5 Ei=2264.3 (38.1s)
Z12 triangular_lat_805 stock    seed 2: 2.339 mx=5 Ei=2264.3 (37.1s)
Z12 triangular_lat_805 agg      seed 0: 2.373 mx=5 Ei=2383.9 (37.1s)
Z12 triangular_lat_805 agg      seed 1: 2.311 mx=5 Ei=2383.9 (36.6s)
Z12 triangular_lat_805 agg      seed 2: 2.277 mx=5 Ei=2383.9 (37.4s)
Z12 triangular_lat_805 adjoint  seed 0: 2.112 mx=5 Ei=609.4 (8.4s)
Z12 triangular_lat_805 adjoint  seed 1: 2.396 mx=9 Ei=609.4 (10.6s)
Z12 triangular_lat_805 adjoint  seed 2: 2.109 mx=5 Ei=609.4 (8.0s)
Z12 grid_200           stock    seed 0: 1.64 mx=4 Ei=575.0 (1.4s)
Z12 grid_200           stock    seed 1: 1.645 mx=4 Ei=575.0 (1.3s)
Z12 grid_200           stock    seed 2: 1.705 mx=4 Ei=575.0 (1.5s)
Z12 grid_200           agg      seed 0: 1.505 mx=3 Ei=680.1 (1.1s)
Z12 grid_200           agg      seed 1: 1.445 mx=3 Ei=680.1 (1.1s)
Z12 grid_200           agg      seed 2: 1.47 mx=3 Ei=680.1 (1.1s)
Z12 grid_200           adjoint  seed 0: 1.065 mx=2 Ei=35.8 (0.6s)
Z12 grid_200           adjoint  seed 1: 1.065 mx=2 Ei=35.8 (0.7s)
Z12 grid_200           adjoint  seed 2: 1.245 mx=3 Ei=35.8 (0.7s)
Z12 grid_588           stock    seed 0: 1.376 mx=3 Ei=833.3 (7.5s)
Z12 grid_588           stock    seed 1: 1.357 mx=3 Ei=836.2 (10.1s)
Z12 grid_588           stock    seed 2: 1.362 mx=3 Ei=833.2 (7.6s)
Z12 grid_588           agg      seed 0: 1.299 mx=3 Ei=1094.1 (7.6s)
Z12 grid_588           agg      seed 1: 1.328 mx=3 Ei=1094.1 (7.3s)
Z12 grid_588           agg      seed 2: 1.279 mx=3 Ei=1094.1 (7.3s)
Z12 grid_588           adjoint  seed 0: 1.094 mx=2 Ei=156.9 (2.4s)
Z12 grid_588           adjoint  seed 1: 1.233 mx=3 Ei=156.9 (2.5s)
Z12 grid_588           adjoint  seed 2: 1.063 mx=2 Ei=156.9 (2.9s)
Z12 honeycomb_200      stock    seed 0: 2.185 mx=4 Ei=789.6 (1.5s)
Z12 honeycomb_200      stock    seed 1: 1.96 mx=4 Ei=789.6 (1.6s)
Z12 honeycomb_200      stock    seed 2: 2.035 mx=4 Ei=789.6 (1.7s)
Z12 honeycomb_200      agg      seed 0: 2.185 mx=4 Ei=789.6 (1.5s)
Z12 honeycomb_200      agg      seed 1: 1.96 mx=4 Ei=789.6 (1.6s)
Z12 honeycomb_200      agg      seed 2: 2.035 mx=4 Ei=789.6 (1.8s)
Z12 honeycomb_200      adjoint  seed 0: 1.14 mx=2 Ei=47.2 (0.5s)
Z12 honeycomb_200      adjoint  seed 1: 1.18 mx=2 Ei=47.2 (0.5s)
Z12 honeycomb_200      adjoint  seed 2: 1.16 mx=3 Ei=47.2 (0.6s)
Z12 honeycomb_600      stock    seed 0: 1.238 mx=3 Ei=793.7 (10.2s)
Z12 honeycomb_600      stock    seed 1: 1.223 mx=3 Ei=793.5 (10.3s)
Z12 honeycomb_600      stock    seed 2: 1.212 mx=3 Ei=793.7 (9.3s)
Z12 honeycomb_600      agg      seed 0: 1.242 mx=3 Ei=793.5 (4.6s)
Z12 honeycomb_600      agg      seed 1: 1.238 mx=3 Ei=793.6 (13.4s)
Z12 honeycomb_600      agg      seed 2: 1.197 mx=2 Ei=793.8 (9.2s)
Z12 honeycomb_600      adjoint  seed 0: 1.107 mx=2 Ei=149.9 (2.8s)
Z12 honeycomb_600      adjoint  seed 1: 1.092 mx=2 Ei=149.8 (2.3s)
Z12 honeycomb_600      adjoint  seed 2: 1.08 mx=2 Ei=150.0 (2.6s)
Z12 generalized_pe_198 stock    seed 0: 1.929 mx=5 Ei=737.3 (0.6s)
Z12 generalized_pe_198 stock    seed 1: 1.828 mx=4 Ei=737.3 (1.0s)
Z12 generalized_pe_198 stock    seed 2: 1.727 mx=4 Ei=737.3 (1.0s)
Z12 generalized_pe_198 agg      seed 0: 1.929 mx=5 Ei=737.3 (0.6s)
Z12 generalized_pe_198 agg      seed 1: 1.828 mx=4 Ei=737.3 (1.0s)
Z12 generalized_pe_198 agg      seed 2: 1.727 mx=4 Ei=737.3 (1.0s)
Z12 generalized_pe_198 adjoint  seed 0: 1.288 mx=3 Ei=44.8 (0.6s)
Z12 generalized_pe_198 adjoint  seed 1: 1.172 mx=2 Ei=44.8 (0.6s)
Z12 generalized_pe_198 adjoint  seed 2: 1.227 mx=3 Ei=44.8 (0.5s)
Z12 generalized_pe_506 stock    seed 0: 1.014 mx=2 Ei=239.5 (0.5s)
Z12 generalized_pe_506 stock    seed 1: 1.002 mx=2 Ei=239.5 (0.6s)
Z12 generalized_pe_506 stock    seed 2: 1.002 mx=2 Ei=239.5 (0.5s)
Z12 generalized_pe_506 agg      seed 0: 1.002 mx=2 Ei=239.5 (0.5s)
Z12 generalized_pe_506 agg      seed 1: 1.002 mx=2 Ei=239.5 (0.6s)
Z12 generalized_pe_506 agg      seed 2: 1.0 mx=1 Ei=239.5 (0.5s)
Z12 generalized_pe_506 adjoint  seed 0: 1.051 mx=2 Ei=39.1 (1.9s)
Z12 generalized_pe_506 adjoint  seed 1: 1.065 mx=2 Ei=39.2 (1.6s)
Z12 generalized_pe_506 adjoint  seed 2: 1.059 mx=2 Ei=39.1 (1.7s)
Z12 king_graph_196     stock    seed 0: 2.811 mx=6 Ei=913.9 (2.3s)
Z12 king_graph_196     stock    seed 1: 3.255 mx=6 Ei=913.9 (1.9s)
Z12 king_graph_196     stock    seed 2: 2.648 mx=6 Ei=913.9 (2.6s)
Z12 king_graph_196     agg      seed 0: 2.49 mx=6 Ei=1167.8 (2.4s)
Z12 king_graph_196     agg      seed 1: 2.699 mx=6 Ei=1167.8 (1.9s)
Z12 king_graph_196     agg      seed 2: 2.74 mx=6 Ei=1167.8 (1.8s)
Z12 king_graph_196     adjoint  seed 0: 1.816 mx=4 Ei=55.7 (1.4s)
Z12 king_graph_196     adjoint  seed 1: 1.495 mx=3 Ei=55.7 (1.2s)
Z12 king_graph_196     adjoint  seed 2: 1.566 mx=3 Ei=55.7 (1.2s)
Z12 king_graph_529     stock    seed 0: 2.342 mx=5 Ei=1451.1 (9.1s)
Z12 king_graph_529     stock    seed 1: 2.227 mx=5 Ei=1451.1 (9.5s)
Z12 king_graph_529     stock    seed 2: 2.219 mx=5 Ei=1451.1 (9.1s)
Z12 king_graph_529     agg      seed 0: 2.231 mx=5 Ei=1720.3 (9.4s)
Z12 king_graph_529     agg      seed 1: 2.189 mx=5 Ei=1720.3 (9.6s)
Z12 king_graph_529     agg      seed 2: 2.153 mx=5 Ei=1720.3 (10.1s)
Z12 king_graph_529     adjoint  seed 0: 2.51 mx=7 Ei=232.1 (4.6s)
Z12 king_graph_529     adjoint  seed 1: 2.509 mx=8 Ei=232.1 (5.5s)
Z12 king_graph_529     adjoint  seed 2: 2.363 mx=6 Ei=232.1 (3.8s)
Z12 sbm_288            stock    seed 0: 11.399 mx=24 Ei=1360.9 (23.0s)
Z12 sbm_288            stock    seed 1: 11.653 mx=25 Ei=1360.9 (24.2s)
Z12 sbm_288            stock    seed 2: 10.677 mx=22 Ei=1360.9 (26.7s)
Z12 sbm_288            agg      seed 0: 11.399 mx=24 Ei=1360.9 (23.0s)
Z12 sbm_288            agg      seed 1: 11.653 mx=25 Ei=1360.9 (24.4s)
Z12 sbm_288            agg      seed 2: 10.677 mx=22 Ei=1360.9 (27.1s)
Z12 sbm_288            adjoint  seed 0: 12.406 mx=31 Ei=655.2 (22.1s)
Z12 sbm_288            adjoint  seed 1: 12.087 mx=26 Ei=655.2 (19.5s)
Z12 sbm_288            adjoint  seed 2: 12.552 mx=28 Ei=655.2 (24.8s)
Z12 sbm_600            stock    seed 0: None mx=None Ei=None (65.6s)
Z12 sbm_600            stock    seed 1: None mx=None Ei=None (67.5s)
Z12 sbm_600            stock    seed 2: None mx=None Ei=None (66.4s)
Z12 sbm_600            agg      seed 0: None mx=None Ei=None (65.3s)
Z12 sbm_600            agg      seed 1: None mx=None Ei=None (65.9s)
Z12 sbm_600            agg      seed 2: None mx=None Ei=None (65.6s)
Z12 sbm_600            adjoint  seed 0: None mx=None Ei=None (67.0s)
Z12 sbm_600            adjoint  seed 1: None mx=None Ei=None (66.5s)
Z12 sbm_600            adjoint  seed 2: None mx=None Ei=None (66.8s)
Z12 planted_soluti_299 stock    seed 0: 1.194 mx=3 Ei=287.5 (0.8s)
Z12 planted_soluti_299 stock    seed 1: 1.174 mx=3 Ei=287.5 (0.9s)
Z12 planted_soluti_299 stock    seed 2: 1.144 mx=3 Ei=287.5 (1.1s)
Z12 planted_soluti_299 agg      seed 0: 1.164 mx=3 Ei=408.9 (0.9s)
Z12 planted_soluti_299 agg      seed 1: 1.147 mx=3 Ei=408.9 (1.0s)
Z12 planted_soluti_299 agg      seed 2: 1.147 mx=3 Ei=408.9 (0.8s)
Z12 planted_soluti_299 adjoint  seed 0: 1.201 mx=3 Ei=55.9 (0.9s)
Z12 planted_soluti_299 adjoint  seed 1: 1.114 mx=3 Ei=55.9 (0.9s)
Z12 planted_soluti_299 adjoint  seed 2: 1.154 mx=3 Ei=55.9 (0.9s)
Z12 planted_soluti_703 stock    seed 0: 2.607 mx=6 Ei=2416.3 (42.3s)
Z12 planted_soluti_703 stock    seed 1: 2.62 mx=6 Ei=2416.3 (41.5s)
Z12 planted_soluti_703 stock    seed 2: 2.881 mx=7 Ei=2416.3 (42.8s)
Z12 planted_soluti_703 agg      seed 0: 2.418 mx=5 Ei=2917.8 (37.5s)
Z12 planted_soluti_703 agg      seed 1: 2.368 mx=5 Ei=2917.8 (37.1s)
Z12 planted_soluti_703 agg      seed 2: 2.413 mx=5 Ei=2917.8 (36.3s)
Z12 planted_soluti_703 adjoint  seed 0: 2.885 mx=7 Ei=804.6 (53.4s)
Z12 planted_soluti_703 adjoint  seed 1: 2.778 mx=6 Ei=804.6 (55.1s)
Z12 planted_soluti_703 adjoint  seed 2: 2.832 mx=6 Ei=804.6 (43.1s)
Z12 watts_strogatz_404 stock    seed 0: 5.282 mx=14 Ei=2048.3 (20.5s)
Z12 watts_strogatz_404 stock    seed 1: 5.153 mx=14 Ei=2048.3 (23.8s)
Z12 watts_strogatz_404 stock    seed 2: 5.646 mx=16 Ei=2048.3 (19.5s)
Z12 watts_strogatz_404 agg      seed 0: 5.282 mx=16 Ei=2272.7 (20.3s)
Z12 watts_strogatz_404 agg      seed 1: 5.527 mx=16 Ei=2272.7 (19.1s)
Z12 watts_strogatz_404 agg      seed 2: 5.691 mx=16 Ei=2272.7 (19.0s)
Z12 watts_strogatz_404 adjoint  seed 0: 5.681 mx=17 Ei=551.5 (18.8s)
Z12 watts_strogatz_404 adjoint  seed 1: 4.98 mx=14 Ei=551.5 (22.3s)
Z12 watts_strogatz_404 adjoint  seed 2: 6.522 mx=18 Ei=551.5 (17.5s)
Z12 watts_strogatz_804 stock    seed 0: None mx=None Ei=None (63.8s)
Z12 watts_strogatz_804 stock    seed 1: None mx=None Ei=None (63.7s)
Z12 watts_strogatz_804 stock    seed 2: None mx=None Ei=None (65.2s)
Z12 watts_strogatz_804 agg      seed 0: None mx=None Ei=None (65.3s)
Z12 watts_strogatz_804 agg      seed 1: None mx=None Ei=None (64.1s)
Z12 watts_strogatz_804 agg      seed 2: None mx=None Ei=None (65.1s)
Z12 watts_strogatz_804 adjoint  seed 0: None mx=None Ei=None (64.2s)
Z12 watts_strogatz_804 adjoint  seed 1: None mx=None Ei=None (65.2s)
Z12 watts_strogatz_804 adjoint  seed 2: None mx=None Ei=None (65.0s)

summary (mean ACL over legal seeds; dACL vs stock; Ei = mean E_interp):
Z12 K100                stock=7.79(3)  agg=7.79(3)  adjoint=7.79(3)  d=+0.00[ok]  Ei 786->786
Z12 K140                stock=10.52(3)  agg=10.52(3)  adjoint=10.52(3)  d=+0.00[ok]  Ei 1250->1250
Z12 ER100_d10           stock=4.85(3)  agg=4.85(3)  adjoint=4.76(3)  d=-0.09[ok]  Ei 286->80
Z12 turan_n162          stock=8.12(3)  agg=8.12(3)  adjoint=6.00(3)  d=-2.12[ok]  Ei 4700->640
Z12 spin_glass_n163     stock=12.23(3)  agg=12.23(3)  adjoint=11.83(3)  d=-0.41[ok]  Ei 1841->734
Z12 regular_n316        stock=2.81(3)  agg=2.81(3)  adjoint=3.55(3)  d=+0.74[REGRESS]  Ei 1682->263
Z12 ws_n486             stock=2.67(3)  agg=2.65(3)  adjoint=3.18(3)  d=+0.51[REGRESS]  Ei 1096->428
P16 K100                stock=13.19(3)  agg=13.19(3)  adjoint=13.19(3)  d=+0.00[ok]  Ei 1028->1028
P16 turan_n162          stock=8.45(3)  agg=8.45(3)  adjoint=8.45(3)  d=+0.00[ok]  Ei 1185->1185
P16 ws_n486             stock=3.85(3)  agg=3.73(3)  adjoint=3.66(3)  d=-0.19[ok]  Ei 448->457
Z12 triangular_lat_150  stock=1.98(3)  agg=2.19(3)  adjoint=1.84(3)  d=-0.14[ok]  Ei 947->50
Z12 triangular_lat_400  stock=1.86(3)  agg=1.75(3)  adjoint=1.65(3)  d=-0.21[ok]  Ei 1014->140
Z12 triangular_lat_805  stock=2.34(3)  agg=2.32(3)  adjoint=2.21(3)  d=-0.13[ok]  Ei 2264->609
Z12 grid_200            stock=1.66(3)  agg=1.47(3)  adjoint=1.12(3)  d=-0.54[ok]  Ei 575->36
Z12 grid_588            stock=1.36(3)  agg=1.30(3)  adjoint=1.13(3)  d=-0.24[ok]  Ei 834->157
Z12 honeycomb_200       stock=2.06(3)  agg=2.06(3)  adjoint=1.16(3)  d=-0.90[ok]  Ei 790->47
Z12 honeycomb_600       stock=1.22(3)  agg=1.23(3)  adjoint=1.09(3)  d=-0.13[ok]  Ei 794->150
Z12 generalized_pe_198  stock=1.83(3)  agg=1.83(3)  adjoint=1.23(3)  d=-0.60[ok]  Ei 737->45
Z12 generalized_pe_506  stock=1.01(3)  agg=1.00(3)  adjoint=1.06(3)  d=+0.05[ok]  Ei 240->39
Z12 king_graph_196      stock=2.90(3)  agg=2.64(3)  adjoint=1.63(3)  d=-1.28[ok]  Ei 914->56
Z12 king_graph_529      stock=2.26(3)  agg=2.19(3)  adjoint=2.46(3)  d=+0.20[ok]  Ei 1451->232
Z12 sbm_288             stock=11.24(3)  agg=11.24(3)  adjoint=12.35(3)  d=+1.11[regress]  Ei 1361->655
Z12 sbm_600             stock=FAIL(0)  agg=FAIL(0)  adjoint=FAIL(0)
Z12 planted_soluti_299  stock=1.17(3)  agg=1.15(3)  adjoint=1.16(3)  d=-0.01[ok]  Ei 288->56
Z12 planted_soluti_703  stock=2.70(3)  agg=2.40(3)  adjoint=2.83(3)  d=+0.13[ok]  Ei 2416->805
Z12 watts_strogatz_404  stock=5.36(3)  agg=5.50(3)  adjoint=5.73(3)  d=+0.37[regress]  Ei 2048->552
Z12 watts_strogatz_804  stock=FAIL(0)  agg=FAIL(0)  adjoint=FAIL(0)

BAR1 (board parity): FAIL
BAR2/BAR3: score from the lattice/middle rows above (triangular vs grid/honeycomb; Ei shifts).
load at end: (14.697265625, 10.96240234375, 4.83837890625)
done-probe
