load at start: (121.60400390625, 114.24462890625, 103.6796875) (s3.67 sweep co-resident; paired arms share contention)
/data/max/ember/docs/paper2/data/aggregation_probe.py:186: DeprecationWarning: dwave-networkx is deprecated and will be replaced by dwave-graphs in Ocean 10. Most functionality previously provided by dwave-networkx is now available as part of dwave-graphs under the 'dwave.graphs' namespace.
  import dwave_networkx as dnx
/data/max/ember/docs/paper2/data/aggregation_probe.py:186: DeprecationWarning: dwave-networkx is deprecated and will be replaced by dwave-graphs in Ocean 10. Most functionality previously provided by dwave-networkx is now available as part of dwave-graphs under the 'dwave.graphs' namespace.
  import dwave_networkx as dnx
/data/max/ember/docs/paper2/data/aggregation_probe.py:186: DeprecationWarning: dwave-networkx is deprecated and will be replaced by dwave-graphs in Ocean 10. Most functionality previously provided by dwave-networkx is now available as part of dwave-graphs under the 'dwave.graphs' namespace.
  import dwave_networkx as dnx
/data/max/ember/docs/paper2/data/aggregation_probe.py:186: DeprecationWarning: dwave-networkx is deprecated and will be replaced by dwave-graphs in Ocean 10. Most functionality previously provided by dwave-networkx is now available as part of dwave-graphs under the 'dwave.graphs' namespace.
  import dwave_networkx as dnx
/data/max/ember/docs/paper2/data/aggregation_probe.py:186: DeprecationWarning: dwave-networkx is deprecated and will be replaced by dwave-graphs in Ocean 10. Most functionality previously provided by dwave-networkx is now available as part of dwave-graphs under the 'dwave.graphs' namespace.
  import dwave_networkx as dnx
/data/max/ember/docs/paper2/data/aggregation_probe.py:186: DeprecationWarning: dwave-networkx is deprecated and will be replaced by dwave-graphs in Ocean 10. Most functionality previously provided by dwave-networkx is now available as part of dwave-graphs under the 'dwave.graphs' namespace.
  import dwave_networkx as dnx
/data/max/ember/docs/paper2/data/aggregation_probe.py:186: DeprecationWarning: dwave-networkx is deprecated and will be replaced by dwave-graphs in Ocean 10. Most functionality previously provided by dwave-networkx is now available as part of dwave-graphs under the 'dwave.graphs' namespace.
  import dwave_networkx as dnx
/data/max/ember/docs/paper2/data/aggregation_probe.py:186: DeprecationWarning: dwave-networkx is deprecated and will be replaced by dwave-graphs in Ocean 10. Most functionality previously provided by dwave-networkx is now available as part of dwave-graphs under the 'dwave.graphs' namespace.
  import dwave_networkx as dnx
Z12 K100 att seed 0: 7.79 mx=10 rounds=None nc=None clus<=None (31.6s)
Z12 K100 att seed 1: 7.79 mx=10 rounds=None nc=None clus<=None (35.8s)
Z12 K100 att seed 2: 7.79 mx=10 rounds=None nc=None clus<=None (32.0s)
Z12 K100 agg seed 0: 7.79 mx=10 rounds=0 nc=1 clus<=1 (31.8s)
Z12 K100 agg seed 1: 7.79 mx=10 rounds=0 nc=1 clus<=1 (35.6s)
Z12 K100 agg seed 2: 7.79 mx=10 rounds=0 nc=1 clus<=1 (37.5s)
Z12 K140 att seed 0: 10.521 mx=12 rounds=None nc=None clus<=None (66.2s)
Z12 K140 att seed 1: 10.521 mx=12 rounds=None nc=None clus<=None (65.8s)
Z12 K140 att seed 2: 10.521 mx=12 rounds=None nc=None clus<=None (66.3s)
Z12 K140 agg seed 0: 10.521 mx=12 rounds=0 nc=1 clus<=1 (67.6s)
Z12 K140 agg seed 1: 10.521 mx=12 rounds=0 nc=1 clus<=1 (65.6s)
Z12 K140 agg seed 2: 10.521 mx=12 rounds=0 nc=1 clus<=1 (64.5s)
Z12 ER100_d10 att seed 0: 4.88 mx=9 rounds=None nc=None clus<=None (8.6s)
Z12 ER100_d10 att seed 1: 4.98 mx=9 rounds=None nc=None clus<=None (5.7s)
Z12 ER100_d10 att seed 2: 4.69 mx=8 rounds=None nc=None clus<=None (11.2s)
Z12 ER100_d10 agg seed 0: 4.88 mx=9 rounds=1 nc=99 clus<=2 (8.1s)
Z12 ER100_d10 agg seed 1: 4.98 mx=9 rounds=1 nc=99 clus<=2 (5.8s)
Z12 ER100_d10 agg seed 2: 4.69 mx=8 rounds=1 nc=99 clus<=2 (12.8s)
Z12 turan_n162 att seed 0: 7.407 mx=9 rounds=None nc=None clus<=None (63.2s)
Z12 turan_n162 att seed 1: 10.154 mx=18 rounds=None nc=None clus<=None (61.0s)
Z12 turan_n162 att seed 2: 7.5 mx=9 rounds=None nc=None clus<=None (64.0s)
Z12 turan_n162 agg seed 0: 7.407 mx=9 rounds=0 nc=2 clus<=1 (60.7s)
Z12 turan_n162 agg seed 1: 10.123 mx=18 rounds=0 nc=2 clus<=1 (62.7s)
Z12 turan_n162 agg seed 2: 7.5 mx=9 rounds=0 nc=2 clus<=1 (64.3s)
Z12 spin_glass_n163 att seed 0: 13.282 mx=23 rounds=None nc=None clus<=None (46.7s)
Z12 spin_glass_n163 att seed 1: 11.712 mx=20 rounds=None nc=None clus<=None (28.1s)
Z12 spin_glass_n163 att seed 2: 11.706 mx=24 rounds=None nc=None clus<=None (26.6s)
Z12 spin_glass_n163 agg seed 0: 13.282 mx=23 rounds=1 nc=161 clus<=2 (47.3s)
Z12 spin_glass_n163 agg seed 1: 11.712 mx=20 rounds=1 nc=161 clus<=2 (37.3s)
Z12 spin_glass_n163 agg seed 2: 11.706 mx=24 rounds=1 nc=161 clus<=2 (25.6s)
Z12 regular_n316 att seed 0: 2.63 mx=6 rounds=None nc=None clus<=None (7.8s)
Z12 regular_n316 att seed 1: 2.845 mx=7 rounds=None nc=None clus<=None (7.3s)
Z12 regular_n316 att seed 2: 2.968 mx=7 rounds=None nc=None clus<=None (7.2s)
Z12 regular_n316 agg seed 0: 3.139 mx=7 rounds=1 nc=308 clus<=3 (6.3s)
Z12 regular_n316 agg seed 1: 2.75 mx=7 rounds=1 nc=308 clus<=3 (7.0s)
Z12 regular_n316 agg seed 2: 3.155 mx=7 rounds=1 nc=308 clus<=3 (6.5s)
Z12 ws_n486 att seed 0: 2.667 mx=9 rounds=None nc=None clus<=None (19.6s)
Z12 ws_n486 att seed 1: 2.551 mx=9 rounds=None nc=None clus<=None (18.5s)
Z12 ws_n486 att seed 2: 2.78 mx=10 rounds=None nc=None clus<=None (15.0s)
Z12 ws_n486 agg seed 0: 2.741 mx=9 rounds=3 nc=265 clus<=5 (32.1s)
Z12 ws_n486 agg seed 1: 2.634 mx=9 rounds=3 nc=265 clus<=5 (33.4s)
Z12 ws_n486 agg seed 2: 2.562 mx=8 rounds=3 nc=265 clus<=5 (29.6s)
P16 K100 att seed 0: 12.68 mx=20 rounds=None nc=None clus<=None (48.3s)
P16 K100 att seed 1: 14.75 mx=22 rounds=None nc=None clus<=None (62.6s)
P16 K100 att seed 2: 13.61 mx=21 rounds=None nc=None clus<=None (50.2s)
P16 K100 agg seed 0: 12.68 mx=20 rounds=None nc=None clus<=None (56.2s)
P16 K100 agg seed 1: 14.75 mx=22 rounds=1 nc=161 clus<=2 (62.6s)
P16 K100 agg seed 2: 13.61 mx=21 rounds=3 nc=265 clus<=5 (52.0s)
P16 turan_n162 att seed 0: 8.5 mx=9 rounds=None nc=None clus<=None (63.5s)
P16 turan_n162 att seed 1: 8.765 mx=10 rounds=None nc=None clus<=None (63.7s)
P16 turan_n162 att seed 2: 8.593 mx=9 rounds=None nc=None clus<=None (67.3s)
P16 turan_n162 agg seed 0: 8.5 mx=9 rounds=1 nc=161 clus<=2 (64.8s)
P16 turan_n162 agg seed 1: 8.765 mx=10 rounds=None nc=None clus<=None (68.0s)
P16 turan_n162 agg seed 2: 8.593 mx=9 rounds=1 nc=308 clus<=3 (61.6s)
P16 ws_n486 att seed 0: 3.821 mx=17 rounds=None nc=None clus<=None (10.6s)
P16 ws_n486 att seed 1: 3.588 mx=18 rounds=None nc=None clus<=None (19.1s)
P16 ws_n486 att seed 2: 3.883 mx=16 rounds=None nc=None clus<=None (11.0s)
P16 ws_n486 agg seed 0: 3.901 mx=18 rounds=3 nc=265 clus<=5 (14.1s)
P16 ws_n486 agg seed 1: 3.988 mx=19 rounds=3 nc=265 clus<=5 (22.0s)
P16 ws_n486 agg seed 2: 3.708 mx=15 rounds=1 nc=161 clus<=2 (15.2s)
P16 cycle_mid att seed 0: 1.0 mx=1 rounds=None nc=None clus<=None (0.8s)
P16 cycle_mid att seed 1: 1.0 mx=1 rounds=None nc=None clus<=None (0.9s)
P16 cycle_mid att seed 2: 1.0 mx=1 rounds=None nc=None clus<=None (0.9s)
P16 cycle_mid agg seed 0: 1.0 mx=1 rounds=3 nc=265 clus<=5 (1.1s)
P16 cycle_mid agg seed 1: 1.0 mx=1 rounds=3 nc=265 clus<=5 (0.9s)
P16 cycle_mid agg seed 2: 1.0 mx=1 rounds=3 nc=265 clus<=5 (0.7s)

summary (mean ACL over legal seeds (n)); BAR1 = agg within max(0.3, 5%) of att, no success loss:
Z12 K100              att=7.79(3)  agg=7.79(3)  ref=8.12  d=+0.00 [ok]
Z12 K140              att=10.52(3)  agg=10.52(3)  ref=10.91  d=+0.00 [ok]
Z12 ER100_d10         att=4.85(3)  agg=4.85(3)  ref=4.76  d=+0.00 [ok]
Z12 turan_n162        att=8.35(3)  agg=8.34(3)  ref=9.06  d=-0.01 [ok]
Z12 spin_glass_n163   att=12.23(3)  agg=12.23(3)  ref=12.88  d=+0.00 [ok]
Z12 regular_n316      att=2.81(3)  agg=3.01(3)  ref=2.86  d=+0.20 [ok]
Z12 ws_n486           att=2.67(3)  agg=2.65(3)  ref=3.12  d=-0.02 [ok]
P16 K100              att=13.68(3)  agg=13.68(3)  ref=8.12  d=+0.00 [ok]
P16 turan_n162        att=8.62(3)  agg=8.62(3)  ref=9.06  d=+0.00 [ok]
P16 ws_n486           att=3.76(3)  agg=3.87(3)  ref=3.12  d=+0.10 [ok]
P16 cycle_mid         att=1.00(3)  agg=1.00(3)  d=+0.00 [ok]

BAR1 (parity): PASS
BAR2 (turan quotient emerges intact, n_coarse [2, 2, 2, 161, 308]): PASS
load at end: (127.21484375, 122.9560546875, 110.43212890625)
done-probe
