13 cells, 106 jobs; load (3.32763671875, 2.0771484375, 1.5498046875)
/data/max/ember/docs/paper2/data/align_probe.py:66: DeprecationWarning: dwave-networkx is deprecated and will be replaced by dwave-graphs in Ocean 10. Most functionality previously provided by dwave-networkx is now available as part of dwave-graphs under the 'dwave.graphs' namespace.
  import dwave_networkx as dnx
/data/max/ember/docs/paper2/data/align_probe.py:66: DeprecationWarning: dwave-networkx is deprecated and will be replaced by dwave-graphs in Ocean 10. Most functionality previously provided by dwave-networkx is now available as part of dwave-graphs under the 'dwave.graphs' namespace.
  import dwave_networkx as dnx
/data/max/ember/docs/paper2/data/align_probe.py:66: DeprecationWarning: dwave-networkx is deprecated and will be replaced by dwave-graphs in Ocean 10. Most functionality previously provided by dwave-networkx is now available as part of dwave-graphs under the 'dwave.graphs' namespace.
  import dwave_networkx as dnx
/data/max/ember/docs/paper2/data/align_probe.py:66: DeprecationWarning: dwave-networkx is deprecated and will be replaced by dwave-graphs in Ocean 10. Most functionality previously provided by dwave-networkx is now available as part of dwave-graphs under the 'dwave.graphs' namespace.
  import dwave_networkx as dnx
/data/max/ember/docs/paper2/data/align_probe.py:66: DeprecationWarning: dwave-networkx is deprecated and will be replaced by dwave-graphs in Ocean 10. Most functionality previously provided by dwave-networkx is now available as part of dwave-graphs under the 'dwave.graphs' namespace.
  import dwave_networkx as dnx
/data/max/ember/docs/paper2/data/align_probe.py:66: DeprecationWarning: dwave-networkx is deprecated and will be replaced by dwave-graphs in Ocean 10. Most functionality previously provided by dwave-networkx is now available as part of dwave-graphs under the 'dwave.graphs' namespace.
  import dwave_networkx as dnx
/data/max/ember/docs/paper2/data/align_probe.py:66: DeprecationWarning: dwave-networkx is deprecated and will be replaced by dwave-graphs in Ocean 10. Most functionality previously provided by dwave-networkx is now available as part of dwave-graphs under the 'dwave.graphs' namespace.
  import dwave_networkx as dnx
/data/max/ember/docs/paper2/data/align_probe.py:66: DeprecationWarning: dwave-networkx is deprecated and will be replaced by dwave-graphs in Ocean 10. Most functionality previously provided by dwave-networkx is now available as part of dwave-graphs under the 'dwave.graphs' namespace.
  import dwave_networkx as dnx
/data/max/ember/docs/paper2/data/align_probe.py:66: DeprecationWarning: dwave-networkx is deprecated and will be replaced by dwave-graphs in Ocean 10. Most functionality previously provided by dwave-networkx is now available as part of dwave-graphs under the 'dwave.graphs' namespace.
  import dwave_networkx as dnx
/data/max/ember/docs/paper2/data/align_probe.py:66: DeprecationWarning: dwave-networkx is deprecated and will be replaced by dwave-graphs in Ocean 10. Most functionality previously provided by dwave-networkx is now available as part of dwave-graphs under the 'dwave.graphs' namespace.
  import dwave_networkx as dnx
/data/max/ember/docs/paper2/data/align_probe.py:66: DeprecationWarning: dwave-networkx is deprecated and will be replaced by dwave-graphs in Ocean 10. Most functionality previously provided by dwave-networkx is now available as part of dwave-graphs under the 'dwave.graphs' namespace.
  import dwave_networkx as dnx
/data/max/ember/docs/paper2/data/align_probe.py:66: DeprecationWarning: dwave-networkx is deprecated and will be replaced by dwave-graphs in Ocean 10. Most functionality previously provided by dwave-networkx is now available as part of dwave-graphs under the 'dwave.graphs' namespace.
  import dwave_networkx as dnx
/data/max/ember/docs/paper2/data/align_probe.py:66: DeprecationWarning: dwave-networkx is deprecated and will be replaced by dwave-graphs in Ocean 10. Most functionality previously provided by dwave-networkx is now available as part of dwave-graphs under the 'dwave.graphs' namespace.
  import dwave_networkx as dnx
/data/max/ember/docs/paper2/data/align_probe.py:66: DeprecationWarning: dwave-networkx is deprecated and will be replaced by dwave-graphs in Ocean 10. Most functionality previously provided by dwave-networkx is now available as part of dwave-graphs under the 'dwave.graphs' namespace.
  import dwave_networkx as dnx
/data/max/ember/docs/paper2/data/align_probe.py:66: DeprecationWarning: dwave-networkx is deprecated and will be replaced by dwave-graphs in Ocean 10. Most functionality previously provided by dwave-networkx is now available as part of dwave-graphs under the 'dwave.graphs' namespace.
  import dwave_networkx as dnx
/data/max/ember/docs/paper2/data/align_probe.py:66: DeprecationWarning: dwave-networkx is deprecated and will be replaced by dwave-graphs in Ocean 10. Most functionality previously provided by dwave-networkx is now available as part of dwave-graphs under the 'dwave.graphs' namespace.
  import dwave_networkx as dnx
/data/max/ember/docs/paper2/data/align_probe.py:66: DeprecationWarning: dwave-networkx is deprecated and will be replaced by dwave-graphs in Ocean 10. Most functionality previously provided by dwave-networkx is now available as part of dwave-graphs under the 'dwave.graphs' namespace.
  import dwave_networkx as dnx
/data/max/ember/docs/paper2/data/align_probe.py:66: DeprecationWarning: dwave-networkx is deprecated and will be replaced by dwave-graphs in Ocean 10. Most functionality previously provided by dwave-networkx is now available as part of dwave-graphs under the 'dwave.graphs' namespace.
  import dwave_networkx as dnx
/data/max/ember/docs/paper2/data/align_probe.py:66: DeprecationWarning: dwave-networkx is deprecated and will be replaced by dwave-graphs in Ocean 10. Most functionality previously provided by dwave-networkx is now available as part of dwave-graphs under the 'dwave.graphs' namespace.
  import dwave_networkx as dnx
/data/max/ember/docs/paper2/data/align_probe.py:66: DeprecationWarning: dwave-networkx is deprecated and will be replaced by dwave-graphs in Ocean 10. Most functionality previously provided by dwave-networkx is now available as part of dwave-graphs under the 'dwave.graphs' namespace.
  import dwave_networkx as dnx
/data/max/ember/docs/paper2/data/align_probe.py:66: DeprecationWarning: dwave-networkx is deprecated and will be replaced by dwave-graphs in Ocean 10. Most functionality previously provided by dwave-networkx is now available as part of dwave-graphs under the 'dwave.graphs' namespace.
  import dwave_networkx as dnx
/data/max/ember/docs/paper2/data/align_probe.py:66: DeprecationWarning: dwave-networkx is deprecated and will be replaced by dwave-graphs in Ocean 10. Most functionality previously provided by dwave-networkx is now available as part of dwave-graphs under the 'dwave.graphs' namespace.
  import dwave_networkx as dnx
/data/max/ember/docs/paper2/data/align_probe.py:66: DeprecationWarning: dwave-networkx is deprecated and will be replaced by dwave-graphs in Ocean 10. Most functionality previously provided by dwave-networkx is now available as part of dwave-graphs under the 'dwave.graphs' namespace.
  import dwave_networkx as dnx
/data/max/ember/docs/paper2/data/align_probe.py:66: DeprecationWarning: dwave-networkx is deprecated and will be replaced by dwave-graphs in Ocean 10. Most functionality previously provided by dwave-networkx is now available as part of dwave-graphs under the 'dwave.graphs' namespace.
  import dwave_networkx as dnx
Z12 K100               default  seed 0: 7.57 mx=8 align=0 skip=True (29.4s)
Z12 K100               default  seed 1: 7.58 mx=8 align=0 skip=True (30.6s)
Z12 K100               default  seed 2: 7.59 mx=8 align=0 skip=True (27.4s)
Z12 K100               align    seed 0: 7.52 mx=8 align=156 skip=True (30.7s)
Z12 K100               align    seed 1: 7.52 mx=8 align=156 skip=True (27.9s)
Z12 K100               align    seed 2: 7.52 mx=8 align=156 skip=True (26.6s)
Z12 K140               default  seed 0: 9.957 mx=11 align=0 skip=True (61.3s)
Z12 K140               default  seed 1: 9.957 mx=11 align=0 skip=True (65.2s)
Z12 K140               default  seed 2: 9.957 mx=11 align=0 skip=True (65.2s)
Z12 K140               align    seed 0: 9.85 mx=11 align=278 skip=True (63.4s)
Z12 K140               align    seed 1: 9.85 mx=11 align=278 skip=True (63.2s)
Z12 K140               align    seed 2: 9.85 mx=11 align=278 skip=True (64.8s)
Z12 ER100_d10          default  seed 0: 4.57 mx=8 align=0 skip=True (60.0s)
Z12 ER100_d10          default  seed 1: 4.85 mx=8 align=0 skip=True (55.1s)
Z12 ER100_d10          default  seed 2: 4.69 mx=8 align=0 skip=True (60.0s)
Z12 ER100_d10          align    seed 0: 5.51 mx=8 align=426 skip=True (60.0s)
Z12 ER100_d10          align    seed 1: 5.51 mx=8 align=426 skip=True (60.0s)
Z12 ER100_d10          align    seed 2: 4.89 mx=8 align=426 skip=True (60.0s)
Z12 turan_n162         default  seed 0: 6.0 mx=6 align=0 skip=True (60.0s)
Z12 turan_n162         default  seed 1: 6.0 mx=6 align=0 skip=False (60.4s)
Z12 turan_n162         default  seed 2: 6.0 mx=6 align=0 skip=True (60.4s)
Z12 turan_n162         default  seed 3: 6.0 mx=6 align=0 skip=True (60.1s)
Z12 turan_n162         default  seed 4: 6.0 mx=6 align=0 skip=True (60.0s)
Z12 turan_n162         default  seed 5: 6.0 mx=6 align=0 skip=False (60.2s)
Z12 turan_n162         default  seed 6: 6.0 mx=6 align=0 skip=True (60.2s)
Z12 turan_n162         default  seed 7: 6.0 mx=6 align=0 skip=False (60.4s)
Z12 turan_n162         default  seed 8: 6.0 mx=6 align=0 skip=False (60.0s)
Z12 turan_n162         default  seed 9: 6.0 mx=6 align=0 skip=True (60.4s)
Z12 turan_n162         align    seed 0: 6.0 mx=6 align=127 skip=True (60.4s)
Z12 turan_n162         align    seed 1: 6.0 mx=6 align=209 skip=True (60.4s)
Z12 turan_n162         align    seed 2: 6.0 mx=6 align=126 skip=True (60.3s)
Z12 turan_n162         align    seed 3: 6.0 mx=6 align=127 skip=True (60.1s)
Z12 turan_n162         align    seed 4: 6.0 mx=6 align=126 skip=True (60.5s)
Z12 turan_n162         align    seed 5: 6.0 mx=6 align=209 skip=True (60.2s)
Z12 turan_n162         align    seed 6: 6.0 mx=6 align=124 skip=True (60.2s)
Z12 turan_n162         align    seed 7: 6.0 mx=6 align=209 skip=True (60.1s)
Z12 turan_n162         align    seed 8: 6.0 mx=6 align=209 skip=True (60.4s)
Z12 turan_n162         align    seed 9: 6.0 mx=6 align=124 skip=True (60.2s)
Z12 spin_glass_n163    default  seed 0: 11.104 mx=13 align=0 skip=True (37.2s)
Z12 spin_glass_n163    default  seed 1: 11.104 mx=13 align=0 skip=True (37.1s)
Z12 spin_glass_n163    default  seed 2: 11.104 mx=13 align=0 skip=True (37.3s)
Z12 spin_glass_n163    align    seed 0: 10.896 mx=13 align=605 skip=True (60.3s)
Z12 spin_glass_n163    align    seed 1: 10.896 mx=13 align=605 skip=True (58.1s)
Z12 spin_glass_n163    align    seed 2: 10.896 mx=13 align=605 skip=True (60.5s)
Z12 regular_n316       default  seed 0: 2.715 mx=6 align=0 skip=False (60.0s)
Z12 regular_n316       default  seed 1: 2.718 mx=6 align=0 skip=False (60.0s)
Z12 regular_n316       default  seed 2: 2.775 mx=6 align=0 skip=False (60.1s)
Z12 regular_n316       align    seed 0: 2.725 mx=6 align=678 skip=False (60.1s)
Z12 regular_n316       align    seed 1: 2.744 mx=10 align=675 skip=False (60.0s)
Z12 regular_n316       align    seed 2: 2.867 mx=7 align=675 skip=False (60.0s)
Z12 ws_n486            default  seed 0: 2.595 mx=9 align=0 skip=False (60.0s)
Z12 ws_n486            default  seed 1: 2.749 mx=9 align=0 skip=False (60.0s)
Z12 ws_n486            default  seed 2: 2.436 mx=8 align=0 skip=False (60.0s)
Z12 ws_n486            default  seed 3: 2.51 mx=10 align=0 skip=False (60.0s)
Z12 ws_n486            default  seed 4: 2.514 mx=8 align=0 skip=False (60.0s)
Z12 ws_n486            default  seed 5: 2.751 mx=8 align=0 skip=False (60.0s)
Z12 ws_n486            default  seed 6: 2.348 mx=7 align=0 skip=False (60.0s)
Z12 ws_n486            default  seed 7: 2.556 mx=8 align=0 skip=False (60.0s)
Z12 ws_n486            default  seed 8: 2.628 mx=8 align=0 skip=False (60.0s)
Z12 ws_n486            default  seed 9: 2.418 mx=8 align=0 skip=False (60.0s)
Z12 ws_n486            align    seed 0: 2.545 mx=8 align=331 skip=False (60.0s)
Z12 ws_n486            align    seed 1: 2.488 mx=8 align=319 skip=False (60.0s)
Z12 ws_n486            align    seed 2: 2.611 mx=9 align=320 skip=False (60.0s)
Z12 ws_n486            align    seed 3: 2.617 mx=8 align=320 skip=False (60.0s)
Z12 ws_n486            align    seed 4: 2.545 mx=8 align=318 skip=False (60.0s)
Z12 ws_n486            align    seed 5: 2.632 mx=8 align=317 skip=False (60.1s)
Z12 ws_n486            align    seed 6: 2.564 mx=9 align=315 skip=False (60.0s)
Z12 ws_n486            align    seed 7: 2.644 mx=9 align=344 skip=False (60.0s)
Z12 ws_n486            align    seed 8: 2.615 mx=9 align=351 skip=False (60.0s)
Z12 ws_n486            align    seed 9: 2.665 mx=8 align=363 skip=False (60.0s)
Z12 grid_200           default  seed 0: 1.07 mx=2 align=0 skip=False (23.2s)
Z12 grid_200           default  seed 1: 1.055 mx=2 align=0 skip=False (20.6s)
Z12 grid_200           default  seed 2: 1.065 mx=2 align=0 skip=False (18.9s)
Z12 grid_200           align    seed 0: 1.055 mx=2 align=748 skip=False (30.8s)
Z12 grid_200           align    seed 1: 1.02 mx=2 align=748 skip=False (31.3s)
Z12 grid_200           align    seed 2: 1.02 mx=2 align=748 skip=False (30.4s)
Z12 honeycomb_200      default  seed 0: 1.09 mx=2 align=0 skip=False (20.9s)
Z12 honeycomb_200      default  seed 1: 1.105 mx=2 align=0 skip=False (22.4s)
Z12 honeycomb_200      default  seed 2: 1.06 mx=2 align=0 skip=False (19.9s)
Z12 honeycomb_200      align    seed 0: 1.075 mx=2 align=865 skip=False (39.4s)
Z12 honeycomb_200      align    seed 1: 1.085 mx=2 align=865 skip=False (40.0s)
Z12 honeycomb_200      align    seed 2: 1.07 mx=2 align=865 skip=False (38.8s)
Z12 king_graph_196     default  seed 0: 1.73 mx=3 align=0 skip=False (60.0s)
Z12 king_graph_196     default  seed 1: 1.495 mx=3 align=0 skip=False (60.0s)
Z12 king_graph_196     default  seed 2: 1.796 mx=4 align=0 skip=False (60.0s)
Z12 king_graph_196     align    seed 0: 1.439 mx=2 align=955 skip=False (60.0s)
Z12 king_graph_196     align    seed 1: 1.592 mx=3 align=955 skip=False (60.0s)
Z12 king_graph_196     align    seed 2: 1.633 mx=3 align=955 skip=False (60.0s)
P16 K100               default  seed 0: 11.23 mx=16 align=0 skip=None (20.7s)
P16 K100               default  seed 1: 11.51 mx=17 align=0 skip=None (20.4s)
P16 K100               default  seed 2: 11.65 mx=17 align=0 skip=None (42.7s)
P16 K100               align    seed 0: 12.08 mx=17 align=207 skip=None (25.4s)
P16 K100               align    seed 1: 12.14 mx=18 align=207 skip=None (23.9s)
P16 K100               align    seed 2: 11.98 mx=19 align=207 skip=None (22.4s)
P16 turan_n162         default  seed 0: 7.654 mx=8 align=0 skip=None (60.1s)
P16 turan_n162         default  seed 1: 7.815 mx=8 align=0 skip=None (60.0s)
P16 turan_n162         default  seed 2: 7.654 mx=8 align=0 skip=None (60.3s)
P16 turan_n162         align    seed 0: 7.815 mx=8 align=176 skip=None (61.6s)
P16 turan_n162         align    seed 1: 7.654 mx=8 align=176 skip=None (60.4s)
P16 turan_n162         align    seed 2: 7.815 mx=8 align=176 skip=None (62.4s)
P16 ws_n486            default  seed 0: 3.3 mx=13 align=0 skip=None (60.0s)
P16 ws_n486            default  seed 1: 3.095 mx=11 align=0 skip=None (60.0s)
P16 ws_n486            default  seed 2: 3.685 mx=13 align=0 skip=None (60.0s)
P16 ws_n486            align    seed 0: 3.459 mx=12 align=505 skip=None (60.0s)
P16 ws_n486            align    seed 1: 3.126 mx=11 align=507 skip=None (60.0s)
P16 ws_n486            align    seed 2: 3.261 mx=11 align=504 skip=None (60.0s)

summary (mean ACL; d = arm - default, negative = wins):
Z12 K100               default=7.58(3) mx=8.0 | align=7.52(3) mx=8.0 align=156.0 d=-0.060
Z12 K140               default=9.957(3) mx=11.0 | align=9.85(3) mx=11.0 align=278.0 d=-0.107
Z12 ER100_d10          default=4.703(3) mx=8.0 | align=5.303(3) mx=8.0 align=426.0 d=+0.600
Z12 turan_n162         default=6.0(10) mx=6.0 | align=6.0(10) mx=6.0 align=159.0 d=+0.000
Z12 spin_glass_n163    default=11.104(3) mx=13.0 | align=10.896(3) mx=13.0 align=605.0 d=-0.208
Z12 regular_n316       default=2.736(3) mx=6.0 | align=2.779(3) mx=7.667 align=676.0 d=+0.043
Z12 ws_n486            default=2.55(10) mx=8.3 | align=2.593(10) mx=8.4 align=329.8 d=+0.043
Z12 grid_200           default=1.063(3) mx=2.0 | align=1.032(3) mx=2.0 align=748.0 d=-0.031
Z12 honeycomb_200      default=1.085(3) mx=2.0 | align=1.077(3) mx=2.0 align=865.0 d=-0.008
Z12 king_graph_196     default=1.674(3) mx=3.333 | align=1.555(3) mx=2.667 align=955.0 d=-0.119
P16 K100               default=11.463(3) mx=16.667 | align=12.067(3) mx=18.0 align=207.0 d=+0.604
P16 turan_n162         default=7.708(3) mx=8.0 | align=7.761(3) mx=8.0 align=176.0 d=+0.053
P16 ws_n486            default=3.36(3) mx=12.333 | align=3.282(3) mx=11.333 align=505.333 d=-0.078

BAR ws_n486/Z12: acl {'default': 2.55, 'align': 2.593} mx {'default': 8.3, 'align': 8.4}
BAR board: FAIL [('Z12', 'ER100_d10', 'align', 0.6), ('Z12', 'spin_glass_n163', 'align', 'wall 37.2->59.633'), ('Z12', 'grid_200', 'align', 'wall 20.9->30.833'), ('Z12', 'honeycomb_200', 'align', 'wall 21.067->39.4'), ('P16', 'K100', 'align', 0.604)]
load at end: (19.8486328125, 17.6142578125, 8.48828125)
done-probe
