13 cells, 106 jobs; load (3.67724609375, 2.22900390625, 1.791015625)
/data/max/ember/docs/paper2/data/align_probe.py:66: DeprecationWarning: dwave-networkx is deprecated and will be replaced by dwave-graphs in Ocean 10. Most functionality previously provided by dwave-networkx is now available as part of dwave-graphs under the 'dwave.graphs' namespace.
  import dwave_networkx as dnx
/data/max/ember/docs/paper2/data/align_probe.py:66: DeprecationWarning: dwave-networkx is deprecated and will be replaced by dwave-graphs in Ocean 10. Most functionality previously provided by dwave-networkx is now available as part of dwave-graphs under the 'dwave.graphs' namespace.
  import dwave_networkx as dnx
/data/max/ember/docs/paper2/data/align_probe.py:66: DeprecationWarning: dwave-networkx is deprecated and will be replaced by dwave-graphs in Ocean 10. Most functionality previously provided by dwave-networkx is now available as part of dwave-graphs under the 'dwave.graphs' namespace.
  import dwave_networkx as dnx
/data/max/ember/docs/paper2/data/align_probe.py:66: DeprecationWarning: dwave-networkx is deprecated and will be replaced by dwave-graphs in Ocean 10. Most functionality previously provided by dwave-networkx is now available as part of dwave-graphs under the 'dwave.graphs' namespace.
  import dwave_networkx as dnx
/data/max/ember/docs/paper2/data/align_probe.py:66: DeprecationWarning: dwave-networkx is deprecated and will be replaced by dwave-graphs in Ocean 10. Most functionality previously provided by dwave-networkx is now available as part of dwave-graphs under the 'dwave.graphs' namespace.
  import dwave_networkx as dnx
/data/max/ember/docs/paper2/data/align_probe.py:66: DeprecationWarning: dwave-networkx is deprecated and will be replaced by dwave-graphs in Ocean 10. Most functionality previously provided by dwave-networkx is now available as part of dwave-graphs under the 'dwave.graphs' namespace.
  import dwave_networkx as dnx
/data/max/ember/docs/paper2/data/align_probe.py:66: DeprecationWarning: dwave-networkx is deprecated and will be replaced by dwave-graphs in Ocean 10. Most functionality previously provided by dwave-networkx is now available as part of dwave-graphs under the 'dwave.graphs' namespace.
  import dwave_networkx as dnx
/data/max/ember/docs/paper2/data/align_probe.py:66: DeprecationWarning: dwave-networkx is deprecated and will be replaced by dwave-graphs in Ocean 10. Most functionality previously provided by dwave-networkx is now available as part of dwave-graphs under the 'dwave.graphs' namespace.
  import dwave_networkx as dnx
/data/max/ember/docs/paper2/data/align_probe.py:66: DeprecationWarning: dwave-networkx is deprecated and will be replaced by dwave-graphs in Ocean 10. Most functionality previously provided by dwave-networkx is now available as part of dwave-graphs under the 'dwave.graphs' namespace.
  import dwave_networkx as dnx
/data/max/ember/docs/paper2/data/align_probe.py:66: DeprecationWarning: dwave-networkx is deprecated and will be replaced by dwave-graphs in Ocean 10. Most functionality previously provided by dwave-networkx is now available as part of dwave-graphs under the 'dwave.graphs' namespace.
  import dwave_networkx as dnx
/data/max/ember/docs/paper2/data/align_probe.py:66: DeprecationWarning: dwave-networkx is deprecated and will be replaced by dwave-graphs in Ocean 10. Most functionality previously provided by dwave-networkx is now available as part of dwave-graphs under the 'dwave.graphs' namespace.
  import dwave_networkx as dnx
/data/max/ember/docs/paper2/data/align_probe.py:66: DeprecationWarning: dwave-networkx is deprecated and will be replaced by dwave-graphs in Ocean 10. Most functionality previously provided by dwave-networkx is now available as part of dwave-graphs under the 'dwave.graphs' namespace.
  import dwave_networkx as dnx
/data/max/ember/docs/paper2/data/align_probe.py:66: DeprecationWarning: dwave-networkx is deprecated and will be replaced by dwave-graphs in Ocean 10. Most functionality previously provided by dwave-networkx is now available as part of dwave-graphs under the 'dwave.graphs' namespace.
  import dwave_networkx as dnx
/data/max/ember/docs/paper2/data/align_probe.py:66: DeprecationWarning: dwave-networkx is deprecated and will be replaced by dwave-graphs in Ocean 10. Most functionality previously provided by dwave-networkx is now available as part of dwave-graphs under the 'dwave.graphs' namespace.
  import dwave_networkx as dnx
/data/max/ember/docs/paper2/data/align_probe.py:66: DeprecationWarning: dwave-networkx is deprecated and will be replaced by dwave-graphs in Ocean 10. Most functionality previously provided by dwave-networkx is now available as part of dwave-graphs under the 'dwave.graphs' namespace.
  import dwave_networkx as dnx
/data/max/ember/docs/paper2/data/align_probe.py:66: DeprecationWarning: dwave-networkx is deprecated and will be replaced by dwave-graphs in Ocean 10. Most functionality previously provided by dwave-networkx is now available as part of dwave-graphs under the 'dwave.graphs' namespace.
  import dwave_networkx as dnx
/data/max/ember/docs/paper2/data/align_probe.py:66: DeprecationWarning: dwave-networkx is deprecated and will be replaced by dwave-graphs in Ocean 10. Most functionality previously provided by dwave-networkx is now available as part of dwave-graphs under the 'dwave.graphs' namespace.
  import dwave_networkx as dnx
/data/max/ember/docs/paper2/data/align_probe.py:66: DeprecationWarning: dwave-networkx is deprecated and will be replaced by dwave-graphs in Ocean 10. Most functionality previously provided by dwave-networkx is now available as part of dwave-graphs under the 'dwave.graphs' namespace.
  import dwave_networkx as dnx
/data/max/ember/docs/paper2/data/align_probe.py:66: DeprecationWarning: dwave-networkx is deprecated and will be replaced by dwave-graphs in Ocean 10. Most functionality previously provided by dwave-networkx is now available as part of dwave-graphs under the 'dwave.graphs' namespace.
  import dwave_networkx as dnx
/data/max/ember/docs/paper2/data/align_probe.py:66: DeprecationWarning: dwave-networkx is deprecated and will be replaced by dwave-graphs in Ocean 10. Most functionality previously provided by dwave-networkx is now available as part of dwave-graphs under the 'dwave.graphs' namespace.
  import dwave_networkx as dnx
/data/max/ember/docs/paper2/data/align_probe.py:66: DeprecationWarning: dwave-networkx is deprecated and will be replaced by dwave-graphs in Ocean 10. Most functionality previously provided by dwave-networkx is now available as part of dwave-graphs under the 'dwave.graphs' namespace.
  import dwave_networkx as dnx
/data/max/ember/docs/paper2/data/align_probe.py:66: DeprecationWarning: dwave-networkx is deprecated and will be replaced by dwave-graphs in Ocean 10. Most functionality previously provided by dwave-networkx is now available as part of dwave-graphs under the 'dwave.graphs' namespace.
  import dwave_networkx as dnx
/data/max/ember/docs/paper2/data/align_probe.py:66: DeprecationWarning: dwave-networkx is deprecated and will be replaced by dwave-graphs in Ocean 10. Most functionality previously provided by dwave-networkx is now available as part of dwave-graphs under the 'dwave.graphs' namespace.
  import dwave_networkx as dnx
/data/max/ember/docs/paper2/data/align_probe.py:66: DeprecationWarning: dwave-networkx is deprecated and will be replaced by dwave-graphs in Ocean 10. Most functionality previously provided by dwave-networkx is now available as part of dwave-graphs under the 'dwave.graphs' namespace.
  import dwave_networkx as dnx
Z12 K100               default  seed 0: 7.57 mx=8 align=0 skip=True (30.0s)
Z12 K100               default  seed 1: 7.58 mx=8 align=0 skip=True (29.7s)
Z12 K100               default  seed 2: 7.59 mx=8 align=0 skip=True (28.8s)
Z12 K100               align    seed 0: 7.52 mx=8 align=79 skip=True (29.9s)
Z12 K100               align    seed 1: 7.52 mx=8 align=79 skip=True (24.7s)
Z12 K100               align    seed 2: 7.52 mx=8 align=79 skip=True (25.0s)
Z12 K140               default  seed 0: 9.957 mx=11 align=0 skip=True (65.3s)
Z12 K140               default  seed 1: 9.957 mx=11 align=0 skip=True (60.7s)
Z12 K140               default  seed 2: 9.957 mx=11 align=0 skip=True (65.9s)
Z12 K140               align    seed 0: 9.85 mx=11 align=151 skip=True (59.5s)
Z12 K140               align    seed 1: 9.85 mx=11 align=151 skip=True (64.4s)
Z12 K140               align    seed 2: 9.85 mx=11 align=151 skip=True (59.7s)
Z12 ER100_d10          default  seed 0: 4.57 mx=8 align=0 skip=True (60.0s)
Z12 ER100_d10          default  seed 1: 4.85 mx=8 align=0 skip=True (53.7s)
Z12 ER100_d10          default  seed 2: 4.69 mx=8 align=0 skip=True (60.0s)
Z12 ER100_d10          align    seed 0: 5.42 mx=8 align=364 skip=True (60.0s)
Z12 ER100_d10          align    seed 1: 4.6 mx=8 align=364 skip=True (60.0s)
Z12 ER100_d10          align    seed 2: 4.57 mx=8 align=364 skip=True (60.0s)
Z12 turan_n162         default  seed 0: 6.0 mx=6 align=0 skip=True (60.3s)
Z12 turan_n162         default  seed 1: 6.0 mx=6 align=0 skip=False (60.1s)
Z12 turan_n162         default  seed 2: 6.0 mx=6 align=0 skip=True (60.3s)
Z12 turan_n162         default  seed 3: 6.0 mx=6 align=0 skip=True (60.0s)
Z12 turan_n162         default  seed 4: 6.0 mx=6 align=0 skip=True (60.4s)
Z12 turan_n162         default  seed 5: 6.0 mx=6 align=0 skip=False (60.1s)
Z12 turan_n162         default  seed 6: 6.0 mx=6 align=0 skip=True (60.2s)
Z12 turan_n162         default  seed 7: 6.0 mx=6 align=0 skip=False (60.2s)
Z12 turan_n162         default  seed 8: 6.0 mx=6 align=0 skip=False (60.3s)
Z12 turan_n162         default  seed 9: 6.0 mx=6 align=0 skip=True (60.1s)
Z12 turan_n162         align    seed 0: 6.0 mx=6 align=159 skip=True (60.3s)
Z12 turan_n162         align    seed 1: 6.0 mx=6 align=144 skip=True (60.1s)
Z12 turan_n162         align    seed 2: 6.0 mx=6 align=156 skip=True (60.1s)
Z12 turan_n162         align    seed 3: 6.0 mx=6 align=156 skip=True (60.1s)
Z12 turan_n162         align    seed 4: 6.0 mx=6 align=158 skip=True (60.2s)
Z12 turan_n162         align    seed 5: 6.0 mx=6 align=144 skip=True (60.1s)
Z12 turan_n162         align    seed 6: 6.0 mx=6 align=156 skip=True (60.1s)
Z12 turan_n162         align    seed 7: 6.0 mx=6 align=144 skip=True (60.2s)
Z12 turan_n162         align    seed 8: 6.0 mx=6 align=144 skip=True (60.5s)
Z12 turan_n162         align    seed 9: 6.0 mx=6 align=157 skip=True (60.1s)
Z12 spin_glass_n163    default  seed 0: 11.104 mx=13 align=0 skip=True (36.9s)
Z12 spin_glass_n163    default  seed 1: 11.104 mx=13 align=0 skip=True (37.7s)
Z12 spin_glass_n163    default  seed 2: 11.104 mx=13 align=0 skip=True (38.2s)
Z12 spin_glass_n163    align    seed 0: 10.896 mx=13 align=417 skip=True (52.2s)
Z12 spin_glass_n163    align    seed 1: 10.896 mx=13 align=417 skip=True (49.2s)
Z12 spin_glass_n163    align    seed 2: 10.896 mx=13 align=417 skip=True (50.8s)
Z12 regular_n316       default  seed 0: 2.715 mx=6 align=0 skip=False (60.0s)
Z12 regular_n316       default  seed 1: 2.718 mx=6 align=0 skip=False (60.2s)
Z12 regular_n316       default  seed 2: 2.775 mx=6 align=0 skip=False (60.1s)
Z12 regular_n316       align    seed 0: 2.845 mx=7 align=739 skip=False (60.0s)
Z12 regular_n316       align    seed 1: 2.769 mx=6 align=739 skip=False (60.0s)
Z12 regular_n316       align    seed 2: 2.93 mx=7 align=739 skip=False (60.0s)
Z12 ws_n486            default  seed 0: 2.597 mx=9 align=0 skip=False (60.0s)
Z12 ws_n486            default  seed 1: 2.749 mx=9 align=0 skip=False (60.0s)
Z12 ws_n486            default  seed 2: 2.432 mx=7 align=0 skip=False (60.0s)
Z12 ws_n486            default  seed 3: 2.51 mx=10 align=0 skip=False (60.0s)
Z12 ws_n486            default  seed 4: 2.514 mx=8 align=0 skip=False (60.0s)
Z12 ws_n486            default  seed 5: 2.751 mx=8 align=0 skip=False (60.0s)
Z12 ws_n486            default  seed 6: 2.348 mx=7 align=0 skip=False (60.0s)
Z12 ws_n486            default  seed 7: 2.556 mx=8 align=0 skip=False (60.0s)
Z12 ws_n486            default  seed 8: 2.628 mx=8 align=0 skip=False (60.0s)
Z12 ws_n486            default  seed 9: 2.418 mx=8 align=0 skip=False (60.0s)
Z12 ws_n486            align    seed 0: 2.537 mx=8 align=495 skip=False (60.0s)
Z12 ws_n486            align    seed 1: 2.714 mx=9 align=493 skip=False (60.0s)
Z12 ws_n486            align    seed 2: 2.599 mx=9 align=485 skip=False (60.0s)
Z12 ws_n486            align    seed 3: 2.389 mx=7 align=474 skip=False (60.0s)
Z12 ws_n486            align    seed 4: 2.492 mx=8 align=475 skip=False (60.0s)
Z12 ws_n486            align    seed 5: 2.605 mx=8 align=478 skip=False (60.0s)
Z12 ws_n486            align    seed 6: 2.492 mx=8 align=465 skip=False (60.0s)
Z12 ws_n486            align    seed 7: 2.805 mx=9 align=481 skip=False (60.0s)
Z12 ws_n486            align    seed 8: 2.58 mx=8 align=481 skip=False (60.0s)
Z12 ws_n486            align    seed 9: 2.65 mx=8 align=556 skip=False (60.0s)
Z12 grid_200           default  seed 0: 1.07 mx=2 align=0 skip=False (22.5s)
Z12 grid_200           default  seed 1: 1.055 mx=2 align=0 skip=False (19.6s)
Z12 grid_200           default  seed 2: 1.065 mx=2 align=0 skip=False (18.5s)
Z12 grid_200           align    seed 0: 1.055 mx=2 align=518 skip=False (23.1s)
Z12 grid_200           align    seed 1: 1.02 mx=2 align=518 skip=False (23.3s)
Z12 grid_200           align    seed 2: 1.02 mx=2 align=518 skip=False (22.2s)
Z12 honeycomb_200      default  seed 0: 1.09 mx=2 align=0 skip=False (20.6s)
Z12 honeycomb_200      default  seed 1: 1.105 mx=2 align=0 skip=False (22.3s)
Z12 honeycomb_200      default  seed 2: 1.06 mx=2 align=0 skip=False (19.1s)
Z12 honeycomb_200      align    seed 0: 1.06 mx=2 align=759 skip=False (29.7s)
Z12 honeycomb_200      align    seed 1: 1.04 mx=2 align=759 skip=False (28.2s)
Z12 honeycomb_200      align    seed 2: 1.08 mx=2 align=759 skip=False (31.7s)
Z12 king_graph_196     default  seed 0: 1.73 mx=3 align=0 skip=False (60.0s)
Z12 king_graph_196     default  seed 1: 1.495 mx=3 align=0 skip=False (60.0s)
Z12 king_graph_196     default  seed 2: 1.796 mx=4 align=0 skip=False (60.0s)
Z12 king_graph_196     align    seed 0: 1.439 mx=2 align=841 skip=False (60.0s)
Z12 king_graph_196     align    seed 1: 1.592 mx=3 align=841 skip=False (60.0s)
Z12 king_graph_196     align    seed 2: 1.633 mx=3 align=841 skip=False (60.0s)
P16 K100               default  seed 0: 11.23 mx=16 align=0 skip=None (22.0s)
P16 K100               default  seed 1: 11.51 mx=17 align=0 skip=None (21.2s)
P16 K100               default  seed 2: 11.65 mx=17 align=0 skip=None (43.7s)
P16 K100               align    seed 0: 11.63 mx=16 align=115 skip=None (26.1s)
P16 K100               align    seed 1: 12.14 mx=16 align=115 skip=None (28.6s)
P16 K100               align    seed 2: 11.7 mx=17 align=115 skip=None (21.4s)
P16 turan_n162         default  seed 0: 7.654 mx=8 align=0 skip=None (60.0s)
P16 turan_n162         default  seed 1: 7.815 mx=8 align=0 skip=None (60.1s)
P16 turan_n162         default  seed 2: 7.654 mx=8 align=0 skip=None (60.3s)
P16 turan_n162         align    seed 0: 7.815 mx=8 align=73 skip=None (60.0s)
P16 turan_n162         align    seed 1: 7.654 mx=8 align=73 skip=None (60.2s)
P16 turan_n162         align    seed 2: 7.815 mx=8 align=73 skip=None (60.3s)
P16 ws_n486            default  seed 0: 3.486 mx=13 align=0 skip=None (60.0s)
P16 ws_n486            default  seed 1: 3.064 mx=10 align=0 skip=None (60.0s)
P16 ws_n486            default  seed 2: 3.027 mx=9 align=0 skip=None (60.0s)
P16 ws_n486            align    seed 0: 3.475 mx=12 align=785 skip=None (60.0s)
P16 ws_n486            align    seed 1: 3.175 mx=11 align=795 skip=None (60.0s)
P16 ws_n486            align    seed 2: 3.463 mx=13 align=805 skip=None (60.0s)

summary (mean ACL; d = arm - default, negative = wins):
Z12 K100               default=7.58(3) mx=8.0 | align=7.52(3) mx=8.0 align=79.0 d=-0.060
Z12 K140               default=9.957(3) mx=11.0 | align=9.85(3) mx=11.0 align=151.0 d=-0.107
Z12 ER100_d10          default=4.703(3) mx=8.0 | align=4.863(3) mx=8.0 align=364.0 d=+0.160
Z12 turan_n162         default=6.0(10) mx=6.0 | align=6.0(10) mx=6.0 align=151.8 d=+0.000
Z12 spin_glass_n163    default=11.104(3) mx=13.0 | align=10.896(3) mx=13.0 align=417.0 d=-0.208
Z12 regular_n316       default=2.736(3) mx=6.0 | align=2.848(3) mx=6.667 align=739.0 d=+0.112
Z12 ws_n486            default=2.55(10) mx=8.2 | align=2.586(10) mx=8.2 align=488.3 d=+0.036
Z12 grid_200           default=1.063(3) mx=2.0 | align=1.032(3) mx=2.0 align=518.0 d=-0.031
Z12 honeycomb_200      default=1.085(3) mx=2.0 | align=1.06(3) mx=2.0 align=759.0 d=-0.025
Z12 king_graph_196     default=1.674(3) mx=3.333 | align=1.555(3) mx=2.667 align=841.0 d=-0.119
P16 K100               default=11.463(3) mx=16.667 | align=11.823(3) mx=16.333 align=115.0 d=+0.360
P16 turan_n162         default=7.708(3) mx=8.0 | align=7.761(3) mx=8.0 align=73.0 d=+0.053
P16 ws_n486            default=3.192(3) mx=10.667 | align=3.371(3) mx=12.0 align=795.0 d=+0.179

BAR ws_n486/Z12: acl {'default': 2.55, 'align': 2.586} mx {'default': 8.2, 'align': 8.2}
BAR board: FAIL [('Z12', 'spin_glass_n163', 'align', 'wall 37.6->50.733'), ('Z12', 'honeycomb_200', 'align', 'wall 20.667->29.867')]
load at end: (20.87939453125, 17.44482421875, 8.4716796875)
done-probe
