/data/max/ember/docs/paper2/data/arrange_probe.py:55: DeprecationWarning: dwave-networkx is deprecated and will be replaced by dwave-graphs in Ocean 10. Most functionality previously provided by dwave-networkx is now available as part of dwave-graphs under the 'dwave.graphs' namespace.
  import dwave_networkx as dnx
/data/max/ember/docs/paper2/data/arrange_probe.py:55: DeprecationWarning: dwave-networkx is deprecated and will be replaced by dwave-graphs in Ocean 10. Most functionality previously provided by dwave-networkx is now available as part of dwave-graphs under the 'dwave.graphs' namespace.
  import dwave_networkx as dnx
/data/max/ember/docs/paper2/data/arrange_probe.py:55: DeprecationWarning: dwave-networkx is deprecated and will be replaced by dwave-graphs in Ocean 10. Most functionality previously provided by dwave-networkx is now available as part of dwave-graphs under the 'dwave.graphs' namespace.
  import dwave_networkx as dnx
/data/max/ember/docs/paper2/data/arrange_probe.py:55: DeprecationWarning: dwave-networkx is deprecated and will be replaced by dwave-graphs in Ocean 10. Most functionality previously provided by dwave-networkx is now available as part of dwave-graphs under the 'dwave.graphs' namespace.
  import dwave_networkx as dnx
/data/max/ember/docs/paper2/data/arrange_probe.py:55: DeprecationWarning: dwave-networkx is deprecated and will be replaced by dwave-graphs in Ocean 10. Most functionality previously provided by dwave-networkx is now available as part of dwave-graphs under the 'dwave.graphs' namespace.
  import dwave_networkx as dnx
/data/max/ember/docs/paper2/data/arrange_probe.py:55: DeprecationWarning: dwave-networkx is deprecated and will be replaced by dwave-graphs in Ocean 10. Most functionality previously provided by dwave-networkx is now available as part of dwave-graphs under the 'dwave.graphs' namespace.
  import dwave_networkx as dnx
/data/max/ember/docs/paper2/data/arrange_probe.py:55: DeprecationWarning: dwave-networkx is deprecated and will be replaced by dwave-graphs in Ocean 10. Most functionality previously provided by dwave-networkx is now available as part of dwave-graphs under the 'dwave.graphs' namespace.
  import dwave_networkx as dnx
/data/max/ember/docs/paper2/data/arrange_probe.py:55: DeprecationWarning: dwave-networkx is deprecated and will be replaced by dwave-graphs in Ocean 10. Most functionality previously provided by dwave-networkx is now available as part of dwave-graphs under the 'dwave.graphs' namespace.
  import dwave_networkx as dnx
/data/max/ember/docs/paper2/data/arrange_probe.py:55: DeprecationWarning: dwave-networkx is deprecated and will be replaced by dwave-graphs in Ocean 10. Most functionality previously provided by dwave-networkx is now available as part of dwave-graphs under the 'dwave.graphs' namespace.
  import dwave_networkx as dnx
K100 arrange seed 0: 14.64 (37.4s)
K100 arrange-1shot seed 0: 14.12 (61.6s)
K100 arrange seed 1: 14.18 (27.8s)
K100 arrange-1shot seed 1: 17.82 (28.2s)
K100 arrange seed 2: 14.99 (32.2s)
K100 arrange-1shot seed 2: 15.65 (40.1s)
K140 arrange seed 0: 20.407 (62.3s)
K140 arrange-1shot seed 0: 19.871 (44.9s)
K140 arrange seed 1: 21.186 (52.3s)
K140 arrange-1shot seed 1: 19.879 (28.7s)
K140 arrange seed 2: 19.757 (60.2s)
K140 arrange-1shot seed 2: 19.314 (30.9s)
ws_n486 arrange seed 0: 3.255 (16.0s)
ws_n486 arrange-1shot seed 0: 3.523 (6.4s)
ws_n486 arrange seed 1: 3.333 (15.0s)
ws_n486 arrange-1shot seed 1: 4.13 (6.1s)
ws_n486 arrange seed 2: 3.634 (17.9s)
ws_n486 arrange-1shot seed 2: 3.998 (7.6s)
wrote 18 rows -> /data/max/ember/docs/paper2/data/arrange_probe.csv

summary (means over legal seeds; baselines from span_probe.csv):
K100       point=14.30(3)  span-tb=15.11(3)  mm-full=13.44(3)  arrange=14.60(3)  arrange-1shot=15.86(3)
K140       point=fail  span-tb=21.84(3)  mm-full=20.70(3)  arrange=20.45(3)  arrange-1shot=19.69(3)
ws_n486    point=3.26(3)  span-tb=3.12(3)  mm-full=3.89(3)  arrange=3.41(3)  arrange-1shot=3.88(3)
