13 cells x 2 inputs x 3 seeds; load (1.35205078125, 0.7099609375, 0.3251953125)
/data/max/ember/docs/paper2/data/ball_probe.py:79: DeprecationWarning: dwave-networkx is deprecated and will be replaced by dwave-graphs in Ocean 10. Most functionality previously provided by dwave-networkx is now available as part of dwave-graphs under the 'dwave.graphs' namespace.
  import dwave_networkx as dnx
/data/max/ember/docs/paper2/data/ball_probe.py:79: DeprecationWarning: dwave-networkx is deprecated and will be replaced by dwave-graphs in Ocean 10. Most functionality previously provided by dwave-networkx is now available as part of dwave-graphs under the 'dwave.graphs' namespace.
  import dwave_networkx as dnx
/data/max/ember/docs/paper2/data/ball_probe.py:79: DeprecationWarning: dwave-networkx is deprecated and will be replaced by dwave-graphs in Ocean 10. Most functionality previously provided by dwave-networkx is now available as part of dwave-graphs under the 'dwave.graphs' namespace.
  import dwave_networkx as dnx
/data/max/ember/docs/paper2/data/ball_probe.py:79: DeprecationWarning: dwave-networkx is deprecated and will be replaced by dwave-graphs in Ocean 10. Most functionality previously provided by dwave-networkx is now available as part of dwave-graphs under the 'dwave.graphs' namespace.
  import dwave_networkx as dnx
/data/max/ember/docs/paper2/data/ball_probe.py:79: DeprecationWarning: dwave-networkx is deprecated and will be replaced by dwave-graphs in Ocean 10. Most functionality previously provided by dwave-networkx is now available as part of dwave-graphs under the 'dwave.graphs' namespace.
  import dwave_networkx as dnx
/data/max/ember/docs/paper2/data/ball_probe.py:79: DeprecationWarning: dwave-networkx is deprecated and will be replaced by dwave-graphs in Ocean 10. Most functionality previously provided by dwave-networkx is now available as part of dwave-graphs under the 'dwave.graphs' namespace.
  import dwave_networkx as dnx
/data/max/ember/docs/paper2/data/ball_probe.py:79: DeprecationWarning: dwave-networkx is deprecated and will be replaced by dwave-graphs in Ocean 10. Most functionality previously provided by dwave-networkx is now available as part of dwave-graphs under the 'dwave.graphs' namespace.
  import dwave_networkx as dnx
/data/max/ember/docs/paper2/data/ball_probe.py:79: DeprecationWarning: dwave-networkx is deprecated and will be replaced by dwave-graphs in Ocean 10. Most functionality previously provided by dwave-networkx is now available as part of dwave-graphs under the 'dwave.graphs' namespace.
  import dwave_networkx as dnx
/data/max/ember/docs/paper2/data/ball_probe.py:79: DeprecationWarning: dwave-networkx is deprecated and will be replaced by dwave-graphs in Ocean 10. Most functionality previously provided by dwave-networkx is now available as part of dwave-graphs under the 'dwave.graphs' namespace.
  import dwave_networkx as dnx
/data/max/ember/docs/paper2/data/ball_probe.py:79: DeprecationWarning: dwave-networkx is deprecated and will be replaced by dwave-graphs in Ocean 10. Most functionality previously provided by dwave-networkx is now available as part of dwave-graphs under the 'dwave.graphs' namespace.
  import dwave_networkx as dnx
/data/max/ember/docs/paper2/data/ball_probe.py:79: DeprecationWarning: dwave-networkx is deprecated and will be replaced by dwave-graphs in Ocean 10. Most functionality previously provided by dwave-networkx is now available as part of dwave-graphs under the 'dwave.graphs' namespace.
  import dwave_networkx as dnx
/data/max/ember/docs/paper2/data/ball_probe.py:79: DeprecationWarning: dwave-networkx is deprecated and will be replaced by dwave-graphs in Ocean 10. Most functionality previously provided by dwave-networkx is now available as part of dwave-graphs under the 'dwave.graphs' namespace.
  import dwave_networkx as dnx
/data/max/ember/docs/paper2/data/ball_probe.py:79: DeprecationWarning: dwave-networkx is deprecated and will be replaced by dwave-graphs in Ocean 10. Most functionality previously provided by dwave-networkx is now available as part of dwave-graphs under the 'dwave.graphs' namespace.
  import dwave_networkx as dnx
/data/max/ember/docs/paper2/data/ball_probe.py:79: DeprecationWarning: dwave-networkx is deprecated and will be replaced by dwave-graphs in Ocean 10. Most functionality previously provided by dwave-networkx is now available as part of dwave-graphs under the 'dwave.graphs' namespace.
  import dwave_networkx as dnx
/data/max/ember/docs/paper2/data/ball_probe.py:79: DeprecationWarning: dwave-networkx is deprecated and will be replaced by dwave-graphs in Ocean 10. Most functionality previously provided by dwave-networkx is now available as part of dwave-graphs under the 'dwave.graphs' namespace.
  import dwave_networkx as dnx
/data/max/ember/docs/paper2/data/ball_probe.py:79: DeprecationWarning: dwave-networkx is deprecated and will be replaced by dwave-graphs in Ocean 10. Most functionality previously provided by dwave-networkx is now available as part of dwave-graphs under the 'dwave.graphs' namespace.
  import dwave_networkx as dnx
/data/max/ember/docs/paper2/data/ball_probe.py:79: DeprecationWarning: dwave-networkx is deprecated and will be replaced by dwave-graphs in Ocean 10. Most functionality previously provided by dwave-networkx is now available as part of dwave-graphs under the 'dwave.graphs' namespace.
  import dwave_networkx as dnx
/data/max/ember/docs/paper2/data/ball_probe.py:79: DeprecationWarning: dwave-networkx is deprecated and will be replaced by dwave-graphs in Ocean 10. Most functionality previously provided by dwave-networkx is now available as part of dwave-graphs under the 'dwave.graphs' namespace.
  import dwave_networkx as dnx
/data/max/ember/docs/paper2/data/ball_probe.py:79: DeprecationWarning: dwave-networkx is deprecated and will be replaced by dwave-graphs in Ocean 10. Most functionality previously provided by dwave-networkx is now available as part of dwave-graphs under the 'dwave.graphs' namespace.
  import dwave_networkx as dnx
/data/max/ember/docs/paper2/data/ball_probe.py:79: DeprecationWarning: dwave-networkx is deprecated and will be replaced by dwave-graphs in Ocean 10. Most functionality previously provided by dwave-networkx is now available as part of dwave-graphs under the 'dwave.graphs' namespace.
  import dwave_networkx as dnx
/data/max/ember/docs/paper2/data/ball_probe.py:79: DeprecationWarning: dwave-networkx is deprecated and will be replaced by dwave-graphs in Ocean 10. Most functionality previously provided by dwave-networkx is now available as part of dwave-graphs under the 'dwave.graphs' namespace.
  import dwave_networkx as dnx
/data/max/ember/docs/paper2/data/ball_probe.py:79: DeprecationWarning: dwave-networkx is deprecated and will be replaced by dwave-graphs in Ocean 10. Most functionality previously provided by dwave-networkx is now available as part of dwave-graphs under the 'dwave.graphs' namespace.
  import dwave_networkx as dnx
/data/max/ember/docs/paper2/data/ball_probe.py:79: DeprecationWarning: dwave-networkx is deprecated and will be replaced by dwave-graphs in Ocean 10. Most functionality previously provided by dwave-networkx is now available as part of dwave-graphs under the 'dwave.graphs' namespace.
  import dwave_networkx as dnx
/data/max/ember/docs/paper2/data/ball_probe.py:79: DeprecationWarning: dwave-networkx is deprecated and will be replaced by dwave-graphs in Ocean 10. Most functionality previously provided by dwave-networkx is now available as part of dwave-graphs under the 'dwave.graphs' namespace.
  import dwave_networkx as dnx
Z12 K100               stock    seed 0: in=10.04 ball=9.95 (acc 4/28, 30.5s) grind=10.01 (11.8s)
Z12 K100               stock    seed 1: in=10.71 ball=10.34 (acc 11/30, 30.1s) grind=10.64 (16.2s)
Z12 K100               stock    seed 2: in=10.08 ball=9.91 (acc 7/28, 30.2s) grind=9.88 (30.8s)
Z12 K100               attract  seed 0: in=7.79 ball=7.79 (acc 0/27, 30.1s) grind=7.79 (14.2s)
Z12 K100               attract  seed 1: in=7.79 ball=7.79 (acc 0/28, 30.4s) grind=7.79 (16.4s)
Z12 K100               attract  seed 2: in=7.79 ball=7.79 (acc 0/28, 30.1s) grind=7.79 (16.5s)
Z12 K140               stock    seed 0: in=16.893 ball=16.3 (acc 19/34, 30.4s) grind=16.864 (28.7s)
Z12 K140               stock    seed 1: in=None ball=None (acc None/None, Nones) grind=None (Nones)
Z12 K140               stock    seed 2: in=16.586 ball=15.979 (acc 14/32, 30.2s) grind=16.564 (23.6s)
Z12 K140               attract  seed 0: in=10.521 ball=10.507 (acc 2/23, 30.2s) grind=10.521 (32.7s)
Z12 K140               attract  seed 1: in=10.521 ball=10.507 (acc 2/23, 30.1s) grind=10.521 (30.2s)
Z12 K140               attract  seed 2: in=10.521 ball=10.5 (acc 3/24, 30.3s) grind=10.521 (31.1s)
Z12 ER100_d10          stock    seed 0: in=5.0 ball=4.83 (acc 15/147, 30.0s) grind=4.98 (0.9s)
Z12 ER100_d10          stock    seed 1: in=5.07 ball=4.85 (acc 15/154, 30.0s) grind=4.48 (1.7s)
Z12 ER100_d10          stock    seed 2: in=4.85 ball=4.6 (acc 17/152, 30.0s) grind=4.48 (1.7s)
Z12 ER100_d10          attract  seed 0: in=4.68 ball=4.52 (acc 15/145, 30.0s) grind=4.69 (0.8s)
Z12 ER100_d10          attract  seed 1: in=4.78 ball=4.63 (acc 12/152, 30.0s) grind=4.79 (1.2s)
Z12 ER100_d10          attract  seed 2: in=4.97 ball=4.74 (acc 21/147, 30.1s) grind=4.97 (0.7s)
Z12 turan_n162         stock    seed 0: in=10.543 ball=9.728 (acc 35/44, 30.2s) grind=10.5 (17.8s)
Z12 turan_n162         stock    seed 1: in=13.963 ball=11.883 (acc 50/55, 30.2s) grind=14.148 (21.1s)
Z12 turan_n162         stock    seed 2: in=11.537 ball=10.21 (acc 38/44, 30.2s) grind=11.525 (13.3s)
Z12 turan_n162         attract  seed 0: in=6.772 ball=6.728 (acc 7/38, 30.2s) grind=6.759 (22.7s)
Z12 turan_n162         attract  seed 1: in=6.772 ball=6.735 (acc 6/39, 30.3s) grind=6.772 (15.4s)
Z12 turan_n162         attract  seed 2: in=6.802 ball=6.728 (acc 11/38, 30.4s) grind=6.784 (31.5s)
Z12 spin_glass_n163    stock    seed 0: in=17.479 ball=17.098 (acc 16/91, 30.0s) grind=17.466 (9.9s)
Z12 spin_glass_n163    stock    seed 1: in=17.687 ball=17.018 (acc 20/90, 30.1s) grind=17.656 (8.7s)
Z12 spin_glass_n163    stock    seed 2: in=17.129 ball=16.546 (acc 22/89, 30.1s) grind=17.117 (8.5s)
Z12 spin_glass_n163    attract  seed 0: in=12.006 ball=11.982 (acc 2/67, 30.1s) grind=12.0 (10.4s)
Z12 spin_glass_n163    attract  seed 1: in=12.012 ball=11.982 (acc 3/67, 30.1s) grind=12.012 (11.2s)
Z12 spin_glass_n163    attract  seed 2: in=12.031 ball=11.939 (acc 8/66, 30.0s) grind=12.031 (10.0s)
Z12 regular_n316       stock    seed 0: in=3.364 ball=3.215 (acc 38/385, 30.0s) grind=3.193 (1.0s)
Z12 regular_n316       stock    seed 1: in=3.411 ball=3.297 (acc 33/474, 30.0s) grind=3.408 (0.4s)
Z12 regular_n316       stock    seed 2: in=3.291 ball=3.161 (acc 35/412, 30.0s) grind=3.253 (0.4s)
Z12 regular_n316       attract  seed 0: in=2.854 ball=2.734 (acc 31/410, 30.0s) grind=2.832 (0.2s)
Z12 regular_n316       attract  seed 1: in=2.601 ball=2.551 (acc 15/411, 30.0s) grind=2.576 (0.3s)
Z12 regular_n316       attract  seed 2: in=2.611 ball=2.563 (acc 14/415, 30.0s) grind=2.608 (0.2s)
Z12 ws_n486            stock    seed 0: in=3.233 ball=3.093 (acc 54/559, 30.0s) grind=3.235 (0.6s)
Z12 ws_n486            stock    seed 1: in=3.173 ball=3.037 (acc 50/529, 30.0s) grind=3.041 (0.8s)
Z12 ws_n486            stock    seed 2: in=2.821 ball=2.724 (acc 40/476, 30.0s) grind=2.798 (0.5s)
Z12 ws_n486            attract  seed 0: in=2.595 ball=2.51 (acc 35/518, 30.0s) grind=2.576 (0.7s)
Z12 ws_n486            attract  seed 1: in=2.644 ball=2.566 (acc 31/516, 30.0s) grind=2.465 (1.4s)
Z12 ws_n486            attract  seed 2: in=2.759 ball=2.648 (acc 47/481, 30.0s) grind=2.759 (0.4s)
Z12 grid_200           stock    seed 0: in=1.04 ball=1.04 (acc 0/198, 15.8s) grind=1.04 (0.0s)
Z12 grid_200           stock    seed 1: in=1.155 ball=1.155 (acc 0/197, 15.7s) grind=1.115 (0.1s)
Z12 grid_200           stock    seed 2: in=1.05 ball=1.05 (acc 0/196, 15.7s) grind=1.05 (0.0s)
Z12 grid_200           attract  seed 0: in=1.455 ball=1.435 (acc 4/396, 30.0s) grind=1.45 (0.1s)
Z12 grid_200           attract  seed 1: in=1.405 ball=1.355 (acc 5/395, 30.0s) grind=1.4 (0.1s)
Z12 grid_200           attract  seed 2: in=1.37 ball=1.365 (acc 1/392, 30.0s) grind=1.38 (0.1s)
Z12 honeycomb_200      stock    seed 0: in=1.14 ball=1.14 (acc 0/195, 12.8s) grind=1.14 (0.0s)
Z12 honeycomb_200      stock    seed 1: in=1.11 ball=1.11 (acc 0/192, 12.4s) grind=1.105 (0.1s)
Z12 honeycomb_200      stock    seed 2: in=1.23 ball=1.225 (acc 1/398, 26.7s) grind=1.225 (0.1s)
Z12 honeycomb_200      attract  seed 0: in=1.915 ball=1.91 (acc 1/446, 30.0s) grind=1.91 (0.1s)
Z12 honeycomb_200      attract  seed 1: in=1.775 ball=1.775 (acc 0/255, 19.2s) grind=1.775 (0.1s)
Z12 honeycomb_200      attract  seed 2: in=1.73 ball=1.73 (acc 0/256, 19.3s) grind=1.73 (0.1s)
Z12 king_graph_196     stock    seed 0: in=1.888 ball=1.791 (acc 17/209, 30.0s) grind=1.694 (0.2s)
Z12 king_graph_196     stock    seed 1: in=1.872 ball=1.781 (acc 18/199, 30.0s) grind=1.872 (0.1s)
Z12 king_graph_196     stock    seed 2: in=1.52 ball=1.52 (acc 0/191, 29.0s) grind=1.515 (0.1s)
Z12 king_graph_196     attract  seed 0: in=2.357 ball=2.122 (acc 36/196, 30.0s) grind=2.378 (0.3s)
Z12 king_graph_196     attract  seed 1: in=2.194 ball=2.026 (acc 30/193, 30.0s) grind=2.01 (0.5s)
Z12 king_graph_196     attract  seed 2: in=2.531 ball=2.301 (acc 33/195, 30.0s) grind=2.306 (0.7s)
P16 K100               stock    seed 0: in=13.2 ball=12.99 (acc 9/31, 30.0s) grind=13.2 (11.8s)
P16 K100               stock    seed 1: in=13.96 ball=13.39 (acc 13/32, 30.4s) grind=13.87 (15.5s)
P16 K100               stock    seed 2: in=13.78 ball=13.46 (acc 11/30, 30.4s) grind=13.77 (14.2s)
P16 K100               attract  seed 0: in=12.68 ball=12.64 (acc 3/30, 30.4s) grind=12.67 (18.3s)
P16 K100               attract  seed 1: in=13.27 ball=13.12 (acc 5/29, 30.0s) grind=13.37 (20.8s)
P16 K100               attract  seed 2: in=13.61 ball=13.46 (acc 5/31, 30.5s) grind=13.75 (22.6s)
P16 turan_n162         stock    seed 0: in=9.136 ball=9.136 (acc 0/39, 30.0s) grind=9.136 (19.5s)
P16 turan_n162         stock    seed 1: in=7.815 ball=7.815 (acc 0/38, 30.4s) grind=7.815 (26.8s)
P16 turan_n162         stock    seed 2: in=7.815 ball=7.815 (acc 0/37, 30.1s) grind=7.815 (32.4s)
P16 turan_n162         attract  seed 0: in=7.815 ball=7.815 (acc 0/37, 30.2s) grind=7.815 (31.4s)
P16 turan_n162         attract  seed 1: in=8.0 ball=8.0 (acc 0/37, 30.4s) grind=8.0 (32.7s)
P16 turan_n162         attract  seed 2: in=8.0 ball=8.0 (acc 0/38, 30.3s) grind=8.0 (32.1s)
P16 ws_n486            stock    seed 0: in=4.455 ball=4.158 (acc 87/702, 30.0s) grind=3.833 (2.1s)
P16 ws_n486            stock    seed 1: in=3.617 ball=3.477 (acc 49/612, 30.0s) grind=3.619 (0.6s)
P16 ws_n486            stock    seed 2: in=3.584 ball=3.461 (acc 48/604, 30.0s) grind=3.593 (0.7s)
P16 ws_n486            attract  seed 0: in=3.979 ball=3.79 (acc 65/741, 30.0s) grind=3.994 (0.6s)
P16 ws_n486            attract  seed 1: in=3.967 ball=3.844 (acc 44/676, 30.0s) grind=3.854 (1.5s)
P16 ws_n486            attract  seed 2: in=3.794 ball=3.665 (acc 43/746, 30.0s) grind=3.613 (1.1s)

summary (mean ACL; d = ball - grind, negative = ball wins):
Z12 K100               stock    in=10.277 ball=10.067 grind=10.177 d=-0.110 acc=7.333 ball_wall=30.267s
Z12 K100               attract  in=7.79 ball=7.79 grind=7.79 d=+0.000 acc=0.0 ball_wall=30.2s
Z12 K140               stock    in=16.739 ball=16.139 grind=16.714 d=-0.575 acc=16.5 ball_wall=30.3s
Z12 K140               attract  in=10.521 ball=10.505 grind=10.521 d=-0.016 acc=2.333 ball_wall=30.2s
Z12 ER100_d10          stock    in=4.973 ball=4.76 grind=4.647 d=+0.113 acc=15.667 ball_wall=30.0s
Z12 ER100_d10          attract  in=4.81 ball=4.63 grind=4.817 d=-0.187 acc=16.0 ball_wall=30.033s
Z12 turan_n162         stock    in=12.014 ball=10.607 grind=12.058 d=-1.451 acc=41.0 ball_wall=30.2s
Z12 turan_n162         attract  in=6.782 ball=6.73 grind=6.772 d=-0.042 acc=8.0 ball_wall=30.3s
Z12 spin_glass_n163    stock    in=17.432 ball=16.887 grind=17.413 d=-0.526 acc=19.333 ball_wall=30.067s
Z12 spin_glass_n163    attract  in=12.016 ball=11.968 grind=12.014 d=-0.046 acc=4.333 ball_wall=30.067s
Z12 regular_n316       stock    in=3.355 ball=3.224 grind=3.285 d=-0.061 acc=35.333 ball_wall=30.0s
Z12 regular_n316       attract  in=2.689 ball=2.616 grind=2.672 d=-0.056 acc=20.0 ball_wall=30.0s
Z12 ws_n486            stock    in=3.076 ball=2.951 grind=3.025 d=-0.074 acc=48.0 ball_wall=30.0s
Z12 ws_n486            attract  in=2.666 ball=2.575 grind=2.6 d=-0.025 acc=37.667 ball_wall=30.0s
Z12 grid_200           stock    in=1.082 ball=1.082 grind=1.068 d=+0.014 acc=0.0 ball_wall=15.733s
Z12 grid_200           attract  in=1.41 ball=1.385 grind=1.41 d=-0.025 acc=3.333 ball_wall=30.0s
Z12 honeycomb_200      stock    in=1.16 ball=1.158 grind=1.157 d=+0.001 acc=0.333 ball_wall=17.3s
Z12 honeycomb_200      attract  in=1.807 ball=1.805 grind=1.805 d=+0.000 acc=0.333 ball_wall=22.833s
Z12 king_graph_196     stock    in=1.76 ball=1.697 grind=1.694 d=+0.003 acc=11.667 ball_wall=29.667s
Z12 king_graph_196     attract  in=2.361 ball=2.15 grind=2.231 d=-0.081 acc=33.0 ball_wall=30.0s
P16 K100               stock    in=13.647 ball=13.28 grind=13.613 d=-0.333 acc=11.0 ball_wall=30.267s
P16 K100               attract  in=13.187 ball=13.073 grind=13.263 d=-0.190 acc=4.333 ball_wall=30.3s
P16 turan_n162         stock    in=8.255 ball=8.255 grind=8.255 d=+0.000 acc=0.0 ball_wall=30.167s
P16 turan_n162         attract  in=7.938 ball=7.938 grind=7.938 d=+0.000 acc=0.0 ball_wall=30.3s
P16 ws_n486            stock    in=3.885 ball=3.699 grind=3.682 d=+0.017 acc=61.333 ball_wall=30.0s
P16 ws_n486            attract  in=3.913 ball=3.766 grind=3.82 d=-0.054 acc=50.667 ball_wall=30.0s
load at end: (10.68310546875, 10.6298828125, 4.89501953125)
done-probe
