8 cells x 3 seeds (3 arms in-job); load (46.2734375, 44.61376953125, 44.3125)
/data/max/ember/docs/paper2/data/ballbar_probe.py:53: DeprecationWarning: dwave-networkx is deprecated and will be replaced by dwave-graphs in Ocean 10. Most functionality previously provided by dwave-networkx is now available as part of dwave-graphs under the 'dwave.graphs' namespace.
  import dwave_networkx as dnx
/data/max/ember/docs/paper2/data/ballbar_probe.py:53: DeprecationWarning: dwave-networkx is deprecated and will be replaced by dwave-graphs in Ocean 10. Most functionality previously provided by dwave-networkx is now available as part of dwave-graphs under the 'dwave.graphs' namespace.
  import dwave_networkx as dnx
/data/max/ember/docs/paper2/data/ballbar_probe.py:53: DeprecationWarning: dwave-networkx is deprecated and will be replaced by dwave-graphs in Ocean 10. Most functionality previously provided by dwave-networkx is now available as part of dwave-graphs under the 'dwave.graphs' namespace.
  import dwave_networkx as dnx
/data/max/ember/docs/paper2/data/ballbar_probe.py:53: DeprecationWarning: dwave-networkx is deprecated and will be replaced by dwave-graphs in Ocean 10. Most functionality previously provided by dwave-networkx is now available as part of dwave-graphs under the 'dwave.graphs' namespace.
  import dwave_networkx as dnx
/data/max/ember/docs/paper2/data/ballbar_probe.py:53: DeprecationWarning: dwave-networkx is deprecated and will be replaced by dwave-graphs in Ocean 10. Most functionality previously provided by dwave-networkx is now available as part of dwave-graphs under the 'dwave.graphs' namespace.
  import dwave_networkx as dnx
/data/max/ember/docs/paper2/data/ballbar_probe.py:53: DeprecationWarning: dwave-networkx is deprecated and will be replaced by dwave-graphs in Ocean 10. Most functionality previously provided by dwave-networkx is now available as part of dwave-graphs under the 'dwave.graphs' namespace.
  import dwave_networkx as dnx
/data/max/ember/docs/paper2/data/ballbar_probe.py:53: DeprecationWarning: dwave-networkx is deprecated and will be replaced by dwave-graphs in Ocean 10. Most functionality previously provided by dwave-networkx is now available as part of dwave-graphs under the 'dwave.graphs' namespace.
  import dwave_networkx as dnx
/data/max/ember/docs/paper2/data/ballbar_probe.py:53: DeprecationWarning: dwave-networkx is deprecated and will be replaced by dwave-graphs in Ocean 10. Most functionality previously provided by dwave-networkx is now available as part of dwave-graphs under the 'dwave.graphs' namespace.
  import dwave_networkx as dnx
/data/max/ember/docs/paper2/data/ballbar_probe.py:53: DeprecationWarning: dwave-networkx is deprecated and will be replaced by dwave-graphs in Ocean 10. Most functionality previously provided by dwave-networkx is now available as part of dwave-graphs under the 'dwave.graphs' namespace.
  import dwave_networkx as dnx
/data/max/ember/docs/paper2/data/ballbar_probe.py:53: DeprecationWarning: dwave-networkx is deprecated and will be replaced by dwave-graphs in Ocean 10. Most functionality previously provided by dwave-networkx is now available as part of dwave-graphs under the 'dwave.graphs' namespace.
  import dwave_networkx as dnx
/data/max/ember/docs/paper2/data/ballbar_probe.py:53: DeprecationWarning: dwave-networkx is deprecated and will be replaced by dwave-graphs in Ocean 10. Most functionality previously provided by dwave-networkx is now available as part of dwave-graphs under the 'dwave.graphs' namespace.
  import dwave_networkx as dnx
/data/max/ember/docs/paper2/data/ballbar_probe.py:53: DeprecationWarning: dwave-networkx is deprecated and will be replaced by dwave-graphs in Ocean 10. Most functionality previously provided by dwave-networkx is now available as part of dwave-graphs under the 'dwave.graphs' namespace.
  import dwave_networkx as dnx
/data/max/ember/docs/paper2/data/ballbar_probe.py:53: DeprecationWarning: dwave-networkx is deprecated and will be replaced by dwave-graphs in Ocean 10. Most functionality previously provided by dwave-networkx is now available as part of dwave-graphs under the 'dwave.graphs' namespace.
  import dwave_networkx as dnx
/data/max/ember/docs/paper2/data/ballbar_probe.py:53: DeprecationWarning: dwave-networkx is deprecated and will be replaced by dwave-graphs in Ocean 10. Most functionality previously provided by dwave-networkx is now available as part of dwave-graphs under the 'dwave.graphs' namespace.
  import dwave_networkx as dnx
/data/max/ember/docs/paper2/data/ballbar_probe.py:53: DeprecationWarning: dwave-networkx is deprecated and will be replaced by dwave-graphs in Ocean 10. Most functionality previously provided by dwave-networkx is now available as part of dwave-graphs under the 'dwave.graphs' namespace.
  import dwave_networkx as dnx
/data/max/ember/docs/paper2/data/ballbar_probe.py:53: DeprecationWarning: dwave-networkx is deprecated and will be replaced by dwave-graphs in Ocean 10. Most functionality previously provided by dwave-networkx is now available as part of dwave-graphs under the 'dwave.graphs' namespace.
  import dwave_networkx as dnx
/data/max/ember/docs/paper2/data/ballbar_probe.py:53: DeprecationWarning: dwave-networkx is deprecated and will be replaced by dwave-graphs in Ocean 10. Most functionality previously provided by dwave-networkx is now available as part of dwave-graphs under the 'dwave.graphs' namespace.
  import dwave_networkx as dnx
/data/max/ember/docs/paper2/data/ballbar_probe.py:53: DeprecationWarning: dwave-networkx is deprecated and will be replaced by dwave-graphs in Ocean 10. Most functionality previously provided by dwave-networkx is now available as part of dwave-graphs under the 'dwave.graphs' namespace.
  import dwave_networkx as dnx
/data/max/ember/docs/paper2/data/ballbar_probe.py:53: DeprecationWarning: dwave-networkx is deprecated and will be replaced by dwave-graphs in Ocean 10. Most functionality previously provided by dwave-networkx is now available as part of dwave-graphs under the 'dwave.graphs' namespace.
  import dwave_networkx as dnx
/data/max/ember/docs/paper2/data/ballbar_probe.py:53: DeprecationWarning: dwave-networkx is deprecated and will be replaced by dwave-graphs in Ocean 10. Most functionality previously provided by dwave-networkx is now available as part of dwave-graphs under the 'dwave.graphs' namespace.
  import dwave_networkx as dnx
/data/max/ember/docs/paper2/data/ballbar_probe.py:53: DeprecationWarning: dwave-networkx is deprecated and will be replaced by dwave-graphs in Ocean 10. Most functionality previously provided by dwave-networkx is now available as part of dwave-graphs under the 'dwave.graphs' namespace.
  import dwave_networkx as dnx
/data/max/ember/docs/paper2/data/ballbar_probe.py:53: DeprecationWarning: dwave-networkx is deprecated and will be replaced by dwave-graphs in Ocean 10. Most functionality previously provided by dwave-networkx is now available as part of dwave-graphs under the 'dwave.graphs' namespace.
  import dwave_networkx as dnx
/data/max/ember/docs/paper2/data/ballbar_probe.py:53: DeprecationWarning: dwave-networkx is deprecated and will be replaced by dwave-graphs in Ocean 10. Most functionality previously provided by dwave-networkx is now available as part of dwave-graphs under the 'dwave.graphs' namespace.
  import dwave_networkx as dnx
/data/max/ember/docs/paper2/data/ballbar_probe.py:53: DeprecationWarning: dwave-networkx is deprecated and will be replaced by dwave-graphs in Ocean 10. Most functionality previously provided by dwave-networkx is now available as part of dwave-graphs under the 'dwave.graphs' namespace.
  import dwave_networkx as dnx
Z12 turan_n162         seed 0: in=10.543 r=9.914(25) b=10.302(17/578) bf=9.84(30)
Z12 turan_n162         seed 1: in=13.963 r=12.488(40) b=13.593(13/450) bf=12.309(46)
Z12 turan_n162         seed 2: in=11.537 r=10.37(33) b=11.426(6/450) bf=10.352(34)
Z12 K140               seed 0: in=17.036 r=16.714(9) b=17.036(0/131) bf=16.714(9)
Z12 K140               seed 1: in=None r=None(None) b=None(None/None) bf=None(None)
Z12 K140               seed 2: in=17.593 r=17.214(10) b=17.593(0/131) bf=17.214(10)
Z12 spin_glass_n163    seed 0: in=18.049 r=17.595(15) b=18.012(1/292) bf=17.595(15)
Z12 spin_glass_n163    seed 1: in=17.417 r=16.877(21) b=17.417(0/146) bf=16.871(22)
Z12 spin_glass_n163    seed 2: in=17.613 r=17.294(18) b=17.613(0/146) bf=17.294(18)
Z12 honeycomb_200      seed 0: in=1.14 r=1.14(0) b=1.14(0/195) bf=1.14(0)
Z12 honeycomb_200      seed 1: in=1.11 r=1.11(0) b=1.11(0/192) bf=1.11(0)
Z12 honeycomb_200      seed 2: in=1.23 r=1.225(1) b=1.225(1/398) bf=1.225(1)
Z12 king_graph_196     seed 0: in=1.888 r=1.811(15) b=1.867(4/576) bf=1.791(16)
Z12 king_graph_196     seed 1: in=1.872 r=1.786(17) b=1.862(2/382) bf=1.765(19)
Z12 king_graph_196     seed 2: in=1.52 r=1.52(0) b=1.52(0/191) bf=1.52(0)
P16 K100               seed 0: in=13.35 r=13.06(8) b=13.35(0/93) bf=13.06(8)
P16 K100               seed 1: in=14.62 r=14.4(7) b=14.62(0/93) bf=14.41(6)
P16 K100               seed 2: in=13.99 r=13.8(6) b=13.99(0/93) bf=13.83(5)
P16 turan_n162         seed 0: in=9.136 r=9.136(0) b=9.136(0/150) bf=9.136(0)
P16 turan_n162         seed 1: in=7.815 r=7.815(0) b=7.815(0/150) bf=7.815(0)
P16 turan_n162         seed 2: in=7.815 r=7.815(0) b=7.815(0/150) bf=7.815(0)
P16 ws_n486            seed 0: in=4.455 r=4.173(81) b=4.455(0/452) bf=4.175(80)
P16 ws_n486            seed 1: in=3.617 r=3.486(46) b=3.617(0/459) bf=3.486(46)
P16 ws_n486            seed 2: in=3.584 r=3.473(42) b=3.584(0/456) bf=3.473(42)

summary (mean ACL by arm; lower wins):
Z12 turan_n162         in=12.014  router=10.924(acc 32.667)  bars=11.774(acc 12.0)  bars+fallback=10.834(acc 36.667)
Z12 K140               in=17.315  router=16.964(acc 9.5)  bars=17.315(acc 0.0)  bars+fallback=16.964(acc 9.5)
Z12 spin_glass_n163    in=17.693  router=17.255(acc 18.0)  bars=17.681(acc 0.333)  bars+fallback=17.253(acc 18.333)
Z12 honeycomb_200      in=1.16  router=1.158(acc 0.333)  bars=1.158(acc 0.333)  bars+fallback=1.158(acc 0.333)
Z12 king_graph_196     in=1.76  router=1.706(acc 10.667)  bars=1.75(acc 2.0)  bars+fallback=1.692(acc 11.667)
P16 K100               in=13.987  router=13.753(acc 7.0)  bars=13.987(acc 0.0)  bars+fallback=13.767(acc 6.333)
P16 turan_n162         in=8.255  router=8.255(acc 0.0)  bars=8.255(acc 0.0)  bars+fallback=8.255(acc 0.0)
P16 ws_n486            in=3.885  router=3.711(acc 56.333)  bars=3.885(acc 0.0)  bars+fallback=3.711(acc 56.0)
load at end: (58.29443359375, 50.30078125, 46.46923828125)
done-probe
