13 cells, 106 jobs; load (62.2529296875, 66.2431640625, 65.38623046875)
/data/max/ember/docs/paper2/data/brick_probe.py:62: DeprecationWarning: dwave-networkx is deprecated and will be replaced by dwave-graphs in Ocean 10. Most functionality previously provided by dwave-networkx is now available as part of dwave-graphs under the 'dwave.graphs' namespace.
  import dwave_networkx as dnx
/data/max/ember/docs/paper2/data/brick_probe.py:62: DeprecationWarning: dwave-networkx is deprecated and will be replaced by dwave-graphs in Ocean 10. Most functionality previously provided by dwave-networkx is now available as part of dwave-graphs under the 'dwave.graphs' namespace.
  import dwave_networkx as dnx
/data/max/ember/docs/paper2/data/brick_probe.py:62: DeprecationWarning: dwave-networkx is deprecated and will be replaced by dwave-graphs in Ocean 10. Most functionality previously provided by dwave-networkx is now available as part of dwave-graphs under the 'dwave.graphs' namespace.
  import dwave_networkx as dnx
/data/max/ember/docs/paper2/data/brick_probe.py:62: DeprecationWarning: dwave-networkx is deprecated and will be replaced by dwave-graphs in Ocean 10. Most functionality previously provided by dwave-networkx is now available as part of dwave-graphs under the 'dwave.graphs' namespace.
  import dwave_networkx as dnx
/data/max/ember/docs/paper2/data/brick_probe.py:62: DeprecationWarning: dwave-networkx is deprecated and will be replaced by dwave-graphs in Ocean 10. Most functionality previously provided by dwave-networkx is now available as part of dwave-graphs under the 'dwave.graphs' namespace.
  import dwave_networkx as dnx
/data/max/ember/docs/paper2/data/brick_probe.py:62: DeprecationWarning: dwave-networkx is deprecated and will be replaced by dwave-graphs in Ocean 10. Most functionality previously provided by dwave-networkx is now available as part of dwave-graphs under the 'dwave.graphs' namespace.
  import dwave_networkx as dnx
/data/max/ember/docs/paper2/data/brick_probe.py:62: DeprecationWarning: dwave-networkx is deprecated and will be replaced by dwave-graphs in Ocean 10. Most functionality previously provided by dwave-networkx is now available as part of dwave-graphs under the 'dwave.graphs' namespace.
  import dwave_networkx as dnx
/data/max/ember/docs/paper2/data/brick_probe.py:62: DeprecationWarning: dwave-networkx is deprecated and will be replaced by dwave-graphs in Ocean 10. Most functionality previously provided by dwave-networkx is now available as part of dwave-graphs under the 'dwave.graphs' namespace.
  import dwave_networkx as dnx
/data/max/ember/docs/paper2/data/brick_probe.py:62: DeprecationWarning: dwave-networkx is deprecated and will be replaced by dwave-graphs in Ocean 10. Most functionality previously provided by dwave-networkx is now available as part of dwave-graphs under the 'dwave.graphs' namespace.
  import dwave_networkx as dnx
/data/max/ember/docs/paper2/data/brick_probe.py:62: DeprecationWarning: dwave-networkx is deprecated and will be replaced by dwave-graphs in Ocean 10. Most functionality previously provided by dwave-networkx is now available as part of dwave-graphs under the 'dwave.graphs' namespace.
  import dwave_networkx as dnx
/data/max/ember/docs/paper2/data/brick_probe.py:62: DeprecationWarning: dwave-networkx is deprecated and will be replaced by dwave-graphs in Ocean 10. Most functionality previously provided by dwave-networkx is now available as part of dwave-graphs under the 'dwave.graphs' namespace.
  import dwave_networkx as dnx
/data/max/ember/docs/paper2/data/brick_probe.py:62: DeprecationWarning: dwave-networkx is deprecated and will be replaced by dwave-graphs in Ocean 10. Most functionality previously provided by dwave-networkx is now available as part of dwave-graphs under the 'dwave.graphs' namespace.
  import dwave_networkx as dnx
/data/max/ember/docs/paper2/data/brick_probe.py:62: DeprecationWarning: dwave-networkx is deprecated and will be replaced by dwave-graphs in Ocean 10. Most functionality previously provided by dwave-networkx is now available as part of dwave-graphs under the 'dwave.graphs' namespace.
  import dwave_networkx as dnx
/data/max/ember/docs/paper2/data/brick_probe.py:62: DeprecationWarning: dwave-networkx is deprecated and will be replaced by dwave-graphs in Ocean 10. Most functionality previously provided by dwave-networkx is now available as part of dwave-graphs under the 'dwave.graphs' namespace.
  import dwave_networkx as dnx
/data/max/ember/docs/paper2/data/brick_probe.py:62: DeprecationWarning: dwave-networkx is deprecated and will be replaced by dwave-graphs in Ocean 10. Most functionality previously provided by dwave-networkx is now available as part of dwave-graphs under the 'dwave.graphs' namespace.
  import dwave_networkx as dnx
/data/max/ember/docs/paper2/data/brick_probe.py:62: DeprecationWarning: dwave-networkx is deprecated and will be replaced by dwave-graphs in Ocean 10. Most functionality previously provided by dwave-networkx is now available as part of dwave-graphs under the 'dwave.graphs' namespace.
  import dwave_networkx as dnx
/data/max/ember/docs/paper2/data/brick_probe.py:62: DeprecationWarning: dwave-networkx is deprecated and will be replaced by dwave-graphs in Ocean 10. Most functionality previously provided by dwave-networkx is now available as part of dwave-graphs under the 'dwave.graphs' namespace.
  import dwave_networkx as dnx
/data/max/ember/docs/paper2/data/brick_probe.py:62: DeprecationWarning: dwave-networkx is deprecated and will be replaced by dwave-graphs in Ocean 10. Most functionality previously provided by dwave-networkx is now available as part of dwave-graphs under the 'dwave.graphs' namespace.
  import dwave_networkx as dnx
/data/max/ember/docs/paper2/data/brick_probe.py:62: DeprecationWarning: dwave-networkx is deprecated and will be replaced by dwave-graphs in Ocean 10. Most functionality previously provided by dwave-networkx is now available as part of dwave-graphs under the 'dwave.graphs' namespace.
  import dwave_networkx as dnx
/data/max/ember/docs/paper2/data/brick_probe.py:62: DeprecationWarning: dwave-networkx is deprecated and will be replaced by dwave-graphs in Ocean 10. Most functionality previously provided by dwave-networkx is now available as part of dwave-graphs under the 'dwave.graphs' namespace.
  import dwave_networkx as dnx
/data/max/ember/docs/paper2/data/brick_probe.py:62: DeprecationWarning: dwave-networkx is deprecated and will be replaced by dwave-graphs in Ocean 10. Most functionality previously provided by dwave-networkx is now available as part of dwave-graphs under the 'dwave.graphs' namespace.
  import dwave_networkx as dnx
/data/max/ember/docs/paper2/data/brick_probe.py:62: DeprecationWarning: dwave-networkx is deprecated and will be replaced by dwave-graphs in Ocean 10. Most functionality previously provided by dwave-networkx is now available as part of dwave-graphs under the 'dwave.graphs' namespace.
  import dwave_networkx as dnx
/data/max/ember/docs/paper2/data/brick_probe.py:62: DeprecationWarning: dwave-networkx is deprecated and will be replaced by dwave-graphs in Ocean 10. Most functionality previously provided by dwave-networkx is now available as part of dwave-graphs under the 'dwave.graphs' namespace.
  import dwave_networkx as dnx
/data/max/ember/docs/paper2/data/brick_probe.py:62: DeprecationWarning: dwave-networkx is deprecated and will be replaced by dwave-graphs in Ocean 10. Most functionality previously provided by dwave-networkx is now available as part of dwave-graphs under the 'dwave.graphs' namespace.
  import dwave_networkx as dnx
Z12 K100               seats    seed 0: 7.35 mx=8 cmiss=0 def=0 skip=True (63.9s)
Z12 K100               seats    seed 1: 7.35 mx=8 cmiss=0 def=0 skip=True (63.9s)
Z12 K100               seats    seed 2: 7.35 mx=8 cmiss=0 def=0 skip=True (62.3s)
Z12 K100               brick    seed 0: 7.35 mx=8 cmiss=0 def=0 skip=True (64.2s)
Z12 K100               brick    seed 1: 7.35 mx=8 cmiss=0 def=0 skip=True (62.9s)
Z12 K100               brick    seed 2: 7.35 mx=8 cmiss=0 def=0 skip=True (63.8s)
Z12 K140               seats    seed 0: 9.957 mx=11 cmiss=0 def=0 skip=True (68.1s)
Z12 K140               seats    seed 1: 9.957 mx=11 cmiss=0 def=0 skip=True (67.8s)
Z12 K140               seats    seed 2: 9.957 mx=11 cmiss=0 def=0 skip=True (60.9s)
Z12 K140               brick    seed 0: 9.986 mx=11 cmiss=0 def=0 skip=True (67.2s)
Z12 K140               brick    seed 1: 9.986 mx=11 cmiss=0 def=0 skip=True (69.3s)
Z12 K140               brick    seed 2: 9.986 mx=11 cmiss=0 def=0 skip=True (65.8s)
Z12 ER100_d10          seats    seed 0: 4.96 mx=8 cmiss=3 def=2 skip=False (60.1s)
Z12 ER100_d10          seats    seed 1: 4.96 mx=8 cmiss=3 def=2 skip=False (60.1s)
Z12 ER100_d10          seats    seed 2: 4.72 mx=9 cmiss=3 def=2 skip=False (60.0s)
Z12 ER100_d10          brick    seed 0: 4.46 mx=7 cmiss=3 def=3 skip=False (60.0s)
Z12 ER100_d10          brick    seed 1: 4.96 mx=9 cmiss=3 def=3 skip=False (60.0s)
Z12 ER100_d10          brick    seed 2: 4.59 mx=8 cmiss=3 def=3 skip=False (60.0s)
Z12 turan_n162         seats    seed 0: 6.0 mx=6 cmiss=32 def=0 skip=True (60.8s)
Z12 turan_n162         seats    seed 1: 6.0 mx=6 cmiss=62 def=0 skip=True (65.3s)
Z12 turan_n162         seats    seed 2: 6.0 mx=6 cmiss=24 def=0 skip=True (63.6s)
Z12 turan_n162         seats    seed 3: 6.0 mx=6 cmiss=24 def=0 skip=True (60.5s)
Z12 turan_n162         seats    seed 4: 6.0 mx=6 cmiss=24 def=0 skip=True (63.3s)
Z12 turan_n162         seats    seed 5: 6.0 mx=6 cmiss=62 def=0 skip=True (62.2s)
Z12 turan_n162         seats    seed 6: 6.0 mx=6 cmiss=24 def=0 skip=True (64.1s)
Z12 turan_n162         seats    seed 7: 6.0 mx=6 cmiss=62 def=0 skip=True (67.8s)
Z12 turan_n162         seats    seed 8: 6.0 mx=6 cmiss=62 def=0 skip=True (61.3s)
Z12 turan_n162         seats    seed 9: 6.0 mx=6 cmiss=24 def=0 skip=True (63.5s)
Z12 turan_n162         brick    seed 0: 6.228 mx=7 cmiss=22 def=0 skip=True (61.4s)
Z12 turan_n162         brick    seed 1: 6.0 mx=6 cmiss=21 def=0 skip=True (64.1s)
Z12 turan_n162         brick    seed 2: 6.235 mx=7 cmiss=22 def=0 skip=True (61.2s)
Z12 turan_n162         brick    seed 3: 6.228 mx=7 cmiss=22 def=0 skip=True (68.1s)
Z12 turan_n162         brick    seed 4: 6.0 mx=6 cmiss=22 def=0 skip=True (73.3s)
Z12 turan_n162         brick    seed 5: 6.0 mx=6 cmiss=34 def=0 skip=True (70.0s)
Z12 turan_n162         brick    seed 6: 6.0 mx=6 cmiss=22 def=0 skip=True (72.6s)
Z12 turan_n162         brick    seed 7: 6.0 mx=6 cmiss=34 def=0 skip=True (64.0s)
Z12 turan_n162         brick    seed 8: 6.0 mx=6 cmiss=34 def=0 skip=True (74.8s)
Z12 turan_n162         brick    seed 9: 6.228 mx=7 cmiss=22 def=0 skip=True (62.8s)
Z12 spin_glass_n163    seats    seed 0: 11.098 mx=13 cmiss=0 def=0 skip=True (63.4s)
Z12 spin_glass_n163    seats    seed 1: 11.098 mx=13 cmiss=0 def=0 skip=True (73.9s)
Z12 spin_glass_n163    seats    seed 2: 11.098 mx=13 cmiss=0 def=0 skip=True (60.7s)
Z12 spin_glass_n163    brick    seed 0: 11.184 mx=13 cmiss=0 def=0 skip=True (60.1s)
Z12 spin_glass_n163    brick    seed 1: 11.184 mx=13 cmiss=0 def=0 skip=True (67.7s)
Z12 spin_glass_n163    brick    seed 2: 11.184 mx=13 cmiss=0 def=0 skip=True (60.3s)
Z12 regular_n316       seats    seed 0: 2.737 mx=6 cmiss=21 def=15 skip=False (60.0s)
Z12 regular_n316       seats    seed 1: 2.636 mx=6 cmiss=21 def=15 skip=False (60.3s)
Z12 regular_n316       seats    seed 2: 2.845 mx=7 cmiss=21 def=15 skip=False (60.1s)
Z12 regular_n316       brick    seed 0: 2.946 mx=7 cmiss=17 def=21 skip=False (60.1s)
Z12 regular_n316       brick    seed 1: 2.709 mx=6 cmiss=15 def=11 skip=False (60.0s)
Z12 regular_n316       brick    seed 2: 2.854 mx=7 cmiss=17 def=17 skip=False (60.1s)
Z12 ws_n486            seats    seed 0: 2.65 mx=9 cmiss=17 def=11 skip=False (60.0s)
Z12 ws_n486            seats    seed 1: 2.749 mx=9 cmiss=23 def=17 skip=False (60.0s)
Z12 ws_n486            seats    seed 2: 2.632 mx=9 cmiss=20 def=16 skip=False (60.0s)
Z12 ws_n486            seats    seed 3: 2.858 mx=10 cmiss=24 def=14 skip=False (60.0s)
Z12 ws_n486            seats    seed 4: 2.597 mx=8 cmiss=18 def=21 skip=False (60.1s)
Z12 ws_n486            seats    seed 5: 2.621 mx=8 cmiss=21 def=19 skip=False (60.0s)
Z12 ws_n486            seats    seed 6: 2.728 mx=9 cmiss=26 def=25 skip=False (60.1s)
Z12 ws_n486            seats    seed 7: 2.745 mx=9 cmiss=31 def=21 skip=False (60.1s)
Z12 ws_n486            seats    seed 8: 2.541 mx=8 cmiss=31 def=23 skip=False (60.1s)
Z12 ws_n486            seats    seed 9: 2.673 mx=9 cmiss=22 def=22 skip=False (60.3s)
Z12 ws_n486            brick    seed 0: 2.698 mx=9 cmiss=24 def=22 skip=False (60.1s)
Z12 ws_n486            brick    seed 1: 2.572 mx=8 cmiss=21 def=20 skip=False (60.1s)
Z12 ws_n486            brick    seed 2: 2.582 mx=8 cmiss=19 def=18 skip=False (60.0s)
Z12 ws_n486            brick    seed 3: 2.671 mx=10 cmiss=24 def=22 skip=False (60.0s)
Z12 ws_n486            brick    seed 4: 2.689 mx=9 cmiss=26 def=14 skip=False (60.0s)
Z12 ws_n486            brick    seed 5: 2.481 mx=8 cmiss=19 def=6 skip=False (60.0s)
Z12 ws_n486            brick    seed 6: 2.512 mx=8 cmiss=27 def=18 skip=False (60.1s)
Z12 ws_n486            brick    seed 7: 2.623 mx=9 cmiss=27 def=18 skip=False (60.1s)
Z12 ws_n486            brick    seed 8: 2.621 mx=9 cmiss=25 def=20 skip=False (60.0s)
Z12 ws_n486            brick    seed 9: 2.652 mx=8 cmiss=27 def=18 skip=False (60.0s)
Z12 grid_200           seats    seed 0: 1.12 mx=2 cmiss=27 def=5 skip=False (60.1s)
Z12 grid_200           seats    seed 1: 1.09 mx=2 cmiss=27 def=5 skip=False (60.0s)
Z12 grid_200           seats    seed 2: 1.12 mx=2 cmiss=27 def=5 skip=False (60.1s)
Z12 grid_200           brick    seed 0: 1.08 mx=2 cmiss=23 def=12 skip=False (54.2s)
Z12 grid_200           brick    seed 1: 1.08 mx=2 cmiss=23 def=12 skip=False (60.0s)
Z12 grid_200           brick    seed 2: 1.085 mx=2 cmiss=23 def=12 skip=False (60.0s)
Z12 honeycomb_200      seats    seed 0: 1.09 mx=2 cmiss=30 def=10 skip=False (60.0s)
Z12 honeycomb_200      seats    seed 1: 1.115 mx=2 cmiss=30 def=10 skip=False (60.0s)
Z12 honeycomb_200      seats    seed 2: 1.115 mx=2 cmiss=30 def=10 skip=False (60.1s)
Z12 honeycomb_200      brick    seed 0: 1.075 mx=2 cmiss=25 def=16 skip=False (60.0s)
Z12 honeycomb_200      brick    seed 1: 1.075 mx=2 cmiss=25 def=16 skip=False (60.0s)
Z12 honeycomb_200      brick    seed 2: 1.065 mx=2 cmiss=25 def=16 skip=False (60.0s)
Z12 king_graph_196     seats    seed 0: 1.454 mx=2 cmiss=3 def=0 skip=True (60.1s)
Z12 king_graph_196     seats    seed 1: 1.5 mx=3 cmiss=3 def=0 skip=True (60.1s)
Z12 king_graph_196     seats    seed 2: 1.51 mx=3 cmiss=3 def=0 skip=True (60.1s)
Z12 king_graph_196     brick    seed 0: 1.515 mx=3 cmiss=13 def=19 skip=False (60.0s)
Z12 king_graph_196     brick    seed 1: 1.48 mx=2 cmiss=13 def=19 skip=False (60.0s)
Z12 king_graph_196     brick    seed 2: 1.459 mx=3 cmiss=13 def=19 skip=False (60.1s)
P16 K100               seats    seed 0: 11.66 mx=18 cmiss=None def=None skip=None (62.0s)
P16 K100               seats    seed 1: 11.43 mx=17 cmiss=None def=None skip=None (62.2s)
P16 K100               seats    seed 2: 12.0 mx=16 cmiss=None def=None skip=None (64.0s)
P16 K100               brick    seed 0: 11.66 mx=18 cmiss=None def=None skip=None (64.8s)
P16 K100               brick    seed 1: 11.43 mx=17 cmiss=None def=None skip=None (61.8s)
P16 K100               brick    seed 2: 12.0 mx=16 cmiss=None def=None skip=None (62.3s)
P16 turan_n162         seats    seed 0: 27.673 mx=86 cmiss=None def=None skip=None (60.7s)
P16 turan_n162         seats    seed 1: None mx=None cmiss=None def=None skip=None (66.7s)
P16 turan_n162         seats    seed 2: 19.994 mx=71 cmiss=None def=None skip=None (60.2s)
P16 turan_n162         brick    seed 0: 22.685 mx=57 cmiss=None def=None skip=None (60.7s)
P16 turan_n162         brick    seed 1: None mx=None cmiss=None def=None skip=None (69.9s)
P16 turan_n162         brick    seed 2: 23.457 mx=74 cmiss=None def=None skip=None (60.2s)
P16 ws_n486            seats    seed 0: 3.163 mx=11 cmiss=None def=None skip=None (60.0s)
P16 ws_n486            seats    seed 1: 3.181 mx=11 cmiss=None def=None skip=None (60.0s)
P16 ws_n486            seats    seed 2: 2.992 mx=10 cmiss=None def=None skip=None (60.0s)
P16 ws_n486            brick    seed 0: 3.424 mx=14 cmiss=None def=None skip=None (60.0s)
P16 ws_n486            brick    seed 1: 3.198 mx=12 cmiss=None def=None skip=None (60.0s)
P16 ws_n486            brick    seed 2: 3.21 mx=11 cmiss=None def=None skip=None (60.0s)

summary (mean ACL; d = arm - seats, negative = wins):
Z12 K100               seats=7.35(3) mx=8.0 | brick=7.35(3) mx=8.0 cmiss=0.0 d=+0.000
Z12 K140               seats=9.957(3) mx=11.0 | brick=9.986(3) mx=11.0 cmiss=0.0 d=+0.029
Z12 ER100_d10          seats=4.88(3) mx=8.333 | brick=4.67(3) mx=8.0 cmiss=3.0 d=-0.210
Z12 turan_n162         seats=6.0(10) mx=6.0 | brick=6.092(10) mx=6.4 cmiss=25.5 d=+0.092
Z12 spin_glass_n163    seats=11.098(3) mx=13.0 | brick=11.184(3) mx=13.0 cmiss=0.0 d=+0.086
Z12 regular_n316       seats=2.739(3) mx=6.333 | brick=2.836(3) mx=6.667 cmiss=16.333 d=+0.097
Z12 ws_n486            seats=2.679(10) mx=8.8 | brick=2.61(10) mx=8.6 cmiss=23.9 d=-0.069
Z12 grid_200           seats=1.11(3) mx=2.0 | brick=1.082(3) mx=2.0 cmiss=23.0 d=-0.028
Z12 honeycomb_200      seats=1.107(3) mx=2.0 | brick=1.072(3) mx=2.0 cmiss=25.0 d=-0.035
Z12 king_graph_196     seats=1.488(3) mx=2.667 | brick=1.485(3) mx=2.667 cmiss=13.0 d=-0.003
P16 K100               seats=11.697(3) mx=17.0 | brick=11.697(3) mx=17.0 cmiss=None d=+0.000
P16 turan_n162         seats=23.834(2) mx=78.5 | brick=23.071(2) mx=65.5 cmiss=None d=-0.763
P16 ws_n486            seats=3.112(3) mx=10.667 | brick=3.277(3) mx=12.333 cmiss=None d=+0.165

BAR ws_n486/Z12: acl {'seats': 2.679, 'brick': 2.61} mx {'seats': 8.8, 'brick': 8.6}
BAR board: PASS
load at end: (85.8759765625, 96.14453125, 79.92919921875)
done-probe
