10 cells, 176 jobs; load (83.67236328125, 86.05224609375, 89.38232421875)
/data/max/ember/docs/paper2/data/carry_probe.py:60: DeprecationWarning: dwave-networkx is deprecated and will be replaced by dwave-graphs in Ocean 10. Most functionality previously provided by dwave-networkx is now available as part of dwave-graphs under the 'dwave.graphs' namespace.
  import dwave_networkx as dnx
/data/max/ember/docs/paper2/data/carry_probe.py:60: DeprecationWarning: dwave-networkx is deprecated and will be replaced by dwave-graphs in Ocean 10. Most functionality previously provided by dwave-networkx is now available as part of dwave-graphs under the 'dwave.graphs' namespace.
  import dwave_networkx as dnx
/data/max/ember/docs/paper2/data/carry_probe.py:60: DeprecationWarning: dwave-networkx is deprecated and will be replaced by dwave-graphs in Ocean 10. Most functionality previously provided by dwave-networkx is now available as part of dwave-graphs under the 'dwave.graphs' namespace.
  import dwave_networkx as dnx
/data/max/ember/docs/paper2/data/carry_probe.py:60: DeprecationWarning: dwave-networkx is deprecated and will be replaced by dwave-graphs in Ocean 10. Most functionality previously provided by dwave-networkx is now available as part of dwave-graphs under the 'dwave.graphs' namespace.
  import dwave_networkx as dnx
/data/max/ember/docs/paper2/data/carry_probe.py:60: DeprecationWarning: dwave-networkx is deprecated and will be replaced by dwave-graphs in Ocean 10. Most functionality previously provided by dwave-networkx is now available as part of dwave-graphs under the 'dwave.graphs' namespace.
  import dwave_networkx as dnx
/data/max/ember/docs/paper2/data/carry_probe.py:60: DeprecationWarning: dwave-networkx is deprecated and will be replaced by dwave-graphs in Ocean 10. Most functionality previously provided by dwave-networkx is now available as part of dwave-graphs under the 'dwave.graphs' namespace.
  import dwave_networkx as dnx
/data/max/ember/docs/paper2/data/carry_probe.py:60: DeprecationWarning: dwave-networkx is deprecated and will be replaced by dwave-graphs in Ocean 10. Most functionality previously provided by dwave-networkx is now available as part of dwave-graphs under the 'dwave.graphs' namespace.
  import dwave_networkx as dnx
/data/max/ember/docs/paper2/data/carry_probe.py:60: DeprecationWarning: dwave-networkx is deprecated and will be replaced by dwave-graphs in Ocean 10. Most functionality previously provided by dwave-networkx is now available as part of dwave-graphs under the 'dwave.graphs' namespace.
  import dwave_networkx as dnx
/data/max/ember/docs/paper2/data/carry_probe.py:60: DeprecationWarning: dwave-networkx is deprecated and will be replaced by dwave-graphs in Ocean 10. Most functionality previously provided by dwave-networkx is now available as part of dwave-graphs under the 'dwave.graphs' namespace.
  import dwave_networkx as dnx
/data/max/ember/docs/paper2/data/carry_probe.py:60: DeprecationWarning: dwave-networkx is deprecated and will be replaced by dwave-graphs in Ocean 10. Most functionality previously provided by dwave-networkx is now available as part of dwave-graphs under the 'dwave.graphs' namespace.
  import dwave_networkx as dnx
/data/max/ember/docs/paper2/data/carry_probe.py:60: DeprecationWarning: dwave-networkx is deprecated and will be replaced by dwave-graphs in Ocean 10. Most functionality previously provided by dwave-networkx is now available as part of dwave-graphs under the 'dwave.graphs' namespace.
  import dwave_networkx as dnx
/data/max/ember/docs/paper2/data/carry_probe.py:60: DeprecationWarning: dwave-networkx is deprecated and will be replaced by dwave-graphs in Ocean 10. Most functionality previously provided by dwave-networkx is now available as part of dwave-graphs under the 'dwave.graphs' namespace.
  import dwave_networkx as dnx
/data/max/ember/docs/paper2/data/carry_probe.py:60: DeprecationWarning: dwave-networkx is deprecated and will be replaced by dwave-graphs in Ocean 10. Most functionality previously provided by dwave-networkx is now available as part of dwave-graphs under the 'dwave.graphs' namespace.
  import dwave_networkx as dnx
/data/max/ember/docs/paper2/data/carry_probe.py:60: DeprecationWarning: dwave-networkx is deprecated and will be replaced by dwave-graphs in Ocean 10. Most functionality previously provided by dwave-networkx is now available as part of dwave-graphs under the 'dwave.graphs' namespace.
  import dwave_networkx as dnx
/data/max/ember/docs/paper2/data/carry_probe.py:60: DeprecationWarning: dwave-networkx is deprecated and will be replaced by dwave-graphs in Ocean 10. Most functionality previously provided by dwave-networkx is now available as part of dwave-graphs under the 'dwave.graphs' namespace.
  import dwave_networkx as dnx
/data/max/ember/docs/paper2/data/carry_probe.py:60: DeprecationWarning: dwave-networkx is deprecated and will be replaced by dwave-graphs in Ocean 10. Most functionality previously provided by dwave-networkx is now available as part of dwave-graphs under the 'dwave.graphs' namespace.
  import dwave_networkx as dnx
/data/max/ember/docs/paper2/data/carry_probe.py:60: DeprecationWarning: dwave-networkx is deprecated and will be replaced by dwave-graphs in Ocean 10. Most functionality previously provided by dwave-networkx is now available as part of dwave-graphs under the 'dwave.graphs' namespace.
  import dwave_networkx as dnx
/data/max/ember/docs/paper2/data/carry_probe.py:60: DeprecationWarning: dwave-networkx is deprecated and will be replaced by dwave-graphs in Ocean 10. Most functionality previously provided by dwave-networkx is now available as part of dwave-graphs under the 'dwave.graphs' namespace.
  import dwave_networkx as dnx
/data/max/ember/docs/paper2/data/carry_probe.py:60: DeprecationWarning: dwave-networkx is deprecated and will be replaced by dwave-graphs in Ocean 10. Most functionality previously provided by dwave-networkx is now available as part of dwave-graphs under the 'dwave.graphs' namespace.
  import dwave_networkx as dnx
/data/max/ember/docs/paper2/data/carry_probe.py:60: DeprecationWarning: dwave-networkx is deprecated and will be replaced by dwave-graphs in Ocean 10. Most functionality previously provided by dwave-networkx is now available as part of dwave-graphs under the 'dwave.graphs' namespace.
  import dwave_networkx as dnx
/data/max/ember/docs/paper2/data/carry_probe.py:60: DeprecationWarning: dwave-networkx is deprecated and will be replaced by dwave-graphs in Ocean 10. Most functionality previously provided by dwave-networkx is now available as part of dwave-graphs under the 'dwave.graphs' namespace.
  import dwave_networkx as dnx
/data/max/ember/docs/paper2/data/carry_probe.py:60: DeprecationWarning: dwave-networkx is deprecated and will be replaced by dwave-graphs in Ocean 10. Most functionality previously provided by dwave-networkx is now available as part of dwave-graphs under the 'dwave.graphs' namespace.
  import dwave_networkx as dnx
/data/max/ember/docs/paper2/data/carry_probe.py:60: DeprecationWarning: dwave-networkx is deprecated and will be replaced by dwave-graphs in Ocean 10. Most functionality previously provided by dwave-networkx is now available as part of dwave-graphs under the 'dwave.graphs' namespace.
  import dwave_networkx as dnx
/data/max/ember/docs/paper2/data/carry_probe.py:60: DeprecationWarning: dwave-networkx is deprecated and will be replaced by dwave-graphs in Ocean 10. Most functionality previously provided by dwave-networkx is now available as part of dwave-graphs under the 'dwave.graphs' namespace.
  import dwave_networkx as dnx
Z12 K100               plane        seed 0: 7.26 mx=8 pen=None acc=199 ro=1278 def=0 skip=True (62.6s)
Z12 K100               plane        seed 1: 7.26 mx=8 pen=None acc=196 ro=1188 def=0 skip=True (67.3s)
Z12 K100               plane        seed 2: 7.26 mx=8 pen=None acc=199 ro=1313 def=0 skip=True (64.1s)
Z12 K100               carry        seed 0: 7.26 mx=8 pen=None acc=138 ro=139 def=0 skip=True (67.7s)
Z12 K100               carry        seed 1: 7.26 mx=8 pen=None acc=138 ro=139 def=0 skip=True (61.9s)
Z12 K100               carry        seed 2: 7.26 mx=8 pen=None acc=138 ro=139 def=0 skip=True (66.4s)
Z12 K100               carry-triv   seed 0: 7.26 mx=8 pen=None acc=0 ro=1 def=0 skip=True (63.8s)
Z12 K100               carry-triv   seed 1: 7.26 mx=8 pen=None acc=0 ro=1 def=0 skip=True (65.8s)
Z12 K100               carry-triv   seed 2: 7.26 mx=8 pen=None acc=0 ro=1 def=0 skip=True (64.3s)
Z12 K100               carry-audit  seed 0: 7.26 mx=8 pen=None acc=64 ro=1918 def=0 skip=True (64.0s)
Z12 K100               carry-audit  seed 1: 7.26 mx=8 pen=None acc=64 ro=1473 def=0 skip=True (62.7s)
Z12 K100               carry-audit  seed 2: 7.26 mx=8 pen=None acc=64 ro=1556 def=0 skip=True (64.2s)
Z12 K140               plane        seed 0: 9.764 mx=10 pen=None acc=343 ro=961 def=0 skip=True (60.8s)
Z12 K140               plane        seed 1: 9.764 mx=10 pen=None acc=307 ro=788 def=0 skip=True (68.3s)
Z12 K140               plane        seed 2: 9.764 mx=10 pen=None acc=306 ro=760 def=0 skip=True (63.4s)
Z12 K140               carry        seed 0: 9.757 mx=10 pen=None acc=188 ro=189 def=0 skip=True (81.5s)
Z12 K140               carry        seed 1: 9.757 mx=10 pen=None acc=188 ro=189 def=0 skip=True (61.2s)
Z12 K140               carry        seed 2: 9.757 mx=10 pen=None acc=188 ro=189 def=0 skip=True (61.4s)
Z12 K140               carry-triv   seed 0: 9.757 mx=10 pen=None acc=0 ro=1 def=0 skip=True (75.1s)
Z12 K140               carry-triv   seed 1: 9.757 mx=10 pen=None acc=0 ro=1 def=0 skip=True (69.3s)
Z12 K140               carry-triv   seed 2: 9.757 mx=10 pen=None acc=0 ro=1 def=0 skip=True (78.0s)
Z12 K140               carry-audit  seed 0: 9.757 mx=10 pen=None acc=120 ro=1212 def=0 skip=True (72.9s)
Z12 K140               carry-audit  seed 1: 9.757 mx=10 pen=None acc=120 ro=1122 def=0 skip=True (71.1s)
Z12 K140               carry-audit  seed 2: 9.757 mx=10 pen=None acc=120 ro=929 def=0 skip=True (66.9s)
Z12 ER100_d10          plane        seed 0: 4.81 mx=9 pen=None acc=3486 ro=5041 def=0 skip=True (60.0s)
Z12 ER100_d10          plane        seed 1: 5.49 mx=10 pen=None acc=2760 ro=4008 def=0 skip=True (60.0s)
Z12 ER100_d10          plane        seed 2: 4.98 mx=9 pen=None acc=3714 ro=5350 def=0 skip=True (60.2s)
Z12 ER100_d10          carry        seed 0: 4.56 mx=8 pen=None acc=592 ro=593 def=0 skip=True (60.0s)
Z12 ER100_d10          carry        seed 1: 4.43 mx=8 pen=None acc=592 ro=593 def=0 skip=True (60.0s)
Z12 ER100_d10          carry        seed 2: 4.27 mx=7 pen=None acc=592 ro=593 def=0 skip=True (60.1s)
Z12 ER100_d10          carry-triv   seed 0: 5.01 mx=8 pen=None acc=667 ro=668 def=0 skip=True (60.0s)
Z12 ER100_d10          carry-triv   seed 1: 5.02 mx=8 pen=None acc=667 ro=668 def=0 skip=True (60.1s)
Z12 ER100_d10          carry-triv   seed 2: 5.02 mx=8 pen=None acc=541 ro=542 def=0 skip=True (60.0s)
Z12 ER100_d10          carry-audit  seed 0: 4.69 mx=8 pen=None acc=61 ro=1749 def=0 skip=True (60.0s)
Z12 ER100_d10          carry-audit  seed 1: 4.81 mx=8 pen=None acc=61 ro=1749 def=0 skip=True (60.1s)
Z12 ER100_d10          carry-audit  seed 2: 4.55 mx=8 pen=None acc=61 ro=1749 def=0 skip=True (60.1s)
Z12 turan_n162         plane        seed 0: 6.0 mx=6 pen=None acc=537 ro=580 def=0 skip=True (60.8s)
Z12 turan_n162         plane        seed 1: 6.228 mx=7 pen=None acc=440 ro=444 def=0 skip=True (60.8s)
Z12 turan_n162         plane        seed 2: 6.0 mx=6 pen=None acc=666 ro=733 def=0 skip=True (67.2s)
Z12 turan_n162         plane        seed 3: 6.0 mx=6 pen=None acc=113 ro=114 def=0 skip=True (66.7s)
Z12 turan_n162         plane        seed 4: 6.228 mx=7 pen=None acc=846 ro=914 def=0 skip=True (61.5s)
Z12 turan_n162         plane        seed 5: 6.228 mx=7 pen=None acc=464 ro=468 def=0 skip=True (62.1s)
Z12 turan_n162         plane        seed 6: 6.0 mx=6 pen=None acc=279 ro=286 def=0 skip=True (62.8s)
Z12 turan_n162         plane        seed 7: 6.228 mx=7 pen=None acc=300 ro=302 def=0 skip=True (63.7s)
Z12 turan_n162         plane        seed 8: 6.228 mx=7 pen=None acc=501 ro=505 def=0 skip=True (62.6s)
Z12 turan_n162         plane        seed 9: 6.0 mx=6 pen=None acc=773 ro=841 def=0 skip=True (64.3s)
Z12 turan_n162         carry        seed 0: 9.253 mx=12 pen=None acc=203 ro=204 def=0 skip=True (64.3s)
Z12 turan_n162         carry        seed 1: 9.593 mx=13 pen=None acc=190 ro=191 def=0 skip=True (66.1s)
Z12 turan_n162         carry        seed 2: 9.253 mx=12 pen=None acc=203 ro=204 def=0 skip=True (64.8s)
Z12 turan_n162         carry        seed 3: 9.253 mx=12 pen=None acc=203 ro=204 def=0 skip=True (61.4s)
Z12 turan_n162         carry        seed 4: 9.222 mx=12 pen=None acc=203 ro=204 def=0 skip=True (61.0s)
Z12 turan_n162         carry        seed 5: 9.611 mx=13 pen=None acc=190 ro=191 def=0 skip=True (64.3s)
Z12 turan_n162         carry        seed 6: 9.253 mx=12 pen=None acc=203 ro=204 def=0 skip=True (60.4s)
Z12 turan_n162         carry        seed 7: 9.611 mx=13 pen=None acc=190 ro=191 def=0 skip=True (61.7s)
Z12 turan_n162         carry        seed 8: 9.611 mx=13 pen=None acc=190 ro=191 def=0 skip=True (61.5s)
Z12 turan_n162         carry        seed 9: 9.253 mx=12 pen=None acc=203 ro=204 def=0 skip=True (62.3s)
Z12 turan_n162         carry-triv   seed 0: 6.0 mx=6 pen=None acc=24 ro=25 def=0 skip=True (67.5s)
Z12 turan_n162         carry-triv   seed 1: 6.0 mx=6 pen=None acc=24 ro=25 def=0 skip=True (65.4s)
Z12 turan_n162         carry-triv   seed 2: 6.0 mx=6 pen=None acc=24 ro=25 def=0 skip=True (62.2s)
Z12 turan_n162         carry-triv   seed 3: 6.0 mx=6 pen=None acc=24 ro=25 def=0 skip=True (62.0s)
Z12 turan_n162         carry-triv   seed 4: 6.0 mx=6 pen=None acc=24 ro=25 def=0 skip=True (63.2s)
Z12 turan_n162         carry-triv   seed 5: 6.0 mx=6 pen=None acc=24 ro=25 def=0 skip=True (61.9s)
Z12 turan_n162         carry-triv   seed 6: 6.0 mx=6 pen=None acc=24 ro=25 def=0 skip=True (63.2s)
Z12 turan_n162         carry-triv   seed 7: 6.0 mx=6 pen=None acc=24 ro=25 def=0 skip=True (62.1s)
Z12 turan_n162         carry-triv   seed 8: 6.0 mx=6 pen=None acc=24 ro=25 def=0 skip=True (60.6s)
Z12 turan_n162         carry-triv   seed 9: 6.0 mx=6 pen=None acc=24 ro=25 def=0 skip=True (65.5s)
Z12 turan_n162         carry-audit  seed 0: 9.92 mx=14 pen=None acc=151 ro=1230 def=0 skip=True (63.3s)
Z12 turan_n162         carry-audit  seed 1: 9.093 mx=14 pen=None acc=138 ro=1168 def=0 skip=True (63.0s)
Z12 turan_n162         carry-audit  seed 2: 9.92 mx=14 pen=None acc=151 ro=692 def=0 skip=True (61.5s)
Z12 turan_n162         carry-audit  seed 3: 9.92 mx=14 pen=None acc=151 ro=865 def=0 skip=True (60.7s)
Z12 turan_n162         carry-audit  seed 4: 9.92 mx=14 pen=None acc=151 ro=826 def=0 skip=True (62.6s)
Z12 turan_n162         carry-audit  seed 5: 9.093 mx=14 pen=None acc=138 ro=1071 def=0 skip=True (60.9s)
Z12 turan_n162         carry-audit  seed 6: 9.92 mx=14 pen=None acc=151 ro=1144 def=0 skip=True (64.5s)
Z12 turan_n162         carry-audit  seed 7: 9.093 mx=14 pen=None acc=138 ro=1002 def=0 skip=True (68.8s)
Z12 turan_n162         carry-audit  seed 8: 9.093 mx=14 pen=None acc=138 ro=1196 def=0 skip=True (63.6s)
Z12 turan_n162         carry-audit  seed 9: 9.92 mx=14 pen=None acc=151 ro=1130 def=0 skip=True (62.0s)
Z12 spin_glass_n163    plane        seed 0: 11.11 mx=12 pen=None acc=781 ro=1686 def=0 skip=True (63.4s)
Z12 spin_glass_n163    plane        seed 1: 11.11 mx=12 pen=None acc=797 ro=1736 def=0 skip=True (60.2s)
Z12 spin_glass_n163    plane        seed 2: 11.123 mx=13 pen=None acc=758 ro=1580 def=0 skip=True (62.4s)
Z12 spin_glass_n163    carry        seed 0: 10.853 mx=12 pen=None acc=351 ro=352 def=0 skip=True (60.6s)
Z12 spin_glass_n163    carry        seed 1: 10.853 mx=12 pen=None acc=352 ro=353 def=0 skip=True (69.6s)
Z12 spin_glass_n163    carry        seed 2: 10.853 mx=12 pen=None acc=351 ro=352 def=0 skip=True (61.3s)
Z12 spin_glass_n163    carry-triv   seed 0: 10.914 mx=12 pen=None acc=232 ro=233 def=0 skip=True (61.2s)
Z12 spin_glass_n163    carry-triv   seed 1: 10.908 mx=12 pen=None acc=236 ro=237 def=0 skip=True (69.7s)
Z12 spin_glass_n163    carry-triv   seed 2: 10.914 mx=12 pen=None acc=232 ro=233 def=0 skip=True (70.1s)
Z12 spin_glass_n163    carry-audit  seed 0: 11.221 mx=13 pen=None acc=137 ro=2079 def=0 skip=True (79.3s)
Z12 spin_glass_n163    carry-audit  seed 1: 11.215 mx=13 pen=None acc=138 ro=2202 def=0 skip=True (68.5s)
Z12 spin_glass_n163    carry-audit  seed 2: 11.221 mx=13 pen=None acc=137 ro=1983 def=0 skip=True (76.9s)
Z12 regular_n316       plane        seed 0: 2.557 mx=6 pen=None acc=2218 ro=2319 def=1 skip=False (60.0s)
Z12 regular_n316       plane        seed 1: 2.706 mx=6 pen=None acc=2493 ro=2629 def=1 skip=False (60.4s)
Z12 regular_n316       plane        seed 2: 2.756 mx=6 pen=None acc=2484 ro=2620 def=1 skip=False (60.1s)
Z12 regular_n316       carry        seed 0: 2.87 mx=7 pen=None acc=1031 ro=1032 def=0 skip=True (60.5s)
Z12 regular_n316       carry        seed 1: 2.687 mx=6 pen=None acc=1131 ro=1132 def=0 skip=True (61.0s)
Z12 regular_n316       carry        seed 2: 2.734 mx=6 pen=None acc=1054 ro=1055 def=0 skip=True (60.4s)
Z12 regular_n316       carry-triv   seed 0: 2.911 mx=7 pen=None acc=1436 ro=1437 def=0 skip=True (60.0s)
Z12 regular_n316       carry-triv   seed 1: 3.032 mx=8 pen=None acc=1608 ro=1609 def=2 skip=False (60.8s)
Z12 regular_n316       carry-triv   seed 2: 3.285 mx=8 pen=None acc=481 ro=482 def=1 skip=False (60.0s)
Z12 regular_n316       carry-audit  seed 0: 2.845 mx=7 pen=None acc=64 ro=695 def=0 skip=True (60.0s)
Z12 regular_n316       carry-audit  seed 1: 2.696 mx=6 pen=None acc=42 ro=433 def=0 skip=True (60.0s)
Z12 regular_n316       carry-audit  seed 2: 2.978 mx=7 pen=None acc=42 ro=313 def=0 skip=True (60.0s)
Z12 ws_n486            plane        seed 0: 2.646 mx=8 pen=None acc=326 ro=330 def=40 skip=False (60.0s)
Z12 ws_n486            plane        seed 1: 2.603 mx=8 pen=None acc=208 ro=209 def=40 skip=False (60.1s)
Z12 ws_n486            plane        seed 2: 2.856 mx=9 pen=None acc=182 ro=183 def=40 skip=False (60.0s)
Z12 ws_n486            plane        seed 3: 2.529 mx=8 pen=None acc=286 ro=290 def=40 skip=False (60.1s)
Z12 ws_n486            plane        seed 4: 2.377 mx=8 pen=None acc=182 ro=183 def=40 skip=False (60.0s)
Z12 ws_n486            plane        seed 5: 2.724 mx=9 pen=None acc=286 ro=290 def=40 skip=False (60.0s)
Z12 ws_n486            plane        seed 6: 2.486 mx=8 pen=None acc=107 ro=108 def=40 skip=False (60.0s)
Z12 ws_n486            plane        seed 7: 3.091 mx=9 pen=None acc=393 ro=397 def=40 skip=False (60.0s)
Z12 ws_n486            plane        seed 8: 2.584 mx=8 pen=None acc=360 ro=364 def=40 skip=False (60.1s)
Z12 ws_n486            plane        seed 9: 2.628 mx=8 pen=None acc=382 ro=386 def=40 skip=False (60.1s)
Z12 ws_n486            carry        seed 0: 2.49 mx=8 pen=None acc=560 ro=561 def=41 skip=False (60.0s)
Z12 ws_n486            carry        seed 1: 2.481 mx=8 pen=None acc=379 ro=380 def=28 skip=False (60.1s)
Z12 ws_n486            carry        seed 2: 2.572 mx=8 pen=None acc=411 ro=412 def=34 skip=False (60.7s)
Z12 ws_n486            carry        seed 3: 2.601 mx=9 pen=None acc=398 ro=399 def=45 skip=False (60.1s)
Z12 ws_n486            carry        seed 4: 2.494 mx=8 pen=None acc=384 ro=385 def=28 skip=False (60.1s)
Z12 ws_n486            carry        seed 5: 2.521 mx=8 pen=None acc=322 ro=323 def=24 skip=False (60.1s)
Z12 ws_n486            carry        seed 6: 2.521 mx=8 pen=None acc=733 ro=734 def=25 skip=False (60.6s)
Z12 ws_n486            carry        seed 7: 2.695 mx=9 pen=None acc=691 ro=692 def=25 skip=False (60.1s)
Z12 ws_n486            carry        seed 8: 2.553 mx=8 pen=None acc=652 ro=653 def=46 skip=False (60.0s)
Z12 ws_n486            carry        seed 9: 2.984 mx=10 pen=None acc=680 ro=681 def=25 skip=False (60.1s)
Z12 ws_n486            carry-triv   seed 0: 2.71 mx=10 pen=None acc=905 ro=906 def=196 skip=False (60.0s)
Z12 ws_n486            carry-triv   seed 1: 2.895 mx=11 pen=None acc=693 ro=694 def=203 skip=False (60.1s)
Z12 ws_n486            carry-triv   seed 2: 2.899 mx=10 pen=None acc=647 ro=648 def=203 skip=False (60.0s)
Z12 ws_n486            carry-triv   seed 3: 2.837 mx=9 pen=None acc=646 ro=647 def=203 skip=False (60.0s)
Z12 ws_n486            carry-triv   seed 4: 2.689 mx=10 pen=None acc=575 ro=576 def=178 skip=False (60.0s)
Z12 ws_n486            carry-triv   seed 5: 3.0 mx=11 pen=None acc=847 ro=848 def=196 skip=False (60.0s)
Z12 ws_n486            carry-triv   seed 6: 2.93 mx=9 pen=None acc=669 ro=670 def=203 skip=False (60.0s)
Z12 ws_n486            carry-triv   seed 7: 2.722 mx=10 pen=None acc=638 ro=639 def=203 skip=False (60.1s)
Z12 ws_n486            carry-triv   seed 8: 2.794 mx=9 pen=None acc=709 ro=710 def=203 skip=False (60.0s)
Z12 ws_n486            carry-triv   seed 9: 2.759 mx=10 pen=None acc=643 ro=644 def=203 skip=False (60.1s)
Z12 ws_n486            carry-audit  seed 0: 2.558 mx=8 pen=None acc=88 ro=1076 def=39 skip=False (60.1s)
Z12 ws_n486            carry-audit  seed 1: 2.654 mx=9 pen=None acc=88 ro=1095 def=39 skip=False (60.1s)
Z12 ws_n486            carry-audit  seed 2: 2.504 mx=8 pen=None acc=88 ro=891 def=39 skip=False (60.1s)
Z12 ws_n486            carry-audit  seed 3: 3.014 mx=10 pen=None acc=88 ro=1070 def=39 skip=False (60.1s)
Z12 ws_n486            carry-audit  seed 4: 2.43 mx=7 pen=None acc=88 ro=959 def=39 skip=False (60.3s)
Z12 ws_n486            carry-audit  seed 5: 2.572 mx=8 pen=None acc=88 ro=969 def=39 skip=False (60.1s)
Z12 ws_n486            carry-audit  seed 6: 2.465 mx=7 pen=None acc=88 ro=936 def=39 skip=False (60.0s)
Z12 ws_n486            carry-audit  seed 7: 2.543 mx=8 pen=None acc=94 ro=1160 def=43 skip=False (60.0s)
Z12 ws_n486            carry-audit  seed 8: 2.652 mx=8 pen=None acc=87 ro=826 def=36 skip=False (60.0s)
Z12 ws_n486            carry-audit  seed 9: 2.588 mx=8 pen=None acc=88 ro=959 def=39 skip=False (60.0s)
Z12 grid_200           plane        seed 0: 1.285 mx=3 pen=None acc=1546 ro=1678 def=0 skip=True (60.0s)
Z12 grid_200           plane        seed 1: 1.095 mx=2 pen=None acc=1729 ro=1876 def=0 skip=True (60.0s)
Z12 grid_200           plane        seed 2: 1.135 mx=2 pen=None acc=1261 ro=1370 def=0 skip=True (60.1s)
Z12 grid_200           carry        seed 0: 1.33 mx=3 pen=None acc=1022 ro=1023 def=0 skip=True (60.0s)
Z12 grid_200           carry        seed 1: 1.43 mx=3 pen=None acc=1007 ro=1008 def=0 skip=True (60.0s)
Z12 grid_200           carry        seed 2: 1.35 mx=3 pen=None acc=1004 ro=1005 def=0 skip=True (60.1s)
Z12 grid_200           carry-triv   seed 0: 1.36 mx=3 pen=None acc=745 ro=746 def=0 skip=True (60.0s)
Z12 grid_200           carry-triv   seed 1: 1.35 mx=3 pen=None acc=745 ro=746 def=0 skip=True (60.0s)
Z12 grid_200           carry-triv   seed 2: 1.29 mx=3 pen=None acc=745 ro=746 def=0 skip=True (60.0s)
Z12 grid_200           carry-audit  seed 0: 1.38 mx=2 pen=None acc=56 ro=2981 def=0 skip=True (60.1s)
Z12 grid_200           carry-audit  seed 1: 1.425 mx=3 pen=None acc=56 ro=2845 def=0 skip=True (60.0s)
Z12 grid_200           carry-audit  seed 2: 1.22 mx=2 pen=None acc=56 ro=2999 def=0 skip=True (60.0s)
Z12 honeycomb_200      plane        seed 0: 1.205 mx=3 pen=None acc=1490 ro=1751 def=0 skip=True (60.0s)
Z12 honeycomb_200      plane        seed 1: 1.13 mx=2 pen=None acc=1692 ro=1972 def=0 skip=True (60.1s)
Z12 honeycomb_200      plane        seed 2: 1.285 mx=3 pen=None acc=1560 ro=1837 def=0 skip=True (60.0s)
Z12 honeycomb_200      carry        seed 0: 1.335 mx=3 pen=None acc=395 ro=396 def=0 skip=True (60.0s)
Z12 honeycomb_200      carry        seed 1: 1.43 mx=3 pen=None acc=395 ro=396 def=0 skip=True (60.0s)
Z12 honeycomb_200      carry        seed 2: 1.23 mx=2 pen=None acc=395 ro=396 def=0 skip=True (60.1s)
Z12 honeycomb_200      carry-triv   seed 0: 1.455 mx=3 pen=None acc=557 ro=558 def=0 skip=True (60.2s)
Z12 honeycomb_200      carry-triv   seed 1: 1.255 mx=2 pen=None acc=517 ro=518 def=0 skip=True (60.0s)
Z12 honeycomb_200      carry-triv   seed 2: 1.485 mx=3 pen=None acc=539 ro=540 def=0 skip=True (60.0s)
Z12 honeycomb_200      carry-audit  seed 0: 1.275 mx=2 pen=None acc=37 ro=2263 def=0 skip=True (60.1s)
Z12 honeycomb_200      carry-audit  seed 1: 1.24 mx=2 pen=None acc=37 ro=2263 def=0 skip=True (60.0s)
Z12 honeycomb_200      carry-audit  seed 2: 1.335 mx=3 pen=None acc=37 ro=2263 def=0 skip=True (60.0s)
Z12 king_graph_196     plane        seed 0: 2.168 mx=5 pen=None acc=513 ro=749 def=0 skip=True (60.0s)
Z12 king_graph_196     plane        seed 1: 1.735 mx=3 pen=None acc=480 ro=699 def=0 skip=True (60.1s)
Z12 king_graph_196     plane        seed 2: 1.551 mx=3 pen=None acc=444 ro=652 def=0 skip=True (60.1s)
Z12 king_graph_196     carry        seed 0: 1.781 mx=4 pen=None acc=1087 ro=1088 def=0 skip=True (60.1s)
Z12 king_graph_196     carry        seed 1: 1.74 mx=4 pen=None acc=1079 ro=1080 def=0 skip=True (60.0s)
Z12 king_graph_196     carry        seed 2: 1.964 mx=4 pen=None acc=765 ro=766 def=0 skip=True (60.1s)
Z12 king_graph_196     carry-triv   seed 0: 2.49 mx=5 pen=None acc=245 ro=246 def=0 skip=True (60.1s)
Z12 king_graph_196     carry-triv   seed 1: 2.505 mx=5 pen=None acc=251 ro=252 def=0 skip=True (60.0s)
Z12 king_graph_196     carry-triv   seed 2: 2.867 mx=6 pen=None acc=321 ro=322 def=0 skip=True (60.1s)
Z12 king_graph_196     carry-audit  seed 0: 1.781 mx=4 pen=None acc=9 ro=2328 def=0 skip=True (60.1s)
Z12 king_graph_196     carry-audit  seed 1: 1.709 mx=4 pen=None acc=9 ro=1990 def=0 skip=True (60.1s)
Z12 king_graph_196     carry-audit  seed 2: 1.531 mx=3 pen=None acc=9 ro=2328 def=0 skip=True (60.1s)

summary (mean ACL; d = arm - plane, negative = wins):
Z12 K100               plane=7.26(3) mx=8.0 | carry=7.26(3) mx=8.0 mes=21.0 d=+0.000 | carry-triv=7.26(3) mx=8.0 mes=24.0 d=+0.000 | carry-audit=7.26(3) mx=8.0 mes=20.0 d=+0.000
Z12 K140               plane=9.764(3) mx=10.0 | carry=9.757(3) mx=10.0 mes=31.0 d=-0.007 | carry-triv=9.757(3) mx=10.0 mes=34.0 d=-0.007 | carry-audit=9.757(3) mx=10.0 mes=34.0 d=-0.007
Z12 ER100_d10          plane=5.093(3) mx=9.333 | carry=4.42(3) mx=7.667 mes=17.0 d=-0.673 | carry-triv=5.017(3) mx=8.0 mes=19.0 d=-0.076 | carry-audit=4.683(3) mx=8.0 mes=16.0 d=-0.410
Z12 turan_n162         plane=6.114(10) mx=6.5 | carry=9.391(10) mx=12.4 mes=29.6 d=+3.277 | carry-triv=6.0(10) mx=6.0 mes=26.0 d=-0.114 | carry-audit=9.589(10) mx=14.0 mes=33.2 d=+3.475
Z12 spin_glass_n163    plane=11.114(3) mx=12.333 | carry=10.853(3) mx=12.0 mes=33.0 d=-0.261 | carry-triv=10.912(3) mx=12.0 mes=31.0 d=-0.202 | carry-audit=11.219(3) mx=13.0 mes=32.0 d=+0.105
Z12 regular_n316       plane=2.673(3) mx=6.0 | carry=2.764(3) mx=6.333 mes=30.0 d=+0.091 | carry-triv=3.076(3) mx=7.667 mes=32.667 d=+0.403 | carry-audit=2.84(3) mx=6.667 mes=19.333 d=+0.167
Z12 ws_n486            plane=2.652(10) mx=8.3 | carry=2.591(10) mx=8.4 mes=28.2 d=-0.061 | carry-triv=2.824(10) mx=9.9 mes=38.6 d=+0.172 | carry-audit=2.598(10) mx=8.1 mes=25.0 d=-0.054
Z12 grid_200           plane=1.172(3) mx=2.333 | carry=1.37(3) mx=3.0 mes=8.0 d=+0.198 | carry-triv=1.333(3) mx=3.0 mes=20.0 d=+0.161 | carry-audit=1.342(3) mx=2.333 mes=7.0 d=+0.170
Z12 honeycomb_200      plane=1.207(3) mx=2.667 | carry=1.332(3) mx=2.667 mes=10.0 d=+0.125 | carry-triv=1.398(3) mx=2.667 mes=15.0 d=+0.191 | carry-audit=1.283(3) mx=2.333 mes=8.0 d=+0.076
Z12 king_graph_196     plane=1.818(3) mx=3.667 | carry=1.828(3) mx=4.0 mes=9.0 d=+0.010 | carry-triv=2.621(3) mx=5.333 mes=7.0 d=+0.803 | carry-audit=1.674(3) mx=3.667 mes=8.0 d=-0.144

BAR turan_n162/Z12: acl {'plane': 6.114, 'carry': 9.391, 'carry-triv': 6.0, 'carry-audit': 9.589} mx {'plane': 6.5, 'carry': 12.4, 'carry-triv': 6.0, 'carry-audit': 14.0}

BAR ws_n486/Z12: acl {'plane': 2.652, 'carry': 2.591, 'carry-triv': 2.824, 'carry-audit': 2.598} mx {'plane': 8.3, 'carry': 8.4, 'carry-triv': 9.9, 'carry-audit': 8.1}
BAR board: FAIL [('Z12', 'K140', 'carry-triv', 'wall 64.167->74.133'), ('Z12', 'turan_n162', 'carry', 3.277), ('Z12', 'turan_n162', 'carry-audit', 3.475), ('Z12', 'spin_glass_n163', 'carry-audit', 'wall 62.0->74.9'), ('Z12', 'regular_n316', 'carry-triv', 0.403), ('Z12', 'king_graph_196', 'carry-triv', 0.803)]
load at end: (107.30859375, 118.4521484375, 104.58544921875)
done-probe
