10 cells, 132 jobs; load (88.0087890625, 83.56689453125, 81.55908203125)
/data/max/ember/docs/paper2/data/carry_probe.py:59: DeprecationWarning: dwave-networkx is deprecated and will be replaced by dwave-graphs in Ocean 10. Most functionality previously provided by dwave-networkx is now available as part of dwave-graphs under the 'dwave.graphs' namespace.
  import dwave_networkx as dnx
/data/max/ember/docs/paper2/data/carry_probe.py:59: DeprecationWarning: dwave-networkx is deprecated and will be replaced by dwave-graphs in Ocean 10. Most functionality previously provided by dwave-networkx is now available as part of dwave-graphs under the 'dwave.graphs' namespace.
  import dwave_networkx as dnx
/data/max/ember/docs/paper2/data/carry_probe.py:59: DeprecationWarning: dwave-networkx is deprecated and will be replaced by dwave-graphs in Ocean 10. Most functionality previously provided by dwave-networkx is now available as part of dwave-graphs under the 'dwave.graphs' namespace.
  import dwave_networkx as dnx
/data/max/ember/docs/paper2/data/carry_probe.py:59: DeprecationWarning: dwave-networkx is deprecated and will be replaced by dwave-graphs in Ocean 10. Most functionality previously provided by dwave-networkx is now available as part of dwave-graphs under the 'dwave.graphs' namespace.
  import dwave_networkx as dnx
/data/max/ember/docs/paper2/data/carry_probe.py:59: DeprecationWarning: dwave-networkx is deprecated and will be replaced by dwave-graphs in Ocean 10. Most functionality previously provided by dwave-networkx is now available as part of dwave-graphs under the 'dwave.graphs' namespace.
  import dwave_networkx as dnx
/data/max/ember/docs/paper2/data/carry_probe.py:59: DeprecationWarning: dwave-networkx is deprecated and will be replaced by dwave-graphs in Ocean 10. Most functionality previously provided by dwave-networkx is now available as part of dwave-graphs under the 'dwave.graphs' namespace.
  import dwave_networkx as dnx
/data/max/ember/docs/paper2/data/carry_probe.py:59: DeprecationWarning: dwave-networkx is deprecated and will be replaced by dwave-graphs in Ocean 10. Most functionality previously provided by dwave-networkx is now available as part of dwave-graphs under the 'dwave.graphs' namespace.
  import dwave_networkx as dnx
/data/max/ember/docs/paper2/data/carry_probe.py:59: DeprecationWarning: dwave-networkx is deprecated and will be replaced by dwave-graphs in Ocean 10. Most functionality previously provided by dwave-networkx is now available as part of dwave-graphs under the 'dwave.graphs' namespace.
  import dwave_networkx as dnx
/data/max/ember/docs/paper2/data/carry_probe.py:59: DeprecationWarning: dwave-networkx is deprecated and will be replaced by dwave-graphs in Ocean 10. Most functionality previously provided by dwave-networkx is now available as part of dwave-graphs under the 'dwave.graphs' namespace.
  import dwave_networkx as dnx
/data/max/ember/docs/paper2/data/carry_probe.py:59: DeprecationWarning: dwave-networkx is deprecated and will be replaced by dwave-graphs in Ocean 10. Most functionality previously provided by dwave-networkx is now available as part of dwave-graphs under the 'dwave.graphs' namespace.
  import dwave_networkx as dnx
/data/max/ember/docs/paper2/data/carry_probe.py:59: DeprecationWarning: dwave-networkx is deprecated and will be replaced by dwave-graphs in Ocean 10. Most functionality previously provided by dwave-networkx is now available as part of dwave-graphs under the 'dwave.graphs' namespace.
  import dwave_networkx as dnx
/data/max/ember/docs/paper2/data/carry_probe.py:59: DeprecationWarning: dwave-networkx is deprecated and will be replaced by dwave-graphs in Ocean 10. Most functionality previously provided by dwave-networkx is now available as part of dwave-graphs under the 'dwave.graphs' namespace.
  import dwave_networkx as dnx
/data/max/ember/docs/paper2/data/carry_probe.py:59: DeprecationWarning: dwave-networkx is deprecated and will be replaced by dwave-graphs in Ocean 10. Most functionality previously provided by dwave-networkx is now available as part of dwave-graphs under the 'dwave.graphs' namespace.
  import dwave_networkx as dnx
/data/max/ember/docs/paper2/data/carry_probe.py:59: DeprecationWarning: dwave-networkx is deprecated and will be replaced by dwave-graphs in Ocean 10. Most functionality previously provided by dwave-networkx is now available as part of dwave-graphs under the 'dwave.graphs' namespace.
  import dwave_networkx as dnx
/data/max/ember/docs/paper2/data/carry_probe.py:59: DeprecationWarning: dwave-networkx is deprecated and will be replaced by dwave-graphs in Ocean 10. Most functionality previously provided by dwave-networkx is now available as part of dwave-graphs under the 'dwave.graphs' namespace.
  import dwave_networkx as dnx
/data/max/ember/docs/paper2/data/carry_probe.py:59: DeprecationWarning: dwave-networkx is deprecated and will be replaced by dwave-graphs in Ocean 10. Most functionality previously provided by dwave-networkx is now available as part of dwave-graphs under the 'dwave.graphs' namespace.
  import dwave_networkx as dnx
/data/max/ember/docs/paper2/data/carry_probe.py:59: DeprecationWarning: dwave-networkx is deprecated and will be replaced by dwave-graphs in Ocean 10. Most functionality previously provided by dwave-networkx is now available as part of dwave-graphs under the 'dwave.graphs' namespace.
  import dwave_networkx as dnx
/data/max/ember/docs/paper2/data/carry_probe.py:59: DeprecationWarning: dwave-networkx is deprecated and will be replaced by dwave-graphs in Ocean 10. Most functionality previously provided by dwave-networkx is now available as part of dwave-graphs under the 'dwave.graphs' namespace.
  import dwave_networkx as dnx
/data/max/ember/docs/paper2/data/carry_probe.py:59: DeprecationWarning: dwave-networkx is deprecated and will be replaced by dwave-graphs in Ocean 10. Most functionality previously provided by dwave-networkx is now available as part of dwave-graphs under the 'dwave.graphs' namespace.
  import dwave_networkx as dnx
/data/max/ember/docs/paper2/data/carry_probe.py:59: DeprecationWarning: dwave-networkx is deprecated and will be replaced by dwave-graphs in Ocean 10. Most functionality previously provided by dwave-networkx is now available as part of dwave-graphs under the 'dwave.graphs' namespace.
  import dwave_networkx as dnx
/data/max/ember/docs/paper2/data/carry_probe.py:59: DeprecationWarning: dwave-networkx is deprecated and will be replaced by dwave-graphs in Ocean 10. Most functionality previously provided by dwave-networkx is now available as part of dwave-graphs under the 'dwave.graphs' namespace.
  import dwave_networkx as dnx
/data/max/ember/docs/paper2/data/carry_probe.py:59: DeprecationWarning: dwave-networkx is deprecated and will be replaced by dwave-graphs in Ocean 10. Most functionality previously provided by dwave-networkx is now available as part of dwave-graphs under the 'dwave.graphs' namespace.
  import dwave_networkx as dnx
/data/max/ember/docs/paper2/data/carry_probe.py:59: DeprecationWarning: dwave-networkx is deprecated and will be replaced by dwave-graphs in Ocean 10. Most functionality previously provided by dwave-networkx is now available as part of dwave-graphs under the 'dwave.graphs' namespace.
  import dwave_networkx as dnx
/data/max/ember/docs/paper2/data/carry_probe.py:59: DeprecationWarning: dwave-networkx is deprecated and will be replaced by dwave-graphs in Ocean 10. Most functionality previously provided by dwave-networkx is now available as part of dwave-graphs under the 'dwave.graphs' namespace.
  import dwave_networkx as dnx
Z12 K100               plane        seed 0: 7.26 mx=8 pen=None acc=201 ro=1549 def=0 skip=True (62.1s)
Z12 K100               plane        seed 1: 7.26 mx=8 pen=None acc=203 ro=1588 def=0 skip=True (64.1s)
Z12 K100               plane        seed 2: 7.26 mx=8 pen=None acc=203 ro=1666 def=0 skip=True (62.4s)
Z12 K100               carry        seed 0: 7.27 mx=8 pen=None acc=172 ro=173 def=0 skip=True (61.8s)
Z12 K100               carry        seed 1: 7.27 mx=8 pen=None acc=172 ro=173 def=0 skip=True (63.5s)
Z12 K100               carry        seed 2: 7.27 mx=8 pen=None acc=172 ro=173 def=0 skip=True (60.9s)
Z12 K100               carry-audit  seed 0: 7.27 mx=8 pen=None acc=92 ro=2125 def=0 skip=True (62.3s)
Z12 K100               carry-audit  seed 1: 7.27 mx=8 pen=None acc=92 ro=2267 def=0 skip=True (65.6s)
Z12 K100               carry-audit  seed 2: 7.27 mx=8 pen=None acc=92 ro=2241 def=0 skip=True (61.5s)
Z12 K140               plane        seed 0: 9.764 mx=10 pen=None acc=315 ro=897 def=0 skip=True (69.2s)
Z12 K140               plane        seed 1: 9.764 mx=10 pen=None acc=360 ro=1164 def=0 skip=True (71.5s)
Z12 K140               plane        seed 2: 9.764 mx=10 pen=None acc=307 ro=852 def=0 skip=True (78.0s)
Z12 K140               carry        seed 0: 9.757 mx=10 pen=None acc=236 ro=237 def=0 skip=True (63.2s)
Z12 K140               carry        seed 1: 9.757 mx=10 pen=None acc=236 ro=237 def=0 skip=True (61.8s)
Z12 K140               carry        seed 2: 9.757 mx=10 pen=None acc=236 ro=237 def=0 skip=True (64.0s)
Z12 K140               carry-audit  seed 0: 9.757 mx=10 pen=None acc=141 ro=1342 def=0 skip=True (61.4s)
Z12 K140               carry-audit  seed 1: 9.757 mx=10 pen=None acc=141 ro=1200 def=0 skip=True (64.0s)
Z12 K140               carry-audit  seed 2: 9.757 mx=10 pen=None acc=141 ro=1153 def=0 skip=True (61.6s)
Z12 ER100_d10          plane        seed 0: 4.81 mx=9 pen=None acc=4746 ro=6848 def=0 skip=True (60.1s)
Z12 ER100_d10          plane        seed 1: 5.49 mx=10 pen=None acc=4129 ro=5942 def=0 skip=True (60.1s)
Z12 ER100_d10          plane        seed 2: 4.98 mx=9 pen=None acc=4799 ro=6936 def=0 skip=True (60.1s)
Z12 ER100_d10          carry        seed 0: 4.83 mx=8 pen=None acc=826 ro=827 def=0 skip=True (60.0s)
Z12 ER100_d10          carry        seed 1: 4.17 mx=7 pen=None acc=826 ro=827 def=0 skip=True (60.0s)
Z12 ER100_d10          carry        seed 2: 4.84 mx=8 pen=None acc=826 ro=827 def=0 skip=True (60.0s)
Z12 ER100_d10          carry-audit  seed 0: 4.24 mx=7 pen=None acc=107 ro=2877 def=0 skip=True (60.1s)
Z12 ER100_d10          carry-audit  seed 1: 4.46 mx=8 pen=None acc=107 ro=2877 def=0 skip=True (60.0s)
Z12 ER100_d10          carry-audit  seed 2: 4.56 mx=8 pen=None acc=107 ro=2877 def=0 skip=True (60.1s)
Z12 turan_n162         plane        seed 0: 6.228 mx=7 pen=None acc=866 ro=934 def=0 skip=True (64.1s)
Z12 turan_n162         plane        seed 1: 6.228 mx=7 pen=None acc=440 ro=444 def=0 skip=True (63.6s)
Z12 turan_n162         plane        seed 2: 6.228 mx=7 pen=None acc=767 ro=834 def=0 skip=True (64.2s)
Z12 turan_n162         plane        seed 3: 6.228 mx=7 pen=None acc=846 ro=914 def=0 skip=True (63.1s)
Z12 turan_n162         plane        seed 4: 6.228 mx=7 pen=None acc=874 ro=942 def=0 skip=True (63.7s)
Z12 turan_n162         plane        seed 5: 6.228 mx=7 pen=None acc=648 ro=652 def=0 skip=True (62.5s)
Z12 turan_n162         plane        seed 6: 6.228 mx=7 pen=None acc=822 ro=890 def=0 skip=True (60.5s)
Z12 turan_n162         plane        seed 7: 6.228 mx=7 pen=None acc=524 ro=528 def=0 skip=True (62.1s)
Z12 turan_n162         plane        seed 8: 6.228 mx=7 pen=None acc=616 ro=620 def=0 skip=True (60.4s)
Z12 turan_n162         plane        seed 9: 6.0 mx=6 pen=None acc=855 ro=923 def=0 skip=True (63.1s)
Z12 turan_n162         carry        seed 0: 9.031 mx=17 pen=None acc=279 ro=280 def=0 skip=True (61.2s)
Z12 turan_n162         carry        seed 1: 8.599 mx=16 pen=None acc=151 ro=152 def=0 skip=True (62.9s)
Z12 turan_n162         carry        seed 2: 9.031 mx=17 pen=None acc=281 ro=282 def=0 skip=True (60.6s)
Z12 turan_n162         carry        seed 3: 9.099 mx=17 pen=None acc=275 ro=276 def=0 skip=True (60.9s)
Z12 turan_n162         carry        seed 4: 9.037 mx=17 pen=None acc=279 ro=280 def=0 skip=True (63.8s)
Z12 turan_n162         carry        seed 5: 8.599 mx=16 pen=None acc=151 ro=152 def=0 skip=True (63.4s)
Z12 turan_n162         carry        seed 6: 9.043 mx=17 pen=None acc=282 ro=283 def=0 skip=True (62.8s)
Z12 turan_n162         carry        seed 7: 8.599 mx=16 pen=None acc=151 ro=152 def=0 skip=True (63.2s)
Z12 turan_n162         carry        seed 8: 8.599 mx=16 pen=None acc=151 ro=152 def=0 skip=True (65.4s)
Z12 turan_n162         carry        seed 9: 9.21 mx=17 pen=None acc=273 ro=274 def=0 skip=True (61.0s)
Z12 turan_n162         carry-audit  seed 0: 9.08 mx=16 pen=None acc=84 ro=1306 def=0 skip=True (63.1s)
Z12 turan_n162         carry-audit  seed 1: 8.593 mx=16 pen=None acc=125 ro=240 def=0 skip=True (82.5s)
Z12 turan_n162         carry-audit  seed 2: 9.08 mx=16 pen=None acc=84 ro=1394 def=0 skip=True (61.2s)
Z12 turan_n162         carry-audit  seed 3: 9.21 mx=16 pen=None acc=84 ro=1378 def=0 skip=True (61.1s)
Z12 turan_n162         carry-audit  seed 4: 9.08 mx=16 pen=None acc=84 ro=1288 def=0 skip=True (62.6s)
Z12 turan_n162         carry-audit  seed 5: 8.593 mx=16 pen=None acc=125 ro=240 def=0 skip=True (60.9s)
Z12 turan_n162         carry-audit  seed 6: 9.08 mx=16 pen=None acc=84 ro=1603 def=0 skip=True (61.3s)
Z12 turan_n162         carry-audit  seed 7: 8.593 mx=16 pen=None acc=125 ro=240 def=0 skip=True (62.4s)
Z12 turan_n162         carry-audit  seed 8: 8.593 mx=16 pen=None acc=125 ro=240 def=0 skip=True (62.4s)
Z12 turan_n162         carry-audit  seed 9: 9.08 mx=16 pen=None acc=84 ro=1496 def=0 skip=True (62.7s)
Z12 spin_glass_n163    plane        seed 0: 11.153 mx=12 pen=None acc=630 ro=1198 def=0 skip=True (66.8s)
Z12 spin_glass_n163    plane        seed 1: 11.098 mx=12 pen=None acc=722 ro=1417 def=0 skip=True (68.1s)
Z12 spin_glass_n163    plane        seed 2: 11.147 mx=12 pen=None acc=628 ro=1178 def=0 skip=True (64.1s)
Z12 spin_glass_n163    carry        seed 0: 10.89 mx=13 pen=None acc=512 ro=513 def=0 skip=True (70.9s)
Z12 spin_glass_n163    carry        seed 1: 10.896 mx=13 pen=None acc=514 ro=515 def=0 skip=True (65.5s)
Z12 spin_glass_n163    carry        seed 2: 10.896 mx=13 pen=None acc=514 ro=515 def=0 skip=True (83.1s)
Z12 spin_glass_n163    carry-audit  seed 0: 11.043 mx=13 pen=None acc=239 ro=1609 def=0 skip=True (61.7s)
Z12 spin_glass_n163    carry-audit  seed 1: 11.043 mx=13 pen=None acc=239 ro=1303 def=0 skip=True (61.1s)
Z12 spin_glass_n163    carry-audit  seed 2: 11.043 mx=13 pen=None acc=239 ro=1440 def=0 skip=True (70.3s)
Z12 regular_n316       plane        seed 0: 2.557 mx=6 pen=None acc=1550 ro=1625 def=1 skip=False (60.1s)
Z12 regular_n316       plane        seed 1: 2.706 mx=6 pen=None acc=1394 ro=1465 def=1 skip=False (60.1s)
Z12 regular_n316       plane        seed 2: 2.756 mx=6 pen=None acc=1321 ro=1392 def=1 skip=False (60.8s)
Z12 regular_n316       carry        seed 0: 2.623 mx=6 pen=None acc=1152 ro=1153 def=1 skip=False (60.4s)
Z12 regular_n316       carry        seed 1: 2.642 mx=6 pen=None acc=1144 ro=1145 def=1 skip=False (60.5s)
Z12 regular_n316       carry        seed 2: 2.712 mx=6 pen=None acc=1068 ro=1069 def=1 skip=False (60.8s)
Z12 regular_n316       carry-audit  seed 0: 2.636 mx=6 pen=None acc=16 ro=861 def=0 skip=True (60.1s)
Z12 regular_n316       carry-audit  seed 1: 3.085 mx=7 pen=None acc=16 ro=590 def=0 skip=True (60.0s)
Z12 regular_n316       carry-audit  seed 2: 2.82 mx=7 pen=None acc=16 ro=827 def=0 skip=True (60.0s)
Z12 ws_n486            plane        seed 0: 2.646 mx=8 pen=None acc=257 ro=261 def=40 skip=False (60.0s)
Z12 ws_n486            plane        seed 1: 2.603 mx=8 pen=None acc=279 ro=283 def=40 skip=False (60.0s)
Z12 ws_n486            plane        seed 2: 2.856 mx=9 pen=None acc=327 ro=331 def=40 skip=False (60.3s)
Z12 ws_n486            plane        seed 3: 2.529 mx=8 pen=None acc=291 ro=295 def=40 skip=False (60.2s)
Z12 ws_n486            plane        seed 4: 2.377 mx=8 pen=None acc=288 ro=292 def=40 skip=False (60.3s)
Z12 ws_n486            plane        seed 5: 2.724 mx=9 pen=None acc=353 ro=357 def=40 skip=False (60.0s)
Z12 ws_n486            plane        seed 6: 2.486 mx=8 pen=None acc=376 ro=380 def=40 skip=False (60.2s)
Z12 ws_n486            plane        seed 7: 3.091 mx=9 pen=None acc=292 ro=296 def=40 skip=False (60.5s)
Z12 ws_n486            plane        seed 8: 2.584 mx=8 pen=None acc=296 ro=300 def=40 skip=False (60.4s)
Z12 ws_n486            plane        seed 9: 2.628 mx=8 pen=None acc=342 ro=346 def=40 skip=False (60.0s)
Z12 ws_n486            carry        seed 0: 2.525 mx=8 pen=None acc=722 ro=723 def=40 skip=False (61.5s)
Z12 ws_n486            carry        seed 1: 2.51 mx=8 pen=None acc=434 ro=435 def=28 skip=False (60.0s)
Z12 ws_n486            carry        seed 2: 2.73 mx=9 pen=None acc=518 ro=519 def=35 skip=False (60.2s)
Z12 ws_n486            carry        seed 3: 2.763 mx=9 pen=None acc=525 ro=526 def=35 skip=False (60.3s)
Z12 ws_n486            carry        seed 4: 2.607 mx=9 pen=None acc=586 ro=587 def=34 skip=False (60.2s)
Z12 ws_n486            carry        seed 5: 2.646 mx=8 pen=None acc=743 ro=744 def=40 skip=False (60.0s)
Z12 ws_n486            carry        seed 6: 2.681 mx=8 pen=None acc=659 ro=660 def=22 skip=False (60.0s)
Z12 ws_n486            carry        seed 7: 2.636 mx=9 pen=None acc=783 ro=784 def=46 skip=False (60.0s)
Z12 ws_n486            carry        seed 8: 2.718 mx=9 pen=None acc=994 ro=995 def=9 skip=False (60.0s)
Z12 ws_n486            carry        seed 9: 2.609 mx=9 pen=None acc=927 ro=928 def=32 skip=False (60.1s)
Z12 ws_n486            carry-audit  seed 0: 2.702 mx=9 pen=None acc=6 ro=1453 def=46 skip=False (60.0s)
Z12 ws_n486            carry-audit  seed 1: 2.494 mx=8 pen=None acc=6 ro=911 def=46 skip=False (60.1s)
Z12 ws_n486            carry-audit  seed 2: 2.735 mx=9 pen=None acc=6 ro=776 def=46 skip=False (60.0s)
Z12 ws_n486            carry-audit  seed 3: 2.541 mx=8 pen=None acc=6 ro=1008 def=46 skip=False (60.0s)
Z12 ws_n486            carry-audit  seed 4: 2.549 mx=8 pen=None acc=6 ro=817 def=46 skip=False (60.1s)
Z12 ws_n486            carry-audit  seed 5: 2.638 mx=9 pen=None acc=6 ro=883 def=46 skip=False (60.1s)
Z12 ws_n486            carry-audit  seed 6: 2.79 mx=9 pen=None acc=6 ro=1070 def=46 skip=False (60.0s)
Z12 ws_n486            carry-audit  seed 7: 2.403 mx=7 pen=None acc=6 ro=906 def=46 skip=False (60.1s)
Z12 ws_n486            carry-audit  seed 8: 2.71 mx=8 pen=None acc=6 ro=1012 def=46 skip=False (60.1s)
Z12 ws_n486            carry-audit  seed 9: 2.494 mx=8 pen=None acc=6 ro=955 def=46 skip=False (60.1s)
Z12 grid_200           plane        seed 0: 1.29 mx=3 pen=None acc=1041 ro=1133 def=0 skip=True (60.1s)
Z12 grid_200           plane        seed 1: 1.095 mx=2 pen=None acc=1017 ro=1103 def=0 skip=True (60.1s)
Z12 grid_200           plane        seed 2: 1.135 mx=2 pen=None acc=786 ro=860 def=0 skip=True (60.1s)
Z12 grid_200           carry        seed 0: 1.225 mx=3 pen=None acc=958 ro=959 def=0 skip=True (60.1s)
Z12 grid_200           carry        seed 1: 1.445 mx=3 pen=None acc=964 ro=965 def=0 skip=True (60.1s)
Z12 grid_200           carry        seed 2: 1.18 mx=2 pen=None acc=862 ro=863 def=0 skip=True (60.3s)
Z12 grid_200           carry-audit  seed 0: 1.44 mx=3 pen=None acc=58 ro=2173 def=0 skip=True (60.0s)
Z12 grid_200           carry-audit  seed 1: 1.42 mx=3 pen=None acc=58 ro=2173 def=0 skip=True (60.1s)
Z12 grid_200           carry-audit  seed 2: 1.43 mx=3 pen=None acc=58 ro=2173 def=0 skip=True (60.0s)
Z12 honeycomb_200      plane        seed 0: 1.205 mx=3 pen=None acc=1703 ro=1983 def=0 skip=True (60.0s)
Z12 honeycomb_200      plane        seed 1: 1.135 mx=2 pen=None acc=1538 ro=1814 def=0 skip=True (60.0s)
Z12 honeycomb_200      plane        seed 2: 1.285 mx=3 pen=None acc=1534 ro=1810 def=0 skip=True (60.0s)
Z12 honeycomb_200      carry        seed 0: 1.32 mx=3 pen=None acc=572 ro=573 def=0 skip=True (60.1s)
Z12 honeycomb_200      carry        seed 1: 1.38 mx=3 pen=None acc=572 ro=573 def=0 skip=True (60.0s)
Z12 honeycomb_200      carry        seed 2: 1.2 mx=2 pen=None acc=572 ro=573 def=0 skip=True (60.0s)
Z12 honeycomb_200      carry-audit  seed 0: 1.31 mx=3 pen=None acc=73 ro=2313 def=0 skip=True (60.0s)
Z12 honeycomb_200      carry-audit  seed 1: 1.35 mx=3 pen=None acc=73 ro=1628 def=0 skip=True (60.0s)
Z12 honeycomb_200      carry-audit  seed 2: 1.48 mx=3 pen=None acc=63 ro=1154 def=0 skip=True (60.1s)
Z12 king_graph_196     plane        seed 0: 2.168 mx=5 pen=None acc=99 ro=146 def=0 skip=True (60.0s)
Z12 king_graph_196     plane        seed 1: 1.75 mx=3 pen=None acc=171 ro=254 def=0 skip=True (60.1s)
Z12 king_graph_196     plane        seed 2: 1.551 mx=3 pen=None acc=313 ro=446 def=0 skip=True (60.0s)
Z12 king_graph_196     carry        seed 0: 1.781 mx=3 pen=None acc=381 ro=382 def=0 skip=True (60.1s)
Z12 king_graph_196     carry        seed 1: 2.214 mx=4 pen=None acc=956 ro=957 def=0 skip=True (60.1s)
Z12 king_graph_196     carry        seed 2: 1.602 mx=3 pen=None acc=970 ro=971 def=0 skip=True (60.0s)
Z12 king_graph_196     carry-audit  seed 0: 1.842 mx=4 pen=None acc=47 ro=659 def=0 skip=True (60.0s)
Z12 king_graph_196     carry-audit  seed 1: 1.827 mx=3 pen=None acc=64 ro=2521 def=0 skip=True (60.0s)
Z12 king_graph_196     carry-audit  seed 2: 1.852 mx=4 pen=None acc=64 ro=3199 def=0 skip=True (60.1s)

summary (mean ACL; d = arm - plane, negative = wins):
Z12 K100               plane=7.26(3) mx=8.0 | carry=7.27(3) mx=8.0 mes=20.0 d=+0.010 | carry-audit=7.27(3) mx=8.0 mes=20.0 d=+0.010
Z12 K140               plane=9.764(3) mx=10.0 | carry=9.757(3) mx=10.0 mes=26.0 d=-0.007 | carry-audit=9.757(3) mx=10.0 mes=26.0 d=-0.007
Z12 ER100_d10          plane=5.093(3) mx=9.333 | carry=4.613(3) mx=7.667 mes=16.0 d=-0.480 | carry-audit=4.42(3) mx=7.667 mes=17.0 d=-0.673
Z12 turan_n162         plane=6.205(10) mx=6.9 | carry=8.885(10) mx=16.6 mes=30.6 d=+2.680 | carry-audit=8.898(10) mx=16.0 mes=30.0 d=+2.693
Z12 spin_glass_n163    plane=11.133(3) mx=12.0 | carry=10.894(3) mx=13.0 mes=35.0 d=-0.239 | carry-audit=11.043(3) mx=13.0 mes=35.0 d=-0.090
Z12 regular_n316       plane=2.673(3) mx=6.0 | carry=2.659(3) mx=6.0 mes=28.0 d=-0.014 | carry-audit=2.847(3) mx=6.667 mes=20.0 d=+0.174
Z12 ws_n486            plane=2.652(10) mx=8.3 | carry=2.643(10) mx=8.6 mes=28.1 d=-0.009 | carry-audit=2.606(10) mx=8.3 mes=20.0 d=-0.046
Z12 grid_200           plane=1.173(3) mx=2.333 | carry=1.283(3) mx=2.667 mes=12.0 d=+0.110 | carry-audit=1.43(3) mx=3.0 mes=8.0 d=+0.257
Z12 honeycomb_200      plane=1.208(3) mx=2.667 | carry=1.3(3) mx=2.667 mes=8.0 d=+0.092 | carry-audit=1.38(3) mx=3.0 mes=8.0 d=+0.172
Z12 king_graph_196     plane=1.823(3) mx=3.667 | carry=1.866(3) mx=3.333 mes=9.0 d=+0.043 | carry-audit=1.84(3) mx=3.667 mes=10.0 d=+0.017

BAR turan_n162/Z12: acl {'plane': 6.205, 'carry': 8.885, 'carry-audit': 8.898} mx {'plane': 6.9, 'carry': 16.6, 'carry-audit': 16.0}

BAR ws_n486/Z12: acl {'plane': 2.652, 'carry': 2.643, 'carry-audit': 2.606} mx {'plane': 8.3, 'carry': 8.6, 'carry-audit': 8.3}
BAR board: FAIL [('Z12', 'turan_n162', 'carry', 2.68), ('Z12', 'turan_n162', 'carry-audit', 2.693)]
load at end: (107.58203125, 116.78955078125, 97.40185546875)
done-probe
