13 cells, 106 jobs; load (64.4013671875, 54.72705078125, 53.8603515625)
/data/max/ember/docs/paper2/data/cens_probe.py:62: DeprecationWarning: dwave-networkx is deprecated and will be replaced by dwave-graphs in Ocean 10. Most functionality previously provided by dwave-networkx is now available as part of dwave-graphs under the 'dwave.graphs' namespace.
  import dwave_networkx as dnx
/data/max/ember/docs/paper2/data/cens_probe.py:62: DeprecationWarning: dwave-networkx is deprecated and will be replaced by dwave-graphs in Ocean 10. Most functionality previously provided by dwave-networkx is now available as part of dwave-graphs under the 'dwave.graphs' namespace.
  import dwave_networkx as dnx
/data/max/ember/docs/paper2/data/cens_probe.py:62: DeprecationWarning: dwave-networkx is deprecated and will be replaced by dwave-graphs in Ocean 10. Most functionality previously provided by dwave-networkx is now available as part of dwave-graphs under the 'dwave.graphs' namespace.
  import dwave_networkx as dnx
/data/max/ember/docs/paper2/data/cens_probe.py:62: DeprecationWarning: dwave-networkx is deprecated and will be replaced by dwave-graphs in Ocean 10. Most functionality previously provided by dwave-networkx is now available as part of dwave-graphs under the 'dwave.graphs' namespace.
  import dwave_networkx as dnx
/data/max/ember/docs/paper2/data/cens_probe.py:62: DeprecationWarning: dwave-networkx is deprecated and will be replaced by dwave-graphs in Ocean 10. Most functionality previously provided by dwave-networkx is now available as part of dwave-graphs under the 'dwave.graphs' namespace.
  import dwave_networkx as dnx
/data/max/ember/docs/paper2/data/cens_probe.py:62: DeprecationWarning: dwave-networkx is deprecated and will be replaced by dwave-graphs in Ocean 10. Most functionality previously provided by dwave-networkx is now available as part of dwave-graphs under the 'dwave.graphs' namespace.
  import dwave_networkx as dnx
/data/max/ember/docs/paper2/data/cens_probe.py:62: DeprecationWarning: dwave-networkx is deprecated and will be replaced by dwave-graphs in Ocean 10. Most functionality previously provided by dwave-networkx is now available as part of dwave-graphs under the 'dwave.graphs' namespace.
  import dwave_networkx as dnx
/data/max/ember/docs/paper2/data/cens_probe.py:62: DeprecationWarning: dwave-networkx is deprecated and will be replaced by dwave-graphs in Ocean 10. Most functionality previously provided by dwave-networkx is now available as part of dwave-graphs under the 'dwave.graphs' namespace.
  import dwave_networkx as dnx
/data/max/ember/docs/paper2/data/cens_probe.py:62: DeprecationWarning: dwave-networkx is deprecated and will be replaced by dwave-graphs in Ocean 10. Most functionality previously provided by dwave-networkx is now available as part of dwave-graphs under the 'dwave.graphs' namespace.
  import dwave_networkx as dnx
/data/max/ember/docs/paper2/data/cens_probe.py:62: DeprecationWarning: dwave-networkx is deprecated and will be replaced by dwave-graphs in Ocean 10. Most functionality previously provided by dwave-networkx is now available as part of dwave-graphs under the 'dwave.graphs' namespace.
  import dwave_networkx as dnx
/data/max/ember/docs/paper2/data/cens_probe.py:62: DeprecationWarning: dwave-networkx is deprecated and will be replaced by dwave-graphs in Ocean 10. Most functionality previously provided by dwave-networkx is now available as part of dwave-graphs under the 'dwave.graphs' namespace.
  import dwave_networkx as dnx
/data/max/ember/docs/paper2/data/cens_probe.py:62: DeprecationWarning: dwave-networkx is deprecated and will be replaced by dwave-graphs in Ocean 10. Most functionality previously provided by dwave-networkx is now available as part of dwave-graphs under the 'dwave.graphs' namespace.
  import dwave_networkx as dnx
/data/max/ember/docs/paper2/data/cens_probe.py:62: DeprecationWarning: dwave-networkx is deprecated and will be replaced by dwave-graphs in Ocean 10. Most functionality previously provided by dwave-networkx is now available as part of dwave-graphs under the 'dwave.graphs' namespace.
  import dwave_networkx as dnx
/data/max/ember/docs/paper2/data/cens_probe.py:62: DeprecationWarning: dwave-networkx is deprecated and will be replaced by dwave-graphs in Ocean 10. Most functionality previously provided by dwave-networkx is now available as part of dwave-graphs under the 'dwave.graphs' namespace.
  import dwave_networkx as dnx
/data/max/ember/docs/paper2/data/cens_probe.py:62: DeprecationWarning: dwave-networkx is deprecated and will be replaced by dwave-graphs in Ocean 10. Most functionality previously provided by dwave-networkx is now available as part of dwave-graphs under the 'dwave.graphs' namespace.
  import dwave_networkx as dnx
/data/max/ember/docs/paper2/data/cens_probe.py:62: DeprecationWarning: dwave-networkx is deprecated and will be replaced by dwave-graphs in Ocean 10. Most functionality previously provided by dwave-networkx is now available as part of dwave-graphs under the 'dwave.graphs' namespace.
  import dwave_networkx as dnx
/data/max/ember/docs/paper2/data/cens_probe.py:62: DeprecationWarning: dwave-networkx is deprecated and will be replaced by dwave-graphs in Ocean 10. Most functionality previously provided by dwave-networkx is now available as part of dwave-graphs under the 'dwave.graphs' namespace.
  import dwave_networkx as dnx
/data/max/ember/docs/paper2/data/cens_probe.py:62: DeprecationWarning: dwave-networkx is deprecated and will be replaced by dwave-graphs in Ocean 10. Most functionality previously provided by dwave-networkx is now available as part of dwave-graphs under the 'dwave.graphs' namespace.
  import dwave_networkx as dnx
/data/max/ember/docs/paper2/data/cens_probe.py:62: DeprecationWarning: dwave-networkx is deprecated and will be replaced by dwave-graphs in Ocean 10. Most functionality previously provided by dwave-networkx is now available as part of dwave-graphs under the 'dwave.graphs' namespace.
  import dwave_networkx as dnx
/data/max/ember/docs/paper2/data/cens_probe.py:62: DeprecationWarning: dwave-networkx is deprecated and will be replaced by dwave-graphs in Ocean 10. Most functionality previously provided by dwave-networkx is now available as part of dwave-graphs under the 'dwave.graphs' namespace.
  import dwave_networkx as dnx
/data/max/ember/docs/paper2/data/cens_probe.py:62: DeprecationWarning: dwave-networkx is deprecated and will be replaced by dwave-graphs in Ocean 10. Most functionality previously provided by dwave-networkx is now available as part of dwave-graphs under the 'dwave.graphs' namespace.
  import dwave_networkx as dnx
/data/max/ember/docs/paper2/data/cens_probe.py:62: DeprecationWarning: dwave-networkx is deprecated and will be replaced by dwave-graphs in Ocean 10. Most functionality previously provided by dwave-networkx is now available as part of dwave-graphs under the 'dwave.graphs' namespace.
  import dwave_networkx as dnx
/data/max/ember/docs/paper2/data/cens_probe.py:62: DeprecationWarning: dwave-networkx is deprecated and will be replaced by dwave-graphs in Ocean 10. Most functionality previously provided by dwave-networkx is now available as part of dwave-graphs under the 'dwave.graphs' namespace.
  import dwave_networkx as dnx
/data/max/ember/docs/paper2/data/cens_probe.py:62: DeprecationWarning: dwave-networkx is deprecated and will be replaced by dwave-graphs in Ocean 10. Most functionality previously provided by dwave-networkx is now available as part of dwave-graphs under the 'dwave.graphs' namespace.
  import dwave_networkx as dnx
Z12 K100               default  seed 0: 7.57 mx=8 defic=0 skip=True (44.6s)
Z12 K100               default  seed 1: 7.58 mx=8 defic=0 skip=True (46.8s)
Z12 K100               default  seed 2: 7.59 mx=8 defic=0 skip=True (52.0s)
Z12 K100               cens     seed 0: 7.57 mx=8 defic=0 skip=True (51.3s)
Z12 K100               cens     seed 1: 7.58 mx=8 defic=0 skip=True (57.9s)
Z12 K100               cens     seed 2: 7.59 mx=8 defic=0 skip=True (44.6s)
Z12 K140               default  seed 0: 9.957 mx=11 defic=0 skip=True (63.5s)
Z12 K140               default  seed 1: 9.957 mx=11 defic=0 skip=True (60.3s)
Z12 K140               default  seed 2: 9.957 mx=11 defic=0 skip=True (68.1s)
Z12 K140               cens     seed 0: 9.957 mx=11 defic=0 skip=True (65.5s)
Z12 K140               cens     seed 1: 9.957 mx=11 defic=0 skip=True (64.2s)
Z12 K140               cens     seed 2: 9.957 mx=11 defic=0 skip=True (64.3s)
Z12 ER100_d10          default  seed 0: 4.57 mx=8 defic=0 skip=True (60.1s)
Z12 ER100_d10          default  seed 1: 4.85 mx=8 defic=0 skip=True (60.0s)
Z12 ER100_d10          default  seed 2: 4.69 mx=8 defic=0 skip=True (60.0s)
Z12 ER100_d10          cens     seed 0: 4.57 mx=8 defic=0 skip=True (60.0s)
Z12 ER100_d10          cens     seed 1: 4.85 mx=8 defic=0 skip=True (60.1s)
Z12 ER100_d10          cens     seed 2: 4.69 mx=8 defic=0 skip=True (60.0s)
Z12 turan_n162         default  seed 0: 6.0 mx=6 defic=0 skip=True (60.5s)
Z12 turan_n162         default  seed 1: 6.0 mx=6 defic=30 skip=False (61.1s)
Z12 turan_n162         default  seed 2: 6.0 mx=6 defic=0 skip=True (60.5s)
Z12 turan_n162         default  seed 3: 6.0 mx=6 defic=0 skip=True (60.1s)
Z12 turan_n162         default  seed 4: 6.0 mx=6 defic=0 skip=True (60.3s)
Z12 turan_n162         default  seed 5: 6.0 mx=6 defic=30 skip=False (60.0s)
Z12 turan_n162         default  seed 6: 6.0 mx=6 defic=0 skip=True (60.5s)
Z12 turan_n162         default  seed 7: 6.0 mx=6 defic=30 skip=False (60.3s)
Z12 turan_n162         default  seed 8: 6.0 mx=6 defic=30 skip=False (60.5s)
Z12 turan_n162         default  seed 9: 6.0 mx=6 defic=0 skip=True (60.5s)
Z12 turan_n162         cens     seed 0: 6.0 mx=6 defic=0 skip=True (60.4s)
Z12 turan_n162         cens     seed 1: 6.0 mx=6 defic=30 skip=False (60.0s)
Z12 turan_n162         cens     seed 2: 6.0 mx=6 defic=0 skip=True (60.1s)
Z12 turan_n162         cens     seed 3: 6.0 mx=6 defic=0 skip=True (60.5s)
Z12 turan_n162         cens     seed 4: 6.0 mx=6 defic=0 skip=True (60.2s)
Z12 turan_n162         cens     seed 5: 6.0 mx=6 defic=30 skip=False (60.5s)
Z12 turan_n162         cens     seed 6: 6.0 mx=6 defic=0 skip=True (60.4s)
Z12 turan_n162         cens     seed 7: 6.0 mx=6 defic=30 skip=False (60.2s)
Z12 turan_n162         cens     seed 8: 6.0 mx=6 defic=30 skip=False (60.3s)
Z12 turan_n162         cens     seed 9: 6.0 mx=6 defic=0 skip=True (60.5s)
Z12 spin_glass_n163    default  seed 0: 11.104 mx=13 defic=0 skip=True (53.9s)
Z12 spin_glass_n163    default  seed 1: 11.104 mx=13 defic=0 skip=True (56.3s)
Z12 spin_glass_n163    default  seed 2: 11.104 mx=13 defic=0 skip=True (58.9s)
Z12 spin_glass_n163    cens     seed 0: 11.104 mx=13 defic=0 skip=True (56.0s)
Z12 spin_glass_n163    cens     seed 1: 11.104 mx=13 defic=0 skip=True (50.5s)
Z12 spin_glass_n163    cens     seed 2: 11.104 mx=13 defic=0 skip=True (56.4s)
Z12 regular_n316       default  seed 0: 2.715 mx=6 defic=10 skip=False (60.0s)
Z12 regular_n316       default  seed 1: 2.718 mx=6 defic=10 skip=False (60.0s)
Z12 regular_n316       default  seed 2: 2.775 mx=6 defic=10 skip=False (60.0s)
Z12 regular_n316       cens     seed 0: 2.715 mx=6 defic=10 skip=False (60.0s)
Z12 regular_n316       cens     seed 1: 2.718 mx=6 defic=10 skip=False (60.0s)
Z12 regular_n316       cens     seed 2: 2.775 mx=6 defic=10 skip=False (60.0s)
Z12 ws_n486            default  seed 0: 2.595 mx=9 defic=30 skip=False (60.0s)
Z12 ws_n486            default  seed 1: 2.749 mx=9 defic=30 skip=False (60.0s)
Z12 ws_n486            default  seed 2: 2.432 mx=7 defic=30 skip=False (60.0s)
Z12 ws_n486            default  seed 3: 2.51 mx=10 defic=30 skip=False (60.0s)
Z12 ws_n486            default  seed 4: 2.521 mx=8 defic=30 skip=False (60.0s)
Z12 ws_n486            default  seed 5: 2.751 mx=8 defic=30 skip=False (60.0s)
Z12 ws_n486            default  seed 6: 2.348 mx=7 defic=30 skip=False (60.0s)
Z12 ws_n486            default  seed 7: 2.556 mx=8 defic=30 skip=False (60.0s)
Z12 ws_n486            default  seed 8: 2.628 mx=8 defic=30 skip=False (60.0s)
Z12 ws_n486            default  seed 9: 2.418 mx=8 defic=30 skip=False (60.0s)
Z12 ws_n486            cens     seed 0: 2.595 mx=9 defic=30 skip=False (60.0s)
Z12 ws_n486            cens     seed 1: 2.749 mx=9 defic=30 skip=False (60.0s)
Z12 ws_n486            cens     seed 2: 2.432 mx=7 defic=30 skip=False (60.0s)
Z12 ws_n486            cens     seed 3: 2.51 mx=10 defic=30 skip=False (60.0s)
Z12 ws_n486            cens     seed 4: 2.521 mx=8 defic=30 skip=False (60.0s)
Z12 ws_n486            cens     seed 5: 2.751 mx=8 defic=30 skip=False (60.0s)
Z12 ws_n486            cens     seed 6: 2.348 mx=7 defic=30 skip=False (60.0s)
Z12 ws_n486            cens     seed 7: 2.556 mx=8 defic=30 skip=False (60.0s)
Z12 ws_n486            cens     seed 8: 2.628 mx=8 defic=30 skip=False (60.0s)
Z12 ws_n486            cens     seed 9: 2.418 mx=8 defic=30 skip=False (60.0s)
Z12 grid_200           default  seed 0: 1.07 mx=2 defic=10 skip=False (27.3s)
Z12 grid_200           default  seed 1: 1.055 mx=2 defic=10 skip=False (22.0s)
Z12 grid_200           default  seed 2: 1.065 mx=2 defic=10 skip=False (21.0s)
Z12 grid_200           cens     seed 0: 1.07 mx=2 defic=10 skip=False (26.2s)
Z12 grid_200           cens     seed 1: 1.055 mx=2 defic=10 skip=False (23.3s)
Z12 grid_200           cens     seed 2: 1.065 mx=2 defic=10 skip=False (23.3s)
Z12 honeycomb_200      default  seed 0: 1.09 mx=2 defic=9 skip=False (26.6s)
Z12 honeycomb_200      default  seed 1: 1.105 mx=2 defic=9 skip=False (28.3s)
Z12 honeycomb_200      default  seed 2: 1.06 mx=2 defic=9 skip=False (24.6s)
Z12 honeycomb_200      cens     seed 0: 1.09 mx=2 defic=9 skip=False (25.6s)
Z12 honeycomb_200      cens     seed 1: 1.105 mx=2 defic=9 skip=False (27.6s)
Z12 honeycomb_200      cens     seed 2: 1.06 mx=2 defic=9 skip=False (25.5s)
Z12 king_graph_196     default  seed 0: 1.735 mx=3 defic=11 skip=False (60.0s)
Z12 king_graph_196     default  seed 1: 1.495 mx=3 defic=11 skip=False (60.0s)
Z12 king_graph_196     default  seed 2: 1.811 mx=4 defic=11 skip=False (60.0s)
Z12 king_graph_196     cens     seed 0: 1.796 mx=4 defic=9 skip=False (60.0s)
Z12 king_graph_196     cens     seed 1: 1.546 mx=3 defic=9 skip=False (60.0s)
Z12 king_graph_196     cens     seed 2: 1.612 mx=3 defic=9 skip=False (60.0s)
P16 K100               default  seed 0: 11.23 mx=16 defic=None skip=None (29.4s)
P16 K100               default  seed 1: 11.51 mx=17 defic=None skip=None (30.8s)
P16 K100               default  seed 2: 11.65 mx=17 defic=None skip=None (60.4s)
P16 K100               cens     seed 0: 11.23 mx=16 defic=None skip=None (29.0s)
P16 K100               cens     seed 1: 11.51 mx=17 defic=None skip=None (31.5s)
P16 K100               cens     seed 2: 11.65 mx=17 defic=None skip=None (61.0s)
P16 turan_n162         default  seed 0: 7.654 mx=8 defic=None skip=None (60.3s)
P16 turan_n162         default  seed 1: 7.815 mx=8 defic=None skip=None (62.5s)
P16 turan_n162         default  seed 2: 7.654 mx=8 defic=None skip=None (60.5s)
P16 turan_n162         cens     seed 0: 8.29 mx=9 defic=None skip=None (62.9s)
P16 turan_n162         cens     seed 1: 8.432 mx=10 defic=None skip=None (60.1s)
P16 turan_n162         cens     seed 2: 8.29 mx=9 defic=None skip=None (60.8s)
P16 ws_n486            default  seed 0: 3.095 mx=10 defic=None skip=None (60.0s)
P16 ws_n486            default  seed 1: 3.44 mx=11 defic=None skip=None (60.0s)
P16 ws_n486            default  seed 2: 3.387 mx=14 defic=None skip=None (60.0s)
P16 ws_n486            cens     seed 0: 3.202 mx=15 defic=None skip=None (60.0s)
P16 ws_n486            cens     seed 1: 3.123 mx=11 defic=None skip=None (60.0s)
P16 ws_n486            cens     seed 2: 3.208 mx=12 defic=None skip=None (60.0s)

summary (mean ACL; d = arm - default, negative = wins):
Z12 K100               default=7.58(3) mx=8.0 | cens=7.58(3) mx=8.0 d=+0.000
Z12 K140               default=9.957(3) mx=11.0 | cens=9.957(3) mx=11.0 d=+0.000
Z12 ER100_d10          default=4.703(3) mx=8.0 | cens=4.703(3) mx=8.0 d=+0.000
Z12 turan_n162         default=6.0(10) mx=6.0 | cens=6.0(10) mx=6.0 d=+0.000
Z12 spin_glass_n163    default=11.104(3) mx=13.0 | cens=11.104(3) mx=13.0 d=+0.000
Z12 regular_n316       default=2.736(3) mx=6.0 | cens=2.736(3) mx=6.0 d=+0.000
Z12 ws_n486            default=2.551(10) mx=8.2 | cens=2.551(10) mx=8.2 d=+0.000
Z12 grid_200           default=1.063(3) mx=2.0 | cens=1.063(3) mx=2.0 d=+0.000
Z12 honeycomb_200      default=1.085(3) mx=2.0 | cens=1.085(3) mx=2.0 d=+0.000
Z12 king_graph_196     default=1.68(3) mx=3.333 | cens=1.651(3) mx=3.333 d=-0.029
P16 K100               default=11.463(3) mx=16.667 | cens=11.463(3) mx=16.667 d=+0.000
P16 turan_n162         default=7.708(3) mx=8.0 | cens=8.337(3) mx=9.333 d=+0.629
P16 ws_n486            default=3.307(3) mx=11.667 | cens=3.178(3) mx=12.667 d=-0.129

BAR ws_n486/Z12: acl {'default': 2.551, 'cens': 2.551} mx {'default': 8.2, 'cens': 8.2}
BAR board: FAIL [('P16', 'turan_n162', 'cens', 0.629)]
load at end: (66.3857421875, 67.63671875, 59.97705078125)
done-probe
