19 cells x 3 arms x 3 seeds; load (0.8154296875, 1.4814453125, 0.9609375)
Z12 K100               stock    seed 0: 7.79 mx=10 acc/rev=0/0 (15.5s)
Z12 K100               stock    seed 1: 7.79 mx=10 acc/rev=0/0 (16.8s)
Z12 K100               stock    seed 2: 7.79 mx=10 acc/rev=0/0 (18.5s)
Z12 K100               cmove    seed 0: 7.79 mx=10 acc/rev=0/0 (15.5s)
Z12 K100               cmove    seed 1: 7.79 mx=10 acc/rev=0/0 (17.4s)
Z12 K100               cmove    seed 2: 7.79 mx=10 acc/rev=0/0 (18.1s)
Z12 K100               adjoint  seed 0: 7.79 mx=10 acc/rev=0/0 (15.0s)
Z12 K100               adjoint  seed 1: 7.79 mx=10 acc/rev=0/0 (17.3s)
Z12 K100               adjoint  seed 2: 7.79 mx=10 acc/rev=0/0 (17.9s)
Z12 K140               stock    seed 0: 10.521 mx=12 acc/rev=0/0 (48.9s)
Z12 K140               stock    seed 1: 10.521 mx=12 acc/rev=0/0 (50.2s)
Z12 K140               stock    seed 2: 10.521 mx=12 acc/rev=0/0 (51.8s)
Z12 K140               cmove    seed 0: 10.521 mx=12 acc/rev=0/0 (49.3s)
Z12 K140               cmove    seed 1: 10.521 mx=12 acc/rev=0/0 (52.0s)
Z12 K140               cmove    seed 2: 10.521 mx=12 acc/rev=0/0 (53.4s)
Z12 K140               adjoint  seed 0: 10.521 mx=12 acc/rev=0/0 (53.9s)
Z12 K140               adjoint  seed 1: 10.521 mx=12 acc/rev=0/0 (54.7s)
Z12 K140               adjoint  seed 2: 10.521 mx=12 acc/rev=0/0 (54.8s)
Z12 ER100_d10          stock    seed 0: 4.88 mx=9 acc/rev=0/0 (4.9s)
Z12 ER100_d10          stock    seed 1: 4.98 mx=9 acc/rev=0/0 (3.1s)
Z12 ER100_d10          stock    seed 2: 4.69 mx=8 acc/rev=0/0 (6.5s)
Z12 ER100_d10          cmove    seed 0: 4.88 mx=9 acc/rev=0/0 (4.9s)
Z12 ER100_d10          cmove    seed 1: 4.98 mx=9 acc/rev=0/0 (3.1s)
Z12 ER100_d10          cmove    seed 2: 4.69 mx=8 acc/rev=0/0 (6.6s)
Z12 ER100_d10          adjoint  seed 0: 4.84 mx=9 acc/rev=0/0 (5.2s)
Z12 ER100_d10          adjoint  seed 1: 4.7 mx=8 acc/rev=0/0 (3.5s)
Z12 ER100_d10          adjoint  seed 2: 4.73 mx=9 acc/rev=0/0 (5.0s)
Z12 turan_n162         stock    seed 0: 7.407 mx=9 acc/rev=0/0 (35.4s)
Z12 turan_n162         stock    seed 1: 9.463 mx=16 acc/rev=0/0 (60.3s)
Z12 turan_n162         stock    seed 2: 7.5 mx=9 acc/rev=0/0 (36.8s)
Z12 turan_n162         cmove    seed 0: 6.796 mx=8 acc/rev=3/1 (54.2s)
Z12 turan_n162         cmove    seed 1: 6.0 mx=6 acc/rev=3/1 (27.9s)
Z12 turan_n162         cmove    seed 2: 6.759 mx=8 acc/rev=3/1 (33.9s)
Z12 turan_n162         adjoint  seed 0: 6.0 mx=6 acc/rev=0/0 (30.1s)
Z12 turan_n162         adjoint  seed 1: 6.0 mx=6 acc/rev=0/0 (26.7s)
Z12 turan_n162         adjoint  seed 2: 6.0 mx=6 acc/rev=0/0 (29.7s)
Z12 spin_glass_n163    stock    seed 0: 13.282 mx=23 acc/rev=0/0 (26.4s)
Z12 spin_glass_n163    stock    seed 1: 11.712 mx=20 acc/rev=0/0 (15.6s)
Z12 spin_glass_n163    stock    seed 2: 11.706 mx=24 acc/rev=0/0 (13.8s)
Z12 spin_glass_n163    cmove    seed 0: 13.282 mx=23 acc/rev=0/0 (27.4s)
Z12 spin_glass_n163    cmove    seed 1: 11.712 mx=20 acc/rev=0/0 (16.3s)
Z12 spin_glass_n163    cmove    seed 2: 11.706 mx=24 acc/rev=0/0 (14.4s)
Z12 spin_glass_n163    adjoint  seed 0: 11.822 mx=19 acc/rev=0/0 (15.4s)
Z12 spin_glass_n163    adjoint  seed 1: 11.877 mx=16 acc/rev=0/0 (17.1s)
Z12 spin_glass_n163    adjoint  seed 2: 11.779 mx=20 acc/rev=0/0 (13.9s)
Z12 regular_n316       stock    seed 0: 2.63 mx=6 acc/rev=0/0 (4.1s)
Z12 regular_n316       stock    seed 1: 2.845 mx=7 acc/rev=0/0 (3.5s)
Z12 regular_n316       stock    seed 2: 2.968 mx=7 acc/rev=0/0 (3.5s)
Z12 regular_n316       cmove    seed 0: 2.737 mx=7 acc/rev=4/3 (4.0s)
Z12 regular_n316       cmove    seed 1: 2.842 mx=7 acc/rev=4/3 (3.8s)
Z12 regular_n316       cmove    seed 2: 2.851 mx=7 acc/rev=4/3 (3.7s)
Z12 regular_n316       adjoint  seed 0: 3.506 mx=9 acc/rev=0/0 (1.9s)
Z12 regular_n316       adjoint  seed 1: 3.326 mx=9 acc/rev=0/0 (2.3s)
Z12 regular_n316       adjoint  seed 2: 3.826 mx=10 acc/rev=0/0 (2.8s)
Z12 ws_n486            stock    seed 0: 2.667 mx=9 acc/rev=0/0 (9.3s)
Z12 ws_n486            stock    seed 1: 2.551 mx=9 acc/rev=0/0 (9.6s)
Z12 ws_n486            stock    seed 2: 2.78 mx=10 acc/rev=0/0 (9.0s)
Z12 ws_n486            cmove    seed 0: 2.918 mx=10 acc/rev=39/470 (30.3s)
Z12 ws_n486            cmove    seed 1: 2.93 mx=12 acc/rev=39/470 (30.5s)
Z12 ws_n486            cmove    seed 2: 2.78 mx=11 acc/rev=39/470 (31.2s)
Z12 ws_n486            adjoint  seed 0: 3.058 mx=12 acc/rev=0/0 (4.1s)
Z12 ws_n486            adjoint  seed 1: 3.021 mx=12 acc/rev=0/0 (3.7s)
Z12 ws_n486            adjoint  seed 2: 3.457 mx=12 acc/rev=0/0 (3.6s)
P16 K100               stock    seed 0: 12.68 mx=20 acc/rev=0/0 (25.2s)
P16 K100               stock    seed 1: 13.27 mx=20 acc/rev=0/0 (61.3s)
P16 K100               stock    seed 2: 13.61 mx=21 acc/rev=0/0 (21.8s)
P16 K100               cmove    seed 0: 12.68 mx=20 acc/rev=0/0 (23.9s)
P16 K100               cmove    seed 1: 13.27 mx=20 acc/rev=0/0 (60.3s)
P16 K100               cmove    seed 2: 13.61 mx=21 acc/rev=0/0 (22.5s)
P16 K100               adjoint  seed 0: 12.68 mx=20 acc/rev=0/0 (24.9s)
P16 K100               adjoint  seed 1: 13.27 mx=20 acc/rev=0/0 (61.4s)
P16 K100               adjoint  seed 2: 13.61 mx=21 acc/rev=0/0 (23.7s)
P16 turan_n162         stock    seed 0: 8.0 mx=8 acc/rev=0/0 (63.6s)
P16 turan_n162         stock    seed 1: 8.765 mx=10 acc/rev=0/0 (47.3s)
P16 turan_n162         stock    seed 2: 8.593 mx=9 acc/rev=0/0 (60.7s)
P16 turan_n162         cmove    seed 0: 8.5 mx=9 acc/rev=3/0 (47.3s)
P16 turan_n162         cmove    seed 1: 8.5 mx=9 acc/rev=3/0 (45.7s)
P16 turan_n162         cmove    seed 2: 8.593 mx=9 acc/rev=3/0 (60.5s)
P16 turan_n162         adjoint  seed 0: 8.0 mx=8 acc/rev=0/0 (62.1s)
P16 turan_n162         adjoint  seed 1: 8.765 mx=10 acc/rev=0/0 (45.1s)
P16 turan_n162         adjoint  seed 2: 8.593 mx=9 acc/rev=0/0 (61.2s)
P16 ws_n486            stock    seed 0: 3.901 mx=18 acc/rev=0/0 (9.8s)
P16 ws_n486            stock    seed 1: 3.988 mx=19 acc/rev=0/0 (14.9s)
P16 ws_n486            stock    seed 2: 3.881 mx=17 acc/rev=0/0 (9.8s)
P16 ws_n486            cmove    seed 0: 3.535 mx=16 acc/rev=30/23 (17.3s)
P16 ws_n486            cmove    seed 1: 3.772 mx=17 acc/rev=6/68 (8.8s)
P16 ws_n486            cmove    seed 2: 3.508 mx=18 acc/rev=2/32 (10.4s)
P16 ws_n486            adjoint  seed 0: 4.115 mx=18 acc/rev=0/0 (7.9s)
P16 ws_n486            adjoint  seed 1: 3.539 mx=15 acc/rev=0/0 (8.2s)
P16 ws_n486            adjoint  seed 2: 3.883 mx=16 acc/rev=0/0 (6.3s)
Z12 triangular_lat_150 stock    seed 0: 1.94 mx=4 acc/rev=0/0 (2.0s)
Z12 triangular_lat_150 stock    seed 1: 1.693 mx=3 acc/rev=0/0 (1.8s)
Z12 triangular_lat_150 stock    seed 2: 2.307 mx=4 acc/rev=0/0 (1.4s)
Z12 triangular_lat_150 cmove    seed 0: 1.653 mx=3 acc/rev=19/96 (3.4s)
Z12 triangular_lat_150 cmove    seed 1: 2.167 mx=4 acc/rev=19/96 (3.2s)
Z12 triangular_lat_150 cmove    seed 2: 1.74 mx=3 acc/rev=19/96 (3.3s)
Z12 triangular_lat_150 adjoint  seed 0: 1.66 mx=3 acc/rev=0/0 (1.0s)
Z12 triangular_lat_150 adjoint  seed 1: 1.86 mx=4 acc/rev=0/0 (0.7s)
Z12 triangular_lat_150 adjoint  seed 2: 2.013 mx=4 acc/rev=0/0 (0.8s)
Z12 triangular_lat_400 stock    seed 0: 1.895 mx=4 acc/rev=0/0 (3.6s)
Z12 triangular_lat_400 stock    seed 1: 1.823 mx=4 acc/rev=0/0 (4.1s)
Z12 triangular_lat_400 stock    seed 2: 1.863 mx=4 acc/rev=0/0 (3.9s)
Z12 triangular_lat_400 cmove    seed 0: 2.062 mx=5 acc/rev=62/143 (12.5s)
Z12 triangular_lat_400 cmove    seed 1: 1.893 mx=4 acc/rev=62/143 (13.1s)
Z12 triangular_lat_400 cmove    seed 2: 1.968 mx=5 acc/rev=62/143 (12.6s)
Z12 triangular_lat_400 adjoint  seed 0: 1.452 mx=3 acc/rev=0/0 (2.5s)
Z12 triangular_lat_400 adjoint  seed 1: 1.715 mx=4 acc/rev=0/0 (2.8s)
Z12 triangular_lat_400 adjoint  seed 2: 1.77 mx=4 acc/rev=0/0 (2.7s)
Z12 grid_200           stock    seed 0: 1.64 mx=4 acc/rev=0/0 (1.4s)
Z12 grid_200           stock    seed 1: 1.645 mx=4 acc/rev=0/0 (1.3s)
Z12 grid_200           stock    seed 2: 1.705 mx=4 acc/rev=0/0 (1.5s)
Z12 grid_200           cmove    seed 0: 1.805 mx=4 acc/rev=489/56 (8.3s)
Z12 grid_200           cmove    seed 1: 1.765 mx=4 acc/rev=489/56 (8.2s)
Z12 grid_200           cmove    seed 2: 1.725 mx=4 acc/rev=489/56 (8.4s)
Z12 grid_200           adjoint  seed 0: 1.065 mx=2 acc/rev=0/0 (0.6s)
Z12 grid_200           adjoint  seed 1: 1.065 mx=2 acc/rev=0/0 (0.7s)
Z12 grid_200           adjoint  seed 2: 1.245 mx=3 acc/rev=0/0 (0.6s)
Z12 honeycomb_200      stock    seed 0: 2.185 mx=4 acc/rev=0/0 (1.5s)
Z12 honeycomb_200      stock    seed 1: 1.96 mx=4 acc/rev=0/0 (1.6s)
Z12 honeycomb_200      stock    seed 2: 2.035 mx=4 acc/rev=0/0 (1.8s)
Z12 honeycomb_200      cmove    seed 0: 2.185 mx=4 acc/rev=0/0 (1.4s)
Z12 honeycomb_200      cmove    seed 1: 1.96 mx=4 acc/rev=0/0 (1.6s)
Z12 honeycomb_200      cmove    seed 2: 2.035 mx=4 acc/rev=0/0 (1.6s)
Z12 honeycomb_200      adjoint  seed 0: 1.14 mx=2 acc/rev=0/0 (0.5s)
Z12 honeycomb_200      adjoint  seed 1: 1.18 mx=2 acc/rev=0/0 (0.5s)
Z12 honeycomb_200      adjoint  seed 2: 1.16 mx=3 acc/rev=0/0 (0.5s)
Z12 king_graph_196     stock    seed 0: 2.811 mx=6 acc/rev=0/0 (2.2s)
Z12 king_graph_196     stock    seed 1: 3.255 mx=6 acc/rev=0/0 (1.9s)
Z12 king_graph_196     stock    seed 2: 2.648 mx=6 acc/rev=0/0 (2.6s)
Z12 king_graph_196     cmove    seed 0: 2.321 mx=5 acc/rev=4/0 (3.8s)
Z12 king_graph_196     cmove    seed 1: 3.27 mx=6 acc/rev=4/0 (2.5s)
Z12 king_graph_196     cmove    seed 2: 2.745 mx=6 acc/rev=4/0 (2.6s)
Z12 king_graph_196     adjoint  seed 0: 1.816 mx=4 acc/rev=0/0 (1.4s)
Z12 king_graph_196     adjoint  seed 1: 1.495 mx=3 acc/rev=0/0 (1.2s)
Z12 king_graph_196     adjoint  seed 2: 1.566 mx=3 acc/rev=0/0 (1.1s)
Z12 sbm_288            stock    seed 0: 11.399 mx=24 acc/rev=0/0 (23.1s)
Z12 sbm_288            stock    seed 1: 11.653 mx=25 acc/rev=0/0 (24.0s)
Z12 sbm_288            stock    seed 2: 10.677 mx=22 acc/rev=0/0 (27.2s)
Z12 sbm_288            cmove    seed 0: 11.399 mx=24 acc/rev=0/0 (23.4s)
Z12 sbm_288            cmove    seed 1: 11.653 mx=25 acc/rev=0/0 (24.4s)
Z12 sbm_288            cmove    seed 2: 10.677 mx=22 acc/rev=0/0 (27.2s)
Z12 sbm_288            adjoint  seed 0: 12.406 mx=31 acc/rev=0/0 (21.9s)
Z12 sbm_288            adjoint  seed 1: 12.087 mx=26 acc/rev=0/0 (20.0s)
Z12 sbm_288            adjoint  seed 2: 12.552 mx=28 acc/rev=0/0 (24.8s)
Z12 watts_strogatz_404 stock    seed 0: 5.282 mx=14 acc/rev=0/0 (20.4s)
Z12 watts_strogatz_404 stock    seed 1: 5.153 mx=14 acc/rev=0/0 (24.1s)
Z12 watts_strogatz_404 stock    seed 2: 5.646 mx=16 acc/rev=0/0 (19.3s)
Z12 watts_strogatz_404 cmove    seed 0: 5.347 mx=16 acc/rev=51/370 (38.5s)
Z12 watts_strogatz_404 cmove    seed 1: 5.502 mx=17 acc/rev=51/368 (38.5s)
Z12 watts_strogatz_404 cmove    seed 2: 5.797 mx=18 acc/rev=51/368 (36.9s)
Z12 watts_strogatz_404 adjoint  seed 0: 5.681 mx=17 acc/rev=0/0 (18.6s)
Z12 watts_strogatz_404 adjoint  seed 1: 4.98 mx=14 acc/rev=0/0 (22.0s)
Z12 watts_strogatz_404 adjoint  seed 2: 6.522 mx=18 acc/rev=0/0 (17.4s)
P16 sbm_288            stock    seed 0: None mx=None acc/rev=None/None (61.6s)
P16 sbm_288            stock    seed 1: None mx=None acc/rev=None/None (61.6s)
P16 sbm_288            stock    seed 2: None mx=None acc/rev=None/None (61.6s)
P16 sbm_288            cmove    seed 0: None mx=None acc/rev=None/None (61.6s)
P16 sbm_288            cmove    seed 1: None mx=None acc/rev=None/None (61.5s)
P16 sbm_288            cmove    seed 2: None mx=None acc/rev=None/None (61.5s)
P16 sbm_288            adjoint  seed 0: None mx=None acc/rev=None/None (61.5s)
P16 sbm_288            adjoint  seed 1: None mx=None acc/rev=None/None (61.5s)
P16 sbm_288            adjoint  seed 2: None mx=None acc/rev=None/None (61.5s)
P16 triangular_lat_400 stock    seed 0: 2.317 mx=5 acc/rev=0/0 (4.3s)
P16 triangular_lat_400 stock    seed 1: 2.408 mx=5 acc/rev=0/0 (3.7s)
P16 triangular_lat_400 stock    seed 2: 2.415 mx=5 acc/rev=0/0 (3.5s)
P16 triangular_lat_400 cmove    seed 0: 2.405 mx=5 acc/rev=60/38 (6.5s)
P16 triangular_lat_400 cmove    seed 1: 2.46 mx=5 acc/rev=153/51 (9.2s)
P16 triangular_lat_400 cmove    seed 2: 2.55 mx=6 acc/rev=153/51 (9.3s)
P16 triangular_lat_400 adjoint  seed 0: 2.317 mx=5 acc/rev=0/0 (4.1s)
P16 triangular_lat_400 adjoint  seed 1: 2.408 mx=5 acc/rev=0/0 (3.7s)
P16 triangular_lat_400 adjoint  seed 2: 2.433 mx=5 acc/rev=0/0 (3.5s)

summary (mean ACL; d = cmove - stock; a = adjoint - stock):
Z12 K100                stock=7.79(3)  cmove=7.79(3)  adjoint=7.79(3)  d=+0.00[ok]  a=+0.00
Z12 K140                stock=10.52(3)  cmove=10.52(3)  adjoint=10.52(3)  d=+0.00[ok]  a=+0.00
Z12 ER100_d10           stock=4.85(3)  cmove=4.85(3)  adjoint=4.76(3)  d=+0.00[ok]  a=-0.09
Z12 turan_n162          stock=8.12(3)  cmove=6.52(3)  adjoint=6.00(3)  d=-1.60[ok]  a=-2.12
Z12 spin_glass_n163     stock=12.23(3)  cmove=12.23(3)  adjoint=11.83(3)  d=+0.00[ok]  a=-0.41
Z12 regular_n316        stock=2.81(3)  cmove=2.81(3)  adjoint=3.55(3)  d=-0.00[ok]  a=+0.74
Z12 ws_n486             stock=2.67(3)  cmove=2.88(3)  adjoint=3.18(3)  d=+0.21[ok]  a=+0.51
P16 K100                stock=13.19(3)  cmove=13.19(3)  adjoint=13.19(3)  d=+0.00[ok]  a=+0.00
P16 turan_n162          stock=8.45(3)  cmove=8.53(3)  adjoint=8.45(3)  d=+0.08[ok]  a=+0.00
P16 ws_n486             stock=3.92(3)  cmove=3.61(3)  adjoint=3.85(3)  d=-0.32[ok]  a=-0.08
Z12 triangular_lat_150  stock=1.98(3)  cmove=1.85(3)  adjoint=1.84(3)  d=-0.13[ok]  a=-0.14
Z12 triangular_lat_400  stock=1.86(3)  cmove=1.97(3)  adjoint=1.65(3)  d=+0.11[ok]  a=-0.21
Z12 grid_200            stock=1.66(3)  cmove=1.76(3)  adjoint=1.12(3)  d=+0.10[ok]  a=-0.54
Z12 honeycomb_200       stock=2.06(3)  cmove=2.06(3)  adjoint=1.16(3)  d=+0.00[ok]  a=-0.90
Z12 king_graph_196      stock=2.90(3)  cmove=2.78(3)  adjoint=1.63(3)  d=-0.13[ok]  a=-1.28
Z12 sbm_288             stock=11.24(3)  cmove=11.24(3)  adjoint=12.35(3)  d=+0.00[ok]  a=+1.11
Z12 watts_strogatz_404  stock=5.36(3)  cmove=5.55(3)  adjoint=5.73(3)  d=+0.19[ok]  a=+0.37
P16 sbm_288             stock=FAIL(0)  cmove=FAIL(0)  adjoint=FAIL(0)
P16 triangular_lat_400  stock=2.38(3)  cmove=2.47(3)  adjoint=2.39(3)  d=+0.09[ok]  a=+0.01

BAR1 (board parity incl. s3.69 failure cells): PASS
BAR2 (turan/Z12 cmove <= 6.5): FAIL
load at end: (13.853515625, 9.05078125, 4.103515625)
done-probe
