/data/max/ember/docs/paper2/data/consolidation_probe.py:67: DeprecationWarning: dwave-networkx is deprecated and will be replaced by dwave-graphs in Ocean 10. Most functionality previously provided by dwave-networkx is now available as part of dwave-graphs under the 'dwave.graphs' namespace.
  import dwave_networkx as dnx
/data/max/ember/docs/paper2/data/consolidation_probe.py:67: DeprecationWarning: dwave-networkx is deprecated and will be replaced by dwave-graphs in Ocean 10. Most functionality previously provided by dwave-networkx is now available as part of dwave-graphs under the 'dwave.graphs' namespace.
  import dwave_networkx as dnx
/data/max/ember/docs/paper2/data/consolidation_probe.py:67: DeprecationWarning: dwave-networkx is deprecated and will be replaced by dwave-graphs in Ocean 10. Most functionality previously provided by dwave-networkx is now available as part of dwave-graphs under the 'dwave.graphs' namespace.
  import dwave_networkx as dnx
/data/max/ember/docs/paper2/data/consolidation_probe.py:67: DeprecationWarning: dwave-networkx is deprecated and will be replaced by dwave-graphs in Ocean 10. Most functionality previously provided by dwave-networkx is now available as part of dwave-graphs under the 'dwave.graphs' namespace.
  import dwave_networkx as dnx
/data/max/ember/docs/paper2/data/consolidation_probe.py:67: DeprecationWarning: dwave-networkx is deprecated and will be replaced by dwave-graphs in Ocean 10. Most functionality previously provided by dwave-networkx is now available as part of dwave-graphs under the 'dwave.graphs' namespace.
  import dwave_networkx as dnx
/data/max/ember/docs/paper2/data/consolidation_probe.py:67: DeprecationWarning: dwave-networkx is deprecated and will be replaced by dwave-graphs in Ocean 10. Most functionality previously provided by dwave-networkx is now available as part of dwave-graphs under the 'dwave.graphs' namespace.
  import dwave_networkx as dnx
/data/max/ember/docs/paper2/data/consolidation_probe.py:67: DeprecationWarning: dwave-networkx is deprecated and will be replaced by dwave-graphs in Ocean 10. Most functionality previously provided by dwave-networkx is now available as part of dwave-graphs under the 'dwave.graphs' namespace.
  import dwave_networkx as dnx
/data/max/ember/docs/paper2/data/consolidation_probe.py:67: DeprecationWarning: dwave-networkx is deprecated and will be replaced by dwave-graphs in Ocean 10. Most functionality previously provided by dwave-networkx is now available as part of dwave-graphs under the 'dwave.graphs' namespace.
  import dwave_networkx as dnx
/data/max/ember/docs/paper2/data/consolidation_probe.py:67: DeprecationWarning: dwave-networkx is deprecated and will be replaced by dwave-graphs in Ocean 10. Most functionality previously provided by dwave-networkx is now available as part of dwave-graphs under the 'dwave.graphs' namespace.
  import dwave_networkx as dnx
/data/max/ember/docs/paper2/data/consolidation_probe.py:67: DeprecationWarning: dwave-networkx is deprecated and will be replaced by dwave-graphs in Ocean 10. Most functionality previously provided by dwave-networkx is now available as part of dwave-graphs under the 'dwave.graphs' namespace.
  import dwave_networkx as dnx
/data/max/ember/docs/paper2/data/consolidation_probe.py:67: DeprecationWarning: dwave-networkx is deprecated and will be replaced by dwave-graphs in Ocean 10. Most functionality previously provided by dwave-networkx is now available as part of dwave-graphs under the 'dwave.graphs' namespace.
  import dwave_networkx as dnx
/data/max/ember/docs/paper2/data/consolidation_probe.py:67: DeprecationWarning: dwave-networkx is deprecated and will be replaced by dwave-graphs in Ocean 10. Most functionality previously provided by dwave-networkx is now available as part of dwave-graphs under the 'dwave.graphs' namespace.
  import dwave_networkx as dnx
/data/max/ember/docs/paper2/data/consolidation_probe.py:67: DeprecationWarning: dwave-networkx is deprecated and will be replaced by dwave-graphs in Ocean 10. Most functionality previously provided by dwave-networkx is now available as part of dwave-graphs under the 'dwave.graphs' namespace.
  import dwave_networkx as dnx
/data/max/ember/docs/paper2/data/consolidation_probe.py:67: DeprecationWarning: dwave-networkx is deprecated and will be replaced by dwave-graphs in Ocean 10. Most functionality previously provided by dwave-networkx is now available as part of dwave-graphs under the 'dwave.graphs' namespace.
  import dwave_networkx as dnx
/data/max/ember/docs/paper2/data/consolidation_probe.py:67: DeprecationWarning: dwave-networkx is deprecated and will be replaced by dwave-graphs in Ocean 10. Most functionality previously provided by dwave-networkx is now available as part of dwave-graphs under the 'dwave.graphs' namespace.
  import dwave_networkx as dnx
/data/max/ember/docs/paper2/data/consolidation_probe.py:67: DeprecationWarning: dwave-networkx is deprecated and will be replaced by dwave-graphs in Ocean 10. Most functionality previously provided by dwave-networkx is now available as part of dwave-graphs under the 'dwave.graphs' namespace.
  import dwave_networkx as dnx
/data/max/ember/docs/paper2/data/consolidation_probe.py:67: DeprecationWarning: dwave-networkx is deprecated and will be replaced by dwave-graphs in Ocean 10. Most functionality previously provided by dwave-networkx is now available as part of dwave-graphs under the 'dwave.graphs' namespace.
  import dwave_networkx as dnx
/data/max/ember/docs/paper2/data/consolidation_probe.py:67: DeprecationWarning: dwave-networkx is deprecated and will be replaced by dwave-graphs in Ocean 10. Most functionality previously provided by dwave-networkx is now available as part of dwave-graphs under the 'dwave.graphs' namespace.
  import dwave_networkx as dnx
/data/max/ember/docs/paper2/data/consolidation_probe.py:67: DeprecationWarning: dwave-networkx is deprecated and will be replaced by dwave-graphs in Ocean 10. Most functionality previously provided by dwave-networkx is now available as part of dwave-graphs under the 'dwave.graphs' namespace.
  import dwave_networkx as dnx
/data/max/ember/docs/paper2/data/consolidation_probe.py:67: DeprecationWarning: dwave-networkx is deprecated and will be replaced by dwave-graphs in Ocean 10. Most functionality previously provided by dwave-networkx is now available as part of dwave-graphs under the 'dwave.graphs' namespace.
  import dwave_networkx as dnx
/data/max/ember/docs/paper2/data/consolidation_probe.py:67: DeprecationWarning: dwave-networkx is deprecated and will be replaced by dwave-graphs in Ocean 10. Most functionality previously provided by dwave-networkx is now available as part of dwave-graphs under the 'dwave.graphs' namespace.
  import dwave_networkx as dnx
/data/max/ember/docs/paper2/data/consolidation_probe.py:67: DeprecationWarning: dwave-networkx is deprecated and will be replaced by dwave-graphs in Ocean 10. Most functionality previously provided by dwave-networkx is now available as part of dwave-graphs under the 'dwave.graphs' namespace.
  import dwave_networkx as dnx
/data/max/ember/docs/paper2/data/consolidation_probe.py:67: DeprecationWarning: dwave-networkx is deprecated and will be replaced by dwave-graphs in Ocean 10. Most functionality previously provided by dwave-networkx is now available as part of dwave-graphs under the 'dwave.graphs' namespace.
  import dwave_networkx as dnx
/data/max/ember/docs/paper2/data/consolidation_probe.py:67: DeprecationWarning: dwave-networkx is deprecated and will be replaced by dwave-graphs in Ocean 10. Most functionality previously provided by dwave-networkx is now available as part of dwave-graphs under the 'dwave.graphs' namespace.
  import dwave_networkx as dnx
K100 default seed 0: 13.86 (61.6s) {'assigned': 100, 'extent_mean': 8.683, 'extent_max': 10.56}
K100 1shot seed 0: 13.43 (62.2s) {'assigned': 100, 'extent_mean': 7.709, 'extent_max': 8.716}
K100 mm seed 0: 13.35 (61.0s) 
K100 default seed 1: 14.36 (60.4s) {'assigned': 100, 'extent_mean': 8.94, 'extent_max': 9.0}
K100 1shot seed 1: 13.47 (60.7s) {'assigned': 100, 'extent_mean': 7.94, 'extent_max': 9.319}
K100 mm seed 1: 14.62 (61.8s) 
K100 default seed 2: 13.81 (61.6s) {'assigned': 100, 'extent_mean': 8.76, 'extent_max': 9.0}
K100 1shot seed 2: 13.81 (60.3s) {'assigned': 100, 'extent_mean': 7.162, 'extent_max': 8.116}
K100 mm seed 2: 15.01 (62.0s) 
K140 default seed 0: 20.007 (65.2s) {'assigned': 140, 'extent_mean': 12.45, 'extent_max': 13.0}
K140 1shot seed 0: 18.593 (60.8s) {'assigned': 140, 'extent_mean': 9.969, 'extent_max': 11.056}
K140 mm seed 0: 20.45 (60.2s) 
K140 default seed 1: 20.414 (65.3s) {'assigned': 140, 'extent_mean': 12.45, 'extent_max': 13.0}
K140 1shot seed 1: 19.043 (63.3s) {'assigned': 140, 'extent_mean': 9.876, 'extent_max': 10.875}
K140 mm seed 1: 24.207 (61.2s) 
K140 default seed 2: 18.207 (63.7s) {'assigned': 140, 'extent_mean': 12.45, 'extent_max': 13.0}
K140 1shot seed 2: 18.207 (55.4s) {'assigned': 140, 'extent_mean': 11.054, 'extent_max': 12.911}
K140 mm seed 2: 23.457 (61.3s) 
turan_n162 default seed 0: 8.605 (62.2s) {'assigned': 162, 'extent_mean': 6.61, 'extent_max': 9.376}
turan_n162 1shot seed 0: 8.58 (61.1s) {'assigned': 162, 'extent_mean': 6.794, 'extent_max': 9.098}
turan_n162 mm seed 0: 9.136 (34.6s) 
turan_n162 default seed 1: 7.815 (65.6s) {'assigned': 162, 'extent_mean': 11.642, 'extent_max': 14.0}
turan_n162 1shot seed 1: 8.5 (61.8s) {'assigned': 162, 'extent_mean': 6.934, 'extent_max': 9.776}
turan_n162 mm seed 1: 7.815 (67.3s) 
turan_n162 default seed 2: 17.13 (60.7s) {'assigned': 162, 'extent_mean': 11.947, 'extent_max': 15.863}
turan_n162 1shot seed 2: 8.315 (61.0s) {'assigned': 162, 'extent_mean': 6.547, 'extent_max': 8.676}
turan_n162 mm seed 2: 7.815 (64.2s) 
spin_glass_n163 default seed 0: None (65.1s) 
spin_glass_n163 1shot seed 0: None (66.8s) 
spin_glass_n163 mm seed 0: 28.153 (60.5s) 
spin_glass_n163 default seed 1: None (66.6s) 
spin_glass_n163 1shot seed 1: None (66.0s) 
spin_glass_n163 mm seed 1: None (62.6s) 
spin_glass_n163 default seed 2: None (65.7s) 
spin_glass_n163 1shot seed 2: None (65.4s) 
spin_glass_n163 mm seed 2: None (62.7s) 
regular_n316 default seed 0: 3.212 (28.4s) {'assigned': 0, 'extent_mean': 3.405, 'extent_max': 9.425}
regular_n316 1shot seed 0: 3.576 (15.9s) {'assigned': 0, 'extent_mean': 3.903, 'extent_max': 9.585}
regular_n316 mm seed 0: 3.953 (15.3s) 
regular_n316 default seed 1: 3.408 (32.2s) {'assigned': 0, 'extent_mean': 3.722, 'extent_max': 10.787}
regular_n316 1shot seed 1: 3.655 (15.1s) {'assigned': 0, 'extent_mean': 3.872, 'extent_max': 10.571}
regular_n316 mm seed 1: 4.234 (12.0s) 
regular_n316 default seed 2: 3.699 (28.7s) {'assigned': 0, 'extent_mean': 3.799, 'extent_max': 11.498}
regular_n316 1shot seed 2: 3.437 (14.8s) {'assigned': 0, 'extent_mean': 4.122, 'extent_max': 10.062}
regular_n316 mm seed 2: 3.861 (11.4s) 
ws_n486 default seed 0: 3.56 (42.7s) {'assigned': 0, 'extent_mean': 0.903, 'extent_max': 6.338}
ws_n486 1shot seed 0: 3.401 (45.2s) {'assigned': 0, 'extent_mean': 0.881, 'extent_max': 6.367}
ws_n486 mm seed 0: 4.455 (13.3s) 
ws_n486 default seed 1: 3.562 (38.9s) {'assigned': 0, 'extent_mean': 0.881, 'extent_max': 6.367}
ws_n486 1shot seed 1: 3.584 (30.6s) {'assigned': 0, 'extent_mean': 3.128, 'extent_max': 13.696}
ws_n486 mm seed 1: 3.617 (22.0s) 
ws_n486 default seed 2: 3.63 (41.8s) {'assigned': 0, 'extent_mean': 0.881, 'extent_max': 6.367}
ws_n486 1shot seed 2: 3.856 (30.5s) {'assigned': 0, 'extent_mean': 3.222, 'extent_max': 13.309}
ws_n486 mm seed 2: 3.584 (19.8s) 
ER100_d10 default seed 0: 5.48 (25.1s) {'assigned': 16, 'extent_mean': 4.712, 'extent_max': 7.889}
ER100_d10 1shot seed 0: 5.44 (19.5s) {'assigned': 16, 'extent_mean': 4.806, 'extent_max': 7.746}
ER100_d10 mm seed 0: 5.66 (8.6s) 
ER100_d10 default seed 1: 6.12 (9.9s) {'assigned': 16, 'extent_mean': 4.524, 'extent_max': 6.74}
ER100_d10 1shot seed 1: 6.53 (7.6s) {'assigned': 16, 'extent_mean': 4.731, 'extent_max': 7.717}
ER100_d10 mm seed 1: 5.51 (6.5s) 
ER100_d10 default seed 2: 6.22 (12.6s) {'assigned': 16, 'extent_mean': 4.707, 'extent_max': 7.871}
ER100_d10 1shot seed 2: 5.66 (7.2s) {'assigned': 16, 'extent_mean': 5.125, 'extent_max': 9.028}
ER100_d10 mm seed 2: 5.84 (6.8s) 
wrote 63 rows -> /data/max/ember/docs/paper2/data/consolidation_probe.csv

summary (mean over legal seeds; n legal in parens):
K100             default=14.01(3)  1shot=13.57(3)  mm=14.33(3)
K140             default=19.54(3)  1shot=18.61(3)  mm=22.70(3)
turan_n162       default=11.18(3)  1shot=8.46(3)  mm=8.26(3)
spin_glass_n163  default=FAIL(0)  1shot=FAIL(0)  mm=28.15(1)
regular_n316     default=3.44(3)  1shot=3.56(3)  mm=4.02(3)
ws_n486          default=3.58(3)  1shot=3.61(3)  mm=3.89(3)
ER100_d10        default=5.94(3)  1shot=5.88(3)  mm=5.67(3)
done-consolidation
