/data/max/ember/docs/paper2/data/contract_probe.py:25: DeprecationWarning: dwave-networkx is deprecated and will be replaced by dwave-graphs in Ocean 10. Most functionality previously provided by dwave-networkx is now available as part of dwave-graphs under the 'dwave.graphs' namespace.
  import dwave_networkx as dnx

===== Z12 (grid 25x25, typed=True)
[Z12] K100: pipeline handoff E=2652.6 (31.4s, legal=18.21)
  spec/dw=1/c1: E 3612 -> 1539.3 (ctrl 2652.6) blocked=43443 grow=18.16 t=1.193s cycles=[1539.3]
  spec/dw=1/c4: E 3612 -> 785.7 (ctrl 2652.6) blocked=203276 grow=18.16 t=4.227s cycles=[1539.3, 1798.7, 1798.7, 785.7]
  spec/dw=0/c1: E 3612 -> 1400.2 (ctrl 2652.6) blocked=2445 grow=18.16 t=0.931s cycles=[1400.2]
  spec/dw=0/c4: E 3612 -> 893.9 (ctrl 2652.6) blocked=14206 grow=18.16 t=3.598s cycles=[1400.2, 2294.3, 2159.8, 893.9]
  rand/dw=1/c1: E 3307 -> 2211.3 (ctrl 2652.6) blocked=46938 grow=4.16 t=1.068s cycles=[2211.3]
  rand/dw=1/c4: E 3307 -> 951.3 (ctrl 2652.6) blocked=177686 grow=26.16 t=3.863s cycles=[2211.3, 1732.1, 1732.1, 951.3]
  rand/dw=0/c1: E 3307 -> 2005.6 (ctrl 2652.6) blocked=3399 grow=4.16 t=0.972s cycles=[2005.6]
  rand/dw=0/c4: E 3307 -> 925.0 (ctrl 2652.6) blocked=9656 grow=33.16 t=3.75s cycles=[2005.6, 2186.5, 2146.6, 925.0]
[Z12] K140: pipeline handoff E=nan (34.2s, legal=None)
  spec/dw=1/c1: E 3069 -> 834.5 (ctrl nan) blocked=69070 grow=64.16 t=2.095s cycles=[834.5]
  spec/dw=1/c4: E 3069 -> 535.7 (ctrl nan) blocked=299045 grow=64.16 t=8.169s cycles=[834.5, 997.8, 997.8, 535.7]
  spec/dw=0/c1: E 3069 -> 725.1 (ctrl nan) blocked=2770 grow=64.16 t=2.066s cycles=[725.1]
  spec/dw=0/c4: E 3069 -> 252.9 (ctrl nan) blocked=10408 grow=68.16 t=8.12s cycles=[725.1, 1032.8, 957.3, 252.9]
  rand/dw=1/c1: E 4642 -> 2986.8 (ctrl nan) blocked=73058 grow=5.16 t=2.088s cycles=[2986.8]
  rand/dw=1/c4: E 4642 -> 1508.8 (ctrl nan) blocked=261446 grow=38.16 t=7.743s cycles=[2986.8, 2986.8, 2986.8, 1508.8]
  rand/dw=0/c1: E 4642 -> 2826.0 (ctrl nan) blocked=2856 grow=5.16 t=1.927s cycles=[2826.0]
  rand/dw=0/c4: E 4642 -> 1369.5 (ctrl nan) blocked=9627 grow=46.16 t=7.752s cycles=[2826.0, 3088.3, 3049.2, 1369.5]
[Z12] ER100_d10: pipeline handoff E=861.3 (5.8s, legal=8.12)
  spec/dw=1/c1: E 318 -> 83.7 (ctrl 861.3) blocked=1945 grow=1.16 t=0.407s cycles=[83.7]
  spec/dw=1/c4: E 318 -> 65.2 (ctrl 861.3) blocked=4604 grow=8.16 t=1.708s cycles=[83.7, 70.6, 65.2, 67.9]
  spec/dw=0/c1: E 318 -> 9.0 (ctrl 861.3) blocked=323 grow=0.0 t=0.472s cycles=[9.0]
  spec/dw=0/c4: E 318 -> 7.5 (ctrl 861.3) blocked=323 grow=0.0 t=1.801s cycles=[9.0, 9.0, 7.5, 9.1]
  rand/dw=1/c1: E 2323 -> 87.1 (ctrl 861.3) blocked=22286 grow=19.16 t=0.483s cycles=[87.1]
  rand/dw=1/c4: E 2323 -> 53.7 (ctrl 861.3) blocked=24638 grow=19.16 t=1.675s cycles=[87.1, 53.7, 70.2, 69.9]
  rand/dw=0/c1: E 2323 -> 1573.5 (ctrl 861.3) blocked=33836 grow=4.16 t=0.512s cycles=[1573.5]
  rand/dw=0/c4: E 2323 -> 77.7 (ctrl 861.3) blocked=102745 grow=18.16 t=2.022s cycles=[1573.5, 1632.8, 1307.5, 77.7]
[Z12] turan_n162: pipeline handoff E=2570.1 (31.2s, legal=17.364)
  spec/dw=1/c1: E 2013 -> 762.4 (ctrl 2570.1) blocked=48991 grow=80.16 t=2.325s cycles=[762.4]
  spec/dw=1/c4: E 2013 -> 582.9 (ctrl 2570.1) blocked=243440 grow=82.16 t=7.646s cycles=[762.4, 1247.3, 1247.3, 582.9]
  spec/dw=0/c1: E 2013 -> 644.3 (ctrl 2570.1) blocked=3286 grow=80.16 t=2.36s cycles=[644.3]
  spec/dw=0/c4: E 2013 -> 447.2 (ctrl 2570.1) blocked=11068 grow=80.16 t=8.811s cycles=[644.3, 1129.6, 1115.6, 447.2]
  rand/dw=1/c1: E 5271 -> 3426.3 (ctrl 2570.1) blocked=82677 grow=6.16 t=1.604s cycles=[3426.3]
  rand/dw=1/c4: E 5271 -> 1678.0 (ctrl 2570.1) blocked=236973 grow=48.16 t=4.596s cycles=[3426.3, 3548.7, 3548.7, 1678.0]
  rand/dw=0/c1: E 5271 -> 3400.0 (ctrl 2570.1) blocked=8971 grow=6.16 t=1.999s cycles=[3400.0]
  rand/dw=0/c4: E 5271 -> 1557.5 (ctrl 2570.1) blocked=30717 grow=51.16 t=6.129s cycles=[3400.0, 3574.4, 3538.2, 1557.5]
[Z12] spin_glass_n163: pipeline handoff E=nan (33.7s, legal=None)
  spec/dw=1/c1: E 2321 -> 587.6 (ctrl nan) blocked=73647 grow=67.16 t=1.825s cycles=[587.6]
  spec/dw=1/c4: E 2321 -> 239.0 (ctrl nan) blocked=235268 grow=67.16 t=6.707s cycles=[587.6, 594.0, 588.1, 239.0]
  spec/dw=0/c1: E 2321 -> 651.4 (ctrl nan) blocked=16356 grow=53.16 t=1.473s cycles=[651.4]
  spec/dw=0/c4: E 2321 -> 73.1 (ctrl nan) blocked=48553 grow=59.16 t=5.687s cycles=[651.4, 626.2, 495.6, 73.1]
  rand/dw=1/c1: E 5047 -> 4676.2 (ctrl nan) blocked=3994 grow=6.16 t=0.075s cycles=[4676.2]
  rand/dw=1/c4: E 5047 -> 450.2 (ctrl nan) blocked=179052 grow=40.16 t=4.391s cycles=[4676.2, 2828.9, 2197.9, 450.2]
  rand/dw=0/c1: E 5047 -> 3298.6 (ctrl nan) blocked=21545 grow=6.16 t=1.31s cycles=[3298.6]
  rand/dw=0/c4: E 5047 -> 1313.4 (ctrl nan) blocked=58428 grow=51.16 t=4.649s cycles=[3298.6, 3486.0, 3347.8, 1313.4]
[Z12] wsc_c3_sz32_n96: pipeline handoff E=120.4 (7.2s, legal=4.469)
  spec/dw=1/c1: E 131 -> 116.2 (ctrl 120.4) blocked=1607 grow=23.16 t=0.494s cycles=[116.2] band_overlap=0.0
  spec/dw=1/c4: E 131 -> 86.0 (ctrl 120.4) blocked=2066 grow=23.16 t=1.847s cycles=[116.2, 111.7, 115.7, 86.0]
  spec/dw=0/c1: E 131 -> 105.6 (ctrl 120.4) blocked=0 grow=0.0 t=0.579s cycles=[105.6]
  spec/dw=0/c4: E 131 -> 61.4 (ctrl 120.4) blocked=0 grow=0.0 t=2.165s cycles=[105.6, 110.0, 107.3, 61.4]
  rand/dw=1/c1: E 2828 -> 581.1 (ctrl 120.4) blocked=35464 grow=43.16 t=0.607s cycles=[581.1]
  rand/dw=1/c4: E 2828 -> 93.3 (ctrl 120.4) blocked=36958 grow=53.16 t=2.026s cycles=[581.1, 95.0, 93.3, 95.4]
  rand/dw=0/c1: E 2828 -> 1808.6 (ctrl 120.4) blocked=14154 grow=4.16 t=0.565s cycles=[1808.6]
  rand/dw=0/c4: E 2828 -> 707.4 (ctrl 120.4) blocked=35408 grow=25.16 t=2.117s cycles=[1808.6, 2000.8, 1816.8, 707.4]
[Z12] wsc_c3_sz64_n192: pipeline handoff E=3121.7 (30.9s, legal=12.406)
  spec/dw=1/c1: E 134 -> 179.7 (ctrl 3121.7) blocked=91444 grow=57.16 t=1.521s cycles=[179.7] band_overlap=0.0
  spec/dw=1/c4: E 134 -> 179.7 (ctrl 3121.7) blocked=275794 grow=58.16 t=5.978s cycles=[179.7, 191.3, 203.5, 191.8]
  spec/dw=0/c1: E 134 -> 115.6 (ctrl 3121.7) blocked=7677 grow=60.16 t=3.147s cycles=[115.6]
  spec/dw=0/c4: E 134 -> 75.4 (ctrl 3121.7) blocked=13175 grow=60.16 t=12.843s cycles=[115.6, 115.5, 126.1, 75.4]
  rand/dw=1/c1: E 6137 -> 3981.9 (ctrl 3121.7) blocked=99802 grow=11.16 t=1.676s cycles=[3981.9]
  rand/dw=1/c4: E 6137 -> 2103.1 (ctrl 3121.7) blocked=378942 grow=57.16 t=6.422s cycles=[3981.9, 4396.8, 4396.7, 2103.1]
  rand/dw=0/c1: E 6137 -> 3866.3 (ctrl 3121.7) blocked=14650 grow=11.16 t=1.718s cycles=[3866.3]
  rand/dw=0/c4: E 6137 -> 1856.1 (ctrl 3121.7) blocked=53008 grow=60.16 t=6.087s cycles=[3866.3, 4304.3, 4226.6, 1856.1]
[Z12] regular_n316: pipeline handoff E=2930.1 (8.6s, legal=5.506)
  spec/dw=1/c1: E 1936 -> 154.7 (ctrl 2930.1) blocked=32982 grow=0.0 t=1.512s cycles=[154.7]
  spec/dw=1/c4: E 1936 -> 154.7 (ctrl 2930.1) blocked=33163 grow=0.0 t=5.061s cycles=[154.7, 157.2, 161.4, 156.0]
  spec/dw=0/c1: E 1936 -> 1348.6 (ctrl 2930.1) blocked=70575 grow=10.16 t=1.682s cycles=[1348.6]
  spec/dw=0/c4: E 1936 -> 26.6 (ctrl 2930.1) blocked=190044 grow=27.16 t=5.937s cycles=[1348.6, 1946.3, 1632.3, 26.6]
  rand/dw=1/c1: E 5495 -> 158.8 (ctrl 2930.1) blocked=44740 grow=0.0 t=1.49s cycles=[158.8]
  rand/dw=1/c4: E 5495 -> 149.7 (ctrl 2930.1) blocked=44762 grow=0.0 t=5.062s cycles=[158.8, 165.1, 164.2, 149.7]
  rand/dw=0/c1: E 5495 -> 3005.0 (ctrl 2930.1) blocked=101146 grow=16.16 t=1.583s cycles=[3005.0]
  rand/dw=0/c4: E 5495 -> 26.2 (ctrl 2930.1) blocked=269914 grow=59.16 t=6.124s cycles=[3005.0, 3075.1, 1773.9, 26.2]
[Z12] ws_n486: pipeline handoff E=1602.8 (8.8s, legal=4.305)
  spec/dw=1/c1: E 861 -> 251.5 (ctrl 1602.8) blocked=2444 grow=0.16 t=2.266s cycles=[251.5]
  spec/dw=1/c4: E 861 -> 238.8 (ctrl 1602.8) blocked=3974 grow=0.16 t=8.867s cycles=[251.5, 252.4, 238.8, 240.6]
  spec/dw=0/c1: E 861 -> 132.4 (ctrl 1602.8) blocked=3231 grow=1.16 t=2.421s cycles=[132.4]
  spec/dw=0/c4: E 861 -> 39.0 (ctrl 1602.8) blocked=3953 grow=1.16 t=9.27s cycles=[132.4, 126.4, 89.1, 39.0]
  rand/dw=1/c1: E 8274 -> 254.8 (ctrl 1602.8) blocked=71746 grow=0.0 t=2.642s cycles=[254.8]
  rand/dw=1/c4: E 8274 -> 241.6 (ctrl 1602.8) blocked=73092 grow=3.16 t=9.031s cycles=[254.8, 248.0, 264.7, 241.6]
  rand/dw=0/c1: E 8274 -> 4315.9 (ctrl 1602.8) blocked=147241 grow=19.16 t=2.913s cycles=[4315.9]
  rand/dw=0/c4: E 8274 -> 43.5 (ctrl 1602.8) blocked=417236 grow=58.16 t=10.8s cycles=[4315.9, 4682.1, 3019.5, 43.5]

===== P16 (grid 16x16, typed=True)
[P16] K100: pipeline handoff E=1015.0 (30.6s, legal=12.63)
  spec/dw=1/c1: E 2199 -> 450.6 (ctrl 1015.0) blocked=44805 grow=0.0 t=1.189s cycles=[450.6]
  spec/dw=1/c4: E 2199 -> 450.6 (ctrl 1015.0) blocked=151298 grow=19.75 t=4.215s cycles=[450.6, 574.3, 574.3, 698.8]
  spec/dw=0/c1: E 2199 -> 388.5 (ctrl 1015.0) blocked=2381 grow=21.75 t=0.93s cycles=[388.5]
  spec/dw=0/c4: E 2199 -> 139.4 (ctrl 1015.0) blocked=10569 grow=21.75 t=3.79s cycles=[388.5, 597.7, 556.2, 139.4]
  rand/dw=1/c1: E 2013 -> 688.7 (ctrl 1015.0) blocked=42063 grow=0.0 t=1.235s cycles=[688.7]
  rand/dw=1/c4: E 2013 -> 492.8 (ctrl 1015.0) blocked=139563 grow=19.75 t=4.176s cycles=[688.7, 658.9, 659.5, 492.8]
  rand/dw=0/c1: E 2013 -> 1095.0 (ctrl 1015.0) blocked=1010 grow=0.0 t=1.105s cycles=[1095.0]
  rand/dw=0/c4: E 2013 -> 508.5 (ctrl 1015.0) blocked=6823 grow=20.75 t=3.974s cycles=[1095.0, 1278.8, 1225.7, 508.5]
[P16] K140: pipeline handoff E=1999.0 (30.9s, legal=17.557)
  spec/dw=1/c1: E 1868 -> 432.0 (ctrl 1999.0) blocked=57307 grow=50.75 t=2.109s cycles=[432.0]
  spec/dw=1/c4: E 1868 -> 237.7 (ctrl 1999.0) blocked=249982 grow=70.75 t=7.813s cycles=[432.0, 353.1, 353.1, 237.7]
  spec/dw=0/c1: E 1868 -> 266.8 (ctrl 1999.0) blocked=2403 grow=64.75 t=2.046s cycles=[266.8]
  spec/dw=0/c4: E 1868 -> 60.8 (ctrl 1999.0) blocked=10405 grow=114.75 t=11.477s cycles=[266.8, 269.3, 248.0, 60.8]
  rand/dw=1/c1: E 2825 -> 1372.6 (ctrl 1999.0) blocked=64024 grow=0.0 t=1.977s cycles=[1372.6]
  rand/dw=1/c4: E 2825 -> 899.9 (ctrl 1999.0) blocked=215726 grow=29.12 t=7.165s cycles=[1372.6, 1204.5, 1204.4, 899.9]
  rand/dw=0/c1: E 2825 -> 1568.7 (ctrl 1999.0) blocked=1253 grow=3.75 t=2.096s cycles=[1568.7]
  rand/dw=0/c4: E 2825 -> 767.6 (ctrl 1999.0) blocked=7311 grow=32.75 t=7.336s cycles=[1568.7, 1827.6, 1772.8, 767.6]
[P16] ER100_d10: pipeline handoff E=179.3 (4.3s, legal=9.0)
  spec/dw=1/c1: E 194 -> 73.0 (ctrl 179.3) blocked=898 grow=0.0 t=0.396s cycles=[73.0]
  spec/dw=1/c4: E 194 -> 72.7 (ctrl 179.3) blocked=2155 grow=0.0 t=1.559s cycles=[73.0, 77.3, 77.5, 72.7]
  spec/dw=0/c1: E 194 -> 8.6 (ctrl 179.3) blocked=7 grow=0.0 t=0.408s cycles=[8.6]
  spec/dw=0/c4: E 194 -> 8.3 (ctrl 179.3) blocked=7 grow=0.0 t=1.603s cycles=[8.6, 8.8, 8.3, 8.8]
  rand/dw=1/c1: E 1414 -> 70.1 (ctrl 179.3) blocked=5711 grow=0.0 t=0.417s cycles=[70.1]
  rand/dw=1/c4: E 1414 -> 70.1 (ctrl 179.3) blocked=7111 grow=0.0 t=1.571s cycles=[70.1, 78.3, 83.4, 72.7]
  rand/dw=0/c1: E 1414 -> 394.7 (ctrl 179.3) blocked=22477 grow=2.75 t=0.493s cycles=[394.7]
  rand/dw=0/c4: E 1414 -> 8.8 (ctrl 179.3) blocked=33598 grow=2.75 t=1.746s cycles=[394.7, 142.0, 32.9, 8.8]
[P16] turan_n162: pipeline handoff E=1886.0 (31.8s, legal=9.772)
  spec/dw=1/c1: E 1225 -> 146.3 (ctrl 1886.0) blocked=82991 grow=120.75 t=1.851s cycles=[146.3]
  spec/dw=1/c4: E 1225 -> 139.3 (ctrl 1886.0) blocked=301744 grow=128.75 t=7.462s cycles=[146.3, 222.3, 222.3, 139.3]
  spec/dw=0/c1: E 1225 -> 279.2 (ctrl 1886.0) blocked=3913 grow=126.75 t=4.038s cycles=[279.2]
  spec/dw=0/c4: E 1225 -> 33.4 (ctrl 1886.0) blocked=13250 grow=139.75 t=14.86s cycles=[279.2, 263.3, 240.9, 33.4]
  rand/dw=1/c1: E 3208 -> 1923.3 (ctrl 1886.0) blocked=80515 grow=0.75 t=1.722s cycles=[1923.3]
  rand/dw=1/c4: E 3208 -> 616.3 (ctrl 1886.0) blocked=284736 grow=37.75 t=6.64s cycles=[1923.3, 1397.8, 1396.8, 616.3]
  rand/dw=0/c1: E 3208 -> 1812.1 (ctrl 1886.0) blocked=6348 grow=6.75 t=1.875s cycles=[1812.1]
  rand/dw=0/c4: E 3208 -> 799.4 (ctrl 1886.0) blocked=19941 grow=43.75 t=6.663s cycles=[1812.1, 2062.1, 1960.0, 799.4]
[P16] spin_glass_n163: pipeline handoff E=2265.0 (30.9s, legal=18.012)
  spec/dw=1/c1: E 1413 -> 310.7 (ctrl 2265.0) blocked=82720 grow=94.75 t=1.821s cycles=[310.7]
  spec/dw=1/c4: E 1413 -> 176.0 (ctrl 2265.0) blocked=266079 grow=116.75 t=5.25s cycles=[310.7, 330.7, 330.7, 176.0]
  spec/dw=0/c1: E 1413 -> 256.1 (ctrl 2265.0) blocked=16272 grow=93.75 t=1.571s cycles=[256.1]
  spec/dw=0/c4: E 1413 -> 32.4 (ctrl 2265.0) blocked=47600 grow=127.75 t=6.774s cycles=[256.1, 159.3, 151.8, 32.4]
  rand/dw=1/c1: E 3072 -> 1822.4 (ctrl 2265.0) blocked=83445 grow=6.75 t=1.395s cycles=[1822.4]
  rand/dw=1/c4: E 3072 -> 701.1 (ctrl 2265.0) blocked=224845 grow=32.75 t=4.087s cycles=[1822.4, 1415.9, 1410.7, 701.1]
  rand/dw=0/c1: E 3072 -> 1778.8 (ctrl 2265.0) blocked=17158 grow=6.75 t=1.179s cycles=[1778.8]
  rand/dw=0/c4: E 3072 -> 743.5 (ctrl 2265.0) blocked=55599 grow=43.75 t=4.772s cycles=[1778.8, 1978.7, 1818.6, 743.5]
[P16] wsc_c3_sz32_n96: pipeline handoff E=84.9 (5.1s, legal=6.51)
  spec/dw=1/c1: E 80 -> 103.6 (ctrl 84.9) blocked=868 grow=10.12 t=0.49s cycles=[103.6] band_overlap=0.0
  spec/dw=1/c4: E 80 -> 102.0 (ctrl 84.9) blocked=1313 grow=35.12 t=1.941s cycles=[103.6, 102.2, 116.4, 102.0]
  spec/dw=0/c1: E 80 -> 67.9 (ctrl 84.9) blocked=0 grow=0.0 t=0.545s cycles=[67.9]
  spec/dw=0/c4: E 80 -> 44.5 (ctrl 84.9) blocked=0 grow=0.0 t=2.176s cycles=[67.9, 73.3, 71.5, 44.5]
  rand/dw=1/c1: E 1721 -> 95.5 (ctrl 84.9) blocked=4028 grow=30.12 t=0.555s cycles=[95.5]
  rand/dw=1/c4: E 1721 -> 82.2 (ctrl 84.9) blocked=4507 grow=31.12 t=2.013s cycles=[95.5, 94.6, 88.9, 82.2]
  rand/dw=0/c1: E 1721 -> 599.6 (ctrl 84.9) blocked=3057 grow=0.0 t=0.619s cycles=[599.6]
  rand/dw=0/c4: E 1721 -> 97.1 (ctrl 84.9) blocked=12124 grow=0.0 t=2.15s cycles=[599.6, 743.8, 570.7, 97.1]
[P16] wsc_c3_sz64_n192: pipeline handoff E=917.0 (27.8s, legal=9.266)
  spec/dw=1/c1: E 82 -> 401.3 (ctrl 917.0) blocked=80010 grow=25.12 t=1.698s cycles=[401.3] band_overlap=0.0
  spec/dw=1/c4: E 82 -> 401.3 (ctrl 917.0) blocked=280923 grow=36.75 t=7.632s cycles=[401.3, 570.0, 634.2, 548.9]
  spec/dw=0/c1: E 82 -> 84.8 (ctrl 917.0) blocked=7106 grow=52.75 t=2.945s cycles=[84.8]
  spec/dw=0/c4: E 82 -> 61.5 (ctrl 917.0) blocked=7106 grow=62.12 t=12.91s cycles=[84.8, 85.3, 91.7, 61.5]
  rand/dw=1/c1: E 3735 -> 2360.9 (ctrl 917.0) blocked=92021 grow=5.75 t=2.358s cycles=[2360.9]
  rand/dw=1/c4: E 3735 -> 1226.1 (ctrl 917.0) blocked=348252 grow=36.12 t=7.413s cycles=[2360.9, 1986.7, 1991.5, 1226.1]
  rand/dw=0/c1: E 3735 -> 2155.3 (ctrl 917.0) blocked=12211 grow=7.75 t=1.749s cycles=[2155.3]
  rand/dw=0/c4: E 3735 -> 914.1 (ctrl 917.0) blocked=36329 grow=52.75 t=6.287s cycles=[2155.3, 2455.1, 2323.8, 914.1]
[P16] regular_n316: pipeline handoff E=1066.5 (8.2s, legal=4.997)
  spec/dw=1/c1: E 1179 -> 156.0 (ctrl 1066.5) blocked=2113 grow=0.0 t=1.231s cycles=[156.0]
  spec/dw=1/c4: E 1179 -> 147.2 (ctrl 1066.5) blocked=2177 grow=0.0 t=5.018s cycles=[156.0, 160.7, 151.8, 147.2]
  spec/dw=0/c1: E 1179 -> 37.0 (ctrl 1066.5) blocked=8424 grow=0.0 t=1.319s cycles=[37.0]
  spec/dw=0/c4: E 1179 -> 24.9 (ctrl 1066.5) blocked=8424 grow=0.0 t=5.099s cycles=[37.0, 25.3, 24.9, 26.1]
  rand/dw=1/c1: E 3345 -> 163.6 (ctrl 1066.5) blocked=21536 grow=0.0 t=1.317s cycles=[163.6]
  rand/dw=1/c4: E 3345 -> 155.8 (ctrl 1066.5) blocked=21560 grow=0.0 t=4.957s cycles=[163.6, 156.5, 170.1, 155.8]
  rand/dw=0/c1: E 3345 -> 885.2 (ctrl 1066.5) blocked=78974 grow=32.75 t=1.671s cycles=[885.2]
  rand/dw=0/c4: E 3345 -> 26.0 (ctrl 1066.5) blocked=92155 grow=32.75 t=5.461s cycles=[885.2, 26.8, 27.1, 26.0]
[P16] ws_n486: pipeline handoff E=449.6 (9.8s, legal=4.409)
  spec/dw=1/c1: E 524 -> 246.6 (ctrl 449.6) blocked=577 grow=0.0 t=2.302s cycles=[246.6]
  spec/dw=1/c4: E 524 -> 246.6 (ctrl 449.6) blocked=1378 grow=0.0 t=9.647s cycles=[246.6, 249.4, 252.1, 254.2]
  spec/dw=0/c1: E 524 -> 71.8 (ctrl 449.6) blocked=1573 grow=0.0 t=2.446s cycles=[71.8]
  spec/dw=0/c4: E 524 -> 41.3 (ctrl 449.6) blocked=1573 grow=0.0 t=9.249s cycles=[71.8, 55.5, 41.3, 42.2]
  rand/dw=1/c1: E 5036 -> 263.8 (ctrl 449.6) blocked=34214 grow=0.0 t=2.457s cycles=[263.8]
  rand/dw=1/c4: E 5036 -> 250.5 (ctrl 449.6) blocked=35074 grow=0.0 t=8.836s cycles=[263.8, 250.5, 252.6, 260.0]
  rand/dw=0/c1: E 5036 -> 1380.2 (ctrl 449.6) blocked=119753 grow=40.75 t=3.099s cycles=[1380.2]
  rand/dw=0/c4: E 5036 -> 41.4 (ctrl 449.6) blocked=164161 grow=40.75 t=10.444s cycles=[1380.2, 130.9, 41.4, 41.8]
done-contract-A
