/data/max/ember/docs/paper2/data/contract_probe_routed.py:55: DeprecationWarning: dwave-networkx is deprecated and will be replaced by dwave-graphs in Ocean 10. Most functionality previously provided by dwave-networkx is now available as part of dwave-graphs under the 'dwave.graphs' namespace.
  import dwave_networkx as dnx
/data/max/ember/docs/paper2/data/contract_probe_routed.py:55: DeprecationWarning: dwave-networkx is deprecated and will be replaced by dwave-graphs in Ocean 10. Most functionality previously provided by dwave-networkx is now available as part of dwave-graphs under the 'dwave.graphs' namespace.
  import dwave_networkx as dnx
/data/max/ember/docs/paper2/data/contract_probe_routed.py:55: DeprecationWarning: dwave-networkx is deprecated and will be replaced by dwave-graphs in Ocean 10. Most functionality previously provided by dwave-networkx is now available as part of dwave-graphs under the 'dwave.graphs' namespace.
  import dwave_networkx as dnx
/data/max/ember/docs/paper2/data/contract_probe_routed.py:55: DeprecationWarning: dwave-networkx is deprecated and will be replaced by dwave-graphs in Ocean 10. Most functionality previously provided by dwave-networkx is now available as part of dwave-graphs under the 'dwave.graphs' namespace.
  import dwave_networkx as dnx
/data/max/ember/docs/paper2/data/contract_probe_routed.py:55: DeprecationWarning: dwave-networkx is deprecated and will be replaced by dwave-graphs in Ocean 10. Most functionality previously provided by dwave-networkx is now available as part of dwave-graphs under the 'dwave.graphs' namespace.
  import dwave_networkx as dnx
/data/max/ember/docs/paper2/data/contract_probe_routed.py:55: DeprecationWarning: dwave-networkx is deprecated and will be replaced by dwave-graphs in Ocean 10. Most functionality previously provided by dwave-networkx is now available as part of dwave-graphs under the 'dwave.graphs' namespace.
  import dwave_networkx as dnx
/data/max/ember/docs/paper2/data/contract_probe_routed.py:55: DeprecationWarning: dwave-networkx is deprecated and will be replaced by dwave-graphs in Ocean 10. Most functionality previously provided by dwave-networkx is now available as part of dwave-graphs under the 'dwave.graphs' namespace.
  import dwave_networkx as dnx
/data/max/ember/docs/paper2/data/contract_probe_routed.py:55: DeprecationWarning: dwave-networkx is deprecated and will be replaced by dwave-graphs in Ocean 10. Most functionality previously provided by dwave-networkx is now available as part of dwave-graphs under the 'dwave.graphs' namespace.
  import dwave_networkx as dnx
Z12 K100 contract seed 0: 13.09 (60.5s)
Z12 K100 contract seed 1: 10.82 (60.3s)
Z12 K100 contract seed 2: 10.7 (60.2s)
Z12 K100 mm seed 0: 10.04 (50.5s)
Z12 K100 mm seed 1: 10.71 (32.8s)
Z12 K100 mm seed 2: 10.08 (44.7s)
Z12 K100 mm2 seed 0: 12.0 (61.1s)
Z12 K100 mm2 seed 1: 10.78 (60.1s)
Z12 K100 mm2 seed 2: 11.22 (54.3s)
Z12 K140 contract seed 0: None (47.6s)
Z12 K140 contract seed 1: None (40.7s)
Z12 K140 contract seed 2: 21.429 (60.3s)
Z12 K140 mm seed 0: 18.95 (60.7s)
Z12 K140 mm seed 1: None (68.6s)
Z12 K140 mm seed 2: 17.593 (61.2s)
Z12 K140 mm2 seed 0: 19.729 (60.7s)
Z12 K140 mm2 seed 1: 19.214 (61.2s)
Z12 K140 mm2 seed 2: 17.779 (62.5s)
Z12 ER100_d10 contract seed 0: 4.73 (10.3s)
Z12 ER100_d10 contract seed 1: 4.87 (9.3s)
Z12 ER100_d10 contract seed 2: 4.61 (8.8s)
Z12 ER100_d10 mm seed 0: 5.0 (4.6s)
Z12 ER100_d10 mm seed 1: 5.07 (2.6s)
Z12 ER100_d10 mm seed 2: 4.85 (2.2s)
Z12 ER100_d10 mm2 seed 0: 4.64 (5.6s)
Z12 ER100_d10 mm2 seed 1: 4.63 (3.6s)
Z12 ER100_d10 mm2 seed 2: 5.32 (2.8s)
Z12 turan_n162 contract seed 0: 12.704 (60.3s)
Z12 turan_n162 contract seed 1: 13.494 (61.9s)
Z12 turan_n162 contract seed 2: 14.778 (61.0s)
Z12 turan_n162 mm seed 0: 10.543 (31.2s)
Z12 turan_n162 mm seed 1: 13.963 (53.8s)
Z12 turan_n162 mm seed 2: 11.537 (54.3s)
Z12 turan_n162 mm2 seed 0: 13.228 (61.2s)
Z12 turan_n162 mm2 seed 1: 9.599 (30.5s)
Z12 turan_n162 mm2 seed 2: 10.154 (23.9s)
Z12 spin_glass_n163 contract seed 0: None (37.7s)
Z12 spin_glass_n163 contract seed 1: None (36.4s)
Z12 spin_glass_n163 contract seed 2: None (33.8s)
Z12 spin_glass_n163 mm seed 0: 18.141 (60.7s)
Z12 spin_glass_n163 mm seed 1: 17.417 (60.6s)
Z12 spin_glass_n163 mm seed 2: 18.055 (60.5s)
Z12 spin_glass_n163 mm2 seed 0: 17.387 (60.8s)
Z12 spin_glass_n163 mm2 seed 1: 19.325 (60.7s)
Z12 spin_glass_n163 mm2 seed 2: None (63.6s)
Z12 wsc_c3_sz32_n96 contract seed 0: 4.104 (11.5s)
Z12 wsc_c3_sz32_n96 contract seed 1: 3.896 (11.6s)
Z12 wsc_c3_sz32_n96 contract seed 2: 4.052 (9.5s)
Z12 wsc_c3_sz32_n96 mm seed 0: 3.604 (3.0s)
Z12 wsc_c3_sz32_n96 mm seed 1: 3.781 (4.1s)
Z12 wsc_c3_sz32_n96 mm seed 2: 3.562 (4.4s)
Z12 wsc_c3_sz32_n96 mm2 seed 0: 3.531 (7.3s)
Z12 wsc_c3_sz32_n96 mm2 seed 1: 3.521 (4.6s)
Z12 wsc_c3_sz32_n96 mm2 seed 2: 3.771 (4.5s)
Z12 wsc_c3_sz64_n192 contract seed 0: 7.651 (48.8s)
Z12 wsc_c3_sz64_n192 contract seed 1: 7.599 (51.8s)
Z12 wsc_c3_sz64_n192 contract seed 2: 7.635 (41.4s)
Z12 wsc_c3_sz64_n192 mm seed 0: 7.026 (60.7s)
Z12 wsc_c3_sz64_n192 mm seed 1: 7.651 (44.4s)
Z12 wsc_c3_sz64_n192 mm seed 2: 7.266 (23.0s)
Z12 wsc_c3_sz64_n192 mm2 seed 0: 7.771 (27.0s)
Z12 wsc_c3_sz64_n192 mm2 seed 1: 6.906 (40.4s)
Z12 wsc_c3_sz64_n192 mm2 seed 2: 7.146 (59.9s)
Z12 regular_n316 contract seed 0: 3.472 (11.9s)
Z12 regular_n316 contract seed 1: 3.437 (13.4s)
Z12 regular_n316 contract seed 2: 3.345 (11.0s)
Z12 regular_n316 mm seed 0: 3.364 (2.6s)
Z12 regular_n316 mm seed 1: 3.411 (2.7s)
Z12 regular_n316 mm seed 2: 3.291 (3.7s)
Z12 regular_n316 mm2 seed 0: 3.282 (2.6s)
Z12 regular_n316 mm2 seed 1: 3.206 (2.7s)
Z12 regular_n316 mm2 seed 2: 3.56 (5.5s)
Z12 ws_n486 contract seed 0: 3.101 (27.4s)
Z12 ws_n486 contract seed 1: 3.146 (22.2s)
Z12 ws_n486 contract seed 2: 3.099 (25.0s)
Z12 ws_n486 mm seed 0: 3.233 (6.9s)
Z12 ws_n486 mm seed 1: 3.173 (6.4s)
Z12 ws_n486 mm seed 2: 2.821 (7.1s)
Z12 ws_n486 mm2 seed 0: 3.29 (6.8s)
Z12 ws_n486 mm2 seed 1: 3.134 (5.3s)
Z12 ws_n486 mm2 seed 2: 3.068 (4.5s)
P16 K100 contract seed 0: 13.76 (32.2s)
P16 K100 contract seed 1: 15.77 (43.3s)
P16 K100 contract seed 2: 14.87 (61.9s)
P16 K140 contract seed 0: 23.657 (62.5s)
P16 K140 contract seed 1: 19.821 (61.6s)
P16 K140 contract seed 2: 21.321 (62.2s)
P16 ER100_d10 contract seed 0: 6.3 (9.0s)
P16 ER100_d10 contract seed 1: 5.74 (7.1s)
P16 ER100_d10 contract seed 2: 5.81 (11.4s)
P16 turan_n162 contract seed 0: 8.605 (63.2s)
P16 turan_n162 contract seed 1: 9.599 (59.3s)
P16 turan_n162 contract seed 2: 9.0 (61.0s)
P16 spin_glass_n163 contract seed 0: 21.589 (60.8s)
P16 spin_glass_n163 contract seed 1: 23.006 (60.8s)
P16 spin_glass_n163 contract seed 2: 22.466 (61.0s)
P16 wsc_c3_sz32_n96 contract seed 0: 5.344 (12.5s)
P16 wsc_c3_sz32_n96 contract seed 1: 5.312 (10.9s)
P16 wsc_c3_sz32_n96 contract seed 2: 5.292 (9.3s)
P16 wsc_c3_sz64_n192 contract seed 0: 9.135 (58.9s)
P16 wsc_c3_sz64_n192 contract seed 1: 9.286 (54.7s)
P16 wsc_c3_sz64_n192 contract seed 2: 9.714 (60.5s)
P16 regular_n316 contract seed 0: 4.098 (8.7s)
P16 regular_n316 contract seed 1: 4.364 (10.4s)
P16 regular_n316 contract seed 2: 4.43 (8.9s)
P16 ws_n486 contract seed 0: 4.457 (14.7s)
P16 ws_n486 contract seed 1: 4.235 (15.7s)
P16 ws_n486 contract seed 2: 4.14 (17.0s)

summary (mean over legal seeds; n legal in parens):
Z12 K100                contract=11.54(3)  mm=10.28(3)  mm2=11.33(3)
Z12 K140                contract=21.43(1)  mm=18.27(2)  mm2=18.91(3)
Z12 ER100_d10           contract=4.74(3)  mm=4.97(3)  mm2=4.86(3)
Z12 turan_n162          contract=13.66(3)  mm=12.01(3)  mm2=10.99(3)
Z12 spin_glass_n163     contract=FAIL(0)  mm=17.87(3)  mm2=18.36(2)
Z12 wsc_c3_sz32_n96     contract=4.02(3)  mm=3.65(3)  mm2=3.61(3)
Z12 wsc_c3_sz64_n192    contract=7.63(3)  mm=7.31(3)  mm2=7.27(3)
Z12 regular_n316        contract=3.42(3)  mm=3.36(3)  mm2=3.35(3)
Z12 ws_n486             contract=3.12(3)  mm=3.08(3)  mm2=3.16(3)
P16 K100                contract=14.80(3)
P16 K140                contract=21.60(3)
P16 ER100_d10           contract=5.95(3)
P16 turan_n162          contract=9.07(3)
P16 spin_glass_n163     contract=22.35(3)
P16 wsc_c3_sz32_n96     contract=5.32(3)
P16 wsc_c3_sz64_n192    contract=9.38(3)
P16 regular_n316        contract=4.30(3)
P16 ws_n486             contract=4.28(3)
done-contract-B
