13 cells, 106 jobs; load (45.634765625, 52.40869140625, 49.2685546875)
/data/max/ember/docs/paper2/data/conv_probe.py:62: DeprecationWarning: dwave-networkx is deprecated and will be replaced by dwave-graphs in Ocean 10. Most functionality previously provided by dwave-networkx is now available as part of dwave-graphs under the 'dwave.graphs' namespace.
  import dwave_networkx as dnx
/data/max/ember/docs/paper2/data/conv_probe.py:62: DeprecationWarning: dwave-networkx is deprecated and will be replaced by dwave-graphs in Ocean 10. Most functionality previously provided by dwave-networkx is now available as part of dwave-graphs under the 'dwave.graphs' namespace.
  import dwave_networkx as dnx
/data/max/ember/docs/paper2/data/conv_probe.py:62: DeprecationWarning: dwave-networkx is deprecated and will be replaced by dwave-graphs in Ocean 10. Most functionality previously provided by dwave-networkx is now available as part of dwave-graphs under the 'dwave.graphs' namespace.
  import dwave_networkx as dnx
/data/max/ember/docs/paper2/data/conv_probe.py:62: DeprecationWarning: dwave-networkx is deprecated and will be replaced by dwave-graphs in Ocean 10. Most functionality previously provided by dwave-networkx is now available as part of dwave-graphs under the 'dwave.graphs' namespace.
  import dwave_networkx as dnx
/data/max/ember/docs/paper2/data/conv_probe.py:62: DeprecationWarning: dwave-networkx is deprecated and will be replaced by dwave-graphs in Ocean 10. Most functionality previously provided by dwave-networkx is now available as part of dwave-graphs under the 'dwave.graphs' namespace.
  import dwave_networkx as dnx
/data/max/ember/docs/paper2/data/conv_probe.py:62: DeprecationWarning: dwave-networkx is deprecated and will be replaced by dwave-graphs in Ocean 10. Most functionality previously provided by dwave-networkx is now available as part of dwave-graphs under the 'dwave.graphs' namespace.
  import dwave_networkx as dnx
/data/max/ember/docs/paper2/data/conv_probe.py:62: DeprecationWarning: dwave-networkx is deprecated and will be replaced by dwave-graphs in Ocean 10. Most functionality previously provided by dwave-networkx is now available as part of dwave-graphs under the 'dwave.graphs' namespace.
  import dwave_networkx as dnx
/data/max/ember/docs/paper2/data/conv_probe.py:62: DeprecationWarning: dwave-networkx is deprecated and will be replaced by dwave-graphs in Ocean 10. Most functionality previously provided by dwave-networkx is now available as part of dwave-graphs under the 'dwave.graphs' namespace.
  import dwave_networkx as dnx
/data/max/ember/docs/paper2/data/conv_probe.py:62: DeprecationWarning: dwave-networkx is deprecated and will be replaced by dwave-graphs in Ocean 10. Most functionality previously provided by dwave-networkx is now available as part of dwave-graphs under the 'dwave.graphs' namespace.
  import dwave_networkx as dnx
/data/max/ember/docs/paper2/data/conv_probe.py:62: DeprecationWarning: dwave-networkx is deprecated and will be replaced by dwave-graphs in Ocean 10. Most functionality previously provided by dwave-networkx is now available as part of dwave-graphs under the 'dwave.graphs' namespace.
  import dwave_networkx as dnx
/data/max/ember/docs/paper2/data/conv_probe.py:62: DeprecationWarning: dwave-networkx is deprecated and will be replaced by dwave-graphs in Ocean 10. Most functionality previously provided by dwave-networkx is now available as part of dwave-graphs under the 'dwave.graphs' namespace.
  import dwave_networkx as dnx
/data/max/ember/docs/paper2/data/conv_probe.py:62: DeprecationWarning: dwave-networkx is deprecated and will be replaced by dwave-graphs in Ocean 10. Most functionality previously provided by dwave-networkx is now available as part of dwave-graphs under the 'dwave.graphs' namespace.
  import dwave_networkx as dnx
/data/max/ember/docs/paper2/data/conv_probe.py:62: DeprecationWarning: dwave-networkx is deprecated and will be replaced by dwave-graphs in Ocean 10. Most functionality previously provided by dwave-networkx is now available as part of dwave-graphs under the 'dwave.graphs' namespace.
  import dwave_networkx as dnx
/data/max/ember/docs/paper2/data/conv_probe.py:62: DeprecationWarning: dwave-networkx is deprecated and will be replaced by dwave-graphs in Ocean 10. Most functionality previously provided by dwave-networkx is now available as part of dwave-graphs under the 'dwave.graphs' namespace.
  import dwave_networkx as dnx
/data/max/ember/docs/paper2/data/conv_probe.py:62: DeprecationWarning: dwave-networkx is deprecated and will be replaced by dwave-graphs in Ocean 10. Most functionality previously provided by dwave-networkx is now available as part of dwave-graphs under the 'dwave.graphs' namespace.
  import dwave_networkx as dnx
/data/max/ember/docs/paper2/data/conv_probe.py:62: DeprecationWarning: dwave-networkx is deprecated and will be replaced by dwave-graphs in Ocean 10. Most functionality previously provided by dwave-networkx is now available as part of dwave-graphs under the 'dwave.graphs' namespace.
  import dwave_networkx as dnx
/data/max/ember/docs/paper2/data/conv_probe.py:62: DeprecationWarning: dwave-networkx is deprecated and will be replaced by dwave-graphs in Ocean 10. Most functionality previously provided by dwave-networkx is now available as part of dwave-graphs under the 'dwave.graphs' namespace.
  import dwave_networkx as dnx
/data/max/ember/docs/paper2/data/conv_probe.py:62: DeprecationWarning: dwave-networkx is deprecated and will be replaced by dwave-graphs in Ocean 10. Most functionality previously provided by dwave-networkx is now available as part of dwave-graphs under the 'dwave.graphs' namespace.
  import dwave_networkx as dnx
/data/max/ember/docs/paper2/data/conv_probe.py:62: DeprecationWarning: dwave-networkx is deprecated and will be replaced by dwave-graphs in Ocean 10. Most functionality previously provided by dwave-networkx is now available as part of dwave-graphs under the 'dwave.graphs' namespace.
  import dwave_networkx as dnx
/data/max/ember/docs/paper2/data/conv_probe.py:62: DeprecationWarning: dwave-networkx is deprecated and will be replaced by dwave-graphs in Ocean 10. Most functionality previously provided by dwave-networkx is now available as part of dwave-graphs under the 'dwave.graphs' namespace.
  import dwave_networkx as dnx
/data/max/ember/docs/paper2/data/conv_probe.py:62: DeprecationWarning: dwave-networkx is deprecated and will be replaced by dwave-graphs in Ocean 10. Most functionality previously provided by dwave-networkx is now available as part of dwave-graphs under the 'dwave.graphs' namespace.
  import dwave_networkx as dnx
/data/max/ember/docs/paper2/data/conv_probe.py:62: DeprecationWarning: dwave-networkx is deprecated and will be replaced by dwave-graphs in Ocean 10. Most functionality previously provided by dwave-networkx is now available as part of dwave-graphs under the 'dwave.graphs' namespace.
  import dwave_networkx as dnx
/data/max/ember/docs/paper2/data/conv_probe.py:62: DeprecationWarning: dwave-networkx is deprecated and will be replaced by dwave-graphs in Ocean 10. Most functionality previously provided by dwave-networkx is now available as part of dwave-graphs under the 'dwave.graphs' namespace.
  import dwave_networkx as dnx
/data/max/ember/docs/paper2/data/conv_probe.py:62: DeprecationWarning: dwave-networkx is deprecated and will be replaced by dwave-graphs in Ocean 10. Most functionality previously provided by dwave-networkx is now available as part of dwave-graphs under the 'dwave.graphs' namespace.
  import dwave_networkx as dnx
Z12 K100               default  seed 0: 7.84 mx=9 defic=0 skip=True (25.4s)
Z12 K100               default  seed 1: 7.84 mx=9 defic=0 skip=True (26.2s)
Z12 K100               default  seed 2: 7.84 mx=9 defic=0 skip=True (26.7s)
Z12 K100               conv     seed 0: 7.57 mx=8 defic=0 skip=True (37.7s)
Z12 K100               conv     seed 1: 7.58 mx=8 defic=0 skip=True (40.3s)
Z12 K100               conv     seed 2: 7.59 mx=8 defic=0 skip=True (34.1s)
Z12 K140               default  seed 0: 10.229 mx=11 defic=0 skip=True (63.6s)
Z12 K140               default  seed 1: 10.229 mx=11 defic=0 skip=True (66.1s)
Z12 K140               default  seed 2: 10.229 mx=11 defic=0 skip=True (61.7s)
Z12 K140               conv     seed 0: 9.957 mx=11 defic=0 skip=True (61.0s)
Z12 K140               conv     seed 1: 9.957 mx=11 defic=0 skip=True (63.4s)
Z12 K140               conv     seed 2: 9.957 mx=11 defic=0 skip=True (63.1s)
Z12 ER100_d10          default  seed 0: 4.66 mx=8 defic=1 skip=False (60.0s)
Z12 ER100_d10          default  seed 1: 5.06 mx=9 defic=1 skip=False (60.0s)
Z12 ER100_d10          default  seed 2: 4.75 mx=8 defic=1 skip=False (60.0s)
Z12 ER100_d10          conv     seed 0: 4.57 mx=8 defic=0 skip=True (60.0s)
Z12 ER100_d10          conv     seed 1: 4.85 mx=8 defic=0 skip=True (60.0s)
Z12 ER100_d10          conv     seed 2: 4.69 mx=8 defic=0 skip=True (60.0s)
Z12 turan_n162         default  seed 0: 6.0 mx=6 defic=0 skip=True (60.5s)
Z12 turan_n162         default  seed 1: 6.0 mx=6 defic=30 skip=False (60.5s)
Z12 turan_n162         default  seed 2: 6.0 mx=6 defic=0 skip=True (60.3s)
Z12 turan_n162         default  seed 3: 6.0 mx=6 defic=0 skip=True (60.0s)
Z12 turan_n162         default  seed 4: 6.0 mx=6 defic=0 skip=True (60.1s)
Z12 turan_n162         default  seed 5: 6.0 mx=6 defic=30 skip=False (60.4s)
Z12 turan_n162         default  seed 6: 6.0 mx=6 defic=0 skip=True (60.5s)
Z12 turan_n162         default  seed 7: 6.0 mx=6 defic=30 skip=False (60.5s)
Z12 turan_n162         default  seed 8: 6.0 mx=6 defic=30 skip=False (60.7s)
Z12 turan_n162         default  seed 9: 6.0 mx=6 defic=0 skip=True (60.4s)
Z12 turan_n162         conv     seed 0: 6.0 mx=6 defic=0 skip=True (60.4s)
Z12 turan_n162         conv     seed 1: 6.0 mx=6 defic=30 skip=False (60.2s)
Z12 turan_n162         conv     seed 2: 6.0 mx=6 defic=0 skip=True (60.2s)
Z12 turan_n162         conv     seed 3: 6.0 mx=6 defic=0 skip=True (60.2s)
Z12 turan_n162         conv     seed 4: 6.0 mx=6 defic=0 skip=True (60.7s)
Z12 turan_n162         conv     seed 5: 6.0 mx=6 defic=30 skip=False (60.3s)
Z12 turan_n162         conv     seed 6: 6.0 mx=6 defic=0 skip=True (60.8s)
Z12 turan_n162         conv     seed 7: 6.0 mx=6 defic=30 skip=False (60.5s)
Z12 turan_n162         conv     seed 8: 6.0 mx=6 defic=30 skip=False (60.2s)
Z12 turan_n162         conv     seed 9: 6.0 mx=6 defic=0 skip=True (62.1s)
Z12 spin_glass_n163    default  seed 0: 11.417 mx=13 defic=0 skip=True (48.6s)
Z12 spin_glass_n163    default  seed 1: 11.417 mx=13 defic=0 skip=True (49.2s)
Z12 spin_glass_n163    default  seed 2: 11.417 mx=13 defic=0 skip=True (47.4s)
Z12 spin_glass_n163    conv     seed 0: 11.104 mx=13 defic=0 skip=True (51.9s)
Z12 spin_glass_n163    conv     seed 1: 11.104 mx=13 defic=0 skip=True (48.5s)
Z12 spin_glass_n163    conv     seed 2: 11.104 mx=13 defic=0 skip=True (49.7s)
Z12 regular_n316       default  seed 0: 2.731 mx=6 defic=17 skip=False (60.0s)
Z12 regular_n316       default  seed 1: 2.788 mx=7 defic=17 skip=False (60.7s)
Z12 regular_n316       default  seed 2: 2.953 mx=7 defic=17 skip=False (60.4s)
Z12 regular_n316       conv     seed 0: 2.715 mx=6 defic=10 skip=False (60.1s)
Z12 regular_n316       conv     seed 1: 2.718 mx=6 defic=10 skip=False (60.0s)
Z12 regular_n316       conv     seed 2: 2.775 mx=6 defic=10 skip=False (60.0s)
Z12 ws_n486            default  seed 0: 2.597 mx=9 defic=32 skip=False (60.0s)
Z12 ws_n486            default  seed 1: 2.751 mx=9 defic=32 skip=False (60.0s)
Z12 ws_n486            default  seed 2: 2.436 mx=8 defic=32 skip=False (60.0s)
Z12 ws_n486            default  seed 3: 2.512 mx=8 defic=32 skip=False (60.0s)
Z12 ws_n486            default  seed 4: 2.521 mx=8 defic=32 skip=False (60.0s)
Z12 ws_n486            default  seed 5: 2.77 mx=8 defic=32 skip=False (60.0s)
Z12 ws_n486            default  seed 6: 2.35 mx=7 defic=32 skip=False (60.2s)
Z12 ws_n486            default  seed 7: 2.556 mx=8 defic=32 skip=False (60.1s)
Z12 ws_n486            default  seed 8: 2.638 mx=8 defic=32 skip=False (60.1s)
Z12 ws_n486            default  seed 9: 2.418 mx=8 defic=32 skip=False (60.0s)
Z12 ws_n486            conv     seed 0: 2.597 mx=9 defic=30 skip=False (60.0s)
Z12 ws_n486            conv     seed 1: 2.751 mx=9 defic=30 skip=False (60.0s)
Z12 ws_n486            conv     seed 2: 2.436 mx=8 defic=30 skip=False (60.0s)
Z12 ws_n486            conv     seed 3: 2.512 mx=8 defic=30 skip=False (60.0s)
Z12 ws_n486            conv     seed 4: 2.521 mx=8 defic=30 skip=False (60.0s)
Z12 ws_n486            conv     seed 5: 2.77 mx=8 defic=30 skip=False (60.0s)
Z12 ws_n486            conv     seed 6: 2.35 mx=7 defic=30 skip=False (60.0s)
Z12 ws_n486            conv     seed 7: 2.556 mx=8 defic=30 skip=False (60.0s)
Z12 ws_n486            conv     seed 8: 2.638 mx=8 defic=30 skip=False (60.0s)
Z12 ws_n486            conv     seed 9: 2.418 mx=8 defic=30 skip=False (60.0s)
Z12 grid_200           default  seed 0: 1.015 mx=2 defic=21 skip=False (25.1s)
Z12 grid_200           default  seed 1: 1.05 mx=2 defic=21 skip=False (31.1s)
Z12 grid_200           default  seed 2: 1.05 mx=2 defic=21 skip=False (31.8s)
Z12 grid_200           conv     seed 0: 1.07 mx=2 defic=10 skip=False (39.1s)
Z12 grid_200           conv     seed 1: 1.055 mx=2 defic=10 skip=False (28.7s)
Z12 grid_200           conv     seed 2: 1.065 mx=2 defic=10 skip=False (30.6s)
Z12 honeycomb_200      default  seed 0: 1.11 mx=2 defic=4 skip=False (34.7s)
Z12 honeycomb_200      default  seed 1: 1.09 mx=2 defic=4 skip=False (60.0s)
Z12 honeycomb_200      default  seed 2: 1.13 mx=2 defic=4 skip=False (60.0s)
Z12 honeycomb_200      conv     seed 0: 1.09 mx=2 defic=9 skip=False (35.3s)
Z12 honeycomb_200      conv     seed 1: 1.105 mx=2 defic=9 skip=False (40.3s)
Z12 honeycomb_200      conv     seed 2: 1.06 mx=2 defic=9 skip=False (34.8s)
Z12 king_graph_196     default  seed 0: 1.847 mx=4 defic=14 skip=False (60.0s)
Z12 king_graph_196     default  seed 1: 1.74 mx=4 defic=14 skip=False (60.0s)
Z12 king_graph_196     default  seed 2: 1.607 mx=3 defic=14 skip=False (60.0s)
Z12 king_graph_196     conv     seed 0: 1.74 mx=4 defic=11 skip=False (60.0s)
Z12 king_graph_196     conv     seed 1: 1.495 mx=3 defic=11 skip=False (60.0s)
Z12 king_graph_196     conv     seed 2: 1.821 mx=4 defic=11 skip=False (60.1s)
P16 K100               default  seed 0: 11.23 mx=16 defic=None skip=None (33.8s)
P16 K100               default  seed 1: 11.51 mx=17 defic=None skip=None (36.0s)
P16 K100               default  seed 2: 11.65 mx=17 defic=None skip=None (61.7s)
P16 K100               conv     seed 0: 11.23 mx=16 defic=None skip=None (34.1s)
P16 K100               conv     seed 1: 11.51 mx=17 defic=None skip=None (35.8s)
P16 K100               conv     seed 2: 11.65 mx=17 defic=None skip=None (60.7s)
P16 turan_n162         default  seed 0: 7.654 mx=8 defic=None skip=None (64.0s)
P16 turan_n162         default  seed 1: 7.815 mx=8 defic=None skip=None (63.6s)
P16 turan_n162         default  seed 2: 7.654 mx=8 defic=None skip=None (64.3s)
P16 turan_n162         conv     seed 0: 7.654 mx=8 defic=None skip=None (62.9s)
P16 turan_n162         conv     seed 1: 7.815 mx=8 defic=None skip=None (60.6s)
P16 turan_n162         conv     seed 2: 7.654 mx=8 defic=None skip=None (61.1s)
P16 ws_n486            default  seed 0: 3.126 mx=11 defic=None skip=None (60.0s)
P16 ws_n486            default  seed 1: 3.467 mx=14 defic=None skip=None (60.0s)
P16 ws_n486            default  seed 2: 3.387 mx=14 defic=None skip=None (60.0s)
P16 ws_n486            conv     seed 0: 3.095 mx=10 defic=None skip=None (60.0s)
P16 ws_n486            conv     seed 1: 3.389 mx=11 defic=None skip=None (60.0s)
P16 ws_n486            conv     seed 2: 3.387 mx=14 defic=None skip=None (60.0s)

summary (mean ACL; d = arm - default, negative = wins):
Z12 K100               default=7.84(3) mx=9.0 | conv=7.58(3) mx=8.0 d=-0.260
Z12 K140               default=10.229(3) mx=11.0 | conv=9.957(3) mx=11.0 d=-0.272
Z12 ER100_d10          default=4.823(3) mx=8.333 | conv=4.703(3) mx=8.0 d=-0.120
Z12 turan_n162         default=6.0(10) mx=6.0 | conv=6.0(10) mx=6.0 d=+0.000
Z12 spin_glass_n163    default=11.417(3) mx=13.0 | conv=11.104(3) mx=13.0 d=-0.313
Z12 regular_n316       default=2.824(3) mx=6.667 | conv=2.736(3) mx=6.0 d=-0.088
Z12 ws_n486            default=2.555(10) mx=8.1 | conv=2.555(10) mx=8.1 d=+0.000
Z12 grid_200           default=1.038(3) mx=2.0 | conv=1.063(3) mx=2.0 d=+0.025
Z12 honeycomb_200      default=1.11(3) mx=2.0 | conv=1.085(3) mx=2.0 d=-0.025
Z12 king_graph_196     default=1.731(3) mx=3.667 | conv=1.685(3) mx=3.667 d=-0.046
P16 K100               default=11.463(3) mx=16.667 | conv=11.463(3) mx=16.667 d=+0.000
P16 turan_n162         default=7.708(3) mx=8.0 | conv=7.708(3) mx=8.0 d=+0.000
P16 ws_n486            default=3.327(3) mx=13.0 | conv=3.29(3) mx=11.667 d=-0.037

BAR ws_n486/Z12: acl {'default': 2.555, 'conv': 2.555} mx {'default': 8.1, 'conv': 8.1}
BAR board: FAIL [('Z12', 'K100', 'conv', 'wall 26.1->37.367')]
load at end: (86.953125, 74.74853515625, 59.3515625)
done-probe
