7 cells x 2 arms x 3 seeds; load (5.4775390625, 9.2958984375, 4.68701171875)
/data/max/ember/docs/paper2/data/cstable_probe.py:52: DeprecationWarning: dwave-networkx is deprecated and will be replaced by dwave-graphs in Ocean 10. Most functionality previously provided by dwave-networkx is now available as part of dwave-graphs under the 'dwave.graphs' namespace.
  import dwave_networkx as dnx
/data/max/ember/docs/paper2/data/cstable_probe.py:52: DeprecationWarning: dwave-networkx is deprecated and will be replaced by dwave-graphs in Ocean 10. Most functionality previously provided by dwave-networkx is now available as part of dwave-graphs under the 'dwave.graphs' namespace.
  import dwave_networkx as dnx
/data/max/ember/docs/paper2/data/cstable_probe.py:52: DeprecationWarning: dwave-networkx is deprecated and will be replaced by dwave-graphs in Ocean 10. Most functionality previously provided by dwave-networkx is now available as part of dwave-graphs under the 'dwave.graphs' namespace.
  import dwave_networkx as dnx
/data/max/ember/docs/paper2/data/cstable_probe.py:52: DeprecationWarning: dwave-networkx is deprecated and will be replaced by dwave-graphs in Ocean 10. Most functionality previously provided by dwave-networkx is now available as part of dwave-graphs under the 'dwave.graphs' namespace.
  import dwave_networkx as dnx
/data/max/ember/docs/paper2/data/cstable_probe.py:52: DeprecationWarning: dwave-networkx is deprecated and will be replaced by dwave-graphs in Ocean 10. Most functionality previously provided by dwave-networkx is now available as part of dwave-graphs under the 'dwave.graphs' namespace.
  import dwave_networkx as dnx
/data/max/ember/docs/paper2/data/cstable_probe.py:52: DeprecationWarning: dwave-networkx is deprecated and will be replaced by dwave-graphs in Ocean 10. Most functionality previously provided by dwave-networkx is now available as part of dwave-graphs under the 'dwave.graphs' namespace.
  import dwave_networkx as dnx
/data/max/ember/docs/paper2/data/cstable_probe.py:52: DeprecationWarning: dwave-networkx is deprecated and will be replaced by dwave-graphs in Ocean 10. Most functionality previously provided by dwave-networkx is now available as part of dwave-graphs under the 'dwave.graphs' namespace.
  import dwave_networkx as dnx
/data/max/ember/docs/paper2/data/cstable_probe.py:52: DeprecationWarning: dwave-networkx is deprecated and will be replaced by dwave-graphs in Ocean 10. Most functionality previously provided by dwave-networkx is now available as part of dwave-graphs under the 'dwave.graphs' namespace.
  import dwave_networkx as dnx
/data/max/ember/docs/paper2/data/cstable_probe.py:52: DeprecationWarning: dwave-networkx is deprecated and will be replaced by dwave-graphs in Ocean 10. Most functionality previously provided by dwave-networkx is now available as part of dwave-graphs under the 'dwave.graphs' namespace.
  import dwave_networkx as dnx
/data/max/ember/docs/paper2/data/cstable_probe.py:52: DeprecationWarning: dwave-networkx is deprecated and will be replaced by dwave-graphs in Ocean 10. Most functionality previously provided by dwave-networkx is now available as part of dwave-graphs under the 'dwave.graphs' namespace.
  import dwave_networkx as dnx
/data/max/ember/docs/paper2/data/cstable_probe.py:52: DeprecationWarning: dwave-networkx is deprecated and will be replaced by dwave-graphs in Ocean 10. Most functionality previously provided by dwave-networkx is now available as part of dwave-graphs under the 'dwave.graphs' namespace.
  import dwave_networkx as dnx
/data/max/ember/docs/paper2/data/cstable_probe.py:52: DeprecationWarning: dwave-networkx is deprecated and will be replaced by dwave-graphs in Ocean 10. Most functionality previously provided by dwave-networkx is now available as part of dwave-graphs under the 'dwave.graphs' namespace.
  import dwave_networkx as dnx
/data/max/ember/docs/paper2/data/cstable_probe.py:52: DeprecationWarning: dwave-networkx is deprecated and will be replaced by dwave-graphs in Ocean 10. Most functionality previously provided by dwave-networkx is now available as part of dwave-graphs under the 'dwave.graphs' namespace.
  import dwave_networkx as dnx
/data/max/ember/docs/paper2/data/cstable_probe.py:52: DeprecationWarning: dwave-networkx is deprecated and will be replaced by dwave-graphs in Ocean 10. Most functionality previously provided by dwave-networkx is now available as part of dwave-graphs under the 'dwave.graphs' namespace.
  import dwave_networkx as dnx
/data/max/ember/docs/paper2/data/cstable_probe.py:52: DeprecationWarning: dwave-networkx is deprecated and will be replaced by dwave-graphs in Ocean 10. Most functionality previously provided by dwave-networkx is now available as part of dwave-graphs under the 'dwave.graphs' namespace.
  import dwave_networkx as dnx
/data/max/ember/docs/paper2/data/cstable_probe.py:52: DeprecationWarning: dwave-networkx is deprecated and will be replaced by dwave-graphs in Ocean 10. Most functionality previously provided by dwave-networkx is now available as part of dwave-graphs under the 'dwave.graphs' namespace.
  import dwave_networkx as dnx
/data/max/ember/docs/paper2/data/cstable_probe.py:52: DeprecationWarning: dwave-networkx is deprecated and will be replaced by dwave-graphs in Ocean 10. Most functionality previously provided by dwave-networkx is now available as part of dwave-graphs under the 'dwave.graphs' namespace.
  import dwave_networkx as dnx
/data/max/ember/docs/paper2/data/cstable_probe.py:52: DeprecationWarning: dwave-networkx is deprecated and will be replaced by dwave-graphs in Ocean 10. Most functionality previously provided by dwave-networkx is now available as part of dwave-graphs under the 'dwave.graphs' namespace.
  import dwave_networkx as dnx
/data/max/ember/docs/paper2/data/cstable_probe.py:52: DeprecationWarning: dwave-networkx is deprecated and will be replaced by dwave-graphs in Ocean 10. Most functionality previously provided by dwave-networkx is now available as part of dwave-graphs under the 'dwave.graphs' namespace.
  import dwave_networkx as dnx
/data/max/ember/docs/paper2/data/cstable_probe.py:52: DeprecationWarning: dwave-networkx is deprecated and will be replaced by dwave-graphs in Ocean 10. Most functionality previously provided by dwave-networkx is now available as part of dwave-graphs under the 'dwave.graphs' namespace.
  import dwave_networkx as dnx
/data/max/ember/docs/paper2/data/cstable_probe.py:52: DeprecationWarning: dwave-networkx is deprecated and will be replaced by dwave-graphs in Ocean 10. Most functionality previously provided by dwave-networkx is now available as part of dwave-graphs under the 'dwave.graphs' namespace.
  import dwave_networkx as dnx
/data/max/ember/docs/paper2/data/cstable_probe.py:52: DeprecationWarning: dwave-networkx is deprecated and will be replaced by dwave-graphs in Ocean 10. Most functionality previously provided by dwave-networkx is now available as part of dwave-graphs under the 'dwave.graphs' namespace.
  import dwave_networkx as dnx
/data/max/ember/docs/paper2/data/cstable_probe.py:52: DeprecationWarning: dwave-networkx is deprecated and will be replaced by dwave-graphs in Ocean 10. Most functionality previously provided by dwave-networkx is now available as part of dwave-graphs under the 'dwave.graphs' namespace.
  import dwave_networkx as dnx
/data/max/ember/docs/paper2/data/cstable_probe.py:52: DeprecationWarning: dwave-networkx is deprecated and will be replaced by dwave-graphs in Ocean 10. Most functionality previously provided by dwave-networkx is now available as part of dwave-graphs under the 'dwave.graphs' namespace.
  import dwave_networkx as dnx
Z12 turan_n162         default  seed 0: 6.772 mx=8 steps=None E_c=4304.0 (38.6s)
Z12 turan_n162         default  seed 1: 6.772 mx=8 steps=None E_c=4304.0 (31.1s)
Z12 turan_n162         default  seed 2: 6.802 mx=8 steps=None E_c=4304.0 (43.5s)
Z12 turan_n162         cstable  seed 0: 6.0 mx=6 steps=50 E_c=3922.7 (21.0s)
Z12 turan_n162         cstable  seed 1: 6.759 mx=8 steps=50 E_c=3922.7 (35.4s)
Z12 turan_n162         cstable  seed 2: 6.0 mx=6 steps=50 E_c=3922.7 (21.6s)
Z12 K100               default  seed 0: 7.79 mx=10 steps=None E_c=551.9 (14.8s)
Z12 K100               default  seed 1: 7.79 mx=10 steps=None E_c=551.9 (18.2s)
Z12 K100               default  seed 2: 7.79 mx=10 steps=None E_c=551.9 (18.9s)
Z12 K100               cstable  seed 0: 8.08 mx=9 steps=50 E_c=364.0 (24.4s)
Z12 K100               cstable  seed 1: 8.08 mx=9 steps=50 E_c=364.0 (24.2s)
Z12 K100               cstable  seed 2: 8.06 mx=9 steps=50 E_c=364.0 (28.2s)
Z12 K140               default  seed 0: 10.521 mx=12 steps=None E_c=981.3 (52.2s)
Z12 K140               default  seed 1: 10.521 mx=12 steps=None E_c=981.3 (51.9s)
Z12 K140               default  seed 2: 10.521 mx=12 steps=None E_c=981.3 (52.8s)
Z12 K140               cstable  seed 0: 10.457 mx=12 steps=50 E_c=730.4 (56.0s)
Z12 K140               cstable  seed 1: 10.464 mx=12 steps=50 E_c=730.4 (44.8s)
Z12 K140               cstable  seed 2: 10.464 mx=12 steps=50 E_c=730.4 (51.0s)
Z12 spin_glass_n163    default  seed 0: 12.006 mx=17 steps=None E_c=582.8 (22.6s)
Z12 spin_glass_n163    default  seed 1: 12.012 mx=17 steps=None E_c=582.8 (20.3s)
Z12 spin_glass_n163    default  seed 2: 12.031 mx=16 steps=None E_c=582.8 (26.3s)
Z12 spin_glass_n163    cstable  seed 0: 11.761 mx=18 steps=50 E_c=161.3 (19.5s)
Z12 spin_glass_n163    cstable  seed 1: 11.791 mx=18 steps=50 E_c=161.3 (19.1s)
Z12 spin_glass_n163    cstable  seed 2: 11.834 mx=15 steps=50 E_c=161.3 (24.0s)
P16 turan_n162         default  seed 0: 7.815 mx=8 steps=None E_c=1068.6 (47.5s)
P16 turan_n162         default  seed 1: 8.0 mx=8 steps=None E_c=1068.6 (51.7s)
P16 turan_n162         default  seed 2: 8.0 mx=8 steps=None E_c=1068.6 (59.1s)
P16 turan_n162         cstable  seed 0: 8.5 mx=9 steps=25 E_c=217.2 (52.3s)
P16 turan_n162         cstable  seed 1: 8.432 mx=10 steps=25 E_c=217.2 (28.5s)
P16 turan_n162         cstable  seed 2: 8.142 mx=9 steps=25 E_c=217.2 (27.7s)
P16 K100               default  seed 0: 12.68 mx=20 steps=None E_c=943.5 (25.4s)
P16 K100               default  seed 1: 13.27 mx=20 steps=None E_c=943.5 (61.0s)
P16 K100               default  seed 2: 13.61 mx=21 steps=None E_c=943.5 (23.3s)
P16 K100               cstable  seed 0: 12.57 mx=17 steps=16 E_c=556.9 (61.4s)
P16 K100               cstable  seed 1: 14.63 mx=22 steps=16 E_c=556.9 (60.6s)
P16 K100               cstable  seed 2: 12.93 mx=20 steps=16 E_c=556.9 (26.3s)
P16 ws_n486            default  seed 0: 3.747 mx=17 steps=None E_c=453.6 (22.1s)
P16 ws_n486            default  seed 1: 3.967 mx=19 steps=None E_c=453.2 (18.0s)
P16 ws_n486            default  seed 2: 3.794 mx=19 steps=None E_c=453.6 (31.1s)
P16 ws_n486            cstable  seed 0: 3.922 mx=15 steps=32 E_c=232.8 (11.7s)
P16 ws_n486            cstable  seed 1: 3.576 mx=14 steps=32 E_c=235.4 (9.6s)
P16 ws_n486            cstable  seed 2: 4.043 mx=17 steps=32 E_c=232.8 (12.8s)

summary (mean ACL; d = cstable - default, negative = wins):
Z12 turan_n162         default=6.782(3) cstable=6.253(3) steps=50.0 d=-0.529
Z12 K100               default=7.79(3) cstable=8.073(3) steps=50.0 d=+0.283
Z12 K140               default=10.521(3) cstable=10.462(3) steps=50.0 d=-0.059
Z12 spin_glass_n163    default=12.016(3) cstable=11.795(3) steps=50.0 d=-0.221
P16 turan_n162         default=7.938(3) cstable=8.358(3) steps=25.0 d=+0.420
P16 K100               default=13.187(3) cstable=13.377(3) steps=16.0 d=+0.190
P16 ws_n486            default=3.836(3) cstable=3.847(3) steps=32.0 d=+0.011
load at end: (12.7158203125, 11.75244140625, 6.0478515625)
done-probe
