10 cells, 132 jobs; load (93.02392578125, 85.10595703125, 81.13818359375)
/data/max/ember/docs/paper2/data/default_probe.py:61: DeprecationWarning: dwave-networkx is deprecated and will be replaced by dwave-graphs in Ocean 10. Most functionality previously provided by dwave-networkx is now available as part of dwave-graphs under the 'dwave.graphs' namespace.
  import dwave_networkx as dnx
/data/max/ember/docs/paper2/data/default_probe.py:61: DeprecationWarning: dwave-networkx is deprecated and will be replaced by dwave-graphs in Ocean 10. Most functionality previously provided by dwave-networkx is now available as part of dwave-graphs under the 'dwave.graphs' namespace.
  import dwave_networkx as dnx
/data/max/ember/docs/paper2/data/default_probe.py:61: DeprecationWarning: dwave-networkx is deprecated and will be replaced by dwave-graphs in Ocean 10. Most functionality previously provided by dwave-networkx is now available as part of dwave-graphs under the 'dwave.graphs' namespace.
  import dwave_networkx as dnx
/data/max/ember/docs/paper2/data/default_probe.py:61: DeprecationWarning: dwave-networkx is deprecated and will be replaced by dwave-graphs in Ocean 10. Most functionality previously provided by dwave-networkx is now available as part of dwave-graphs under the 'dwave.graphs' namespace.
  import dwave_networkx as dnx
/data/max/ember/docs/paper2/data/default_probe.py:61: DeprecationWarning: dwave-networkx is deprecated and will be replaced by dwave-graphs in Ocean 10. Most functionality previously provided by dwave-networkx is now available as part of dwave-graphs under the 'dwave.graphs' namespace.
  import dwave_networkx as dnx
/data/max/ember/docs/paper2/data/default_probe.py:61: DeprecationWarning: dwave-networkx is deprecated and will be replaced by dwave-graphs in Ocean 10. Most functionality previously provided by dwave-networkx is now available as part of dwave-graphs under the 'dwave.graphs' namespace.
  import dwave_networkx as dnx
/data/max/ember/docs/paper2/data/default_probe.py:61: DeprecationWarning: dwave-networkx is deprecated and will be replaced by dwave-graphs in Ocean 10. Most functionality previously provided by dwave-networkx is now available as part of dwave-graphs under the 'dwave.graphs' namespace.
  import dwave_networkx as dnx
/data/max/ember/docs/paper2/data/default_probe.py:61: DeprecationWarning: dwave-networkx is deprecated and will be replaced by dwave-graphs in Ocean 10. Most functionality previously provided by dwave-networkx is now available as part of dwave-graphs under the 'dwave.graphs' namespace.
  import dwave_networkx as dnx
/data/max/ember/docs/paper2/data/default_probe.py:61: DeprecationWarning: dwave-networkx is deprecated and will be replaced by dwave-graphs in Ocean 10. Most functionality previously provided by dwave-networkx is now available as part of dwave-graphs under the 'dwave.graphs' namespace.
  import dwave_networkx as dnx
/data/max/ember/docs/paper2/data/default_probe.py:61: DeprecationWarning: dwave-networkx is deprecated and will be replaced by dwave-graphs in Ocean 10. Most functionality previously provided by dwave-networkx is now available as part of dwave-graphs under the 'dwave.graphs' namespace.
  import dwave_networkx as dnx
/data/max/ember/docs/paper2/data/default_probe.py:61: DeprecationWarning: dwave-networkx is deprecated and will be replaced by dwave-graphs in Ocean 10. Most functionality previously provided by dwave-networkx is now available as part of dwave-graphs under the 'dwave.graphs' namespace.
  import dwave_networkx as dnx
/data/max/ember/docs/paper2/data/default_probe.py:61: DeprecationWarning: dwave-networkx is deprecated and will be replaced by dwave-graphs in Ocean 10. Most functionality previously provided by dwave-networkx is now available as part of dwave-graphs under the 'dwave.graphs' namespace.
  import dwave_networkx as dnx
/data/max/ember/docs/paper2/data/default_probe.py:61: DeprecationWarning: dwave-networkx is deprecated and will be replaced by dwave-graphs in Ocean 10. Most functionality previously provided by dwave-networkx is now available as part of dwave-graphs under the 'dwave.graphs' namespace.
  import dwave_networkx as dnx
/data/max/ember/docs/paper2/data/default_probe.py:61: DeprecationWarning: dwave-networkx is deprecated and will be replaced by dwave-graphs in Ocean 10. Most functionality previously provided by dwave-networkx is now available as part of dwave-graphs under the 'dwave.graphs' namespace.
  import dwave_networkx as dnx
/data/max/ember/docs/paper2/data/default_probe.py:61: DeprecationWarning: dwave-networkx is deprecated and will be replaced by dwave-graphs in Ocean 10. Most functionality previously provided by dwave-networkx is now available as part of dwave-graphs under the 'dwave.graphs' namespace.
  import dwave_networkx as dnx
/data/max/ember/docs/paper2/data/default_probe.py:61: DeprecationWarning: dwave-networkx is deprecated and will be replaced by dwave-graphs in Ocean 10. Most functionality previously provided by dwave-networkx is now available as part of dwave-graphs under the 'dwave.graphs' namespace.
  import dwave_networkx as dnx
/data/max/ember/docs/paper2/data/default_probe.py:61: DeprecationWarning: dwave-networkx is deprecated and will be replaced by dwave-graphs in Ocean 10. Most functionality previously provided by dwave-networkx is now available as part of dwave-graphs under the 'dwave.graphs' namespace.
  import dwave_networkx as dnx
/data/max/ember/docs/paper2/data/default_probe.py:61: DeprecationWarning: dwave-networkx is deprecated and will be replaced by dwave-graphs in Ocean 10. Most functionality previously provided by dwave-networkx is now available as part of dwave-graphs under the 'dwave.graphs' namespace.
  import dwave_networkx as dnx
/data/max/ember/docs/paper2/data/default_probe.py:61: DeprecationWarning: dwave-networkx is deprecated and will be replaced by dwave-graphs in Ocean 10. Most functionality previously provided by dwave-networkx is now available as part of dwave-graphs under the 'dwave.graphs' namespace.
  import dwave_networkx as dnx
/data/max/ember/docs/paper2/data/default_probe.py:61: DeprecationWarning: dwave-networkx is deprecated and will be replaced by dwave-graphs in Ocean 10. Most functionality previously provided by dwave-networkx is now available as part of dwave-graphs under the 'dwave.graphs' namespace.
  import dwave_networkx as dnx
/data/max/ember/docs/paper2/data/default_probe.py:61: DeprecationWarning: dwave-networkx is deprecated and will be replaced by dwave-graphs in Ocean 10. Most functionality previously provided by dwave-networkx is now available as part of dwave-graphs under the 'dwave.graphs' namespace.
  import dwave_networkx as dnx
/data/max/ember/docs/paper2/data/default_probe.py:61: DeprecationWarning: dwave-networkx is deprecated and will be replaced by dwave-graphs in Ocean 10. Most functionality previously provided by dwave-networkx is now available as part of dwave-graphs under the 'dwave.graphs' namespace.
  import dwave_networkx as dnx
/data/max/ember/docs/paper2/data/default_probe.py:61: DeprecationWarning: dwave-networkx is deprecated and will be replaced by dwave-graphs in Ocean 10. Most functionality previously provided by dwave-networkx is now available as part of dwave-graphs under the 'dwave.graphs' namespace.
  import dwave_networkx as dnx
/data/max/ember/docs/paper2/data/default_probe.py:61: DeprecationWarning: dwave-networkx is deprecated and will be replaced by dwave-graphs in Ocean 10. Most functionality previously provided by dwave-networkx is now available as part of dwave-graphs under the 'dwave.graphs' namespace.
  import dwave_networkx as dnx
Z12 K100               lex          seed 0: 7.54 mx=8 pen=0.0 acc=8 ro=None def=0 skip=True (65.9s)
Z12 K100               lex          seed 1: 7.31 mx=8 pen=0.0 acc=11 ro=None def=0 skip=True (61.7s)
Z12 K100               lex          seed 2: 7.54 mx=8 pen=0.0 acc=8 ro=None def=0 skip=True (60.9s)
Z12 K100               plane-nocenter seed 0: 7.26 mx=8 pen=None acc=200 ro=1487 def=0 skip=True (60.5s)
Z12 K100               plane-nocenter seed 1: 7.26 mx=8 pen=None acc=194 ro=847 def=0 skip=True (63.2s)
Z12 K100               plane-nocenter seed 2: 7.26 mx=8 pen=None acc=200 ro=1410 def=0 skip=True (63.6s)
Z12 K100               plane        seed 0: 7.26 mx=8 pen=None acc=196 ro=1089 def=0 skip=True (64.6s)
Z12 K100               plane        seed 1: 7.26 mx=8 pen=None acc=191 ro=529 def=0 skip=True (63.2s)
Z12 K100               plane        seed 2: 7.26 mx=8 pen=None acc=192 ro=686 def=0 skip=True (63.6s)
Z12 K140               lex          seed 0: 9.886 mx=11 pen=0.0 acc=5 ro=None def=0 skip=True (75.7s)
Z12 K140               lex          seed 1: 9.886 mx=11 pen=0.0 acc=5 ro=None def=0 skip=True (70.6s)
Z12 K140               lex          seed 2: 9.886 mx=11 pen=0.0 acc=5 ro=None def=0 skip=True (77.2s)
Z12 K140               plane-nocenter seed 0: 9.914 mx=11 pen=None acc=260 ro=434 def=0 skip=True (64.8s)
Z12 K140               plane-nocenter seed 1: 9.764 mx=10 pen=None acc=306 ro=647 def=0 skip=True (74.6s)
Z12 K140               plane-nocenter seed 2: 9.764 mx=10 pen=None acc=307 ro=866 def=0 skip=True (80.2s)
Z12 K140               plane        seed 0: 9.764 mx=10 pen=None acc=343 ro=974 def=0 skip=True (62.0s)
Z12 K140               plane        seed 1: 9.764 mx=10 pen=None acc=307 ro=869 def=0 skip=True (81.0s)
Z12 K140               plane        seed 2: 9.764 mx=10 pen=None acc=315 ro=897 def=0 skip=True (63.6s)
Z12 ER100_d10          lex          seed 0: 4.73 mx=8 pen=0.0 acc=71 ro=None def=0 skip=True (60.0s)
Z12 ER100_d10          lex          seed 1: 4.52 mx=8 pen=0.0 acc=71 ro=None def=4 skip=False (60.1s)
Z12 ER100_d10          lex          seed 2: 4.65 mx=8 pen=0.0 acc=71 ro=None def=0 skip=True (60.1s)
Z12 ER100_d10          plane-nocenter seed 0: 4.81 mx=9 pen=None acc=710 ro=974 def=0 skip=True (60.1s)
Z12 ER100_d10          plane-nocenter seed 1: 5.49 mx=10 pen=None acc=1326 ro=1883 def=0 skip=True (60.0s)
Z12 ER100_d10          plane-nocenter seed 2: 4.98 mx=9 pen=None acc=1190 ro=1702 def=0 skip=True (60.1s)
Z12 ER100_d10          plane        seed 0: 4.81 mx=9 pen=None acc=3912 ro=5635 def=0 skip=True (60.1s)
Z12 ER100_d10          plane        seed 1: 5.49 mx=10 pen=None acc=5271 ro=7592 def=0 skip=True (60.1s)
Z12 ER100_d10          plane        seed 2: 4.98 mx=9 pen=None acc=4892 ro=7079 def=0 skip=True (60.0s)
Z12 turan_n162         lex          seed 0: 6.0 mx=6 pen=0.0 acc=2 ro=None def=0 skip=True (62.4s)
Z12 turan_n162         lex          seed 1: 6.0 mx=6 pen=0.0 acc=2 ro=None def=0 skip=True (64.8s)
Z12 turan_n162         lex          seed 2: 6.0 mx=6 pen=0.0 acc=2 ro=None def=0 skip=True (63.4s)
Z12 turan_n162         lex          seed 3: 6.0 mx=6 pen=0.0 acc=2 ro=None def=0 skip=True (62.4s)
Z12 turan_n162         lex          seed 4: 6.0 mx=6 pen=0.0 acc=2 ro=None def=0 skip=True (64.0s)
Z12 turan_n162         lex          seed 5: 6.0 mx=6 pen=0.0 acc=2 ro=None def=0 skip=True (64.6s)
Z12 turan_n162         lex          seed 6: 6.0 mx=6 pen=0.0 acc=2 ro=None def=0 skip=True (62.7s)
Z12 turan_n162         lex          seed 7: 6.0 mx=6 pen=0.0 acc=2 ro=None def=0 skip=True (64.8s)
Z12 turan_n162         lex          seed 8: 6.0 mx=6 pen=0.0 acc=2 ro=None def=0 skip=True (60.5s)
Z12 turan_n162         lex          seed 9: 6.0 mx=6 pen=0.0 acc=2 ro=None def=0 skip=True (66.1s)
Z12 turan_n162         plane-nocenter seed 0: 6.228 mx=7 pen=None acc=1022 ro=1092 def=0 skip=True (61.6s)
Z12 turan_n162         plane-nocenter seed 1: 6.228 mx=7 pen=None acc=589 ro=593 def=0 skip=True (62.2s)
Z12 turan_n162         plane-nocenter seed 2: 6.228 mx=7 pen=None acc=842 ro=910 def=0 skip=True (63.0s)
Z12 turan_n162         plane-nocenter seed 3: 6.228 mx=7 pen=None acc=920 ro=989 def=0 skip=True (62.2s)
Z12 turan_n162         plane-nocenter seed 4: 6.228 mx=7 pen=None acc=951 ro=1020 def=0 skip=True (63.0s)
Z12 turan_n162         plane-nocenter seed 5: 6.228 mx=7 pen=None acc=597 ro=601 def=0 skip=True (63.0s)
Z12 turan_n162         plane-nocenter seed 6: 6.228 mx=7 pen=None acc=1022 ro=1092 def=0 skip=True (63.3s)
Z12 turan_n162         plane-nocenter seed 7: 6.228 mx=7 pen=None acc=647 ro=651 def=0 skip=True (63.8s)
Z12 turan_n162         plane-nocenter seed 8: 6.228 mx=7 pen=None acc=659 ro=663 def=0 skip=True (61.2s)
Z12 turan_n162         plane-nocenter seed 9: 6.0 mx=6 pen=None acc=999 ro=1069 def=0 skip=True (60.4s)
Z12 turan_n162         plane        seed 0: 6.228 mx=7 pen=None acc=985 ro=1055 def=0 skip=True (63.9s)
Z12 turan_n162         plane        seed 1: 6.228 mx=7 pen=None acc=474 ro=478 def=0 skip=True (60.2s)
Z12 turan_n162         plane        seed 2: 6.228 mx=7 pen=None acc=847 ro=915 def=0 skip=True (65.0s)
Z12 turan_n162         plane        seed 3: 6.235 mx=7 pen=None acc=693 ro=760 def=0 skip=True (60.6s)
Z12 turan_n162         plane        seed 4: 6.228 mx=7 pen=None acc=785 ro=853 def=0 skip=True (62.8s)
Z12 turan_n162         plane        seed 5: 6.228 mx=7 pen=None acc=470 ro=474 def=0 skip=True (62.5s)
Z12 turan_n162         plane        seed 6: 6.228 mx=7 pen=None acc=807 ro=875 def=0 skip=True (64.6s)
Z12 turan_n162         plane        seed 7: 6.228 mx=7 pen=None acc=440 ro=444 def=0 skip=True (70.6s)
Z12 turan_n162         plane        seed 8: 6.228 mx=7 pen=None acc=503 ro=507 def=0 skip=True (68.2s)
Z12 turan_n162         plane        seed 9: 6.0 mx=6 pen=None acc=907 ro=976 def=0 skip=True (83.8s)
Z12 spin_glass_n163    lex          seed 0: 11.117 mx=12 pen=0.0 acc=28 ro=None def=0 skip=True (67.8s)
Z12 spin_glass_n163    lex          seed 1: 11.117 mx=12 pen=0.0 acc=28 ro=None def=0 skip=True (62.7s)
Z12 spin_glass_n163    lex          seed 2: 11.117 mx=12 pen=0.0 acc=28 ro=None def=0 skip=True (66.5s)
Z12 spin_glass_n163    plane-nocenter seed 0: 11.117 mx=12 pen=None acc=765 ro=1624 def=0 skip=True (73.3s)
Z12 spin_glass_n163    plane-nocenter seed 1: 11.098 mx=12 pen=None acc=742 ro=1550 def=0 skip=True (76.9s)
Z12 spin_glass_n163    plane-nocenter seed 2: 11.11 mx=12 pen=None acc=812 ro=1753 def=0 skip=True (87.2s)
Z12 spin_glass_n163    plane        seed 0: 11.123 mx=12 pen=None acc=691 ro=1327 def=0 skip=True (61.1s)
Z12 spin_glass_n163    plane        seed 1: 11.11 mx=12 pen=None acc=780 ro=1684 def=0 skip=True (77.0s)
Z12 spin_glass_n163    plane        seed 2: 11.098 mx=12 pen=None acc=702 ro=1377 def=0 skip=True (85.1s)
Z12 regular_n316       lex          seed 0: 2.81 mx=7 pen=0.0 acc=87 ro=None def=15 skip=False (60.1s)
Z12 regular_n316       lex          seed 1: 2.845 mx=7 pen=0.0 acc=75 ro=None def=21 skip=False (60.1s)
Z12 regular_n316       lex          seed 2: 2.949 mx=7 pen=0.0 acc=87 ro=None def=10 skip=False (60.2s)
Z12 regular_n316       plane-nocenter seed 0: 2.557 mx=6 pen=None acc=1444 ro=1515 def=1 skip=False (60.1s)
Z12 regular_n316       plane-nocenter seed 1: 2.706 mx=6 pen=None acc=1648 ro=1738 def=1 skip=False (60.1s)
Z12 regular_n316       plane-nocenter seed 2: 2.756 mx=6 pen=None acc=1559 ro=1634 def=1 skip=False (60.1s)
Z12 regular_n316       plane        seed 0: 2.557 mx=6 pen=None acc=618 ro=632 def=1 skip=False (60.0s)
Z12 regular_n316       plane        seed 1: 2.706 mx=6 pen=None acc=592 ro=598 def=1 skip=False (60.1s)
Z12 regular_n316       plane        seed 2: 2.756 mx=6 pen=None acc=736 ro=760 def=1 skip=False (60.1s)
Z12 ws_n486            lex          seed 0: 2.442 mx=7 pen=254.0 acc=43 ro=None def=25 skip=False (60.0s)
Z12 ws_n486            lex          seed 1: 2.527 mx=8 pen=174.0 acc=84 ro=None def=23 skip=False (60.1s)
Z12 ws_n486            lex          seed 2: 2.609 mx=8 pen=197.0 acc=68 ro=None def=17 skip=False (60.1s)
Z12 ws_n486            lex          seed 3: 2.541 mx=8 pen=165.0 acc=97 ro=None def=28 skip=False (60.1s)
Z12 ws_n486            lex          seed 4: 2.504 mx=8 pen=176.0 acc=83 ro=None def=23 skip=False (60.5s)
Z12 ws_n486            lex          seed 5: 2.463 mx=8 pen=215.0 acc=65 ro=None def=24 skip=False (60.0s)
Z12 ws_n486            lex          seed 6: 2.623 mx=9 pen=178.0 acc=80 ro=None def=17 skip=False (60.1s)
Z12 ws_n486            lex          seed 7: 2.523 mx=8 pen=181.0 acc=76 ro=None def=21 skip=False (60.0s)
Z12 ws_n486            lex          seed 8: 2.714 mx=9 pen=167.0 acc=94 ro=None def=28 skip=False (60.0s)
Z12 ws_n486            lex          seed 9: 2.815 mx=9 pen=165.0 acc=97 ro=None def=28 skip=False (60.5s)
Z12 ws_n486            plane-nocenter seed 0: 2.453 mx=8 pen=None acc=379 ro=383 def=42 skip=False (60.1s)
Z12 ws_n486            plane-nocenter seed 1: 2.685 mx=10 pen=None acc=542 ro=554 def=42 skip=False (60.0s)
Z12 ws_n486            plane-nocenter seed 2: 2.523 mx=8 pen=None acc=605 ro=627 def=42 skip=False (60.1s)
Z12 ws_n486            plane-nocenter seed 3: 2.523 mx=8 pen=None acc=373 ro=377 def=42 skip=False (60.0s)
Z12 ws_n486            plane-nocenter seed 4: 2.595 mx=8 pen=None acc=430 ro=434 def=42 skip=False (60.0s)
Z12 ws_n486            plane-nocenter seed 5: 2.498 mx=7 pen=None acc=622 ro=644 def=42 skip=False (60.0s)
Z12 ws_n486            plane-nocenter seed 6: 2.512 mx=7 pen=None acc=572 ro=589 def=42 skip=False (60.1s)
Z12 ws_n486            plane-nocenter seed 7: 2.533 mx=8 pen=None acc=711 ro=733 def=42 skip=False (60.0s)
Z12 ws_n486            plane-nocenter seed 8: 2.679 mx=8 pen=None acc=720 ro=742 def=42 skip=False (60.0s)
Z12 ws_n486            plane-nocenter seed 9: 2.679 mx=8 pen=None acc=739 ro=762 def=42 skip=False (60.0s)
Z12 ws_n486            plane        seed 0: 2.453 mx=8 pen=None acc=751 ro=777 def=42 skip=False (60.0s)
Z12 ws_n486            plane        seed 1: 2.685 mx=10 pen=None acc=710 ro=732 def=42 skip=False (60.0s)
Z12 ws_n486            plane        seed 2: 2.523 mx=8 pen=None acc=697 ro=719 def=42 skip=False (60.1s)
Z12 ws_n486            plane        seed 3: 2.523 mx=8 pen=None acc=754 ro=786 def=42 skip=False (60.0s)
Z12 ws_n486            plane        seed 4: 2.595 mx=8 pen=None acc=808 ro=859 def=42 skip=False (60.2s)
Z12 ws_n486            plane        seed 5: 2.498 mx=7 pen=None acc=765 ro=800 def=42 skip=False (60.1s)
Z12 ws_n486            plane        seed 6: 2.512 mx=7 pen=None acc=846 ro=900 def=42 skip=False (60.0s)
Z12 ws_n486            plane        seed 7: 2.533 mx=8 pen=None acc=786 ro=830 def=42 skip=False (60.0s)
Z12 ws_n486            plane        seed 8: 2.679 mx=8 pen=None acc=839 ro=893 def=42 skip=False (60.0s)
Z12 ws_n486            plane        seed 9: 2.679 mx=8 pen=None acc=808 ro=860 def=42 skip=False (60.0s)
Z12 grid_200           lex          seed 0: 1.135 mx=2 pen=0.0 acc=50 ro=None def=7 skip=False (60.1s)
Z12 grid_200           lex          seed 1: 1.045 mx=2 pen=0.0 acc=50 ro=None def=7 skip=False (60.1s)
Z12 grid_200           lex          seed 2: 1.115 mx=2 pen=0.0 acc=50 ro=None def=7 skip=False (60.1s)
Z12 grid_200           plane-nocenter seed 0: 1.285 mx=3 pen=None acc=1279 ro=1388 def=0 skip=True (60.1s)
Z12 grid_200           plane-nocenter seed 1: 1.095 mx=2 pen=None acc=1409 ro=1533 def=0 skip=True (60.0s)
Z12 grid_200           plane-nocenter seed 2: 1.135 mx=2 pen=None acc=1400 ro=1524 def=0 skip=True (60.0s)
Z12 grid_200           plane        seed 0: 1.285 mx=3 pen=None acc=1233 ro=1342 def=0 skip=True (60.0s)
Z12 grid_200           plane        seed 1: 1.095 mx=2 pen=None acc=1334 ro=1449 def=0 skip=True (60.0s)
Z12 grid_200           plane        seed 2: 1.135 mx=2 pen=None acc=1423 ro=1547 def=0 skip=True (60.0s)
Z12 honeycomb_200      lex          seed 0: 1.1 mx=2 pen=0.0 acc=40 ro=None def=10 skip=False (60.0s)
Z12 honeycomb_200      lex          seed 1: 1.085 mx=2 pen=0.0 acc=40 ro=None def=10 skip=False (60.0s)
Z12 honeycomb_200      lex          seed 2: 1.085 mx=2 pen=0.0 acc=40 ro=None def=10 skip=False (60.0s)
Z12 honeycomb_200      plane-nocenter seed 0: 1.205 mx=3 pen=None acc=1526 ro=1802 def=0 skip=True (60.0s)
Z12 honeycomb_200      plane-nocenter seed 1: 1.13 mx=2 pen=None acc=1716 ro=1998 def=0 skip=True (60.0s)
Z12 honeycomb_200      plane-nocenter seed 2: 1.285 mx=3 pen=None acc=1490 ro=1751 def=0 skip=True (60.0s)
Z12 honeycomb_200      plane        seed 0: 1.205 mx=3 pen=None acc=1833 ro=2151 def=0 skip=True (60.1s)
Z12 honeycomb_200      plane        seed 1: 1.13 mx=2 pen=None acc=1890 ro=2228 def=0 skip=True (60.0s)
Z12 honeycomb_200      plane        seed 2: 1.285 mx=3 pen=None acc=2038 ro=2391 def=0 skip=True (60.0s)
Z12 king_graph_196     lex          seed 0: 1.5 mx=3 pen=0.0 acc=74 ro=None def=10 skip=False (60.1s)
Z12 king_graph_196     lex          seed 1: 1.622 mx=3 pen=0.0 acc=74 ro=None def=4 skip=False (60.1s)
Z12 king_graph_196     lex          seed 2: 1.582 mx=3 pen=0.0 acc=76 ro=None def=20 skip=False (60.2s)
Z12 king_graph_196     plane-nocenter seed 0: 2.168 mx=5 pen=None acc=619 ro=902 def=0 skip=True (60.1s)
Z12 king_graph_196     plane-nocenter seed 1: 1.75 mx=3 pen=None acc=444 ro=652 def=0 skip=True (60.2s)
Z12 king_graph_196     plane-nocenter seed 2: 1.551 mx=3 pen=None acc=465 ro=678 def=0 skip=True (60.0s)
Z12 king_graph_196     plane        seed 0: 2.148 mx=5 pen=None acc=410 ro=592 def=0 skip=True (60.0s)
Z12 king_graph_196     plane        seed 1: 1.75 mx=3 pen=None acc=405 ro=576 def=0 skip=True (60.1s)
Z12 king_graph_196     plane        seed 2: 1.551 mx=3 pen=None acc=434 ro=633 def=0 skip=True (60.1s)

summary (mean ACL; d = arm - lex, negative = wins):
Z12 K100               lex=7.463(3) mx=8.0 | plane-nocenter=7.26(3) mx=8.0 mes=23.0 d=-0.203 | plane=7.26(3) mx=8.0 mes=23.0 d=-0.203
Z12 K140               lex=9.886(3) mx=11.0 | plane-nocenter=9.814(3) mx=10.333 mes=34.0 d=-0.072 | plane=9.764(3) mx=10.0 mes=34.0 d=-0.122
Z12 ER100_d10          lex=4.633(3) mx=8.0 | plane-nocenter=5.093(3) mx=9.333 mes=20.0 d=+0.460 | plane=5.093(3) mx=9.333 mes=20.0 d=+0.460
Z12 turan_n162         lex=6.0(10) mx=6.0 | plane-nocenter=6.205(10) mx=6.9 mes=27.6 d=+0.205 | plane=6.206(10) mx=6.9 mes=27.6 d=+0.206
Z12 spin_glass_n163    lex=11.117(3) mx=12.0 | plane-nocenter=11.108(3) mx=12.0 mes=37.0 d=-0.009 | plane=11.11(3) mx=12.0 mes=37.0 d=-0.007
Z12 regular_n316       lex=2.868(3) mx=7.0 | plane-nocenter=2.673(3) mx=6.0 mes=22.0 d=-0.195 | plane=2.673(3) mx=6.0 mes=22.0 d=-0.195
Z12 ws_n486            lex=2.576(10) mx=8.2 | plane-nocenter=2.568(10) mx=8.0 mes=23.0 d=-0.008 | plane=2.568(10) mx=8.0 mes=23.0 d=-0.008
Z12 grid_200           lex=1.098(3) mx=2.0 | plane-nocenter=1.172(3) mx=2.333 mes=9.0 d=+0.074 | plane=1.172(3) mx=2.333 mes=9.0 d=+0.074
Z12 honeycomb_200      lex=1.09(3) mx=2.0 | plane-nocenter=1.207(3) mx=2.667 mes=22.0 d=+0.117 | plane=1.207(3) mx=2.667 mes=22.0 d=+0.117
Z12 king_graph_196     lex=1.568(3) mx=3.0 | plane-nocenter=1.823(3) mx=3.667 mes=10.0 d=+0.255 | plane=1.816(3) mx=3.667 mes=10.0 d=+0.248

BAR turan_n162/Z12: acl {'lex': 6.0, 'plane-nocenter': 6.205, 'plane': 6.206} mx {'lex': 6.0, 'plane-nocenter': 6.9, 'plane': 6.9}

BAR ws_n486/Z12: acl {'lex': 2.576, 'plane-nocenter': 2.568, 'plane': 2.568} mx {'lex': 8.2, 'plane-nocenter': 8.0, 'plane': 8.0}
BAR board: FAIL [('Z12', 'ER100_d10', 'plane-nocenter', 0.46), ('Z12', 'ER100_d10', 'plane', 0.46), ('Z12', 'spin_glass_n163', 'plane-nocenter', 'wall 65.667->79.133'), ('Z12', 'spin_glass_n163', 'plane', 'wall 65.667->74.4')]
load at end: (111.697265625, 115.31982421875, 96.18115234375)
done-probe
