13 cells, 106 jobs; load (49.72705078125, 21.9267578125, 23.4345703125)
/data/max/ember/docs/paper2/data/fold_probe.py:60: DeprecationWarning: dwave-networkx is deprecated and will be replaced by dwave-graphs in Ocean 10. Most functionality previously provided by dwave-networkx is now available as part of dwave-graphs under the 'dwave.graphs' namespace.
  import dwave_networkx as dnx
/data/max/ember/docs/paper2/data/fold_probe.py:60: DeprecationWarning: dwave-networkx is deprecated and will be replaced by dwave-graphs in Ocean 10. Most functionality previously provided by dwave-networkx is now available as part of dwave-graphs under the 'dwave.graphs' namespace.
  import dwave_networkx as dnx
/data/max/ember/docs/paper2/data/fold_probe.py:60: DeprecationWarning: dwave-networkx is deprecated and will be replaced by dwave-graphs in Ocean 10. Most functionality previously provided by dwave-networkx is now available as part of dwave-graphs under the 'dwave.graphs' namespace.
  import dwave_networkx as dnx
/data/max/ember/docs/paper2/data/fold_probe.py:60: DeprecationWarning: dwave-networkx is deprecated and will be replaced by dwave-graphs in Ocean 10. Most functionality previously provided by dwave-networkx is now available as part of dwave-graphs under the 'dwave.graphs' namespace.
  import dwave_networkx as dnx
/data/max/ember/docs/paper2/data/fold_probe.py:60: DeprecationWarning: dwave-networkx is deprecated and will be replaced by dwave-graphs in Ocean 10. Most functionality previously provided by dwave-networkx is now available as part of dwave-graphs under the 'dwave.graphs' namespace.
  import dwave_networkx as dnx
/data/max/ember/docs/paper2/data/fold_probe.py:60: DeprecationWarning: dwave-networkx is deprecated and will be replaced by dwave-graphs in Ocean 10. Most functionality previously provided by dwave-networkx is now available as part of dwave-graphs under the 'dwave.graphs' namespace.
  import dwave_networkx as dnx
/data/max/ember/docs/paper2/data/fold_probe.py:60: DeprecationWarning: dwave-networkx is deprecated and will be replaced by dwave-graphs in Ocean 10. Most functionality previously provided by dwave-networkx is now available as part of dwave-graphs under the 'dwave.graphs' namespace.
  import dwave_networkx as dnx
/data/max/ember/docs/paper2/data/fold_probe.py:60: DeprecationWarning: dwave-networkx is deprecated and will be replaced by dwave-graphs in Ocean 10. Most functionality previously provided by dwave-networkx is now available as part of dwave-graphs under the 'dwave.graphs' namespace.
  import dwave_networkx as dnx
/data/max/ember/docs/paper2/data/fold_probe.py:60: DeprecationWarning: dwave-networkx is deprecated and will be replaced by dwave-graphs in Ocean 10. Most functionality previously provided by dwave-networkx is now available as part of dwave-graphs under the 'dwave.graphs' namespace.
  import dwave_networkx as dnx
/data/max/ember/docs/paper2/data/fold_probe.py:60: DeprecationWarning: dwave-networkx is deprecated and will be replaced by dwave-graphs in Ocean 10. Most functionality previously provided by dwave-networkx is now available as part of dwave-graphs under the 'dwave.graphs' namespace.
  import dwave_networkx as dnx
/data/max/ember/docs/paper2/data/fold_probe.py:60: DeprecationWarning: dwave-networkx is deprecated and will be replaced by dwave-graphs in Ocean 10. Most functionality previously provided by dwave-networkx is now available as part of dwave-graphs under the 'dwave.graphs' namespace.
  import dwave_networkx as dnx
/data/max/ember/docs/paper2/data/fold_probe.py:60: DeprecationWarning: dwave-networkx is deprecated and will be replaced by dwave-graphs in Ocean 10. Most functionality previously provided by dwave-networkx is now available as part of dwave-graphs under the 'dwave.graphs' namespace.
  import dwave_networkx as dnx
/data/max/ember/docs/paper2/data/fold_probe.py:60: DeprecationWarning: dwave-networkx is deprecated and will be replaced by dwave-graphs in Ocean 10. Most functionality previously provided by dwave-networkx is now available as part of dwave-graphs under the 'dwave.graphs' namespace.
  import dwave_networkx as dnx
/data/max/ember/docs/paper2/data/fold_probe.py:60: DeprecationWarning: dwave-networkx is deprecated and will be replaced by dwave-graphs in Ocean 10. Most functionality previously provided by dwave-networkx is now available as part of dwave-graphs under the 'dwave.graphs' namespace.
  import dwave_networkx as dnx
/data/max/ember/docs/paper2/data/fold_probe.py:60: DeprecationWarning: dwave-networkx is deprecated and will be replaced by dwave-graphs in Ocean 10. Most functionality previously provided by dwave-networkx is now available as part of dwave-graphs under the 'dwave.graphs' namespace.
  import dwave_networkx as dnx
/data/max/ember/docs/paper2/data/fold_probe.py:60: DeprecationWarning: dwave-networkx is deprecated and will be replaced by dwave-graphs in Ocean 10. Most functionality previously provided by dwave-networkx is now available as part of dwave-graphs under the 'dwave.graphs' namespace.
  import dwave_networkx as dnx
/data/max/ember/docs/paper2/data/fold_probe.py:60: DeprecationWarning: dwave-networkx is deprecated and will be replaced by dwave-graphs in Ocean 10. Most functionality previously provided by dwave-networkx is now available as part of dwave-graphs under the 'dwave.graphs' namespace.
  import dwave_networkx as dnx
/data/max/ember/docs/paper2/data/fold_probe.py:60: DeprecationWarning: dwave-networkx is deprecated and will be replaced by dwave-graphs in Ocean 10. Most functionality previously provided by dwave-networkx is now available as part of dwave-graphs under the 'dwave.graphs' namespace.
  import dwave_networkx as dnx
/data/max/ember/docs/paper2/data/fold_probe.py:60: DeprecationWarning: dwave-networkx is deprecated and will be replaced by dwave-graphs in Ocean 10. Most functionality previously provided by dwave-networkx is now available as part of dwave-graphs under the 'dwave.graphs' namespace.
  import dwave_networkx as dnx
/data/max/ember/docs/paper2/data/fold_probe.py:60: DeprecationWarning: dwave-networkx is deprecated and will be replaced by dwave-graphs in Ocean 10. Most functionality previously provided by dwave-networkx is now available as part of dwave-graphs under the 'dwave.graphs' namespace.
  import dwave_networkx as dnx
/data/max/ember/docs/paper2/data/fold_probe.py:60: DeprecationWarning: dwave-networkx is deprecated and will be replaced by dwave-graphs in Ocean 10. Most functionality previously provided by dwave-networkx is now available as part of dwave-graphs under the 'dwave.graphs' namespace.
  import dwave_networkx as dnx
/data/max/ember/docs/paper2/data/fold_probe.py:60: DeprecationWarning: dwave-networkx is deprecated and will be replaced by dwave-graphs in Ocean 10. Most functionality previously provided by dwave-networkx is now available as part of dwave-graphs under the 'dwave.graphs' namespace.
  import dwave_networkx as dnx
/data/max/ember/docs/paper2/data/fold_probe.py:60: DeprecationWarning: dwave-networkx is deprecated and will be replaced by dwave-graphs in Ocean 10. Most functionality previously provided by dwave-networkx is now available as part of dwave-graphs under the 'dwave.graphs' namespace.
  import dwave_networkx as dnx
/data/max/ember/docs/paper2/data/fold_probe.py:60: DeprecationWarning: dwave-networkx is deprecated and will be replaced by dwave-graphs in Ocean 10. Most functionality previously provided by dwave-networkx is now available as part of dwave-graphs under the 'dwave.graphs' namespace.
  import dwave_networkx as dnx
Z12 K100               default  seed 0: 7.84 mx=9 skip=True bacc=0 q=0 (27.5s)
Z12 K100               default  seed 1: 7.84 mx=9 skip=True bacc=0 q=0 (28.4s)
Z12 K100               default  seed 2: 7.84 mx=9 skip=True bacc=0 q=0 (30.8s)
Z12 K100               trivial  seed 0: 7.72 mx=8 skip=True bacc=0 q=0 (35.9s)
Z12 K100               trivial  seed 1: 7.72 mx=8 skip=True bacc=0 q=0 (38.8s)
Z12 K100               trivial  seed 2: 7.72 mx=8 skip=True bacc=0 q=0 (42.8s)
Z12 K140               default  seed 0: 10.229 mx=11 skip=True bacc=0 q=0 (68.8s)
Z12 K140               default  seed 1: 10.229 mx=11 skip=True bacc=0 q=0 (66.5s)
Z12 K140               default  seed 2: 10.229 mx=11 skip=True bacc=0 q=0 (63.3s)
Z12 K140               trivial  seed 0: 10.229 mx=11 skip=True bacc=0 q=0 (62.9s)
Z12 K140               trivial  seed 1: 10.229 mx=11 skip=True bacc=0 q=0 (60.3s)
Z12 K140               trivial  seed 2: 10.229 mx=11 skip=True bacc=0 q=0 (64.5s)
Z12 ER100_d10          default  seed 0: 4.66 mx=8 skip=False bacc=0 q=61 (60.0s)
Z12 ER100_d10          default  seed 1: 5.06 mx=9 skip=False bacc=0 q=49 (60.0s)
Z12 ER100_d10          default  seed 2: 4.75 mx=8 skip=False bacc=0 q=62 (60.0s)
Z12 ER100_d10          trivial  seed 0: 5.36 mx=9 skip=False bacc=0 q=46 (60.0s)
Z12 ER100_d10          trivial  seed 1: 5.01 mx=10 skip=False bacc=0 q=58 (60.0s)
Z12 ER100_d10          trivial  seed 2: 5.09 mx=9 skip=False bacc=0 q=59 (60.0s)
Z12 turan_n162         default  seed 0: 6.0 mx=6 skip=True bacc=0 q=22 (60.3s)
Z12 turan_n162         default  seed 1: 6.0 mx=6 skip=True bacc=0 q=22 (60.5s)
Z12 turan_n162         default  seed 2: 6.0 mx=6 skip=True bacc=0 q=22 (60.1s)
Z12 turan_n162         default  seed 3: 6.0 mx=6 skip=True bacc=0 q=22 (60.4s)
Z12 turan_n162         default  seed 4: 6.0 mx=6 skip=True bacc=0 q=22 (60.7s)
Z12 turan_n162         default  seed 5: 6.0 mx=6 skip=True bacc=0 q=22 (60.1s)
Z12 turan_n162         default  seed 6: 6.0 mx=6 skip=True bacc=0 q=22 (60.4s)
Z12 turan_n162         default  seed 7: 6.0 mx=6 skip=True bacc=0 q=22 (60.1s)
Z12 turan_n162         default  seed 8: 6.228 mx=7 skip=True bacc=0 q=23 (60.5s)
Z12 turan_n162         default  seed 9: 6.0 mx=6 skip=True bacc=0 q=22 (60.4s)
Z12 turan_n162         trivial  seed 0: 6.0 mx=6 skip=True bacc=0 q=22 (60.3s)
Z12 turan_n162         trivial  seed 1: 6.0 mx=6 skip=True bacc=0 q=22 (60.0s)
Z12 turan_n162         trivial  seed 2: 6.0 mx=6 skip=True bacc=0 q=22 (60.2s)
Z12 turan_n162         trivial  seed 3: 6.0 mx=6 skip=True bacc=0 q=22 (60.3s)
Z12 turan_n162         trivial  seed 4: 6.0 mx=6 skip=True bacc=0 q=22 (60.6s)
Z12 turan_n162         trivial  seed 5: 6.0 mx=6 skip=True bacc=0 q=22 (60.1s)
Z12 turan_n162         trivial  seed 6: 6.0 mx=6 skip=True bacc=0 q=22 (60.1s)
Z12 turan_n162         trivial  seed 7: 6.0 mx=6 skip=True bacc=0 q=22 (60.5s)
Z12 turan_n162         trivial  seed 8: 6.0 mx=6 skip=True bacc=0 q=22 (60.3s)
Z12 turan_n162         trivial  seed 9: 6.0 mx=6 skip=True bacc=0 q=22 (60.0s)
Z12 spin_glass_n163    default  seed 0: 11.417 mx=13 skip=True bacc=0 q=7 (47.5s)
Z12 spin_glass_n163    default  seed 1: 11.417 mx=13 skip=True bacc=0 q=7 (47.0s)
Z12 spin_glass_n163    default  seed 2: 11.417 mx=13 skip=True bacc=0 q=7 (47.4s)
Z12 spin_glass_n163    trivial  seed 0: 11.264 mx=14 skip=True bacc=0 q=13 (60.6s)
Z12 spin_glass_n163    trivial  seed 1: 11.264 mx=14 skip=True bacc=0 q=13 (61.2s)
Z12 spin_glass_n163    trivial  seed 2: 11.264 mx=14 skip=True bacc=0 q=16 (60.6s)
Z12 regular_n316       default  seed 0: 2.924 mx=7 skip=False bacc=1 q=305 (60.1s)
Z12 regular_n316       default  seed 1: 2.769 mx=6 skip=False bacc=0 q=305 (60.0s)
Z12 regular_n316       default  seed 2: 2.842 mx=7 skip=False bacc=2 q=309 (60.0s)
Z12 regular_n316       trivial  seed 0: 3.456 mx=10 skip=False bacc=0 q=307 (60.0s)
Z12 regular_n316       trivial  seed 1: 3.37 mx=9 skip=False bacc=0 q=310 (60.0s)
Z12 regular_n316       trivial  seed 2: 3.722 mx=11 skip=False bacc=0 q=310 (60.0s)
Z12 ws_n486            default  seed 0: 2.844 mx=9 skip=False bacc=1 q=465 (60.0s)
Z12 ws_n486            default  seed 1: 3.381 mx=12 skip=False bacc=0 q=469 (60.0s)
Z12 ws_n486            default  seed 2: 2.881 mx=10 skip=False bacc=2 q=469 (60.0s)
Z12 ws_n486            default  seed 3: 2.751 mx=10 skip=False bacc=0 q=468 (60.0s)
Z12 ws_n486            default  seed 4: 2.969 mx=11 skip=False bacc=0 q=465 (60.0s)
Z12 ws_n486            default  seed 5: 2.833 mx=9 skip=False bacc=0 q=459 (60.0s)
Z12 ws_n486            default  seed 6: 2.837 mx=9 skip=False bacc=1 q=470 (60.0s)
Z12 ws_n486            default  seed 7: 3.44 mx=11 skip=False bacc=0 q=476 (60.0s)
Z12 ws_n486            default  seed 8: 2.883 mx=10 skip=False bacc=0 q=457 (60.0s)
Z12 ws_n486            default  seed 9: 3.027 mx=11 skip=False bacc=1 q=462 (60.0s)
Z12 ws_n486            trivial  seed 0: 2.924 mx=10 skip=False bacc=0 q=465 (60.0s)
Z12 ws_n486            trivial  seed 1: 3.111 mx=10 skip=False bacc=0 q=466 (60.0s)
Z12 ws_n486            trivial  seed 2: 3.344 mx=13 skip=False bacc=0 q=468 (60.0s)
Z12 ws_n486            trivial  seed 3: 2.975 mx=10 skip=False bacc=0 q=464 (60.0s)
Z12 ws_n486            trivial  seed 4: 3.315 mx=12 skip=False bacc=0 q=471 (60.0s)
Z12 ws_n486            trivial  seed 5: 3.337 mx=12 skip=False bacc=0 q=476 (60.0s)
Z12 ws_n486            trivial  seed 6: 2.988 mx=10 skip=False bacc=0 q=472 (60.0s)
Z12 ws_n486            trivial  seed 7: 3.202 mx=11 skip=False bacc=0 q=471 (60.0s)
Z12 ws_n486            trivial  seed 8: 3.358 mx=12 skip=False bacc=0 q=469 (60.0s)
Z12 ws_n486            trivial  seed 9: 3.062 mx=10 skip=False bacc=0 q=458 (60.0s)
Z12 grid_200           default  seed 0: 1.09 mx=2 skip=False bacc=0 q=128 (37.8s)
Z12 grid_200           default  seed 1: 1.145 mx=2 skip=False bacc=0 q=134 (39.6s)
Z12 grid_200           default  seed 2: 1.13 mx=2 skip=False bacc=0 q=147 (40.4s)
Z12 grid_200           trivial  seed 0: 1.3 mx=3 skip=False bacc=0 q=141 (49.0s)
Z12 grid_200           trivial  seed 1: 1.235 mx=2 skip=False bacc=0 q=137 (45.1s)
Z12 grid_200           trivial  seed 2: 1.325 mx=3 skip=False bacc=2 q=150 (60.0s)
Z12 honeycomb_200      default  seed 0: 1.085 mx=2 skip=False bacc=0 q=129 (29.1s)
Z12 honeycomb_200      default  seed 1: 1.09 mx=2 skip=False bacc=0 q=139 (31.9s)
Z12 honeycomb_200      default  seed 2: 1.095 mx=2 skip=False bacc=0 q=139 (31.0s)
Z12 honeycomb_200      trivial  seed 0: 1.36 mx=3 skip=False bacc=0 q=164 (38.1s)
Z12 honeycomb_200      trivial  seed 1: 1.315 mx=3 skip=False bacc=1 q=151 (60.0s)
Z12 honeycomb_200      trivial  seed 2: 1.375 mx=3 skip=False bacc=2 q=153 (60.0s)
Z12 king_graph_196     default  seed 0: 1.561 mx=3 skip=False bacc=0 q=125 (60.0s)
Z12 king_graph_196     default  seed 1: 1.531 mx=3 skip=False bacc=0 q=141 (60.0s)
Z12 king_graph_196     default  seed 2: 1.49 mx=2 skip=False bacc=1 q=125 (60.0s)
Z12 king_graph_196     trivial  seed 0: 1.893 mx=4 skip=False bacc=3 q=137 (60.1s)
Z12 king_graph_196     trivial  seed 1: 2.107 mx=5 skip=False bacc=10 q=146 (60.0s)
Z12 king_graph_196     trivial  seed 2: 2.362 mx=5 skip=False bacc=10 q=152 (60.1s)
P16 K100               default  seed 0: 11.23 mx=16 skip=None bacc=0 q=0 (26.8s)
P16 K100               default  seed 1: 11.51 mx=17 skip=None bacc=0 q=0 (27.3s)
P16 K100               default  seed 2: 11.65 mx=17 skip=None bacc=0 q=0 (59.6s)
P16 K100               trivial  seed 0: 11.51 mx=15 skip=None bacc=0 q=0 (30.6s)
P16 K100               trivial  seed 1: 13.2 mx=17 skip=None bacc=0 q=0 (35.2s)
P16 K100               trivial  seed 2: 11.91 mx=20 skip=None bacc=0 q=0 (26.2s)
P16 turan_n162         default  seed 0: 7.654 mx=8 skip=None bacc=0 q=16 (60.1s)
P16 turan_n162         default  seed 1: 7.654 mx=8 skip=None bacc=0 q=16 (60.3s)
P16 turan_n162         default  seed 2: 7.654 mx=8 skip=None bacc=0 q=16 (60.2s)
P16 turan_n162         trivial  seed 0: 7.654 mx=8 skip=None bacc=0 q=15 (60.5s)
P16 turan_n162         trivial  seed 1: 7.654 mx=8 skip=None bacc=0 q=15 (60.4s)
P16 turan_n162         trivial  seed 2: 7.654 mx=8 skip=None bacc=0 q=15 (60.1s)
P16 ws_n486            default  seed 0: 3.658 mx=14 skip=None bacc=0 q=428 (60.0s)
P16 ws_n486            default  seed 1: 3.642 mx=12 skip=None bacc=0 q=430 (60.0s)
P16 ws_n486            default  seed 2: 3.477 mx=13 skip=None bacc=0 q=439 (60.0s)
P16 ws_n486            trivial  seed 0: 4.002 mx=14 skip=None bacc=0 q=440 (60.0s)
P16 ws_n486            trivial  seed 1: 3.967 mx=14 skip=None bacc=0 q=440 (60.0s)
P16 ws_n486            trivial  seed 2: 4.183 mx=15 skip=None bacc=0 q=439 (60.0s)

summary (mean ACL; d = trivial - default, negative = wins):
Z12 K100               default=7.84(3) trivial=7.72(3) mx 9.0->8.0 t 28.9->39.167s d=-0.120
Z12 K140               default=10.229(3) trivial=10.229(3) mx 11.0->11.0 t 66.2->62.567s d=+0.000
Z12 ER100_d10          default=4.823(3) trivial=5.153(3) mx 8.333->9.333 t 60.0->60.0s d=+0.330
Z12 turan_n162         default=6.023(10) trivial=6.0(10) mx 6.1->6.0 t 60.35->60.24s d=-0.023
Z12 spin_glass_n163    default=11.417(3) trivial=11.264(3) mx 13.0->14.0 t 47.3->60.8s d=-0.153
Z12 regular_n316       default=2.845(3) trivial=3.516(3) mx 6.667->10.0 t 60.033->60.0s d=+0.671
Z12 ws_n486            default=2.985(10) trivial=3.162(10) mx 10.2->11.0 t 60.0->60.0s d=+0.177
Z12 grid_200           default=1.122(3) trivial=1.287(3) mx 2.0->2.667 t 39.267->51.367s d=+0.165
Z12 honeycomb_200      default=1.09(3) trivial=1.35(3) mx 2.0->3.0 t 30.667->52.7s d=+0.260
Z12 king_graph_196     default=1.527(3) trivial=2.121(3) mx 2.667->4.667 t 60.0->60.067s d=+0.594
P16 K100               default=11.463(3) trivial=12.207(3) mx 16.667->17.333 t 37.9->30.667s d=+0.744
P16 turan_n162         default=7.654(3) trivial=7.654(3) mx 8.0->8.0 t 60.2->60.333s d=+0.000
P16 ws_n486            default=3.592(3) trivial=4.051(3) mx 13.0->14.333 t 60.0->60.0s d=+0.459
load at end: (69.71240234375, 57.2109375, 38.47119140625)
done-probe
