13 cells, 106 jobs; load (14.9609375, 21.27099609375, 23.421875)
/data/max/ember/docs/paper2/data/fold2_probe.py:61: DeprecationWarning: dwave-networkx is deprecated and will be replaced by dwave-graphs in Ocean 10. Most functionality previously provided by dwave-networkx is now available as part of dwave-graphs under the 'dwave.graphs' namespace.
  import dwave_networkx as dnx
/data/max/ember/docs/paper2/data/fold2_probe.py:61: DeprecationWarning: dwave-networkx is deprecated and will be replaced by dwave-graphs in Ocean 10. Most functionality previously provided by dwave-networkx is now available as part of dwave-graphs under the 'dwave.graphs' namespace.
  import dwave_networkx as dnx
/data/max/ember/docs/paper2/data/fold2_probe.py:61: DeprecationWarning: dwave-networkx is deprecated and will be replaced by dwave-graphs in Ocean 10. Most functionality previously provided by dwave-networkx is now available as part of dwave-graphs under the 'dwave.graphs' namespace.
  import dwave_networkx as dnx
/data/max/ember/docs/paper2/data/fold2_probe.py:61: DeprecationWarning: dwave-networkx is deprecated and will be replaced by dwave-graphs in Ocean 10. Most functionality previously provided by dwave-networkx is now available as part of dwave-graphs under the 'dwave.graphs' namespace.
  import dwave_networkx as dnx
/data/max/ember/docs/paper2/data/fold2_probe.py:61: DeprecationWarning: dwave-networkx is deprecated and will be replaced by dwave-graphs in Ocean 10. Most functionality previously provided by dwave-networkx is now available as part of dwave-graphs under the 'dwave.graphs' namespace.
  import dwave_networkx as dnx
/data/max/ember/docs/paper2/data/fold2_probe.py:61: DeprecationWarning: dwave-networkx is deprecated and will be replaced by dwave-graphs in Ocean 10. Most functionality previously provided by dwave-networkx is now available as part of dwave-graphs under the 'dwave.graphs' namespace.
  import dwave_networkx as dnx
/data/max/ember/docs/paper2/data/fold2_probe.py:61: DeprecationWarning: dwave-networkx is deprecated and will be replaced by dwave-graphs in Ocean 10. Most functionality previously provided by dwave-networkx is now available as part of dwave-graphs under the 'dwave.graphs' namespace.
  import dwave_networkx as dnx
/data/max/ember/docs/paper2/data/fold2_probe.py:61: DeprecationWarning: dwave-networkx is deprecated and will be replaced by dwave-graphs in Ocean 10. Most functionality previously provided by dwave-networkx is now available as part of dwave-graphs under the 'dwave.graphs' namespace.
  import dwave_networkx as dnx
/data/max/ember/docs/paper2/data/fold2_probe.py:61: DeprecationWarning: dwave-networkx is deprecated and will be replaced by dwave-graphs in Ocean 10. Most functionality previously provided by dwave-networkx is now available as part of dwave-graphs under the 'dwave.graphs' namespace.
  import dwave_networkx as dnx
/data/max/ember/docs/paper2/data/fold2_probe.py:61: DeprecationWarning: dwave-networkx is deprecated and will be replaced by dwave-graphs in Ocean 10. Most functionality previously provided by dwave-networkx is now available as part of dwave-graphs under the 'dwave.graphs' namespace.
  import dwave_networkx as dnx
/data/max/ember/docs/paper2/data/fold2_probe.py:61: DeprecationWarning: dwave-networkx is deprecated and will be replaced by dwave-graphs in Ocean 10. Most functionality previously provided by dwave-networkx is now available as part of dwave-graphs under the 'dwave.graphs' namespace.
  import dwave_networkx as dnx
/data/max/ember/docs/paper2/data/fold2_probe.py:61: DeprecationWarning: dwave-networkx is deprecated and will be replaced by dwave-graphs in Ocean 10. Most functionality previously provided by dwave-networkx is now available as part of dwave-graphs under the 'dwave.graphs' namespace.
  import dwave_networkx as dnx
/data/max/ember/docs/paper2/data/fold2_probe.py:61: DeprecationWarning: dwave-networkx is deprecated and will be replaced by dwave-graphs in Ocean 10. Most functionality previously provided by dwave-networkx is now available as part of dwave-graphs under the 'dwave.graphs' namespace.
  import dwave_networkx as dnx
/data/max/ember/docs/paper2/data/fold2_probe.py:61: DeprecationWarning: dwave-networkx is deprecated and will be replaced by dwave-graphs in Ocean 10. Most functionality previously provided by dwave-networkx is now available as part of dwave-graphs under the 'dwave.graphs' namespace.
  import dwave_networkx as dnx
/data/max/ember/docs/paper2/data/fold2_probe.py:61: DeprecationWarning: dwave-networkx is deprecated and will be replaced by dwave-graphs in Ocean 10. Most functionality previously provided by dwave-networkx is now available as part of dwave-graphs under the 'dwave.graphs' namespace.
  import dwave_networkx as dnx
/data/max/ember/docs/paper2/data/fold2_probe.py:61: DeprecationWarning: dwave-networkx is deprecated and will be replaced by dwave-graphs in Ocean 10. Most functionality previously provided by dwave-networkx is now available as part of dwave-graphs under the 'dwave.graphs' namespace.
  import dwave_networkx as dnx
/data/max/ember/docs/paper2/data/fold2_probe.py:61: DeprecationWarning: dwave-networkx is deprecated and will be replaced by dwave-graphs in Ocean 10. Most functionality previously provided by dwave-networkx is now available as part of dwave-graphs under the 'dwave.graphs' namespace.
  import dwave_networkx as dnx
/data/max/ember/docs/paper2/data/fold2_probe.py:61: DeprecationWarning: dwave-networkx is deprecated and will be replaced by dwave-graphs in Ocean 10. Most functionality previously provided by dwave-networkx is now available as part of dwave-graphs under the 'dwave.graphs' namespace.
  import dwave_networkx as dnx
/data/max/ember/docs/paper2/data/fold2_probe.py:61: DeprecationWarning: dwave-networkx is deprecated and will be replaced by dwave-graphs in Ocean 10. Most functionality previously provided by dwave-networkx is now available as part of dwave-graphs under the 'dwave.graphs' namespace.
  import dwave_networkx as dnx
/data/max/ember/docs/paper2/data/fold2_probe.py:61: DeprecationWarning: dwave-networkx is deprecated and will be replaced by dwave-graphs in Ocean 10. Most functionality previously provided by dwave-networkx is now available as part of dwave-graphs under the 'dwave.graphs' namespace.
  import dwave_networkx as dnx
/data/max/ember/docs/paper2/data/fold2_probe.py:61: DeprecationWarning: dwave-networkx is deprecated and will be replaced by dwave-graphs in Ocean 10. Most functionality previously provided by dwave-networkx is now available as part of dwave-graphs under the 'dwave.graphs' namespace.
  import dwave_networkx as dnx
/data/max/ember/docs/paper2/data/fold2_probe.py:61: DeprecationWarning: dwave-networkx is deprecated and will be replaced by dwave-graphs in Ocean 10. Most functionality previously provided by dwave-networkx is now available as part of dwave-graphs under the 'dwave.graphs' namespace.
  import dwave_networkx as dnx
/data/max/ember/docs/paper2/data/fold2_probe.py:61: DeprecationWarning: dwave-networkx is deprecated and will be replaced by dwave-graphs in Ocean 10. Most functionality previously provided by dwave-networkx is now available as part of dwave-graphs under the 'dwave.graphs' namespace.
  import dwave_networkx as dnx
/data/max/ember/docs/paper2/data/fold2_probe.py:61: DeprecationWarning: dwave-networkx is deprecated and will be replaced by dwave-graphs in Ocean 10. Most functionality previously provided by dwave-networkx is now available as part of dwave-graphs under the 'dwave.graphs' namespace.
  import dwave_networkx as dnx
Z12 K100               default  seed 0: 7.57 mx=8 defic=0 skip=True (34.1s)
Z12 K100               default  seed 1: 7.58 mx=8 defic=0 skip=True (36.5s)
Z12 K100               default  seed 2: 7.59 mx=8 defic=0 skip=True (32.7s)
Z12 K100               fold     seed 0: 7.54 mx=8 defic=0 skip=True (29.9s)
Z12 K100               fold     seed 1: 7.54 mx=8 defic=0 skip=True (33.2s)
Z12 K100               fold     seed 2: 7.54 mx=8 defic=0 skip=True (30.7s)
Z12 K140               default  seed 0: 9.957 mx=11 defic=0 skip=True (68.7s)
Z12 K140               default  seed 1: 9.957 mx=11 defic=0 skip=True (67.3s)
Z12 K140               default  seed 2: 9.957 mx=11 defic=0 skip=True (66.5s)
Z12 K140               fold     seed 0: 9.957 mx=11 defic=0 skip=True (65.3s)
Z12 K140               fold     seed 1: 9.957 mx=11 defic=0 skip=True (66.3s)
Z12 K140               fold     seed 2: 9.957 mx=11 defic=0 skip=True (67.8s)
Z12 ER100_d10          default  seed 0: 4.57 mx=8 defic=0 skip=True (60.0s)
Z12 ER100_d10          default  seed 1: 4.85 mx=8 defic=0 skip=True (60.0s)
Z12 ER100_d10          default  seed 2: 4.69 mx=8 defic=0 skip=True (60.1s)
Z12 ER100_d10          fold     seed 0: 4.57 mx=8 defic=0 skip=True (60.1s)
Z12 ER100_d10          fold     seed 1: 4.85 mx=8 defic=0 skip=True (60.0s)
Z12 ER100_d10          fold     seed 2: 4.69 mx=8 defic=0 skip=True (60.1s)
Z12 turan_n162         default  seed 0: 6.0 mx=6 defic=0 skip=True (60.3s)
Z12 turan_n162         default  seed 1: 6.0 mx=6 defic=30 skip=False (60.5s)
Z12 turan_n162         default  seed 2: 6.0 mx=6 defic=0 skip=True (60.1s)
Z12 turan_n162         default  seed 3: 6.0 mx=6 defic=0 skip=True (60.6s)
Z12 turan_n162         default  seed 4: 6.0 mx=6 defic=0 skip=True (60.6s)
Z12 turan_n162         default  seed 5: 6.0 mx=6 defic=30 skip=False (60.4s)
Z12 turan_n162         default  seed 6: 6.0 mx=6 defic=0 skip=True (60.3s)
Z12 turan_n162         default  seed 7: 6.0 mx=6 defic=30 skip=False (60.5s)
Z12 turan_n162         default  seed 8: 6.0 mx=6 defic=30 skip=False (60.4s)
Z12 turan_n162         default  seed 9: 6.0 mx=6 defic=0 skip=True (60.3s)
Z12 turan_n162         fold     seed 0: 6.0 mx=6 defic=0 skip=True (60.5s)
Z12 turan_n162         fold     seed 1: 6.0 mx=6 defic=30 skip=False (60.4s)
Z12 turan_n162         fold     seed 2: 6.0 mx=6 defic=0 skip=True (60.6s)
Z12 turan_n162         fold     seed 3: 6.0 mx=6 defic=0 skip=True (60.3s)
Z12 turan_n162         fold     seed 4: 6.0 mx=6 defic=0 skip=True (60.2s)
Z12 turan_n162         fold     seed 5: 6.0 mx=6 defic=30 skip=False (60.3s)
Z12 turan_n162         fold     seed 6: 6.0 mx=6 defic=0 skip=True (60.7s)
Z12 turan_n162         fold     seed 7: 6.0 mx=6 defic=30 skip=False (60.3s)
Z12 turan_n162         fold     seed 8: 6.0 mx=6 defic=30 skip=False (60.3s)
Z12 turan_n162         fold     seed 9: 6.0 mx=6 defic=0 skip=True (60.1s)
Z12 spin_glass_n163    default  seed 0: 11.104 mx=13 defic=0 skip=True (54.5s)
Z12 spin_glass_n163    default  seed 1: 11.104 mx=13 defic=0 skip=True (52.7s)
Z12 spin_glass_n163    default  seed 2: 11.104 mx=13 defic=0 skip=True (53.8s)
Z12 spin_glass_n163    fold     seed 0: 11.104 mx=13 defic=0 skip=True (56.8s)
Z12 spin_glass_n163    fold     seed 1: 11.104 mx=13 defic=0 skip=True (51.0s)
Z12 spin_glass_n163    fold     seed 2: 11.104 mx=13 defic=0 skip=True (51.6s)
Z12 regular_n316       default  seed 0: 2.715 mx=6 defic=10 skip=False (60.1s)
Z12 regular_n316       default  seed 1: 2.718 mx=6 defic=10 skip=False (60.2s)
Z12 regular_n316       default  seed 2: 2.775 mx=6 defic=10 skip=False (60.0s)
Z12 regular_n316       fold     seed 0: 2.715 mx=6 defic=10 skip=False (60.0s)
Z12 regular_n316       fold     seed 1: 2.718 mx=6 defic=10 skip=False (60.0s)
Z12 regular_n316       fold     seed 2: 2.775 mx=6 defic=10 skip=False (60.0s)
Z12 ws_n486            default  seed 0: 2.597 mx=9 defic=30 skip=False (60.0s)
Z12 ws_n486            default  seed 1: 2.749 mx=9 defic=30 skip=False (60.0s)
Z12 ws_n486            default  seed 2: 2.436 mx=8 defic=30 skip=False (60.0s)
Z12 ws_n486            default  seed 3: 2.512 mx=8 defic=30 skip=False (60.0s)
Z12 ws_n486            default  seed 4: 2.521 mx=8 defic=30 skip=False (60.0s)
Z12 ws_n486            default  seed 5: 2.751 mx=8 defic=30 skip=False (60.0s)
Z12 ws_n486            default  seed 6: 2.348 mx=7 defic=30 skip=False (60.0s)
Z12 ws_n486            default  seed 7: 2.556 mx=8 defic=30 skip=False (60.0s)
Z12 ws_n486            default  seed 8: 2.628 mx=8 defic=30 skip=False (60.0s)
Z12 ws_n486            default  seed 9: 2.418 mx=8 defic=30 skip=False (60.0s)
Z12 ws_n486            fold     seed 0: 2.595 mx=9 defic=30 skip=False (60.0s)
Z12 ws_n486            fold     seed 1: 2.749 mx=9 defic=30 skip=False (60.0s)
Z12 ws_n486            fold     seed 2: 2.432 mx=7 defic=30 skip=False (60.0s)
Z12 ws_n486            fold     seed 3: 2.51 mx=10 defic=30 skip=False (60.0s)
Z12 ws_n486            fold     seed 4: 2.521 mx=8 defic=30 skip=False (60.0s)
Z12 ws_n486            fold     seed 5: 2.751 mx=8 defic=30 skip=False (60.0s)
Z12 ws_n486            fold     seed 6: 2.348 mx=7 defic=30 skip=False (60.0s)
Z12 ws_n486            fold     seed 7: 2.556 mx=8 defic=30 skip=False (60.0s)
Z12 ws_n486            fold     seed 8: 2.628 mx=8 defic=30 skip=False (60.0s)
Z12 ws_n486            fold     seed 9: 2.418 mx=8 defic=30 skip=False (60.0s)
Z12 grid_200           default  seed 0: 1.07 mx=2 defic=10 skip=False (29.6s)
Z12 grid_200           default  seed 1: 1.055 mx=2 defic=10 skip=False (24.5s)
Z12 grid_200           default  seed 2: 1.065 mx=2 defic=10 skip=False (20.9s)
Z12 grid_200           fold     seed 0: 1.07 mx=2 defic=10 skip=False (25.0s)
Z12 grid_200           fold     seed 1: 1.055 mx=2 defic=10 skip=False (21.5s)
Z12 grid_200           fold     seed 2: 1.065 mx=2 defic=10 skip=False (21.4s)
Z12 honeycomb_200      default  seed 0: 1.09 mx=2 defic=9 skip=False (23.4s)
Z12 honeycomb_200      default  seed 1: 1.105 mx=2 defic=9 skip=False (24.8s)
Z12 honeycomb_200      default  seed 2: 1.06 mx=2 defic=9 skip=False (21.9s)
Z12 honeycomb_200      fold     seed 0: 1.09 mx=2 defic=9 skip=False (23.0s)
Z12 honeycomb_200      fold     seed 1: 1.105 mx=2 defic=9 skip=False (26.9s)
Z12 honeycomb_200      fold     seed 2: 1.06 mx=2 defic=9 skip=False (22.8s)
Z12 king_graph_196     default  seed 0: 1.735 mx=3 defic=11 skip=False (60.0s)
Z12 king_graph_196     default  seed 1: 1.495 mx=3 defic=11 skip=False (60.0s)
Z12 king_graph_196     default  seed 2: 1.806 mx=4 defic=11 skip=False (60.0s)
Z12 king_graph_196     fold     seed 0: 1.735 mx=3 defic=11 skip=False (60.0s)
Z12 king_graph_196     fold     seed 1: 1.495 mx=3 defic=11 skip=False (60.0s)
Z12 king_graph_196     fold     seed 2: 1.806 mx=4 defic=11 skip=False (60.0s)
P16 K100               default  seed 0: 11.23 mx=16 defic=None skip=None (26.0s)
P16 K100               default  seed 1: 11.51 mx=17 defic=None skip=None (25.2s)
P16 K100               default  seed 2: 11.65 mx=17 defic=None skip=None (53.0s)
P16 K100               fold     seed 0: 12.72 mx=19 defic=None skip=None (44.1s)
P16 K100               fold     seed 1: 12.26 mx=18 defic=None skip=None (24.1s)
P16 K100               fold     seed 2: 12.24 mx=19 defic=None skip=None (25.1s)
P16 turan_n162         default  seed 0: 7.654 mx=8 defic=None skip=None (60.4s)
P16 turan_n162         default  seed 1: 7.815 mx=8 defic=None skip=None (60.1s)
P16 turan_n162         default  seed 2: 7.654 mx=8 defic=None skip=None (60.4s)
P16 turan_n162         fold     seed 0: 7.654 mx=8 defic=None skip=None (60.4s)
P16 turan_n162         fold     seed 1: 7.815 mx=8 defic=None skip=None (60.1s)
P16 turan_n162         fold     seed 2: 7.654 mx=8 defic=None skip=None (60.4s)
P16 ws_n486            default  seed 0: 3.095 mx=10 defic=None skip=None (60.0s)
P16 ws_n486            default  seed 1: 3.307 mx=11 defic=None skip=None (60.0s)
P16 ws_n486            default  seed 2: 3.027 mx=9 defic=None skip=None (60.0s)
P16 ws_n486            fold     seed 0: 3.3 mx=13 defic=None skip=None (60.0s)
P16 ws_n486            fold     seed 1: 3.214 mx=11 defic=None skip=None (60.0s)
P16 ws_n486            fold     seed 2: 3.383 mx=12 defic=None skip=None (60.0s)

summary (mean ACL; d = arm - default, negative = wins):
Z12 K100               default=7.58(3) mx=8.0 | fold=7.54(3) mx=8.0 d=-0.040
Z12 K140               default=9.957(3) mx=11.0 | fold=9.957(3) mx=11.0 d=+0.000
Z12 ER100_d10          default=4.703(3) mx=8.0 | fold=4.703(3) mx=8.0 d=+0.000
Z12 turan_n162         default=6.0(10) mx=6.0 | fold=6.0(10) mx=6.0 d=+0.000
Z12 spin_glass_n163    default=11.104(3) mx=13.0 | fold=11.104(3) mx=13.0 d=+0.000
Z12 regular_n316       default=2.736(3) mx=6.0 | fold=2.736(3) mx=6.0 d=+0.000
Z12 ws_n486            default=2.552(10) mx=8.1 | fold=2.551(10) mx=8.2 d=-0.001
Z12 grid_200           default=1.063(3) mx=2.0 | fold=1.063(3) mx=2.0 d=+0.000
Z12 honeycomb_200      default=1.085(3) mx=2.0 | fold=1.085(3) mx=2.0 d=+0.000
Z12 king_graph_196     default=1.679(3) mx=3.333 | fold=1.679(3) mx=3.333 d=+0.000
P16 K100               default=11.463(3) mx=16.667 | fold=12.407(3) mx=18.667 d=+0.944
P16 turan_n162         default=7.708(3) mx=8.0 | fold=7.708(3) mx=8.0 d=+0.000
P16 ws_n486            default=3.143(3) mx=10.0 | fold=3.299(3) mx=12.0 d=+0.156

BAR ws_n486/Z12: acl {'default': 2.552, 'fold': 2.551} mx {'default': 8.1, 'fold': 8.2}
BAR board: FAIL [('P16', 'K100', 'fold', 0.944)]
load at end: (37.57666015625, 41.341796875, 31.98779296875)
done-probe
