13 cells, 212 jobs; load (8.17138671875, 20.490234375, 23.2685546875)
/data/max/ember/docs/paper2/data/grind_probe.py:74: DeprecationWarning: dwave-networkx is deprecated and will be replaced by dwave-graphs in Ocean 10. Most functionality previously provided by dwave-networkx is now available as part of dwave-graphs under the 'dwave.graphs' namespace.
  import dwave_networkx as dnx
/data/max/ember/docs/paper2/data/grind_probe.py:74: DeprecationWarning: dwave-networkx is deprecated and will be replaced by dwave-graphs in Ocean 10. Most functionality previously provided by dwave-networkx is now available as part of dwave-graphs under the 'dwave.graphs' namespace.
  import dwave_networkx as dnx
/data/max/ember/docs/paper2/data/grind_probe.py:74: DeprecationWarning: dwave-networkx is deprecated and will be replaced by dwave-graphs in Ocean 10. Most functionality previously provided by dwave-networkx is now available as part of dwave-graphs under the 'dwave.graphs' namespace.
  import dwave_networkx as dnx
/data/max/ember/docs/paper2/data/grind_probe.py:74: DeprecationWarning: dwave-networkx is deprecated and will be replaced by dwave-graphs in Ocean 10. Most functionality previously provided by dwave-networkx is now available as part of dwave-graphs under the 'dwave.graphs' namespace.
  import dwave_networkx as dnx
/data/max/ember/docs/paper2/data/grind_probe.py:74: DeprecationWarning: dwave-networkx is deprecated and will be replaced by dwave-graphs in Ocean 10. Most functionality previously provided by dwave-networkx is now available as part of dwave-graphs under the 'dwave.graphs' namespace.
  import dwave_networkx as dnx
/data/max/ember/docs/paper2/data/grind_probe.py:74: DeprecationWarning: dwave-networkx is deprecated and will be replaced by dwave-graphs in Ocean 10. Most functionality previously provided by dwave-networkx is now available as part of dwave-graphs under the 'dwave.graphs' namespace.
  import dwave_networkx as dnx
/data/max/ember/docs/paper2/data/grind_probe.py:74: DeprecationWarning: dwave-networkx is deprecated and will be replaced by dwave-graphs in Ocean 10. Most functionality previously provided by dwave-networkx is now available as part of dwave-graphs under the 'dwave.graphs' namespace.
  import dwave_networkx as dnx
/data/max/ember/docs/paper2/data/grind_probe.py:74: DeprecationWarning: dwave-networkx is deprecated and will be replaced by dwave-graphs in Ocean 10. Most functionality previously provided by dwave-networkx is now available as part of dwave-graphs under the 'dwave.graphs' namespace.
  import dwave_networkx as dnx
/data/max/ember/docs/paper2/data/grind_probe.py:74: DeprecationWarning: dwave-networkx is deprecated and will be replaced by dwave-graphs in Ocean 10. Most functionality previously provided by dwave-networkx is now available as part of dwave-graphs under the 'dwave.graphs' namespace.
  import dwave_networkx as dnx
/data/max/ember/docs/paper2/data/grind_probe.py:74: DeprecationWarning: dwave-networkx is deprecated and will be replaced by dwave-graphs in Ocean 10. Most functionality previously provided by dwave-networkx is now available as part of dwave-graphs under the 'dwave.graphs' namespace.
  import dwave_networkx as dnx
/data/max/ember/docs/paper2/data/grind_probe.py:74: DeprecationWarning: dwave-networkx is deprecated and will be replaced by dwave-graphs in Ocean 10. Most functionality previously provided by dwave-networkx is now available as part of dwave-graphs under the 'dwave.graphs' namespace.
  import dwave_networkx as dnx
/data/max/ember/docs/paper2/data/grind_probe.py:74: DeprecationWarning: dwave-networkx is deprecated and will be replaced by dwave-graphs in Ocean 10. Most functionality previously provided by dwave-networkx is now available as part of dwave-graphs under the 'dwave.graphs' namespace.
  import dwave_networkx as dnx
/data/max/ember/docs/paper2/data/grind_probe.py:74: DeprecationWarning: dwave-networkx is deprecated and will be replaced by dwave-graphs in Ocean 10. Most functionality previously provided by dwave-networkx is now available as part of dwave-graphs under the 'dwave.graphs' namespace.
  import dwave_networkx as dnx
/data/max/ember/docs/paper2/data/grind_probe.py:74: DeprecationWarning: dwave-networkx is deprecated and will be replaced by dwave-graphs in Ocean 10. Most functionality previously provided by dwave-networkx is now available as part of dwave-graphs under the 'dwave.graphs' namespace.
  import dwave_networkx as dnx
/data/max/ember/docs/paper2/data/grind_probe.py:74: DeprecationWarning: dwave-networkx is deprecated and will be replaced by dwave-graphs in Ocean 10. Most functionality previously provided by dwave-networkx is now available as part of dwave-graphs under the 'dwave.graphs' namespace.
  import dwave_networkx as dnx
/data/max/ember/docs/paper2/data/grind_probe.py:74: DeprecationWarning: dwave-networkx is deprecated and will be replaced by dwave-graphs in Ocean 10. Most functionality previously provided by dwave-networkx is now available as part of dwave-graphs under the 'dwave.graphs' namespace.
  import dwave_networkx as dnx
/data/max/ember/docs/paper2/data/grind_probe.py:74: DeprecationWarning: dwave-networkx is deprecated and will be replaced by dwave-graphs in Ocean 10. Most functionality previously provided by dwave-networkx is now available as part of dwave-graphs under the 'dwave.graphs' namespace.
  import dwave_networkx as dnx
/data/max/ember/docs/paper2/data/grind_probe.py:74: DeprecationWarning: dwave-networkx is deprecated and will be replaced by dwave-graphs in Ocean 10. Most functionality previously provided by dwave-networkx is now available as part of dwave-graphs under the 'dwave.graphs' namespace.
  import dwave_networkx as dnx
/data/max/ember/docs/paper2/data/grind_probe.py:74: DeprecationWarning: dwave-networkx is deprecated and will be replaced by dwave-graphs in Ocean 10. Most functionality previously provided by dwave-networkx is now available as part of dwave-graphs under the 'dwave.graphs' namespace.
  import dwave_networkx as dnx
/data/max/ember/docs/paper2/data/grind_probe.py:74: DeprecationWarning: dwave-networkx is deprecated and will be replaced by dwave-graphs in Ocean 10. Most functionality previously provided by dwave-networkx is now available as part of dwave-graphs under the 'dwave.graphs' namespace.
  import dwave_networkx as dnx
/data/max/ember/docs/paper2/data/grind_probe.py:74: DeprecationWarning: dwave-networkx is deprecated and will be replaced by dwave-graphs in Ocean 10. Most functionality previously provided by dwave-networkx is now available as part of dwave-graphs under the 'dwave.graphs' namespace.
  import dwave_networkx as dnx
/data/max/ember/docs/paper2/data/grind_probe.py:74: DeprecationWarning: dwave-networkx is deprecated and will be replaced by dwave-graphs in Ocean 10. Most functionality previously provided by dwave-networkx is now available as part of dwave-graphs under the 'dwave.graphs' namespace.
  import dwave_networkx as dnx
/data/max/ember/docs/paper2/data/grind_probe.py:74: DeprecationWarning: dwave-networkx is deprecated and will be replaced by dwave-graphs in Ocean 10. Most functionality previously provided by dwave-networkx is now available as part of dwave-graphs under the 'dwave.graphs' namespace.
  import dwave_networkx as dnx
/data/max/ember/docs/paper2/data/grind_probe.py:74: DeprecationWarning: dwave-networkx is deprecated and will be replaced by dwave-graphs in Ocean 10. Most functionality previously provided by dwave-networkx is now available as part of dwave-graphs under the 'dwave.graphs' namespace.
  import dwave_networkx as dnx
Z12 K100               default  seed 0: 7.84 mx=9 bacc=0 (19.5s)
Z12 K100               default  seed 1: 7.84 mx=9 bacc=0 (22.1s)
Z12 K100               default  seed 2: 7.84 mx=9 bacc=0 (21.7s)
Z12 K100               ball     seed 0: 7.84 mx=9 bacc=0 (1.1s)
Z12 K100               ball     seed 1: 7.84 mx=9 bacc=0 (1.1s)
Z12 K100               ball     seed 2: 7.84 mx=9 bacc=0 (1.1s)
Z12 K100               ballS    seed 0: 7.84 mx=9 bacc=0 (1.7s)
Z12 K100               ballS    seed 1: 7.84 mx=9 bacc=0 (1.6s)
Z12 K100               ballS    seed 2: 7.84 mx=9 bacc=0 (1.6s)
Z12 K100               ballSF   seed 0: 7.81 mx=9 bacc=0 (2.5s)
Z12 K100               ballSF   seed 1: 7.81 mx=9 bacc=0 (2.5s)
Z12 K100               ballSF   seed 2: 7.81 mx=9 bacc=0 (2.5s)
Z12 K140               default  seed 0: 10.229 mx=11 bacc=0 (66.0s)
Z12 K140               default  seed 1: 10.229 mx=11 bacc=0 (66.9s)
Z12 K140               default  seed 2: 10.229 mx=11 bacc=0 (63.9s)
Z12 K140               ball     seed 0: 10.229 mx=11 bacc=0 (2.9s)
Z12 K140               ball     seed 1: 10.229 mx=11 bacc=0 (2.8s)
Z12 K140               ball     seed 2: 10.229 mx=11 bacc=0 (2.8s)
Z12 K140               ballS    seed 0: 10.229 mx=11 bacc=0 (4.7s)
Z12 K140               ballS    seed 1: 10.229 mx=11 bacc=0 (4.7s)
Z12 K140               ballS    seed 2: 10.229 mx=11 bacc=0 (4.7s)
Z12 K140               ballSF   seed 0: 10.229 mx=11 bacc=0 (8.3s)
Z12 K140               ballSF   seed 1: 10.229 mx=11 bacc=0 (8.3s)
Z12 K140               ballSF   seed 2: 10.229 mx=11 bacc=0 (8.3s)
Z12 ER100_d10          default  seed 0: 4.66 mx=8 bacc=0 (60.0s)
Z12 ER100_d10          default  seed 1: 5.06 mx=9 bacc=0 (60.0s)
Z12 ER100_d10          default  seed 2: 4.75 mx=8 bacc=0 (60.0s)
Z12 ER100_d10          ball     seed 0: 5.94 mx=10 bacc=1 (60.0s)
Z12 ER100_d10          ball     seed 1: 5.99 mx=10 bacc=1 (60.0s)
Z12 ER100_d10          ball     seed 2: 5.94 mx=10 bacc=1 (60.0s)
Z12 ER100_d10          ballS    seed 0: 5.88 mx=9 bacc=0 (60.0s)
Z12 ER100_d10          ballS    seed 1: 5.78 mx=9 bacc=1 (60.0s)
Z12 ER100_d10          ballS    seed 2: 5.88 mx=9 bacc=0 (60.1s)
Z12 ER100_d10          ballSF   seed 0: 5.88 mx=9 bacc=0 (60.0s)
Z12 ER100_d10          ballSF   seed 1: 5.78 mx=9 bacc=1 (60.1s)
Z12 ER100_d10          ballSF   seed 2: 5.88 mx=9 bacc=0 (60.0s)
Z12 turan_n162         default  seed 0: 6.0 mx=6 bacc=0 (60.1s)
Z12 turan_n162         default  seed 1: 6.228 mx=7 bacc=0 (60.2s)
Z12 turan_n162         default  seed 2: 6.0 mx=6 bacc=0 (60.0s)
Z12 turan_n162         default  seed 3: 6.0 mx=6 bacc=0 (60.1s)
Z12 turan_n162         default  seed 4: 6.0 mx=6 bacc=0 (60.4s)
Z12 turan_n162         default  seed 5: 6.0 mx=6 bacc=0 (60.3s)
Z12 turan_n162         default  seed 6: 6.0 mx=6 bacc=0 (60.2s)
Z12 turan_n162         default  seed 7: 6.0 mx=6 bacc=0 (60.5s)
Z12 turan_n162         default  seed 8: 6.228 mx=7 bacc=0 (60.1s)
Z12 turan_n162         default  seed 9: 6.0 mx=6 bacc=0 (60.3s)
Z12 turan_n162         ball     seed 0: 6.0 mx=6 bacc=0 (60.4s)
Z12 turan_n162         ball     seed 1: 7.63 mx=12 bacc=0 (60.2s)
Z12 turan_n162         ball     seed 2: 6.0 mx=6 bacc=0 (60.2s)
Z12 turan_n162         ball     seed 3: 6.0 mx=6 bacc=0 (60.4s)
Z12 turan_n162         ball     seed 4: 6.0 mx=6 bacc=0 (60.0s)
Z12 turan_n162         ball     seed 5: 7.63 mx=12 bacc=0 (60.1s)
Z12 turan_n162         ball     seed 6: 6.0 mx=6 bacc=0 (60.3s)
Z12 turan_n162         ball     seed 7: 7.63 mx=12 bacc=0 (60.1s)
Z12 turan_n162         ball     seed 8: 7.63 mx=12 bacc=0 (60.2s)
Z12 turan_n162         ball     seed 9: 6.0 mx=6 bacc=0 (60.2s)
Z12 turan_n162         ballS    seed 0: 6.0 mx=6 bacc=0 (60.1s)
Z12 turan_n162         ballS    seed 1: 7.63 mx=12 bacc=0 (60.2s)
Z12 turan_n162         ballS    seed 2: 6.0 mx=6 bacc=0 (60.5s)
Z12 turan_n162         ballS    seed 3: 6.0 mx=6 bacc=0 (60.3s)
Z12 turan_n162         ballS    seed 4: 6.0 mx=6 bacc=0 (60.3s)
Z12 turan_n162         ballS    seed 5: 7.63 mx=12 bacc=0 (60.2s)
Z12 turan_n162         ballS    seed 6: 6.0 mx=6 bacc=0 (60.4s)
Z12 turan_n162         ballS    seed 7: 7.63 mx=12 bacc=0 (60.2s)
Z12 turan_n162         ballS    seed 8: 7.63 mx=12 bacc=0 (60.2s)
Z12 turan_n162         ballS    seed 9: 6.0 mx=6 bacc=0 (60.4s)
Z12 turan_n162         ballSF   seed 0: 6.0 mx=6 bacc=0 (60.5s)
Z12 turan_n162         ballSF   seed 1: 7.63 mx=12 bacc=0 (60.1s)
Z12 turan_n162         ballSF   seed 2: 6.0 mx=6 bacc=0 (60.6s)
Z12 turan_n162         ballSF   seed 3: 6.0 mx=6 bacc=0 (60.4s)
Z12 turan_n162         ballSF   seed 4: 6.0 mx=6 bacc=0 (60.1s)
Z12 turan_n162         ballSF   seed 5: 7.63 mx=12 bacc=0 (60.2s)
Z12 turan_n162         ballSF   seed 6: 6.0 mx=6 bacc=0 (60.4s)
Z12 turan_n162         ballSF   seed 7: 7.63 mx=12 bacc=0 (60.7s)
Z12 turan_n162         ballSF   seed 8: 7.63 mx=12 bacc=0 (60.3s)
Z12 turan_n162         ballSF   seed 9: 6.0 mx=6 bacc=0 (63.2s)
Z12 spin_glass_n163    default  seed 0: 11.417 mx=13 bacc=0 (45.7s)
Z12 spin_glass_n163    default  seed 1: 11.417 mx=13 bacc=0 (43.4s)
Z12 spin_glass_n163    default  seed 2: 11.417 mx=13 bacc=0 (44.3s)
Z12 spin_glass_n163    ball     seed 0: 11.417 mx=13 bacc=0 (24.8s)
Z12 spin_glass_n163    ball     seed 1: 11.417 mx=13 bacc=0 (24.2s)
Z12 spin_glass_n163    ball     seed 2: 11.417 mx=13 bacc=0 (25.4s)
Z12 spin_glass_n163    ballS    seed 0: 11.417 mx=13 bacc=0 (26.4s)
Z12 spin_glass_n163    ballS    seed 1: 11.417 mx=13 bacc=0 (25.5s)
Z12 spin_glass_n163    ballS    seed 2: 11.417 mx=13 bacc=0 (26.9s)
Z12 spin_glass_n163    ballSF   seed 0: 11.417 mx=13 bacc=0 (27.1s)
Z12 spin_glass_n163    ballSF   seed 1: 11.417 mx=13 bacc=0 (27.4s)
Z12 spin_glass_n163    ballSF   seed 2: 11.417 mx=13 bacc=0 (25.1s)
Z12 regular_n316       default  seed 0: 2.845 mx=7 bacc=0 (60.1s)
Z12 regular_n316       default  seed 1: 2.595 mx=6 bacc=0 (60.1s)
Z12 regular_n316       default  seed 2: 3.0 mx=7 bacc=0 (60.0s)
Z12 regular_n316       ball     seed 0: 4.443 mx=16 bacc=7 (60.0s)
Z12 regular_n316       ball     seed 1: 4.044 mx=15 bacc=9 (60.0s)
Z12 regular_n316       ball     seed 2: 4.028 mx=15 bacc=13 (60.0s)
Z12 regular_n316       ballS    seed 0: 4.31 mx=15 bacc=7 (60.0s)
Z12 regular_n316       ballS    seed 1: 4.041 mx=14 bacc=9 (60.0s)
Z12 regular_n316       ballS    seed 2: 4.013 mx=14 bacc=8 (60.0s)
Z12 regular_n316       ballSF   seed 0: 4.31 mx=15 bacc=7 (60.0s)
Z12 regular_n316       ballSF   seed 1: 4.041 mx=14 bacc=9 (60.1s)
Z12 regular_n316       ballSF   seed 2: 4.009 mx=14 bacc=9 (60.0s)
Z12 ws_n486            default  seed 0: 2.718 mx=9 bacc=0 (60.0s)
Z12 ws_n486            default  seed 1: 3.0 mx=11 bacc=0 (60.2s)
Z12 ws_n486            default  seed 2: 2.897 mx=10 bacc=1 (60.0s)
Z12 ws_n486            default  seed 3: 2.998 mx=12 bacc=1 (60.0s)
Z12 ws_n486            default  seed 4: 3.019 mx=10 bacc=2 (60.0s)
Z12 ws_n486            default  seed 5: 3.097 mx=11 bacc=0 (60.0s)
Z12 ws_n486            default  seed 6: 2.702 mx=9 bacc=0 (60.0s)
Z12 ws_n486            default  seed 7: 2.86 mx=10 bacc=0 (60.1s)
Z12 ws_n486            default  seed 8: 2.675 mx=9 bacc=0 (60.0s)
Z12 ws_n486            default  seed 9: 2.757 mx=9 bacc=0 (60.0s)
Z12 ws_n486            ball     seed 0: 4.412 mx=21 bacc=5 (60.0s)
Z12 ws_n486            ball     seed 1: 4.481 mx=21 bacc=5 (60.1s)
Z12 ws_n486            ball     seed 2: 4.467 mx=22 bacc=2 (60.0s)
Z12 ws_n486            ball     seed 3: 4.206 mx=25 bacc=4 (60.0s)
Z12 ws_n486            ball     seed 4: 4.156 mx=19 bacc=4 (60.0s)
Z12 ws_n486            ball     seed 5: 4.195 mx=19 bacc=2 (60.0s)
Z12 ws_n486            ball     seed 6: 4.265 mx=19 bacc=6 (60.0s)
Z12 ws_n486            ball     seed 7: 4.14 mx=18 bacc=3 (60.0s)
Z12 ws_n486            ball     seed 8: 4.206 mx=25 bacc=4 (60.0s)
Z12 ws_n486            ball     seed 9: 4.471 mx=19 bacc=1 (60.0s)
Z12 ws_n486            ballS    seed 0: 4.477 mx=22 bacc=3 (60.0s)
Z12 ws_n486            ballS    seed 1: 4.428 mx=19 bacc=6 (60.0s)
Z12 ws_n486            ballS    seed 2: 4.251 mx=21 bacc=2 (60.0s)
Z12 ws_n486            ballS    seed 3: 3.916 mx=26 bacc=3 (60.0s)
Z12 ws_n486            ballS    seed 4: 4.004 mx=24 bacc=4 (60.0s)
Z12 ws_n486            ballS    seed 5: 4.173 mx=19 bacc=4 (60.0s)
Z12 ws_n486            ballS    seed 6: 3.986 mx=18 bacc=6 (60.0s)
Z12 ws_n486            ballS    seed 7: 4.049 mx=18 bacc=5 (60.0s)
Z12 ws_n486            ballS    seed 8: 4.214 mx=28 bacc=3 (60.0s)
Z12 ws_n486            ballS    seed 9: 4.294 mx=19 bacc=3 (60.0s)
Z12 ws_n486            ballSF   seed 0: 4.477 mx=22 bacc=3 (60.0s)
Z12 ws_n486            ballSF   seed 1: 4.428 mx=19 bacc=6 (60.0s)
Z12 ws_n486            ballSF   seed 2: 4.251 mx=21 bacc=2 (60.0s)
Z12 ws_n486            ballSF   seed 3: 3.916 mx=26 bacc=3 (60.3s)
Z12 ws_n486            ballSF   seed 4: 4.004 mx=24 bacc=4 (60.3s)
Z12 ws_n486            ballSF   seed 5: 4.173 mx=19 bacc=4 (60.0s)
Z12 ws_n486            ballSF   seed 6: 4.181 mx=16 bacc=3 (60.0s)
Z12 ws_n486            ballSF   seed 7: 4.432 mx=18 bacc=7 (60.0s)
Z12 ws_n486            ballSF   seed 8: 4.214 mx=28 bacc=3 (60.0s)
Z12 ws_n486            ballSF   seed 9: 4.294 mx=19 bacc=3 (60.0s)
Z12 grid_200           default  seed 0: 1.03 mx=2 bacc=0 (23.2s)
Z12 grid_200           default  seed 1: 1.03 mx=2 bacc=0 (24.3s)
Z12 grid_200           default  seed 2: 1.035 mx=2 bacc=0 (22.4s)
Z12 grid_200           ball     seed 0: 1.225 mx=3 bacc=32 (60.0s)
Z12 grid_200           ball     seed 1: 1.195 mx=3 bacc=29 (60.0s)
Z12 grid_200           ball     seed 2: 1.32 mx=5 bacc=29 (60.0s)
Z12 grid_200           ballS    seed 0: 1.21 mx=3 bacc=32 (60.0s)
Z12 grid_200           ballS    seed 1: 1.195 mx=3 bacc=28 (60.0s)
Z12 grid_200           ballS    seed 2: 1.295 mx=4 bacc=28 (60.0s)
Z12 grid_200           ballSF   seed 0: 1.21 mx=3 bacc=32 (60.0s)
Z12 grid_200           ballSF   seed 1: 1.17 mx=3 bacc=31 (60.0s)
Z12 grid_200           ballSF   seed 2: 1.27 mx=4 bacc=30 (60.0s)
Z12 honeycomb_200      default  seed 0: 1.055 mx=2 bacc=0 (24.3s)
Z12 honeycomb_200      default  seed 1: 1.09 mx=2 bacc=0 (30.5s)
Z12 honeycomb_200      default  seed 2: 1.085 mx=2 bacc=0 (26.4s)
Z12 honeycomb_200      ball     seed 0: 1.45 mx=4 bacc=27 (60.0s)
Z12 honeycomb_200      ball     seed 1: 1.46 mx=5 bacc=17 (60.0s)
Z12 honeycomb_200      ball     seed 2: 1.405 mx=4 bacc=23 (60.0s)
Z12 honeycomb_200      ballS    seed 0: 1.465 mx=4 bacc=26 (60.0s)
Z12 honeycomb_200      ballS    seed 1: 1.425 mx=4 bacc=18 (60.0s)
Z12 honeycomb_200      ballS    seed 2: 1.335 mx=4 bacc=25 (60.0s)
Z12 honeycomb_200      ballSF   seed 0: 1.465 mx=4 bacc=26 (60.0s)
Z12 honeycomb_200      ballSF   seed 1: 1.425 mx=4 bacc=18 (60.0s)
Z12 honeycomb_200      ballSF   seed 2: 1.335 mx=4 bacc=25 (60.0s)
Z12 king_graph_196     default  seed 0: 1.51 mx=3 bacc=0 (60.0s)
Z12 king_graph_196     default  seed 1: 1.52 mx=3 bacc=1 (60.0s)
Z12 king_graph_196     default  seed 2: 1.52 mx=3 bacc=1 (60.0s)
Z12 king_graph_196     ball     seed 0: 2.026 mx=5 bacc=9 (60.0s)
Z12 king_graph_196     ball     seed 1: 2.102 mx=10 bacc=17 (60.0s)
Z12 king_graph_196     ball     seed 2: 2.026 mx=5 bacc=18 (60.0s)
Z12 king_graph_196     ballS    seed 0: 1.995 mx=5 bacc=11 (60.0s)
Z12 king_graph_196     ballS    seed 1: 2.082 mx=10 bacc=13 (60.0s)
Z12 king_graph_196     ballS    seed 2: 2.087 mx=5 bacc=14 (60.0s)
Z12 king_graph_196     ballSF   seed 0: 2.01 mx=5 bacc=10 (60.1s)
Z12 king_graph_196     ballSF   seed 1: 2.082 mx=10 bacc=13 (60.0s)
Z12 king_graph_196     ballSF   seed 2: 2.066 mx=5 bacc=16 (60.0s)
P16 K100               default  seed 0: 11.23 mx=16 bacc=0 (28.7s)
P16 K100               default  seed 1: 11.51 mx=17 bacc=0 (28.5s)
P16 K100               default  seed 2: 11.65 mx=17 bacc=0 (62.1s)
P16 K100               ball     seed 0: 11.23 mx=16 bacc=0 (3.6s)
P16 K100               ball     seed 1: 11.52 mx=17 bacc=0 (3.5s)
P16 K100               ball     seed 2: 11.71 mx=19 bacc=0 (3.3s)
P16 K100               ballS    seed 0: 11.21 mx=16 bacc=0 (4.5s)
P16 K100               ballS    seed 1: 11.33 mx=14 bacc=0 (4.9s)
P16 K100               ballS    seed 2: 11.63 mx=19 bacc=0 (4.2s)
P16 K100               ballSF   seed 0: 12.19 mx=19 bacc=0 (5.2s)
P16 K100               ballSF   seed 1: 12.29 mx=19 bacc=0 (5.6s)
P16 K100               ballSF   seed 2: 12.33 mx=24 bacc=0 (5.0s)
P16 turan_n162         default  seed 0: 7.654 mx=8 bacc=0 (60.5s)
P16 turan_n162         default  seed 1: 7.654 mx=8 bacc=0 (60.4s)
P16 turan_n162         default  seed 2: 7.654 mx=8 bacc=0 (61.8s)
P16 turan_n162         ball     seed 0: 7.654 mx=8 bacc=0 (60.3s)
P16 turan_n162         ball     seed 1: 7.698 mx=16 bacc=0 (60.3s)
P16 turan_n162         ball     seed 2: 7.654 mx=8 bacc=0 (60.1s)
P16 turan_n162         ballS    seed 0: 7.654 mx=8 bacc=0 (60.1s)
P16 turan_n162         ballS    seed 1: 7.667 mx=16 bacc=0 (60.2s)
P16 turan_n162         ballS    seed 2: 7.654 mx=8 bacc=0 (60.4s)
P16 turan_n162         ballSF   seed 0: 7.654 mx=8 bacc=0 (60.3s)
P16 turan_n162         ballSF   seed 1: 7.667 mx=16 bacc=0 (60.3s)
P16 turan_n162         ballSF   seed 2: 7.654 mx=8 bacc=0 (60.2s)
P16 ws_n486            default  seed 0: 3.42 mx=14 bacc=0 (60.0s)
P16 ws_n486            default  seed 1: 3.377 mx=12 bacc=0 (60.0s)
P16 ws_n486            default  seed 2: 3.481 mx=12 bacc=0 (60.0s)
P16 ws_n486            ball     seed 0: 4.848 mx=28 bacc=2 (60.0s)
P16 ws_n486            ball     seed 1: 5.07 mx=38 bacc=1 (60.0s)
P16 ws_n486            ball     seed 2: 5.576 mx=33 bacc=1 (60.0s)
P16 ws_n486            ballS    seed 0: 5.097 mx=31 bacc=3 (60.0s)
P16 ws_n486            ballS    seed 1: 5.043 mx=34 bacc=2 (60.0s)
P16 ws_n486            ballS    seed 2: 5.543 mx=33 bacc=0 (60.0s)
P16 ws_n486            ballSF   seed 0: 5.101 mx=27 bacc=4 (60.0s)
P16 ws_n486            ballSF   seed 1: 5.16 mx=29 bacc=4 (60.0s)
P16 ws_n486            ballSF   seed 2: 5.381 mx=27 bacc=3 (60.0s)

summary (mean ACL; d = arm - default, negative = wins):
Z12 K100               default=7.84(3) mx=9.0 | ball=7.84 mx=9.0 t=1.1 d=+0.000 | ballS=7.84 mx=9.0 t=1.633 d=+0.000 | ballSF=7.81 mx=9.0 t=2.5 d=-0.030
Z12 K140               default=10.229(3) mx=11.0 | ball=10.229 mx=11.0 t=2.833 d=+0.000 | ballS=10.229 mx=11.0 t=4.7 d=+0.000 | ballSF=10.229 mx=11.0 t=8.3 d=+0.000
Z12 ER100_d10          default=4.823(3) mx=8.333 | ball=5.957 mx=10.0 t=60.0 d=+1.134 | ballS=5.847 mx=9.0 t=60.033 d=+1.024 | ballSF=5.847 mx=9.0 t=60.033 d=+1.024
Z12 turan_n162         default=6.046(10) mx=6.2 | ball=6.652 mx=8.4 t=60.21 d=+0.606 | ballS=6.652 mx=8.4 t=60.28 d=+0.606 | ballSF=6.652 mx=8.4 t=60.65 d=+0.606
Z12 spin_glass_n163    default=11.417(3) mx=13.0 | ball=11.417 mx=13.0 t=24.8 d=+0.000 | ballS=11.417 mx=13.0 t=26.267 d=+0.000 | ballSF=11.417 mx=13.0 t=26.533 d=+0.000
Z12 regular_n316       default=2.813(3) mx=6.667 | ball=4.172 mx=15.333 t=60.0 d=+1.359 | ballS=4.121 mx=14.333 t=60.0 d=+1.308 | ballSF=4.12 mx=14.333 t=60.033 d=+1.307
Z12 ws_n486            default=2.872(10) mx=10.0 | ball=4.3 mx=20.8 t=60.01 d=+1.428 | ballS=4.179 mx=21.4 t=60.0 d=+1.307 | ballSF=4.237 mx=21.2 t=60.06 d=+1.365
Z12 grid_200           default=1.032(3) mx=2.0 | ball=1.247 mx=3.667 t=60.0 d=+0.215 | ballS=1.233 mx=3.333 t=60.0 d=+0.201 | ballSF=1.217 mx=3.333 t=60.0 d=+0.185
Z12 honeycomb_200      default=1.077(3) mx=2.0 | ball=1.438 mx=4.333 t=60.0 d=+0.361 | ballS=1.408 mx=4.0 t=60.0 d=+0.331 | ballSF=1.408 mx=4.0 t=60.0 d=+0.331
Z12 king_graph_196     default=1.517(3) mx=3.0 | ball=2.051 mx=6.667 t=60.0 d=+0.534 | ballS=2.055 mx=6.667 t=60.0 d=+0.538 | ballSF=2.053 mx=6.667 t=60.033 d=+0.536
P16 K100               default=11.463(3) mx=16.667 | ball=11.487 mx=17.333 t=3.467 d=+0.024 | ballS=11.39 mx=16.333 t=4.533 d=-0.073 | ballSF=12.27 mx=20.667 t=5.267 d=+0.807
P16 turan_n162         default=7.654(3) mx=8.0 | ball=7.669 mx=10.667 t=60.233 d=+0.015 | ballS=7.658 mx=10.667 t=60.233 d=+0.004 | ballSF=7.658 mx=10.667 t=60.267 d=+0.004
P16 ws_n486            default=3.426(3) mx=12.667 | ball=5.165 mx=33.0 t=60.0 d=+1.739 | ballS=5.228 mx=32.667 t=60.0 d=+1.802 | ballSF=5.214 mx=27.667 t=60.0 d=+1.788

grind irreplaceable on: [('Z12', 'ER100_d10'), ('Z12', 'turan_n162'), ('Z12', 'regular_n316'), ('Z12', 'ws_n486'), ('Z12', 'honeycomb_200'), ('Z12', 'king_graph_196'), ('P16', 'ws_n486')]
load at end: (56.30615234375, 55.2900390625, 39.2529296875)
done-probe
