13 cells, 212 jobs; load (19.30517578125, 24.18408203125, 29.11767578125)
/data/max/ember/docs/paper2/data/grind_probe2.py:74: DeprecationWarning: dwave-networkx is deprecated and will be replaced by dwave-graphs in Ocean 10. Most functionality previously provided by dwave-networkx is now available as part of dwave-graphs under the 'dwave.graphs' namespace.
  import dwave_networkx as dnx
/data/max/ember/docs/paper2/data/grind_probe2.py:74: DeprecationWarning: dwave-networkx is deprecated and will be replaced by dwave-graphs in Ocean 10. Most functionality previously provided by dwave-networkx is now available as part of dwave-graphs under the 'dwave.graphs' namespace.
  import dwave_networkx as dnx
/data/max/ember/docs/paper2/data/grind_probe2.py:74: DeprecationWarning: dwave-networkx is deprecated and will be replaced by dwave-graphs in Ocean 10. Most functionality previously provided by dwave-networkx is now available as part of dwave-graphs under the 'dwave.graphs' namespace.
  import dwave_networkx as dnx
/data/max/ember/docs/paper2/data/grind_probe2.py:74: DeprecationWarning: dwave-networkx is deprecated and will be replaced by dwave-graphs in Ocean 10. Most functionality previously provided by dwave-networkx is now available as part of dwave-graphs under the 'dwave.graphs' namespace.
  import dwave_networkx as dnx
/data/max/ember/docs/paper2/data/grind_probe2.py:74: DeprecationWarning: dwave-networkx is deprecated and will be replaced by dwave-graphs in Ocean 10. Most functionality previously provided by dwave-networkx is now available as part of dwave-graphs under the 'dwave.graphs' namespace.
  import dwave_networkx as dnx
/data/max/ember/docs/paper2/data/grind_probe2.py:74: DeprecationWarning: dwave-networkx is deprecated and will be replaced by dwave-graphs in Ocean 10. Most functionality previously provided by dwave-networkx is now available as part of dwave-graphs under the 'dwave.graphs' namespace.
  import dwave_networkx as dnx
/data/max/ember/docs/paper2/data/grind_probe2.py:74: DeprecationWarning: dwave-networkx is deprecated and will be replaced by dwave-graphs in Ocean 10. Most functionality previously provided by dwave-networkx is now available as part of dwave-graphs under the 'dwave.graphs' namespace.
  import dwave_networkx as dnx
/data/max/ember/docs/paper2/data/grind_probe2.py:74: DeprecationWarning: dwave-networkx is deprecated and will be replaced by dwave-graphs in Ocean 10. Most functionality previously provided by dwave-networkx is now available as part of dwave-graphs under the 'dwave.graphs' namespace.
  import dwave_networkx as dnx
/data/max/ember/docs/paper2/data/grind_probe2.py:74: DeprecationWarning: dwave-networkx is deprecated and will be replaced by dwave-graphs in Ocean 10. Most functionality previously provided by dwave-networkx is now available as part of dwave-graphs under the 'dwave.graphs' namespace.
  import dwave_networkx as dnx
/data/max/ember/docs/paper2/data/grind_probe2.py:74: DeprecationWarning: dwave-networkx is deprecated and will be replaced by dwave-graphs in Ocean 10. Most functionality previously provided by dwave-networkx is now available as part of dwave-graphs under the 'dwave.graphs' namespace.
  import dwave_networkx as dnx
/data/max/ember/docs/paper2/data/grind_probe2.py:74: DeprecationWarning: dwave-networkx is deprecated and will be replaced by dwave-graphs in Ocean 10. Most functionality previously provided by dwave-networkx is now available as part of dwave-graphs under the 'dwave.graphs' namespace.
  import dwave_networkx as dnx
/data/max/ember/docs/paper2/data/grind_probe2.py:74: DeprecationWarning: dwave-networkx is deprecated and will be replaced by dwave-graphs in Ocean 10. Most functionality previously provided by dwave-networkx is now available as part of dwave-graphs under the 'dwave.graphs' namespace.
  import dwave_networkx as dnx
/data/max/ember/docs/paper2/data/grind_probe2.py:74: DeprecationWarning: dwave-networkx is deprecated and will be replaced by dwave-graphs in Ocean 10. Most functionality previously provided by dwave-networkx is now available as part of dwave-graphs under the 'dwave.graphs' namespace.
  import dwave_networkx as dnx
/data/max/ember/docs/paper2/data/grind_probe2.py:74: DeprecationWarning: dwave-networkx is deprecated and will be replaced by dwave-graphs in Ocean 10. Most functionality previously provided by dwave-networkx is now available as part of dwave-graphs under the 'dwave.graphs' namespace.
  import dwave_networkx as dnx
/data/max/ember/docs/paper2/data/grind_probe2.py:74: DeprecationWarning: dwave-networkx is deprecated and will be replaced by dwave-graphs in Ocean 10. Most functionality previously provided by dwave-networkx is now available as part of dwave-graphs under the 'dwave.graphs' namespace.
  import dwave_networkx as dnx
/data/max/ember/docs/paper2/data/grind_probe2.py:74: DeprecationWarning: dwave-networkx is deprecated and will be replaced by dwave-graphs in Ocean 10. Most functionality previously provided by dwave-networkx is now available as part of dwave-graphs under the 'dwave.graphs' namespace.
  import dwave_networkx as dnx
/data/max/ember/docs/paper2/data/grind_probe2.py:74: DeprecationWarning: dwave-networkx is deprecated and will be replaced by dwave-graphs in Ocean 10. Most functionality previously provided by dwave-networkx is now available as part of dwave-graphs under the 'dwave.graphs' namespace.
  import dwave_networkx as dnx
/data/max/ember/docs/paper2/data/grind_probe2.py:74: DeprecationWarning: dwave-networkx is deprecated and will be replaced by dwave-graphs in Ocean 10. Most functionality previously provided by dwave-networkx is now available as part of dwave-graphs under the 'dwave.graphs' namespace.
  import dwave_networkx as dnx
/data/max/ember/docs/paper2/data/grind_probe2.py:74: DeprecationWarning: dwave-networkx is deprecated and will be replaced by dwave-graphs in Ocean 10. Most functionality previously provided by dwave-networkx is now available as part of dwave-graphs under the 'dwave.graphs' namespace.
  import dwave_networkx as dnx
/data/max/ember/docs/paper2/data/grind_probe2.py:74: DeprecationWarning: dwave-networkx is deprecated and will be replaced by dwave-graphs in Ocean 10. Most functionality previously provided by dwave-networkx is now available as part of dwave-graphs under the 'dwave.graphs' namespace.
  import dwave_networkx as dnx
/data/max/ember/docs/paper2/data/grind_probe2.py:74: DeprecationWarning: dwave-networkx is deprecated and will be replaced by dwave-graphs in Ocean 10. Most functionality previously provided by dwave-networkx is now available as part of dwave-graphs under the 'dwave.graphs' namespace.
  import dwave_networkx as dnx
/data/max/ember/docs/paper2/data/grind_probe2.py:74: DeprecationWarning: dwave-networkx is deprecated and will be replaced by dwave-graphs in Ocean 10. Most functionality previously provided by dwave-networkx is now available as part of dwave-graphs under the 'dwave.graphs' namespace.
  import dwave_networkx as dnx
/data/max/ember/docs/paper2/data/grind_probe2.py:74: DeprecationWarning: dwave-networkx is deprecated and will be replaced by dwave-graphs in Ocean 10. Most functionality previously provided by dwave-networkx is now available as part of dwave-graphs under the 'dwave.graphs' namespace.
  import dwave_networkx as dnx
/data/max/ember/docs/paper2/data/grind_probe2.py:74: DeprecationWarning: dwave-networkx is deprecated and will be replaced by dwave-graphs in Ocean 10. Most functionality previously provided by dwave-networkx is now available as part of dwave-graphs under the 'dwave.graphs' namespace.
  import dwave_networkx as dnx
Z12 K100               default  seed 0: 7.84 mx=9 bacc=0 (25.9s)
Z12 K100               default  seed 1: 7.84 mx=9 bacc=0 (26.2s)
Z12 K100               default  seed 2: 7.84 mx=9 bacc=0 (27.8s)
Z12 K100               ball     seed 0: 7.84 mx=9 bacc=0 (1.2s)
Z12 K100               ball     seed 1: 7.84 mx=9 bacc=0 (1.1s)
Z12 K100               ball     seed 2: 7.84 mx=9 bacc=0 (1.2s)
Z12 K100               ballS    seed 0: 7.84 mx=9 bacc=0 (1.8s)
Z12 K100               ballS    seed 1: 7.84 mx=9 bacc=0 (1.8s)
Z12 K100               ballS    seed 2: 7.84 mx=9 bacc=0 (1.8s)
Z12 K100               ballSF   seed 0: 7.81 mx=9 bacc=0 (2.8s)
Z12 K100               ballSF   seed 1: 7.81 mx=9 bacc=0 (2.8s)
Z12 K100               ballSF   seed 2: 7.81 mx=9 bacc=0 (2.8s)
Z12 K140               default  seed 0: 10.229 mx=11 bacc=0 (61.9s)
Z12 K140               default  seed 1: 10.229 mx=11 bacc=0 (65.6s)
Z12 K140               default  seed 2: 10.229 mx=11 bacc=0 (67.4s)
Z12 K140               ball     seed 0: 10.229 mx=11 bacc=0 (3.2s)
Z12 K140               ball     seed 1: 10.229 mx=11 bacc=0 (3.2s)
Z12 K140               ball     seed 2: 10.229 mx=11 bacc=0 (3.3s)
Z12 K140               ballS    seed 0: 10.229 mx=11 bacc=0 (5.3s)
Z12 K140               ballS    seed 1: 10.229 mx=11 bacc=0 (5.3s)
Z12 K140               ballS    seed 2: 10.229 mx=11 bacc=0 (5.3s)
Z12 K140               ballSF   seed 0: 10.229 mx=11 bacc=0 (9.4s)
Z12 K140               ballSF   seed 1: 10.229 mx=11 bacc=0 (9.3s)
Z12 K140               ballSF   seed 2: 10.229 mx=11 bacc=0 (9.3s)
Z12 ER100_d10          default  seed 0: 4.66 mx=8 bacc=0 (60.0s)
Z12 ER100_d10          default  seed 1: 5.06 mx=9 bacc=0 (60.0s)
Z12 ER100_d10          default  seed 2: 4.75 mx=8 bacc=0 (60.0s)
Z12 ER100_d10          ball     seed 0: 5.94 mx=10 bacc=1 (60.0s)
Z12 ER100_d10          ball     seed 1: 5.99 mx=10 bacc=1 (60.1s)
Z12 ER100_d10          ball     seed 2: 5.94 mx=10 bacc=1 (60.0s)
Z12 ER100_d10          ballS    seed 0: 5.88 mx=9 bacc=0 (60.0s)
Z12 ER100_d10          ballS    seed 1: 5.78 mx=9 bacc=1 (60.0s)
Z12 ER100_d10          ballS    seed 2: 5.88 mx=9 bacc=0 (60.0s)
Z12 ER100_d10          ballSF   seed 0: 5.88 mx=9 bacc=0 (60.0s)
Z12 ER100_d10          ballSF   seed 1: 5.78 mx=9 bacc=1 (60.0s)
Z12 ER100_d10          ballSF   seed 2: 5.88 mx=9 bacc=0 (60.0s)
Z12 turan_n162         default  seed 0: 6.0 mx=6 bacc=0 (60.4s)
Z12 turan_n162         default  seed 1: 6.0 mx=6 bacc=0 (60.3s)
Z12 turan_n162         default  seed 2: 6.0 mx=6 bacc=0 (60.4s)
Z12 turan_n162         default  seed 3: 6.0 mx=6 bacc=0 (60.2s)
Z12 turan_n162         default  seed 4: 6.0 mx=6 bacc=0 (60.1s)
Z12 turan_n162         default  seed 5: 6.0 mx=6 bacc=0 (60.2s)
Z12 turan_n162         default  seed 6: 6.0 mx=6 bacc=0 (60.1s)
Z12 turan_n162         default  seed 7: 6.0 mx=6 bacc=0 (60.5s)
Z12 turan_n162         default  seed 8: 6.0 mx=6 bacc=0 (60.2s)
Z12 turan_n162         default  seed 9: 6.0 mx=6 bacc=0 (60.4s)
Z12 turan_n162         ball     seed 0: 6.58 mx=10 bacc=0 (60.3s)
Z12 turan_n162         ball     seed 1: 7.111 mx=19 bacc=0 (60.3s)
Z12 turan_n162         ball     seed 2: 6.58 mx=10 bacc=0 (60.2s)
Z12 turan_n162         ball     seed 3: 6.58 mx=10 bacc=0 (60.3s)
Z12 turan_n162         ball     seed 4: 6.58 mx=10 bacc=0 (60.1s)
Z12 turan_n162         ball     seed 5: 7.204 mx=20 bacc=0 (60.2s)
Z12 turan_n162         ball     seed 6: 6.58 mx=10 bacc=0 (60.4s)
Z12 turan_n162         ball     seed 7: 7.235 mx=22 bacc=0 (60.3s)
Z12 turan_n162         ball     seed 8: 8.185 mx=21 bacc=0 (60.1s)
Z12 turan_n162         ball     seed 9: 6.58 mx=10 bacc=0 (60.1s)
Z12 turan_n162         ballS    seed 0: 6.58 mx=10 bacc=0 (60.4s)
Z12 turan_n162         ballS    seed 1: 7.111 mx=19 bacc=0 (60.3s)
Z12 turan_n162         ballS    seed 2: 6.58 mx=10 bacc=0 (60.4s)
Z12 turan_n162         ballS    seed 3: 6.58 mx=10 bacc=0 (60.2s)
Z12 turan_n162         ballS    seed 4: 6.58 mx=10 bacc=0 (60.3s)
Z12 turan_n162         ballS    seed 5: 7.204 mx=20 bacc=0 (60.1s)
Z12 turan_n162         ballS    seed 6: 6.58 mx=10 bacc=0 (60.6s)
Z12 turan_n162         ballS    seed 7: 7.235 mx=22 bacc=0 (60.2s)
Z12 turan_n162         ballS    seed 8: 8.173 mx=21 bacc=0 (60.1s)
Z12 turan_n162         ballS    seed 9: 6.58 mx=10 bacc=0 (60.1s)
Z12 turan_n162         ballSF   seed 0: 6.58 mx=10 bacc=0 (60.1s)
Z12 turan_n162         ballSF   seed 1: 7.111 mx=19 bacc=0 (60.3s)
Z12 turan_n162         ballSF   seed 2: 6.58 mx=10 bacc=0 (60.2s)
Z12 turan_n162         ballSF   seed 3: 6.58 mx=10 bacc=0 (60.1s)
Z12 turan_n162         ballSF   seed 4: 6.58 mx=10 bacc=0 (60.1s)
Z12 turan_n162         ballSF   seed 5: 7.204 mx=20 bacc=0 (60.1s)
Z12 turan_n162         ballSF   seed 6: 6.58 mx=10 bacc=0 (60.2s)
Z12 turan_n162         ballSF   seed 7: 7.235 mx=22 bacc=0 (60.3s)
Z12 turan_n162         ballSF   seed 8: 8.173 mx=21 bacc=0 (60.1s)
Z12 turan_n162         ballSF   seed 9: 6.58 mx=10 bacc=0 (60.2s)
Z12 spin_glass_n163    default  seed 0: 11.417 mx=13 bacc=0 (46.3s)
Z12 spin_glass_n163    default  seed 1: 11.417 mx=13 bacc=0 (44.3s)
Z12 spin_glass_n163    default  seed 2: 11.417 mx=13 bacc=0 (44.3s)
Z12 spin_glass_n163    ball     seed 0: 11.417 mx=13 bacc=0 (24.2s)
Z12 spin_glass_n163    ball     seed 1: 11.417 mx=13 bacc=0 (25.2s)
Z12 spin_glass_n163    ball     seed 2: 11.417 mx=13 bacc=0 (23.8s)
Z12 spin_glass_n163    ballS    seed 0: 11.417 mx=13 bacc=0 (26.7s)
Z12 spin_glass_n163    ballS    seed 1: 11.417 mx=13 bacc=0 (26.5s)
Z12 spin_glass_n163    ballS    seed 2: 11.417 mx=13 bacc=0 (25.9s)
Z12 spin_glass_n163    ballSF   seed 0: 11.417 mx=13 bacc=0 (26.8s)
Z12 spin_glass_n163    ballSF   seed 1: 11.417 mx=13 bacc=0 (26.8s)
Z12 spin_glass_n163    ballSF   seed 2: 11.417 mx=13 bacc=0 (27.6s)
Z12 regular_n316       default  seed 0: 2.731 mx=6 bacc=0 (60.0s)
Z12 regular_n316       default  seed 1: 2.788 mx=7 bacc=1 (60.0s)
Z12 regular_n316       default  seed 2: 2.953 mx=7 bacc=0 (60.0s)
Z12 regular_n316       ball     seed 0: 4.196 mx=20 bacc=8 (60.0s)
Z12 regular_n316       ball     seed 1: 4.231 mx=17 bacc=9 (60.0s)
Z12 regular_n316       ball     seed 2: 4.323 mx=15 bacc=9 (60.0s)
Z12 regular_n316       ballS    seed 0: 4.104 mx=15 bacc=7 (60.0s)
Z12 regular_n316       ballS    seed 1: 4.085 mx=15 bacc=9 (60.0s)
Z12 regular_n316       ballS    seed 2: 4.174 mx=17 bacc=7 (60.0s)
Z12 regular_n316       ballSF   seed 0: 4.104 mx=15 bacc=7 (60.0s)
Z12 regular_n316       ballSF   seed 1: 4.111 mx=14 bacc=8 (60.0s)
Z12 regular_n316       ballSF   seed 2: 4.174 mx=17 bacc=7 (60.0s)
Z12 ws_n486            default  seed 0: 2.597 mx=9 bacc=0 (60.2s)
Z12 ws_n486            default  seed 1: 2.749 mx=9 bacc=1 (60.0s)
Z12 ws_n486            default  seed 2: 2.436 mx=8 bacc=0 (60.0s)
Z12 ws_n486            default  seed 3: 2.512 mx=8 bacc=0 (60.0s)
Z12 ws_n486            default  seed 4: 2.521 mx=8 bacc=0 (60.0s)
Z12 ws_n486            default  seed 5: 2.765 mx=8 bacc=1 (60.0s)
Z12 ws_n486            default  seed 6: 2.35 mx=7 bacc=0 (60.0s)
Z12 ws_n486            default  seed 7: 2.556 mx=8 bacc=0 (60.0s)
Z12 ws_n486            default  seed 8: 2.634 mx=8 bacc=1 (60.4s)
Z12 ws_n486            default  seed 9: 2.418 mx=8 bacc=0 (60.0s)
Z12 ws_n486            ball     seed 0: 3.749 mx=16 bacc=3 (60.0s)
Z12 ws_n486            ball     seed 1: 3.739 mx=16 bacc=5 (60.1s)
Z12 ws_n486            ball     seed 2: 3.753 mx=16 bacc=5 (60.0s)
Z12 ws_n486            ball     seed 3: 3.85 mx=17 bacc=3 (60.0s)
Z12 ws_n486            ball     seed 4: 3.665 mx=14 bacc=2 (60.0s)
Z12 ws_n486            ball     seed 5: 3.675 mx=15 bacc=1 (60.0s)
Z12 ws_n486            ball     seed 6: 3.786 mx=20 bacc=5 (60.0s)
Z12 ws_n486            ball     seed 7: 3.749 mx=15 bacc=5 (60.0s)
Z12 ws_n486            ball     seed 8: 3.722 mx=16 bacc=3 (60.0s)
Z12 ws_n486            ball     seed 9: 3.708 mx=17 bacc=5 (60.0s)
Z12 ws_n486            ballS    seed 0: 3.702 mx=16 bacc=5 (60.0s)
Z12 ws_n486            ballS    seed 1: 3.712 mx=16 bacc=3 (60.0s)
Z12 ws_n486            ballS    seed 2: 3.708 mx=16 bacc=3 (60.0s)
Z12 ws_n486            ballS    seed 3: 3.796 mx=19 bacc=3 (60.0s)
Z12 ws_n486            ballS    seed 4: 3.677 mx=14 bacc=3 (60.0s)
Z12 ws_n486            ballS    seed 5: 3.64 mx=14 bacc=3 (60.0s)
Z12 ws_n486            ballS    seed 6: 3.786 mx=19 bacc=5 (60.0s)
Z12 ws_n486            ballS    seed 7: 3.665 mx=14 bacc=5 (60.0s)
Z12 ws_n486            ballS    seed 8: 3.714 mx=14 bacc=3 (60.0s)
Z12 ws_n486            ballS    seed 9: 3.714 mx=17 bacc=4 (60.0s)
Z12 ws_n486            ballSF   seed 0: 3.702 mx=16 bacc=5 (60.0s)
Z12 ws_n486            ballSF   seed 1: 3.702 mx=16 bacc=4 (60.0s)
Z12 ws_n486            ballSF   seed 2: 3.708 mx=16 bacc=3 (60.2s)
Z12 ws_n486            ballSF   seed 3: 3.796 mx=19 bacc=3 (60.2s)
Z12 ws_n486            ballSF   seed 4: 3.677 mx=14 bacc=3 (60.1s)
Z12 ws_n486            ballSF   seed 5: 3.64 mx=14 bacc=3 (60.4s)
Z12 ws_n486            ballSF   seed 6: 3.786 mx=19 bacc=5 (60.0s)
Z12 ws_n486            ballSF   seed 7: 3.665 mx=14 bacc=5 (60.0s)
Z12 ws_n486            ballSF   seed 8: 3.714 mx=14 bacc=3 (60.0s)
Z12 ws_n486            ballSF   seed 9: 3.714 mx=17 bacc=4 (60.0s)
Z12 grid_200           default  seed 0: 1.015 mx=2 bacc=0 (19.5s)
Z12 grid_200           default  seed 1: 1.05 mx=2 bacc=0 (23.7s)
Z12 grid_200           default  seed 2: 1.05 mx=2 bacc=0 (22.6s)
Z12 grid_200           ball     seed 0: 1.26 mx=4 bacc=30 (60.0s)
Z12 grid_200           ball     seed 1: 1.18 mx=4 bacc=15 (60.0s)
Z12 grid_200           ball     seed 2: 1.34 mx=4 bacc=30 (60.0s)
Z12 grid_200           ballS    seed 0: 1.26 mx=4 bacc=29 (60.0s)
Z12 grid_200           ballS    seed 1: 1.18 mx=4 bacc=15 (60.0s)
Z12 grid_200           ballS    seed 2: 1.39 mx=4 bacc=27 (60.0s)
Z12 grid_200           ballSF   seed 0: 1.26 mx=4 bacc=29 (60.0s)
Z12 grid_200           ballSF   seed 1: 1.18 mx=4 bacc=15 (60.0s)
Z12 grid_200           ballSF   seed 2: 1.38 mx=4 bacc=28 (60.0s)
Z12 honeycomb_200      default  seed 0: 1.11 mx=2 bacc=0 (26.1s)
Z12 honeycomb_200      default  seed 1: 1.09 mx=2 bacc=1 (46.0s)
Z12 honeycomb_200      default  seed 2: 1.13 mx=2 bacc=2 (48.9s)
Z12 honeycomb_200      ball     seed 0: 1.555 mx=5 bacc=36 (60.0s)
Z12 honeycomb_200      ball     seed 1: 1.495 mx=5 bacc=29 (60.0s)
Z12 honeycomb_200      ball     seed 2: 1.53 mx=5 bacc=36 (60.0s)
Z12 honeycomb_200      ballS    seed 0: 1.64 mx=6 bacc=31 (60.0s)
Z12 honeycomb_200      ballS    seed 1: 1.515 mx=5 bacc=36 (60.0s)
Z12 honeycomb_200      ballS    seed 2: 1.565 mx=6 bacc=31 (60.0s)
Z12 honeycomb_200      ballSF   seed 0: 1.625 mx=6 bacc=32 (60.0s)
Z12 honeycomb_200      ballSF   seed 1: 1.515 mx=5 bacc=36 (60.0s)
Z12 honeycomb_200      ballSF   seed 2: 1.565 mx=6 bacc=31 (60.0s)
Z12 king_graph_196     default  seed 0: 1.837 mx=4 bacc=14 (60.0s)
Z12 king_graph_196     default  seed 1: 1.735 mx=4 bacc=6 (60.0s)
Z12 king_graph_196     default  seed 2: 1.607 mx=3 bacc=2 (60.0s)
Z12 king_graph_196     ball     seed 0: 2.219 mx=8 bacc=13 (60.0s)
Z12 king_graph_196     ball     seed 1: 2.194 mx=5 bacc=17 (60.0s)
Z12 king_graph_196     ball     seed 2: 2.265 mx=7 bacc=15 (60.0s)
Z12 king_graph_196     ballS    seed 0: 2.209 mx=10 bacc=14 (60.1s)
Z12 king_graph_196     ballS    seed 1: 2.184 mx=7 bacc=15 (60.0s)
Z12 king_graph_196     ballS    seed 2: 2.158 mx=7 bacc=18 (60.0s)
Z12 king_graph_196     ballSF   seed 0: 2.209 mx=10 bacc=14 (60.0s)
Z12 king_graph_196     ballSF   seed 1: 2.153 mx=5 bacc=16 (60.0s)
Z12 king_graph_196     ballSF   seed 2: 2.158 mx=7 bacc=18 (60.0s)
P16 K100               default  seed 0: 11.23 mx=16 bacc=0 (27.7s)
P16 K100               default  seed 1: 11.51 mx=17 bacc=0 (26.8s)
P16 K100               default  seed 2: 11.65 mx=17 bacc=0 (56.8s)
P16 K100               ball     seed 0: 11.23 mx=16 bacc=0 (3.5s)
P16 K100               ball     seed 1: 11.52 mx=17 bacc=0 (3.3s)
P16 K100               ball     seed 2: 11.71 mx=19 bacc=0 (3.2s)
P16 K100               ballS    seed 0: 11.21 mx=16 bacc=0 (4.2s)
P16 K100               ballS    seed 1: 11.33 mx=14 bacc=0 (4.2s)
P16 K100               ballS    seed 2: 11.63 mx=19 bacc=0 (4.1s)
P16 K100               ballSF   seed 0: 12.0 mx=24 bacc=0 (4.8s)
P16 K100               ballSF   seed 1: 12.28 mx=18 bacc=0 (4.3s)
P16 K100               ballSF   seed 2: 12.25 mx=19 bacc=0 (4.6s)
P16 turan_n162         default  seed 0: 7.654 mx=8 bacc=0 (60.1s)
P16 turan_n162         default  seed 1: 7.815 mx=8 bacc=0 (61.5s)
P16 turan_n162         default  seed 2: 7.654 mx=8 bacc=0 (60.4s)
P16 turan_n162         ball     seed 0: 7.654 mx=8 bacc=0 (60.3s)
P16 turan_n162         ball     seed 1: 7.858 mx=12 bacc=0 (60.3s)
P16 turan_n162         ball     seed 2: 7.654 mx=8 bacc=0 (60.1s)
P16 turan_n162         ballS    seed 0: 7.654 mx=8 bacc=0 (60.2s)
P16 turan_n162         ballS    seed 1: 7.858 mx=12 bacc=0 (60.2s)
P16 turan_n162         ballS    seed 2: 7.654 mx=8 bacc=0 (60.1s)
P16 turan_n162         ballSF   seed 0: 7.654 mx=8 bacc=0 (60.4s)
P16 turan_n162         ballSF   seed 1: 7.858 mx=12 bacc=0 (60.3s)
P16 turan_n162         ballSF   seed 2: 7.654 mx=8 bacc=0 (60.2s)
P16 ws_n486            default  seed 0: 3.348 mx=10 bacc=0 (60.0s)
P16 ws_n486            default  seed 1: 3.214 mx=11 bacc=0 (60.0s)
P16 ws_n486            default  seed 2: 3.276 mx=12 bacc=1 (60.0s)
P16 ws_n486            ball     seed 0: 4.634 mx=21 bacc=5 (60.0s)
P16 ws_n486            ball     seed 1: 4.714 mx=35 bacc=1 (60.0s)
P16 ws_n486            ball     seed 2: 4.208 mx=29 bacc=1 (60.0s)
P16 ws_n486            ballS    seed 0: 4.681 mx=23 bacc=2 (60.0s)
P16 ws_n486            ballS    seed 1: 4.294 mx=20 bacc=2 (60.0s)
P16 ws_n486            ballS    seed 2: 4.37 mx=30 bacc=4 (60.0s)
P16 ws_n486            ballSF   seed 0: 4.44 mx=35 bacc=2 (60.0s)
P16 ws_n486            ballSF   seed 1: 4.35 mx=23 bacc=2 (60.0s)
P16 ws_n486            ballSF   seed 2: 4.607 mx=24 bacc=2 (60.0s)

summary (mean ACL; d = arm - default, negative = wins):
Z12 K100               default=7.84(3) mx=9.0 | ball=7.84 mx=9.0 t=1.167 d=+0.000 | ballS=7.84 mx=9.0 t=1.8 d=+0.000 | ballSF=7.81 mx=9.0 t=2.8 d=-0.030
Z12 K140               default=10.229(3) mx=11.0 | ball=10.229 mx=11.0 t=3.233 d=+0.000 | ballS=10.229 mx=11.0 t=5.3 d=+0.000 | ballSF=10.229 mx=11.0 t=9.333 d=+0.000
Z12 ER100_d10          default=4.823(3) mx=8.333 | ball=5.957 mx=10.0 t=60.033 d=+1.134 | ballS=5.847 mx=9.0 t=60.0 d=+1.024 | ballSF=5.847 mx=9.0 t=60.0 d=+1.024
Z12 turan_n162         default=6.0(10) mx=6.0 | ball=6.921 mx=14.2 t=60.23 d=+0.921 | ballS=6.92 mx=14.2 t=60.27 d=+0.920 | ballSF=6.92 mx=14.2 t=60.17 d=+0.920
Z12 spin_glass_n163    default=11.417(3) mx=13.0 | ball=11.417 mx=13.0 t=24.4 d=+0.000 | ballS=11.417 mx=13.0 t=26.367 d=+0.000 | ballSF=11.417 mx=13.0 t=27.067 d=+0.000
Z12 regular_n316       default=2.824(3) mx=6.667 | ball=4.25 mx=17.333 t=60.0 d=+1.426 | ballS=4.121 mx=15.667 t=60.0 d=+1.297 | ballSF=4.13 mx=15.333 t=60.0 d=+1.306
Z12 ws_n486            default=2.554(10) mx=8.1 | ball=3.74 mx=16.2 t=60.01 d=+1.186 | ballS=3.711 mx=15.9 t=60.0 d=+1.157 | ballSF=3.71 mx=15.9 t=60.09 d=+1.156
Z12 grid_200           default=1.038(3) mx=2.0 | ball=1.26 mx=4.0 t=60.0 d=+0.222 | ballS=1.277 mx=4.0 t=60.0 d=+0.239 | ballSF=1.273 mx=4.0 t=60.0 d=+0.235
Z12 honeycomb_200      default=1.11(3) mx=2.0 | ball=1.527 mx=5.0 t=60.0 d=+0.417 | ballS=1.573 mx=5.667 t=60.0 d=+0.463 | ballSF=1.568 mx=5.667 t=60.0 d=+0.458
Z12 king_graph_196     default=1.726(3) mx=3.667 | ball=2.226 mx=6.667 t=60.0 d=+0.500 | ballS=2.184 mx=8.0 t=60.033 d=+0.458 | ballSF=2.173 mx=7.333 t=60.0 d=+0.447
P16 K100               default=11.463(3) mx=16.667 | ball=11.487 mx=17.333 t=3.333 d=+0.024 | ballS=11.39 mx=16.333 t=4.167 d=-0.073 | ballSF=12.177 mx=20.333 t=4.567 d=+0.714
P16 turan_n162         default=7.708(3) mx=8.0 | ball=7.722 mx=9.333 t=60.233 d=+0.014 | ballS=7.722 mx=9.333 t=60.167 d=+0.014 | ballSF=7.722 mx=9.333 t=60.3 d=+0.014
P16 ws_n486            default=3.279(3) mx=11.0 | ball=4.519 mx=28.333 t=60.0 d=+1.240 | ballS=4.448 mx=24.333 t=60.0 d=+1.169 | ballSF=4.466 mx=27.333 t=60.0 d=+1.187

grind irreplaceable on: [('Z12', 'ER100_d10'), ('Z12', 'turan_n162'), ('Z12', 'regular_n316'), ('Z12', 'ws_n486'), ('Z12', 'honeycomb_200'), ('Z12', 'king_graph_196'), ('P16', 'ws_n486')]
load at end: (49.845703125, 49.06298828125, 39.73095703125)
done-probe
