13 cells, 138 jobs; load (47.8388671875, 48.48779296875, 46.1552734375)
/data/max/ember/docs/paper2/data/hier_probe.py:77: DeprecationWarning: dwave-networkx is deprecated and will be replaced by dwave-graphs in Ocean 10. Most functionality previously provided by dwave-networkx is now available as part of dwave-graphs under the 'dwave.graphs' namespace.
  import dwave_networkx as dnx
/data/max/ember/docs/paper2/data/hier_probe.py:77: DeprecationWarning: dwave-networkx is deprecated and will be replaced by dwave-graphs in Ocean 10. Most functionality previously provided by dwave-networkx is now available as part of dwave-graphs under the 'dwave.graphs' namespace.
  import dwave_networkx as dnx
/data/max/ember/docs/paper2/data/hier_probe.py:77: DeprecationWarning: dwave-networkx is deprecated and will be replaced by dwave-graphs in Ocean 10. Most functionality previously provided by dwave-networkx is now available as part of dwave-graphs under the 'dwave.graphs' namespace.
  import dwave_networkx as dnx
/data/max/ember/docs/paper2/data/hier_probe.py:77: DeprecationWarning: dwave-networkx is deprecated and will be replaced by dwave-graphs in Ocean 10. Most functionality previously provided by dwave-networkx is now available as part of dwave-graphs under the 'dwave.graphs' namespace.
  import dwave_networkx as dnx
/data/max/ember/docs/paper2/data/hier_probe.py:77: DeprecationWarning: dwave-networkx is deprecated and will be replaced by dwave-graphs in Ocean 10. Most functionality previously provided by dwave-networkx is now available as part of dwave-graphs under the 'dwave.graphs' namespace.
  import dwave_networkx as dnx
/data/max/ember/docs/paper2/data/hier_probe.py:77: DeprecationWarning: dwave-networkx is deprecated and will be replaced by dwave-graphs in Ocean 10. Most functionality previously provided by dwave-networkx is now available as part of dwave-graphs under the 'dwave.graphs' namespace.
  import dwave_networkx as dnx
/data/max/ember/docs/paper2/data/hier_probe.py:77: DeprecationWarning: dwave-networkx is deprecated and will be replaced by dwave-graphs in Ocean 10. Most functionality previously provided by dwave-networkx is now available as part of dwave-graphs under the 'dwave.graphs' namespace.
  import dwave_networkx as dnx
/data/max/ember/docs/paper2/data/hier_probe.py:77: DeprecationWarning: dwave-networkx is deprecated and will be replaced by dwave-graphs in Ocean 10. Most functionality previously provided by dwave-networkx is now available as part of dwave-graphs under the 'dwave.graphs' namespace.
  import dwave_networkx as dnx
/data/max/ember/docs/paper2/data/hier_probe.py:77: DeprecationWarning: dwave-networkx is deprecated and will be replaced by dwave-graphs in Ocean 10. Most functionality previously provided by dwave-networkx is now available as part of dwave-graphs under the 'dwave.graphs' namespace.
  import dwave_networkx as dnx
/data/max/ember/docs/paper2/data/hier_probe.py:77: DeprecationWarning: dwave-networkx is deprecated and will be replaced by dwave-graphs in Ocean 10. Most functionality previously provided by dwave-networkx is now available as part of dwave-graphs under the 'dwave.graphs' namespace.
  import dwave_networkx as dnx
/data/max/ember/docs/paper2/data/hier_probe.py:77: DeprecationWarning: dwave-networkx is deprecated and will be replaced by dwave-graphs in Ocean 10. Most functionality previously provided by dwave-networkx is now available as part of dwave-graphs under the 'dwave.graphs' namespace.
  import dwave_networkx as dnx
/data/max/ember/docs/paper2/data/hier_probe.py:77: DeprecationWarning: dwave-networkx is deprecated and will be replaced by dwave-graphs in Ocean 10. Most functionality previously provided by dwave-networkx is now available as part of dwave-graphs under the 'dwave.graphs' namespace.
  import dwave_networkx as dnx
/data/max/ember/docs/paper2/data/hier_probe.py:77: DeprecationWarning: dwave-networkx is deprecated and will be replaced by dwave-graphs in Ocean 10. Most functionality previously provided by dwave-networkx is now available as part of dwave-graphs under the 'dwave.graphs' namespace.
  import dwave_networkx as dnx
/data/max/ember/docs/paper2/data/hier_probe.py:77: DeprecationWarning: dwave-networkx is deprecated and will be replaced by dwave-graphs in Ocean 10. Most functionality previously provided by dwave-networkx is now available as part of dwave-graphs under the 'dwave.graphs' namespace.
  import dwave_networkx as dnx
/data/max/ember/docs/paper2/data/hier_probe.py:77: DeprecationWarning: dwave-networkx is deprecated and will be replaced by dwave-graphs in Ocean 10. Most functionality previously provided by dwave-networkx is now available as part of dwave-graphs under the 'dwave.graphs' namespace.
  import dwave_networkx as dnx
/data/max/ember/docs/paper2/data/hier_probe.py:77: DeprecationWarning: dwave-networkx is deprecated and will be replaced by dwave-graphs in Ocean 10. Most functionality previously provided by dwave-networkx is now available as part of dwave-graphs under the 'dwave.graphs' namespace.
  import dwave_networkx as dnx
/data/max/ember/docs/paper2/data/hier_probe.py:77: DeprecationWarning: dwave-networkx is deprecated and will be replaced by dwave-graphs in Ocean 10. Most functionality previously provided by dwave-networkx is now available as part of dwave-graphs under the 'dwave.graphs' namespace.
  import dwave_networkx as dnx
/data/max/ember/docs/paper2/data/hier_probe.py:77: DeprecationWarning: dwave-networkx is deprecated and will be replaced by dwave-graphs in Ocean 10. Most functionality previously provided by dwave-networkx is now available as part of dwave-graphs under the 'dwave.graphs' namespace.
  import dwave_networkx as dnx
/data/max/ember/docs/paper2/data/hier_probe.py:77: DeprecationWarning: dwave-networkx is deprecated and will be replaced by dwave-graphs in Ocean 10. Most functionality previously provided by dwave-networkx is now available as part of dwave-graphs under the 'dwave.graphs' namespace.
  import dwave_networkx as dnx
/data/max/ember/docs/paper2/data/hier_probe.py:77: DeprecationWarning: dwave-networkx is deprecated and will be replaced by dwave-graphs in Ocean 10. Most functionality previously provided by dwave-networkx is now available as part of dwave-graphs under the 'dwave.graphs' namespace.
  import dwave_networkx as dnx
/data/max/ember/docs/paper2/data/hier_probe.py:77: DeprecationWarning: dwave-networkx is deprecated and will be replaced by dwave-graphs in Ocean 10. Most functionality previously provided by dwave-networkx is now available as part of dwave-graphs under the 'dwave.graphs' namespace.
  import dwave_networkx as dnx
/data/max/ember/docs/paper2/data/hier_probe.py:77: DeprecationWarning: dwave-networkx is deprecated and will be replaced by dwave-graphs in Ocean 10. Most functionality previously provided by dwave-networkx is now available as part of dwave-graphs under the 'dwave.graphs' namespace.
  import dwave_networkx as dnx
/data/max/ember/docs/paper2/data/hier_probe.py:77: DeprecationWarning: dwave-networkx is deprecated and will be replaced by dwave-graphs in Ocean 10. Most functionality previously provided by dwave-networkx is now available as part of dwave-graphs under the 'dwave.graphs' namespace.
  import dwave_networkx as dnx
/data/max/ember/docs/paper2/data/hier_probe.py:77: DeprecationWarning: dwave-networkx is deprecated and will be replaced by dwave-graphs in Ocean 10. Most functionality previously provided by dwave-networkx is now available as part of dwave-graphs under the 'dwave.graphs' namespace.
  import dwave_networkx as dnx
Z12 K100               default  seed 0: 7.84 mx=9 E=1181.0 skip=True (29.3s)
Z12 K100               default  seed 1: 7.84 mx=9 E=1181.0 skip=True (33.1s)
Z12 K100               default  seed 2: 7.84 mx=9 E=1181.0 skip=True (31.5s)
Z12 K100               hier     seed 0: 7.8 mx=9 E=1185.0 skip=True (28.1s)
Z12 K100               hier     seed 1: 7.8 mx=9 E=1185.0 skip=True (33.6s)
Z12 K100               hier     seed 2: 7.8 mx=9 E=1185.0 skip=True (29.1s)
Z12 K100               hier-diag seed 0: 7.72 mx=8 E=1152.0 skip=True (41.9s)
Z12 K100               hier-diag seed 1: 7.72 mx=8 E=1152.0 skip=True (43.9s)
Z12 K100               hier-diag seed 2: 7.72 mx=8 E=1152.0 skip=True (41.2s)
Z12 K140               default  seed 0: 10.229 mx=11 E=2345.0 skip=True (69.2s)
Z12 K140               default  seed 1: 10.229 mx=11 E=2345.0 skip=True (69.8s)
Z12 K140               default  seed 2: 10.229 mx=11 E=2345.0 skip=True (66.9s)
Z12 K140               hier     seed 0: 10.229 mx=11 E=2328.0 skip=True (66.7s)
Z12 K140               hier     seed 1: 10.229 mx=11 E=2328.0 skip=True (61.7s)
Z12 K140               hier     seed 2: 10.229 mx=11 E=2328.0 skip=True (62.3s)
Z12 K140               hier-diag seed 0: 10.229 mx=11 E=2312.0 skip=True (66.6s)
Z12 K140               hier-diag seed 1: 10.229 mx=11 E=2312.0 skip=True (66.1s)
Z12 K140               hier-diag seed 2: 10.229 mx=11 E=2312.0 skip=True (60.4s)
Z12 ER100_d10          default  seed 0: 4.66 mx=8 E=845.0 skip=False (4.7s)
Z12 ER100_d10          default  seed 1: 5.06 mx=9 E=845.0 skip=False (3.2s)
Z12 ER100_d10          default  seed 2: 4.75 mx=8 E=845.0 skip=False (6.2s)
Z12 ER100_d10          hier     seed 0: 5.71 mx=10 E=815.0 skip=True (3.3s)
Z12 ER100_d10          hier     seed 1: 4.7 mx=9 E=815.0 skip=True (6.4s)
Z12 ER100_d10          hier     seed 2: 4.76 mx=8 E=815.0 skip=True (6.9s)
Z12 ER100_d10          hier-diag seed 0: 6.02 mx=9 E=879.0 skip=False (4.2s)
Z12 ER100_d10          hier-diag seed 1: 6.05 mx=9 E=879.0 skip=False (3.2s)
Z12 ER100_d10          hier-diag seed 2: 6.03 mx=9 E=879.0 skip=False (3.1s)
Z12 turan_n162         default  seed 0: 6.0 mx=6 E=1736.0 skip=True (43.7s)
Z12 turan_n162         default  seed 1: 6.0 mx=6 E=2126.0 skip=True (43.3s)
Z12 turan_n162         default  seed 2: 6.0 mx=6 E=1736.0 skip=True (38.3s)
Z12 turan_n162         default  seed 3: 6.0 mx=6 E=1736.0 skip=True (42.4s)
Z12 turan_n162         default  seed 4: 6.0 mx=6 E=1736.0 skip=True (37.7s)
Z12 turan_n162         default  seed 5: 6.0 mx=6 E=2126.0 skip=True (46.3s)
Z12 turan_n162         default  seed 6: 6.0 mx=6 E=1736.0 skip=True (37.7s)
Z12 turan_n162         default  seed 7: 6.0 mx=6 E=2126.0 skip=True (44.8s)
Z12 turan_n162         default  seed 8: 6.228 mx=7 E=2126.0 skip=True (40.4s)
Z12 turan_n162         default  seed 9: 6.0 mx=6 E=1736.0 skip=True (38.1s)
Z12 turan_n162         hier     seed 0: 6.0 mx=6 E=1767.0 skip=True (31.4s)
Z12 turan_n162         hier     seed 1: 6.0 mx=6 E=1767.0 skip=True (31.5s)
Z12 turan_n162         hier     seed 2: 6.0 mx=6 E=1767.0 skip=True (35.1s)
Z12 turan_n162         hier     seed 3: 6.0 mx=6 E=1767.0 skip=True (31.3s)
Z12 turan_n162         hier     seed 4: 6.0 mx=6 E=1767.0 skip=True (32.7s)
Z12 turan_n162         hier     seed 5: 6.0 mx=6 E=1767.0 skip=True (30.0s)
Z12 turan_n162         hier     seed 6: 6.0 mx=6 E=1767.0 skip=True (33.5s)
Z12 turan_n162         hier     seed 7: 6.0 mx=6 E=1767.0 skip=True (32.4s)
Z12 turan_n162         hier     seed 8: 6.0 mx=6 E=1767.0 skip=True (30.8s)
Z12 turan_n162         hier     seed 9: 6.0 mx=6 E=1767.0 skip=True (32.3s)
Z12 turan_n162         hier-diag seed 0: 6.0 mx=6 E=1766.0 skip=True (34.7s)
Z12 turan_n162         hier-diag seed 1: 6.0 mx=6 E=1766.0 skip=True (33.2s)
Z12 turan_n162         hier-diag seed 2: 6.0 mx=6 E=1766.0 skip=True (35.9s)
Z12 turan_n162         hier-diag seed 3: 6.0 mx=6 E=1766.0 skip=True (34.3s)
Z12 turan_n162         hier-diag seed 4: 6.0 mx=6 E=1766.0 skip=True (33.8s)
Z12 turan_n162         hier-diag seed 5: 6.0 mx=6 E=1766.0 skip=True (35.1s)
Z12 turan_n162         hier-diag seed 6: 6.0 mx=6 E=1766.0 skip=True (33.7s)
Z12 turan_n162         hier-diag seed 7: 6.0 mx=6 E=1766.0 skip=True (36.8s)
Z12 turan_n162         hier-diag seed 8: 6.0 mx=6 E=1766.0 skip=True (34.7s)
Z12 turan_n162         hier-diag seed 9: 6.0 mx=6 E=1766.0 skip=True (36.3s)
Z12 spin_glass_n163    default  seed 0: 11.417 mx=13 E=3136.0 skip=True (35.9s)
Z12 spin_glass_n163    default  seed 1: 11.417 mx=13 E=3136.0 skip=True (32.3s)
Z12 spin_glass_n163    default  seed 2: 11.417 mx=13 E=3136.0 skip=True (32.6s)
Z12 spin_glass_n163    hier     seed 0: 11.405 mx=13 E=3107.0 skip=True (34.4s)
Z12 spin_glass_n163    hier     seed 1: 11.405 mx=13 E=3107.0 skip=True (34.5s)
Z12 spin_glass_n163    hier     seed 2: 11.405 mx=13 E=3107.0 skip=True (30.9s)
Z12 spin_glass_n163    hier-diag seed 0: 11.521 mx=13 E=3125.0 skip=True (30.5s)
Z12 spin_glass_n163    hier-diag seed 1: 11.521 mx=13 E=3125.0 skip=True (34.5s)
Z12 spin_glass_n163    hier-diag seed 2: 11.521 mx=13 E=3125.0 skip=True (32.4s)
Z12 regular_n316       default  seed 0: 2.927 mx=8 E=2061.0 skip=False (10.2s)
Z12 regular_n316       default  seed 1: 2.769 mx=6 E=2061.0 skip=False (10.5s)
Z12 regular_n316       default  seed 2: 2.864 mx=7 E=2061.0 skip=False (10.0s)
Z12 regular_n316       hier     seed 0: 3.775 mx=11 E=3947.0 skip=False (24.6s)
Z12 regular_n316       hier     seed 1: 3.845 mx=10 E=3947.0 skip=False (21.0s)
Z12 regular_n316       hier     seed 2: 4.139 mx=11 E=3947.0 skip=False (23.6s)
Z12 regular_n316       hier-diag seed 0: 3.389 mx=9 E=2792.0 skip=False (28.1s)
Z12 regular_n316       hier-diag seed 1: 2.886 mx=7 E=2792.0 skip=False (29.3s)
Z12 regular_n316       hier-diag seed 2: 3.307 mx=8 E=2792.0 skip=False (31.1s)
Z12 ws_n486            default  seed 0: 2.846 mx=9 E=8992.0 skip=False (33.0s)
Z12 ws_n486            default  seed 1: 3.381 mx=12 E=8997.0 skip=False (33.2s)
Z12 ws_n486            default  seed 2: 2.877 mx=9 E=8992.0 skip=False (33.1s)
Z12 ws_n486            hier     seed 0: 3.224 mx=11 E=69689.0 skip=False (34.8s)
Z12 ws_n486            hier     seed 1: 3.667 mx=12 E=69689.0 skip=False (33.3s)
Z12 ws_n486            hier     seed 2: 3.294 mx=13 E=69689.0 skip=False (35.0s)
Z12 ws_n486            hier-diag seed 0: 3.181 mx=11 E=39375.0 skip=False (34.4s)
Z12 ws_n486            hier-diag seed 1: 2.973 mx=11 E=39375.0 skip=False (34.0s)
Z12 ws_n486            hier-diag seed 2: 3.0 mx=10 E=39335.0 skip=False (34.4s)
Z12 grid_200           default  seed 0: 1.09 mx=2 E=307.0 skip=False (6.7s)
Z12 grid_200           default  seed 1: 1.145 mx=2 E=307.0 skip=False (9.4s)
Z12 grid_200           default  seed 2: 1.13 mx=2 E=307.0 skip=False (11.1s)
Z12 grid_200           hier     seed 0: 1.265 mx=2 E=405.0 skip=False (6.3s)
Z12 grid_200           hier     seed 1: 1.14 mx=2 E=405.0 skip=False (6.7s)
Z12 grid_200           hier     seed 2: 1.205 mx=3 E=405.0 skip=False (6.8s)
Z12 grid_200           hier-diag seed 0: 1.155 mx=2 E=287.0 skip=False (10.0s)
Z12 grid_200           hier-diag seed 1: 1.09 mx=2 E=287.0 skip=False (9.7s)
Z12 grid_200           hier-diag seed 2: 1.135 mx=2 E=287.0 skip=False (13.2s)
Z12 honeycomb_200      default  seed 0: 1.085 mx=2 E=283.0 skip=False (4.5s)
Z12 honeycomb_200      default  seed 1: 1.09 mx=2 E=283.0 skip=False (5.1s)
Z12 honeycomb_200      default  seed 2: 1.095 mx=2 E=283.0 skip=False (6.5s)
Z12 honeycomb_200      hier     seed 0: 1.2 mx=2 E=572.0 skip=False (7.8s)
Z12 honeycomb_200      hier     seed 1: 1.24 mx=3 E=572.0 skip=False (7.6s)
Z12 honeycomb_200      hier     seed 2: 1.14 mx=2 E=572.0 skip=False (7.6s)
Z12 honeycomb_200      hier-diag seed 0: 1.2 mx=2 E=680.0 skip=False (6.5s)
Z12 honeycomb_200      hier-diag seed 1: 1.315 mx=3 E=680.0 skip=False (6.5s)
Z12 honeycomb_200      hier-diag seed 2: 1.335 mx=3 E=680.0 skip=False (6.4s)
Z12 king_graph_196     default  seed 0: 1.561 mx=3 E=411.0 skip=False (12.5s)
Z12 king_graph_196     default  seed 1: 1.531 mx=3 E=411.0 skip=False (8.0s)
Z12 king_graph_196     default  seed 2: 1.495 mx=2 E=411.0 skip=False (8.2s)
Z12 king_graph_196     hier     seed 0: 2.265 mx=5 E=516.0 skip=False (9.3s)
Z12 king_graph_196     hier     seed 1: 2.204 mx=5 E=516.0 skip=False (13.7s)
Z12 king_graph_196     hier     seed 2: 2.347 mx=5 E=516.0 skip=False (9.0s)
Z12 king_graph_196     hier-diag seed 0: 2.276 mx=5 E=494.0 skip=False (9.0s)
Z12 king_graph_196     hier-diag seed 1: 2.23 mx=5 E=494.0 skip=False (9.5s)
Z12 king_graph_196     hier-diag seed 2: 2.327 mx=5 E=494.0 skip=False (8.9s)
P16 K100               default  seed 0: 11.23 mx=16 E=764.0 skip=None (29.4s)
P16 K100               default  seed 1: 11.51 mx=17 E=764.0 skip=None (30.3s)
P16 K100               default  seed 2: 11.65 mx=17 E=764.0 skip=None (61.6s)
P16 K100               hier     seed 0: 13.1 mx=25 E=712.0 skip=None (28.9s)
P16 K100               hier     seed 1: 12.01 mx=17 E=712.0 skip=None (61.8s)
P16 K100               hier     seed 2: 11.56 mx=15 E=712.0 skip=None (40.8s)
P16 K100               hier-diag seed 0: 11.51 mx=15 E=715.0 skip=None (37.0s)
P16 K100               hier-diag seed 1: 13.2 mx=17 E=715.0 skip=None (37.7s)
P16 K100               hier-diag seed 2: 11.91 mx=20 E=715.0 skip=None (27.3s)
P16 turan_n162         default  seed 0: 7.654 mx=8 E=1130.0 skip=None (57.2s)
P16 turan_n162         default  seed 1: 7.654 mx=8 E=1130.0 skip=None (57.7s)
P16 turan_n162         default  seed 2: 7.654 mx=8 E=1130.0 skip=None (57.1s)
P16 turan_n162         hier     seed 0: 7.654 mx=8 E=1120.0 skip=None (61.5s)
P16 turan_n162         hier     seed 1: 7.827 mx=8 E=1120.0 skip=None (61.9s)
P16 turan_n162         hier     seed 2: 7.815 mx=8 E=1120.0 skip=None (59.1s)
P16 turan_n162         hier-diag seed 0: 7.654 mx=8 E=1125.0 skip=None (54.2s)
P16 turan_n162         hier-diag seed 1: 7.654 mx=8 E=1125.0 skip=None (59.0s)
P16 turan_n162         hier-diag seed 2: 7.654 mx=8 E=1125.0 skip=None (46.0s)
P16 ws_n486            default  seed 0: 3.191 mx=12 E=2683.0 skip=None (34.9s)
P16 ws_n486            default  seed 1: 3.615 mx=16 E=4842.0 skip=None (34.0s)
P16 ws_n486            default  seed 2: 3.591 mx=13 E=2472.0 skip=None (33.1s)
P16 ws_n486            hier     seed 0: 3.765 mx=13 E=2536.0 skip=None (34.2s)
P16 ws_n486            hier     seed 1: 3.529 mx=13 E=2604.0 skip=None (35.4s)
P16 ws_n486            hier     seed 2: 3.981 mx=15 E=2536.0 skip=None (34.6s)
P16 ws_n486            hier-diag seed 0: 3.872 mx=15 E=2652.0 skip=None (34.1s)
P16 ws_n486            hier-diag seed 1: 3.683 mx=14 E=2652.0 skip=None (35.9s)
P16 ws_n486            hier-diag seed 2: 4.22 mx=15 E=2652.0 skip=None (33.0s)

summary (mean ACL; d = hier - default, negative = wins):
Z12 K100               default=7.84(3) hier=7.8(3) diag=7.72(3) mx 9.0->9.0 t 31.3->30.267s d=-0.040
Z12 K140               default=10.229(3) hier=10.229(3) diag=10.229(3) mx 11.0->11.0 t 68.633->63.567s d=+0.000
Z12 ER100_d10          default=4.823(3) hier=5.057(3) diag=6.033(3) mx 8.333->9.0 t 4.7->5.533s d=+0.234
Z12 turan_n162         default=6.023(10) hier=6.0(10) diag=6.0(10) mx 6.1->6.0 t 41.27->32.1s d=-0.023
Z12 spin_glass_n163    default=11.417(3) hier=11.405(3) diag=11.521(3) mx 13.0->13.0 t 33.6->33.267s d=-0.012
Z12 regular_n316       default=2.853(3) hier=3.92(3) diag=3.194(3) mx 7.0->10.667 t 10.233->23.067s d=+1.067
Z12 ws_n486            default=3.035(3) hier=3.395(3) diag=3.051(3) mx 10.0->12.0 t 33.1->34.367s d=+0.360
Z12 grid_200           default=1.122(3) hier=1.203(3) diag=1.127(3) mx 2.0->2.333 t 9.067->6.6s d=+0.081
Z12 honeycomb_200      default=1.09(3) hier=1.193(3) diag=1.283(3) mx 2.0->2.333 t 5.367->7.667s d=+0.103
Z12 king_graph_196     default=1.529(3) hier=2.272(3) diag=2.278(3) mx 2.667->5.0 t 9.567->10.667s d=+0.743
P16 K100               default=11.463(3) hier=12.223(3) diag=12.207(3) mx 16.667->19.0 t 40.433->43.833s d=+0.760
P16 turan_n162         default=7.654(3) hier=7.765(3) diag=7.654(3) mx 8.0->8.0 t 57.333->60.833s d=+0.111
P16 ws_n486            default=3.466(3) hier=3.758(3) diag=3.925(3) mx 13.667->13.667 t 34.0->34.733s d=+0.292
load at end: (61.61669921875, 56.94287109375, 50.01171875)
done-probe
