128 jobs; load (83.55322265625, 77.57861328125, 72.0361328125)
/data/max/ember/docs/paper2/data/hunits_probe.py:54: DeprecationWarning: dwave-networkx is deprecated and will be replaced by dwave-graphs in Ocean 10. Most functionality previously provided by dwave-networkx is now available as part of dwave-graphs under the 'dwave.graphs' namespace.
  import dwave_networkx as dnx
/data/max/ember/docs/paper2/data/hunits_probe.py:54: DeprecationWarning: dwave-networkx is deprecated and will be replaced by dwave-graphs in Ocean 10. Most functionality previously provided by dwave-networkx is now available as part of dwave-graphs under the 'dwave.graphs' namespace.
  import dwave_networkx as dnx
/data/max/ember/docs/paper2/data/hunits_probe.py:54: DeprecationWarning: dwave-networkx is deprecated and will be replaced by dwave-graphs in Ocean 10. Most functionality previously provided by dwave-networkx is now available as part of dwave-graphs under the 'dwave.graphs' namespace.
  import dwave_networkx as dnx
/data/max/ember/docs/paper2/data/hunits_probe.py:54: DeprecationWarning: dwave-networkx is deprecated and will be replaced by dwave-graphs in Ocean 10. Most functionality previously provided by dwave-networkx is now available as part of dwave-graphs under the 'dwave.graphs' namespace.
  import dwave_networkx as dnx
/data/max/ember/docs/paper2/data/hunits_probe.py:54: DeprecationWarning: dwave-networkx is deprecated and will be replaced by dwave-graphs in Ocean 10. Most functionality previously provided by dwave-networkx is now available as part of dwave-graphs under the 'dwave.graphs' namespace.
  import dwave_networkx as dnx
/data/max/ember/docs/paper2/data/hunits_probe.py:54: DeprecationWarning: dwave-networkx is deprecated and will be replaced by dwave-graphs in Ocean 10. Most functionality previously provided by dwave-networkx is now available as part of dwave-graphs under the 'dwave.graphs' namespace.
  import dwave_networkx as dnx
/data/max/ember/docs/paper2/data/hunits_probe.py:54: DeprecationWarning: dwave-networkx is deprecated and will be replaced by dwave-graphs in Ocean 10. Most functionality previously provided by dwave-networkx is now available as part of dwave-graphs under the 'dwave.graphs' namespace.
  import dwave_networkx as dnx
/data/max/ember/docs/paper2/data/hunits_probe.py:54: DeprecationWarning: dwave-networkx is deprecated and will be replaced by dwave-graphs in Ocean 10. Most functionality previously provided by dwave-networkx is now available as part of dwave-graphs under the 'dwave.graphs' namespace.
  import dwave_networkx as dnx
/data/max/ember/docs/paper2/data/hunits_probe.py:54: DeprecationWarning: dwave-networkx is deprecated and will be replaced by dwave-graphs in Ocean 10. Most functionality previously provided by dwave-networkx is now available as part of dwave-graphs under the 'dwave.graphs' namespace.
  import dwave_networkx as dnx
/data/max/ember/docs/paper2/data/hunits_probe.py:54: DeprecationWarning: dwave-networkx is deprecated and will be replaced by dwave-graphs in Ocean 10. Most functionality previously provided by dwave-networkx is now available as part of dwave-graphs under the 'dwave.graphs' namespace.
  import dwave_networkx as dnx
/data/max/ember/docs/paper2/data/hunits_probe.py:54: DeprecationWarning: dwave-networkx is deprecated and will be replaced by dwave-graphs in Ocean 10. Most functionality previously provided by dwave-networkx is now available as part of dwave-graphs under the 'dwave.graphs' namespace.
  import dwave_networkx as dnx
/data/max/ember/docs/paper2/data/hunits_probe.py:54: DeprecationWarning: dwave-networkx is deprecated and will be replaced by dwave-graphs in Ocean 10. Most functionality previously provided by dwave-networkx is now available as part of dwave-graphs under the 'dwave.graphs' namespace.
  import dwave_networkx as dnx
/data/max/ember/docs/paper2/data/hunits_probe.py:54: DeprecationWarning: dwave-networkx is deprecated and will be replaced by dwave-graphs in Ocean 10. Most functionality previously provided by dwave-networkx is now available as part of dwave-graphs under the 'dwave.graphs' namespace.
  import dwave_networkx as dnx
/data/max/ember/docs/paper2/data/hunits_probe.py:54: DeprecationWarning: dwave-networkx is deprecated and will be replaced by dwave-graphs in Ocean 10. Most functionality previously provided by dwave-networkx is now available as part of dwave-graphs under the 'dwave.graphs' namespace.
  import dwave_networkx as dnx
/data/max/ember/docs/paper2/data/hunits_probe.py:54: DeprecationWarning: dwave-networkx is deprecated and will be replaced by dwave-graphs in Ocean 10. Most functionality previously provided by dwave-networkx is now available as part of dwave-graphs under the 'dwave.graphs' namespace.
  import dwave_networkx as dnx
/data/max/ember/docs/paper2/data/hunits_probe.py:54: DeprecationWarning: dwave-networkx is deprecated and will be replaced by dwave-graphs in Ocean 10. Most functionality previously provided by dwave-networkx is now available as part of dwave-graphs under the 'dwave.graphs' namespace.
  import dwave_networkx as dnx
/data/max/ember/docs/paper2/data/hunits_probe.py:54: DeprecationWarning: dwave-networkx is deprecated and will be replaced by dwave-graphs in Ocean 10. Most functionality previously provided by dwave-networkx is now available as part of dwave-graphs under the 'dwave.graphs' namespace.
  import dwave_networkx as dnx
/data/max/ember/docs/paper2/data/hunits_probe.py:54: DeprecationWarning: dwave-networkx is deprecated and will be replaced by dwave-graphs in Ocean 10. Most functionality previously provided by dwave-networkx is now available as part of dwave-graphs under the 'dwave.graphs' namespace.
  import dwave_networkx as dnx
/data/max/ember/docs/paper2/data/hunits_probe.py:54: DeprecationWarning: dwave-networkx is deprecated and will be replaced by dwave-graphs in Ocean 10. Most functionality previously provided by dwave-networkx is now available as part of dwave-graphs under the 'dwave.graphs' namespace.
  import dwave_networkx as dnx
/data/max/ember/docs/paper2/data/hunits_probe.py:54: DeprecationWarning: dwave-networkx is deprecated and will be replaced by dwave-graphs in Ocean 10. Most functionality previously provided by dwave-networkx is now available as part of dwave-graphs under the 'dwave.graphs' namespace.
  import dwave_networkx as dnx
/data/max/ember/docs/paper2/data/hunits_probe.py:54: DeprecationWarning: dwave-networkx is deprecated and will be replaced by dwave-graphs in Ocean 10. Most functionality previously provided by dwave-networkx is now available as part of dwave-graphs under the 'dwave.graphs' namespace.
  import dwave_networkx as dnx
/data/max/ember/docs/paper2/data/hunits_probe.py:54: DeprecationWarning: dwave-networkx is deprecated and will be replaced by dwave-graphs in Ocean 10. Most functionality previously provided by dwave-networkx is now available as part of dwave-graphs under the 'dwave.graphs' namespace.
  import dwave_networkx as dnx
/data/max/ember/docs/paper2/data/hunits_probe.py:54: DeprecationWarning: dwave-networkx is deprecated and will be replaced by dwave-graphs in Ocean 10. Most functionality previously provided by dwave-networkx is now available as part of dwave-graphs under the 'dwave.graphs' namespace.
  import dwave_networkx as dnx
/data/max/ember/docs/paper2/data/hunits_probe.py:54: DeprecationWarning: dwave-networkx is deprecated and will be replaced by dwave-graphs in Ocean 10. Most functionality previously provided by dwave-networkx is now available as part of dwave-graphs under the 'dwave.graphs' namespace.
  import dwave_networkx as dnx
ER100_d10       orders    seed 0: acl=5.62 mx=8 hier=0 pen=0 (60.1s)
ER100_d10       orders    seed 1: acl=5.62 mx=8 hier=0 pen=0 (60.1s)
ER100_d10       orders    seed 2: acl=5.62 mx=8 hier=0 pen=0 (60.0s)
ER100_d10       orders-h  seed 0: acl=5.71 mx=8 hier=1289 pen=0 (60.0s)
ER100_d10       orders-h  seed 1: acl=5.72 mx=8 hier=1073 pen=0 (60.2s)
ER100_d10       orders-h  seed 2: acl=4.88 mx=8 hier=1289 pen=0 (60.1s)
ER100_d10       audit     seed 0: acl=5.55 mx=8 hier=0 pen=0 (60.1s)
ER100_d10       audit     seed 1: acl=5.54 mx=8 hier=0 pen=0 (60.2s)
ER100_d10       audit     seed 2: acl=4.84 mx=8 hier=0 pen=0 (60.1s)
ER100_d10       audit-h   seed 0: acl=5.4 mx=8 hier=21 pen=0 (60.1s)
ER100_d10       audit-h   seed 1: acl=4.67 mx=8 hier=21 pen=0 (60.1s)
ER100_d10       audit-h   seed 2: acl=4.65 mx=8 hier=21 pen=0 (60.1s)
king_graph_196  orders    seed 0: acl=3.352 mx=6 hier=0 pen=18 (60.1s)
king_graph_196  orders    seed 1: acl=2.531 mx=5 hier=0 pen=18 (60.1s)
king_graph_196  orders    seed 2: acl=3.352 mx=6 hier=0 pen=18 (60.1s)
king_graph_196  orders-h  seed 0: acl=3.128 mx=5 hier=298 pen=12 (60.2s)
king_graph_196  orders-h  seed 1: acl=3.138 mx=5 hier=288 pen=12 (60.0s)
king_graph_196  orders-h  seed 2: acl=3.128 mx=5 hier=288 pen=12 (60.1s)
king_graph_196  audit     seed 0: acl=2.061 mx=4 hier=0 pen=26 (60.1s)
king_graph_196  audit     seed 1: acl=2.347 mx=5 hier=0 pen=26 (60.1s)
king_graph_196  audit     seed 2: acl=1.954 mx=4 hier=0 pen=26 (60.1s)
king_graph_196  audit-h   seed 0: acl=2.046 mx=4 hier=11 pen=10 (60.1s)
king_graph_196  audit-h   seed 1: acl=1.954 mx=4 hier=11 pen=10 (60.0s)
king_graph_196  audit-h   seed 2: acl=2.219 mx=5 hier=11 pen=10 (60.0s)
turan_n162      orders    seed 0: acl=6.0 mx=6 hier=0 pen=0 (61.8s)
turan_n162      orders    seed 1: acl=6.0 mx=6 hier=0 pen=0 (60.9s)
turan_n162      orders    seed 2: acl=6.0 mx=6 hier=0 pen=0 (65.1s)
turan_n162      orders    seed 3: acl=6.0 mx=6 hier=0 pen=0 (74.8s)
turan_n162      orders    seed 4: acl=6.0 mx=6 hier=0 pen=0 (60.6s)
turan_n162      orders    seed 5: acl=6.0 mx=6 hier=0 pen=0 (64.2s)
turan_n162      orders    seed 6: acl=6.0 mx=6 hier=0 pen=0 (69.6s)
turan_n162      orders    seed 7: acl=6.0 mx=6 hier=0 pen=0 (63.2s)
turan_n162      orders    seed 8: acl=6.0 mx=6 hier=0 pen=0 (65.9s)
turan_n162      orders    seed 9: acl=6.0 mx=6 hier=0 pen=0 (65.5s)
turan_n162      orders-h  seed 0: acl=6.0 mx=6 hier=211 pen=0 (63.0s)
turan_n162      orders-h  seed 1: acl=6.0 mx=6 hier=103 pen=0 (62.4s)
turan_n162      orders-h  seed 2: acl=6.0 mx=6 hier=202 pen=0 (70.6s)
turan_n162      orders-h  seed 3: acl=6.0 mx=6 hier=104 pen=0 (67.9s)
turan_n162      orders-h  seed 4: acl=6.0 mx=6 hier=211 pen=0 (66.5s)
turan_n162      orders-h  seed 5: acl=6.0 mx=6 hier=176 pen=0 (64.4s)
turan_n162      orders-h  seed 6: acl=6.0 mx=6 hier=109 pen=0 (61.2s)
turan_n162      orders-h  seed 7: acl=6.0 mx=6 hier=137 pen=0 (61.0s)
turan_n162      orders-h  seed 8: acl=6.0 mx=6 hier=275 pen=0 (65.6s)
turan_n162      orders-h  seed 9: acl=6.0 mx=6 hier=211 pen=0 (60.8s)
turan_n162      audit     seed 0: acl=6.0 mx=6 hier=0 pen=0 (67.3s)
turan_n162      audit     seed 1: acl=6.0 mx=6 hier=0 pen=0 (61.9s)
turan_n162      audit     seed 2: acl=6.0 mx=6 hier=0 pen=0 (64.7s)
turan_n162      audit     seed 3: acl=6.0 mx=6 hier=0 pen=0 (62.6s)
turan_n162      audit     seed 4: acl=6.0 mx=6 hier=0 pen=0 (62.1s)
turan_n162      audit     seed 5: acl=6.0 mx=6 hier=0 pen=0 (62.8s)
turan_n162      audit     seed 6: acl=6.0 mx=6 hier=0 pen=0 (63.7s)
turan_n162      audit     seed 7: acl=6.0 mx=6 hier=0 pen=0 (60.4s)
turan_n162      audit     seed 8: acl=6.0 mx=6 hier=0 pen=0 (61.9s)
turan_n162      audit     seed 9: acl=6.0 mx=6 hier=0 pen=0 (64.0s)
turan_n162      audit-h   seed 0: acl=6.0 mx=6 hier=6 pen=0 (63.5s)
turan_n162      audit-h   seed 1: acl=6.0 mx=6 hier=5 pen=0 (68.9s)
turan_n162      audit-h   seed 2: acl=6.0 mx=6 hier=6 pen=0 (62.0s)
turan_n162      audit-h   seed 3: acl=6.0 mx=6 hier=6 pen=0 (64.7s)
turan_n162      audit-h   seed 4: acl=6.0 mx=6 hier=6 pen=0 (62.2s)
turan_n162      audit-h   seed 5: acl=6.0 mx=6 hier=5 pen=0 (61.0s)
turan_n162      audit-h   seed 6: acl=6.0 mx=6 hier=6 pen=0 (75.6s)
turan_n162      audit-h   seed 7: acl=6.0 mx=6 hier=5 pen=0 (69.3s)
turan_n162      audit-h   seed 8: acl=6.0 mx=6 hier=5 pen=0 (70.7s)
turan_n162      audit-h   seed 9: acl=6.0 mx=6 hier=6 pen=0 (69.6s)
ws_n486         orders    seed 0: acl=2.494 mx=8 hier=0 pen=67 (60.8s)
ws_n486         orders    seed 1: acl=2.837 mx=9 hier=0 pen=67 (60.1s)
ws_n486         orders    seed 2: acl=2.648 mx=8 hier=0 pen=67 (60.0s)
ws_n486         orders    seed 3: acl=2.595 mx=8 hier=0 pen=67 (60.1s)
ws_n486         orders    seed 4: acl=2.529 mx=8 hier=0 pen=67 (60.2s)
ws_n486         orders    seed 5: acl=2.521 mx=9 hier=0 pen=67 (60.8s)
ws_n486         orders    seed 6: acl=2.547 mx=8 hier=0 pen=67 (60.0s)
ws_n486         orders    seed 7: acl=2.681 mx=9 hier=0 pen=67 (60.1s)
ws_n486         orders    seed 8: acl=2.572 mx=8 hier=0 pen=67 (60.1s)
ws_n486         orders    seed 9: acl=2.516 mx=8 hier=0 pen=67 (60.0s)
ws_n486         orders-h  seed 0: acl=2.574 mx=8 hier=517 pen=96 (60.1s)
ws_n486         orders-h  seed 1: acl=2.782 mx=9 hier=407 pen=96 (60.1s)
ws_n486         orders-h  seed 2: acl=2.529 mx=8 hier=432 pen=96 (60.0s)
ws_n486         orders-h  seed 3: acl=2.488 mx=8 hier=524 pen=96 (60.0s)
ws_n486         orders-h  seed 4: acl=2.479 mx=8 hier=462 pen=96 (60.0s)
ws_n486         orders-h  seed 5: acl=2.749 mx=8 hier=443 pen=96 (60.3s)
ws_n486         orders-h  seed 6: acl=2.852 mx=9 hier=470 pen=96 (60.3s)
ws_n486         orders-h  seed 7: acl=2.726 mx=9 hier=470 pen=96 (60.1s)
ws_n486         orders-h  seed 8: acl=2.774 mx=9 hier=581 pen=96 (60.1s)
ws_n486         orders-h  seed 9: acl=2.621 mx=8 hier=535 pen=96 (60.7s)
ws_n486         audit     seed 0: acl=2.724 mx=9 hier=0 pen=56 (60.3s)
ws_n486         audit     seed 1: acl=2.574 mx=8 hier=0 pen=56 (60.0s)
ws_n486         audit     seed 2: acl=2.381 mx=8 hier=0 pen=56 (61.4s)
ws_n486         audit     seed 3: acl=2.817 mx=9 hier=0 pen=56 (60.1s)
ws_n486         audit     seed 4: acl=2.65 mx=8 hier=0 pen=56 (60.6s)
ws_n486         audit     seed 5: acl=2.716 mx=9 hier=0 pen=56 (60.1s)
ws_n486         audit     seed 6: acl=2.455 mx=7 hier=0 pen=56 (60.2s)
ws_n486         audit     seed 7: acl=2.595 mx=8 hier=0 pen=56 (60.0s)
ws_n486         audit     seed 8: acl=2.603 mx=9 hier=0 pen=56 (60.0s)
ws_n486         audit     seed 9: acl=2.691 mx=9 hier=0 pen=56 (60.1s)
ws_n486         audit-h   seed 0: acl=2.57 mx=9 hier=1 pen=70 (60.0s)
ws_n486         audit-h   seed 1: acl=2.683 mx=9 hier=1 pen=70 (60.1s)
ws_n486         audit-h   seed 2: acl=2.562 mx=9 hier=1 pen=70 (60.1s)
ws_n486         audit-h   seed 3: acl=2.444 mx=8 hier=1 pen=70 (60.1s)
ws_n486         audit-h   seed 4: acl=2.397 mx=8 hier=1 pen=70 (60.1s)
ws_n486         audit-h   seed 5: acl=2.634 mx=8 hier=1 pen=70 (60.2s)
ws_n486         audit-h   seed 6: acl=2.506 mx=8 hier=1 pen=70 (60.4s)
ws_n486         audit-h   seed 7: acl=2.549 mx=8 hier=1 pen=70 (60.6s)
ws_n486         audit-h   seed 8: acl=2.864 mx=9 hier=1 pen=70 (60.1s)
ws_n486         audit-h   seed 9: acl=2.784 mx=9 hier=1 pen=70 (60.2s)
grid_200        orders    seed 0: acl=1.885 mx=4 hier=0 pen=12 (60.8s)
grid_200        orders    seed 1: acl=1.43 mx=3 hier=0 pen=12 (61.2s)
grid_200        orders    seed 2: acl=1.37 mx=3 hier=0 pen=12 (60.1s)
grid_200        orders-h  seed 0: acl=1.285 mx=3 hier=455 pen=8 (60.6s)
grid_200        orders-h  seed 1: acl=1.38 mx=3 hier=680 pen=8 (60.2s)
grid_200        orders-h  seed 2: acl=1.315 mx=3 hier=680 pen=8 (60.2s)
grid_200        audit     seed 0: acl=1.08 mx=2 hier=0 pen=64 (60.1s)
grid_200        audit     seed 1: acl=1.34 mx=3 hier=0 pen=58 (60.2s)
grid_200        audit     seed 2: acl=1.165 mx=2 hier=0 pen=58 (60.7s)
grid_200        audit-h   seed 0: acl=1.335 mx=3 hier=5 pen=20 (60.3s)
grid_200        audit-h   seed 1: acl=1.25 mx=3 hier=5 pen=27 (60.4s)
grid_200        audit-h   seed 2: acl=1.285 mx=3 hier=5 pen=20 (60.2s)
regular_n316    orders    seed 0: acl=2.759 mx=6 hier=0 pen=6 (60.0s)
regular_n316    orders    seed 1: acl=2.924 mx=7 hier=0 pen=6 (60.0s)
regular_n316    orders    seed 2: acl=2.851 mx=7 hier=0 pen=6 (60.0s)
regular_n316    orders-h  seed 0: acl=2.826 mx=7 hier=762 pen=12 (60.1s)
regular_n316    orders-h  seed 1: acl=3.038 mx=7 hier=762 pen=12 (60.0s)
regular_n316    orders-h  seed 2: acl=2.807 mx=7 hier=762 pen=12 (60.0s)
regular_n316    audit     seed 0: acl=2.709 mx=6 hier=0 pen=5 (60.0s)
regular_n316    audit     seed 1: acl=2.921 mx=6 hier=0 pen=4 (60.0s)
regular_n316    audit     seed 2: acl=2.997 mx=7 hier=0 pen=4 (60.0s)
regular_n316    audit-h   seed 0: acl=2.867 mx=7 hier=40 pen=5 (60.0s)
regular_n316    audit-h   seed 1: acl=2.905 mx=7 hier=40 pen=5 (60.0s)
regular_n316    audit-h   seed 2: acl=2.94 mx=7 hier=40 pen=9 (60.0s)

summary (mean ACL; d = +hier - base, negative = hier wins):
ER100_d10       | orders=5.62 +h=5.437 d=-0.183 hacc=1217.0 | audit=5.31 +h=4.907 d=-0.403 hacc=21.0
king_graph_196  | orders=3.078 +h=3.131 d=+0.053 hacc=291.333 | audit=2.121 +h=2.073 d=-0.048 hacc=11.0
turan_n162      | orders=6.0 +h=6.0 d=+0.000 hacc=173.9 | audit=6.0 +h=6.0 d=+0.000 hacc=5.6
ws_n486         | orders=2.594 +h=2.657 d=+0.063 hacc=484.1 | audit=2.621 +h=2.599 d=-0.022 hacc=1.0
grid_200        | orders=1.562 +h=1.327 d=-0.235 hacc=605.0 | audit=1.195 +h=1.29 d=+0.095 hacc=5.0
regular_n316    | orders=2.845 +h=2.89 d=+0.045 hacc=762.0 | audit=2.876 +h=2.904 d=+0.028 hacc=40.0
load at end: (127.5556640625, 122.09130859375, 94.2197265625)
done-probe
