10 cells, 185 jobs; load (78.275390625, 74.39990234375, 71.62060546875)
/data/max/ember/docs/paper2/data/init_probe.py:69: DeprecationWarning: dwave-networkx is deprecated and will be replaced by dwave-graphs in Ocean 10. Most functionality previously provided by dwave-networkx is now available as part of dwave-graphs under the 'dwave.graphs' namespace.
  import dwave_networkx as dnx
/data/max/ember/docs/paper2/data/init_probe.py:69: DeprecationWarning: dwave-networkx is deprecated and will be replaced by dwave-graphs in Ocean 10. Most functionality previously provided by dwave-networkx is now available as part of dwave-graphs under the 'dwave.graphs' namespace.
  import dwave_networkx as dnx
/data/max/ember/docs/paper2/data/init_probe.py:69: DeprecationWarning: dwave-networkx is deprecated and will be replaced by dwave-graphs in Ocean 10. Most functionality previously provided by dwave-networkx is now available as part of dwave-graphs under the 'dwave.graphs' namespace.
  import dwave_networkx as dnx
/data/max/ember/docs/paper2/data/init_probe.py:69: DeprecationWarning: dwave-networkx is deprecated and will be replaced by dwave-graphs in Ocean 10. Most functionality previously provided by dwave-networkx is now available as part of dwave-graphs under the 'dwave.graphs' namespace.
  import dwave_networkx as dnx
/data/max/ember/docs/paper2/data/init_probe.py:69: DeprecationWarning: dwave-networkx is deprecated and will be replaced by dwave-graphs in Ocean 10. Most functionality previously provided by dwave-networkx is now available as part of dwave-graphs under the 'dwave.graphs' namespace.
  import dwave_networkx as dnx
/data/max/ember/docs/paper2/data/init_probe.py:69: DeprecationWarning: dwave-networkx is deprecated and will be replaced by dwave-graphs in Ocean 10. Most functionality previously provided by dwave-networkx is now available as part of dwave-graphs under the 'dwave.graphs' namespace.
  import dwave_networkx as dnx
/data/max/ember/docs/paper2/data/init_probe.py:69: DeprecationWarning: dwave-networkx is deprecated and will be replaced by dwave-graphs in Ocean 10. Most functionality previously provided by dwave-networkx is now available as part of dwave-graphs under the 'dwave.graphs' namespace.
  import dwave_networkx as dnx
/data/max/ember/docs/paper2/data/init_probe.py:69: DeprecationWarning: dwave-networkx is deprecated and will be replaced by dwave-graphs in Ocean 10. Most functionality previously provided by dwave-networkx is now available as part of dwave-graphs under the 'dwave.graphs' namespace.
  import dwave_networkx as dnx
/data/max/ember/docs/paper2/data/init_probe.py:69: DeprecationWarning: dwave-networkx is deprecated and will be replaced by dwave-graphs in Ocean 10. Most functionality previously provided by dwave-networkx is now available as part of dwave-graphs under the 'dwave.graphs' namespace.
  import dwave_networkx as dnx
/data/max/ember/docs/paper2/data/init_probe.py:69: DeprecationWarning: dwave-networkx is deprecated and will be replaced by dwave-graphs in Ocean 10. Most functionality previously provided by dwave-networkx is now available as part of dwave-graphs under the 'dwave.graphs' namespace.
  import dwave_networkx as dnx
/data/max/ember/docs/paper2/data/init_probe.py:69: DeprecationWarning: dwave-networkx is deprecated and will be replaced by dwave-graphs in Ocean 10. Most functionality previously provided by dwave-networkx is now available as part of dwave-graphs under the 'dwave.graphs' namespace.
  import dwave_networkx as dnx
/data/max/ember/docs/paper2/data/init_probe.py:69: DeprecationWarning: dwave-networkx is deprecated and will be replaced by dwave-graphs in Ocean 10. Most functionality previously provided by dwave-networkx is now available as part of dwave-graphs under the 'dwave.graphs' namespace.
  import dwave_networkx as dnx
/data/max/ember/docs/paper2/data/init_probe.py:69: DeprecationWarning: dwave-networkx is deprecated and will be replaced by dwave-graphs in Ocean 10. Most functionality previously provided by dwave-networkx is now available as part of dwave-graphs under the 'dwave.graphs' namespace.
  import dwave_networkx as dnx
/data/max/ember/docs/paper2/data/init_probe.py:69: DeprecationWarning: dwave-networkx is deprecated and will be replaced by dwave-graphs in Ocean 10. Most functionality previously provided by dwave-networkx is now available as part of dwave-graphs under the 'dwave.graphs' namespace.
  import dwave_networkx as dnx
/data/max/ember/docs/paper2/data/init_probe.py:69: DeprecationWarning: dwave-networkx is deprecated and will be replaced by dwave-graphs in Ocean 10. Most functionality previously provided by dwave-networkx is now available as part of dwave-graphs under the 'dwave.graphs' namespace.
  import dwave_networkx as dnx
/data/max/ember/docs/paper2/data/init_probe.py:69: DeprecationWarning: dwave-networkx is deprecated and will be replaced by dwave-graphs in Ocean 10. Most functionality previously provided by dwave-networkx is now available as part of dwave-graphs under the 'dwave.graphs' namespace.
  import dwave_networkx as dnx
/data/max/ember/docs/paper2/data/init_probe.py:69: DeprecationWarning: dwave-networkx is deprecated and will be replaced by dwave-graphs in Ocean 10. Most functionality previously provided by dwave-networkx is now available as part of dwave-graphs under the 'dwave.graphs' namespace.
  import dwave_networkx as dnx
/data/max/ember/docs/paper2/data/init_probe.py:69: DeprecationWarning: dwave-networkx is deprecated and will be replaced by dwave-graphs in Ocean 10. Most functionality previously provided by dwave-networkx is now available as part of dwave-graphs under the 'dwave.graphs' namespace.
  import dwave_networkx as dnx
/data/max/ember/docs/paper2/data/init_probe.py:69: DeprecationWarning: dwave-networkx is deprecated and will be replaced by dwave-graphs in Ocean 10. Most functionality previously provided by dwave-networkx is now available as part of dwave-graphs under the 'dwave.graphs' namespace.
  import dwave_networkx as dnx
/data/max/ember/docs/paper2/data/init_probe.py:69: DeprecationWarning: dwave-networkx is deprecated and will be replaced by dwave-graphs in Ocean 10. Most functionality previously provided by dwave-networkx is now available as part of dwave-graphs under the 'dwave.graphs' namespace.
  import dwave_networkx as dnx
/data/max/ember/docs/paper2/data/init_probe.py:69: DeprecationWarning: dwave-networkx is deprecated and will be replaced by dwave-graphs in Ocean 10. Most functionality previously provided by dwave-networkx is now available as part of dwave-graphs under the 'dwave.graphs' namespace.
  import dwave_networkx as dnx
/data/max/ember/docs/paper2/data/init_probe.py:69: DeprecationWarning: dwave-networkx is deprecated and will be replaced by dwave-graphs in Ocean 10. Most functionality previously provided by dwave-networkx is now available as part of dwave-graphs under the 'dwave.graphs' namespace.
  import dwave_networkx as dnx
/data/max/ember/docs/paper2/data/init_probe.py:69: DeprecationWarning: dwave-networkx is deprecated and will be replaced by dwave-graphs in Ocean 10. Most functionality previously provided by dwave-networkx is now available as part of dwave-graphs under the 'dwave.graphs' namespace.
  import dwave_networkx as dnx
/data/max/ember/docs/paper2/data/init_probe.py:69: DeprecationWarning: dwave-networkx is deprecated and will be replaced by dwave-graphs in Ocean 10. Most functionality previously provided by dwave-networkx is now available as part of dwave-graphs under the 'dwave.graphs' namespace.
  import dwave_networkx as dnx
Z12 K100               spectral     seed 0: 7.26 mx=8 pen=None acc=138 ro=139 def=0 skip=True (64.3s)
Z12 K100               spectral     seed 1: 7.26 mx=8 pen=None acc=138 ro=139 def=0 skip=True (63.2s)
Z12 K100               spectral     seed 2: 7.26 mx=8 pen=None acc=138 ro=139 def=0 skip=True (64.8s)
Z12 K100               trivial      seed 0: 7.26 mx=8 pen=None acc=0 ro=1 def=0 skip=True (62.0s)
Z12 K100               trivial      seed 1: 7.26 mx=8 pen=None acc=0 ro=1 def=0 skip=True (61.6s)
Z12 K100               trivial      seed 2: 7.26 mx=8 pen=None acc=0 ro=1 def=0 skip=True (62.6s)
Z12 K100               landmark     seed 0: 7.26 mx=8 pen=None acc=1 ro=2 def=0 skip=True (64.1s)
Z12 K100               landmark     seed 1: 7.26 mx=8 pen=None acc=1 ro=2 def=0 skip=True (65.9s)
Z12 K100               landmark     seed 2: 7.26 mx=8 pen=None acc=1 ro=2 def=0 skip=True (70.6s)
Z12 K100               random       seed 0: 7.26 mx=8 pen=None acc=144 ro=145 def=0 skip=True (61.0s)
Z12 K100               random       seed 1: 7.26 mx=8 pen=None acc=119 ro=120 def=0 skip=True (64.9s)
Z12 K100               random       seed 2: 7.26 mx=8 pen=None acc=137 ro=138 def=0 skip=True (61.3s)
Z12 K140               spectral     seed 0: 9.757 mx=10 pen=None acc=188 ro=189 def=0 skip=True (70.7s)
Z12 K140               spectral     seed 1: 9.757 mx=10 pen=None acc=188 ro=189 def=0 skip=True (63.7s)
Z12 K140               spectral     seed 2: 9.757 mx=10 pen=None acc=188 ro=189 def=0 skip=True (75.4s)
Z12 K140               trivial      seed 0: 9.757 mx=10 pen=None acc=0 ro=1 def=0 skip=True (67.6s)
Z12 K140               trivial      seed 1: 9.757 mx=10 pen=None acc=0 ro=1 def=0 skip=True (72.1s)
Z12 K140               trivial      seed 2: 9.757 mx=10 pen=None acc=0 ro=1 def=0 skip=True (78.4s)
Z12 K140               landmark     seed 0: 9.757 mx=10 pen=None acc=1 ro=2 def=0 skip=True (76.3s)
Z12 K140               landmark     seed 1: 9.757 mx=10 pen=None acc=1 ro=2 def=0 skip=True (66.9s)
Z12 K140               landmark     seed 2: 9.757 mx=10 pen=None acc=1 ro=2 def=0 skip=True (70.1s)
Z12 K140               random       seed 0: 9.757 mx=10 pen=None acc=189 ro=190 def=0 skip=True (61.1s)
Z12 K140               random       seed 1: 9.757 mx=10 pen=None acc=209 ro=210 def=0 skip=True (61.6s)
Z12 K140               random       seed 2: 9.757 mx=10 pen=None acc=171 ro=172 def=0 skip=True (72.2s)
Z12 ER100_d10          spectral     seed 0: 4.56 mx=8 pen=None acc=592 ro=593 def=0 skip=True (60.1s)
Z12 ER100_d10          spectral     seed 1: 4.43 mx=8 pen=None acc=592 ro=593 def=0 skip=True (60.1s)
Z12 ER100_d10          spectral     seed 2: 4.27 mx=7 pen=None acc=592 ro=593 def=0 skip=True (60.1s)
Z12 ER100_d10          trivial      seed 0: 5.01 mx=8 pen=None acc=687 ro=688 def=0 skip=True (60.0s)
Z12 ER100_d10          trivial      seed 1: 5.02 mx=8 pen=None acc=790 ro=791 def=0 skip=True (60.0s)
Z12 ER100_d10          trivial      seed 2: 5.02 mx=8 pen=None acc=783 ro=784 def=0 skip=True (60.1s)
Z12 ER100_d10          landmark     seed 0: 4.71 mx=8 pen=None acc=690 ro=691 def=0 skip=True (60.0s)
Z12 ER100_d10          landmark     seed 1: 4.72 mx=8 pen=None acc=690 ro=691 def=0 skip=True (60.0s)
Z12 ER100_d10          landmark     seed 2: 4.71 mx=8 pen=None acc=690 ro=691 def=0 skip=True (60.0s)
Z12 ER100_d10          random       seed 0: 4.25 mx=7 pen=None acc=516 ro=517 def=0 skip=True (60.1s)
Z12 ER100_d10          random       seed 1: 4.76 mx=8 pen=None acc=755 ro=756 def=0 skip=True (60.1s)
Z12 ER100_d10          random       seed 2: 4.14 mx=7 pen=None acc=573 ro=574 def=0 skip=True (60.1s)
Z12 turan_n162         spectral     seed 0: 9.253 mx=12 pen=None acc=203 ro=204 def=0 skip=True (62.3s)
Z12 turan_n162         spectral     seed 1: 9.593 mx=13 pen=None acc=190 ro=191 def=0 skip=True (62.8s)
Z12 turan_n162         spectral     seed 2: 9.253 mx=12 pen=None acc=203 ro=204 def=0 skip=True (62.1s)
Z12 turan_n162         spectral     seed 3: 9.253 mx=12 pen=None acc=203 ro=204 def=0 skip=True (62.2s)
Z12 turan_n162         spectral     seed 4: 9.222 mx=12 pen=None acc=203 ro=204 def=0 skip=True (61.1s)
Z12 turan_n162         spectral     seed 5: 9.611 mx=13 pen=None acc=190 ro=191 def=0 skip=True (66.0s)
Z12 turan_n162         spectral     seed 6: 9.253 mx=12 pen=None acc=203 ro=204 def=0 skip=True (64.9s)
Z12 turan_n162         spectral     seed 7: 9.611 mx=13 pen=None acc=190 ro=191 def=0 skip=True (62.3s)
Z12 turan_n162         spectral     seed 8: 9.611 mx=13 pen=None acc=190 ro=191 def=0 skip=True (65.6s)
Z12 turan_n162         spectral     seed 9: 9.253 mx=12 pen=None acc=203 ro=204 def=0 skip=True (61.9s)
Z12 turan_n162         trivial      seed 0: 6.0 mx=6 pen=None acc=24 ro=25 def=0 skip=True (67.3s)
Z12 turan_n162         trivial      seed 1: 6.0 mx=6 pen=None acc=24 ro=25 def=0 skip=True (61.1s)
Z12 turan_n162         trivial      seed 2: 6.0 mx=6 pen=None acc=24 ro=25 def=0 skip=True (60.7s)
Z12 turan_n162         trivial      seed 3: 6.0 mx=6 pen=None acc=24 ro=25 def=0 skip=True (63.5s)
Z12 turan_n162         trivial      seed 4: 6.0 mx=6 pen=None acc=24 ro=25 def=0 skip=True (65.0s)
Z12 turan_n162         trivial      seed 5: 6.0 mx=6 pen=None acc=24 ro=25 def=0 skip=True (60.7s)
Z12 turan_n162         trivial      seed 6: 6.0 mx=6 pen=None acc=24 ro=25 def=0 skip=True (67.4s)
Z12 turan_n162         trivial      seed 7: 6.0 mx=6 pen=None acc=24 ro=25 def=0 skip=True (62.6s)
Z12 turan_n162         trivial      seed 8: 6.0 mx=6 pen=None acc=24 ro=25 def=0 skip=True (61.9s)
Z12 turan_n162         trivial      seed 9: 6.0 mx=6 pen=None acc=24 ro=25 def=0 skip=True (69.7s)
Z12 turan_n162         landmark     seed 0: 6.0 mx=6 pen=None acc=37 ro=38 def=0 skip=True (63.6s)
Z12 turan_n162         landmark     seed 1: 6.0 mx=6 pen=None acc=37 ro=38 def=0 skip=True (63.4s)
Z12 turan_n162         landmark     seed 2: 6.0 mx=6 pen=None acc=37 ro=38 def=0 skip=True (64.3s)
Z12 turan_n162         landmark     seed 3: 6.0 mx=6 pen=None acc=37 ro=38 def=0 skip=True (62.4s)
Z12 turan_n162         landmark     seed 4: 6.0 mx=6 pen=None acc=37 ro=38 def=0 skip=True (60.5s)
Z12 turan_n162         landmark     seed 5: 6.0 mx=6 pen=None acc=37 ro=38 def=0 skip=True (66.5s)
Z12 turan_n162         landmark     seed 6: 6.0 mx=6 pen=None acc=37 ro=38 def=0 skip=True (60.6s)
Z12 turan_n162         landmark     seed 7: 6.0 mx=6 pen=None acc=37 ro=38 def=0 skip=True (62.4s)
Z12 turan_n162         landmark     seed 8: 6.0 mx=6 pen=None acc=37 ro=38 def=0 skip=True (61.5s)
Z12 turan_n162         landmark     seed 9: 6.0 mx=6 pen=None acc=37 ro=38 def=0 skip=True (61.8s)
Z12 turan_n162         random       seed 0: 8.623 mx=10 pen=None acc=205 ro=206 def=0 skip=True (60.5s)
Z12 turan_n162         random       seed 1: 9.315 mx=13 pen=None acc=201 ro=202 def=0 skip=True (65.6s)
Z12 turan_n162         random       seed 2: 8.852 mx=12 pen=None acc=203 ro=204 def=0 skip=True (64.4s)
Z12 turan_n162         random       seed 3: 8.117 mx=10 pen=None acc=191 ro=192 def=0 skip=True (65.1s)
Z12 turan_n162         random       seed 4: 9.438 mx=11 pen=None acc=228 ro=229 def=0 skip=True (63.4s)
Z12 turan_n162         random       seed 5: 9.278 mx=12 pen=None acc=230 ro=231 def=0 skip=True (65.8s)
Z12 turan_n162         random       seed 6: 9.463 mx=13 pen=None acc=222 ro=223 def=0 skip=True (63.2s)
Z12 turan_n162         random       seed 7: 9.765 mx=13 pen=None acc=210 ro=211 def=0 skip=True (63.9s)
Z12 turan_n162         random       seed 8: 9.901 mx=12 pen=None acc=168 ro=169 def=0 skip=True (63.7s)
Z12 turan_n162         random       seed 9: 9.648 mx=12 pen=None acc=228 ro=229 def=0 skip=True (61.9s)
Z12 turan_n162         trivial-shuf seed 0: 10.963 mx=12 pen=None acc=38 ro=39 def=0 skip=True (63.9s)
Z12 turan_n162         trivial-shuf seed 1: 10.963 mx=12 pen=None acc=38 ro=39 def=0 skip=True (61.4s)
Z12 turan_n162         trivial-shuf seed 2: 10.963 mx=12 pen=None acc=38 ro=39 def=0 skip=True (62.8s)
Z12 turan_n162         landmark-shuf seed 0: 6.0 mx=6 pen=None acc=37 ro=38 def=0 skip=True (62.6s)
Z12 turan_n162         landmark-shuf seed 1: 6.0 mx=6 pen=None acc=37 ro=38 def=0 skip=True (60.7s)
Z12 turan_n162         landmark-shuf seed 2: 6.0 mx=6 pen=None acc=37 ro=38 def=0 skip=True (63.3s)
Z12 spin_glass_n163    spectral     seed 0: 10.853 mx=12 pen=None acc=346 ro=347 def=0 skip=True (60.1s)
Z12 spin_glass_n163    spectral     seed 1: 10.853 mx=12 pen=None acc=347 ro=348 def=0 skip=True (60.1s)
Z12 spin_glass_n163    spectral     seed 2: 10.853 mx=12 pen=None acc=340 ro=341 def=0 skip=True (61.0s)
Z12 spin_glass_n163    trivial      seed 0: 10.914 mx=12 pen=None acc=232 ro=233 def=0 skip=True (60.6s)
Z12 spin_glass_n163    trivial      seed 1: 10.92 mx=12 pen=None acc=225 ro=226 def=0 skip=True (60.2s)
Z12 spin_glass_n163    trivial      seed 2: 10.92 mx=12 pen=None acc=224 ro=225 def=0 skip=True (62.3s)
Z12 spin_glass_n163    landmark     seed 0: 10.945 mx=12 pen=None acc=153 ro=154 def=0 skip=True (61.6s)
Z12 spin_glass_n163    landmark     seed 1: 10.945 mx=12 pen=None acc=153 ro=154 def=0 skip=True (65.8s)
Z12 spin_glass_n163    landmark     seed 2: 10.945 mx=12 pen=None acc=153 ro=154 def=0 skip=True (61.8s)
Z12 spin_glass_n163    random       seed 0: 10.859 mx=13 pen=None acc=413 ro=414 def=0 skip=True (60.2s)
Z12 spin_glass_n163    random       seed 1: 10.926 mx=13 pen=None acc=316 ro=317 def=0 skip=True (61.1s)
Z12 spin_glass_n163    random       seed 2: 10.92 mx=13 pen=None acc=388 ro=389 def=0 skip=True (60.1s)
Z12 regular_n316       spectral     seed 0: 2.867 mx=7 pen=None acc=902 ro=903 def=0 skip=True (60.4s)
Z12 regular_n316       spectral     seed 1: 2.687 mx=6 pen=None acc=1053 ro=1054 def=0 skip=True (60.0s)
Z12 regular_n316       spectral     seed 2: 2.734 mx=6 pen=None acc=960 ro=961 def=0 skip=True (60.0s)
Z12 regular_n316       trivial      seed 0: 3.56 mx=9 pen=None acc=1140 ro=1141 def=0 skip=True (60.0s)
Z12 regular_n316       trivial      seed 1: 3.101 mx=8 pen=None acc=1354 ro=1355 def=2 skip=False (60.1s)
Z12 regular_n316       trivial      seed 2: 3.301 mx=8 pen=None acc=1258 ro=1259 def=0 skip=True (60.0s)
Z12 regular_n316       landmark     seed 0: 3.278 mx=9 pen=None acc=1108 ro=1109 def=16 skip=False (60.0s)
Z12 regular_n316       landmark     seed 1: 3.244 mx=8 pen=None acc=1162 ro=1163 def=16 skip=False (60.0s)
Z12 regular_n316       landmark     seed 2: 3.396 mx=9 pen=None acc=1122 ro=1123 def=16 skip=False (60.0s)
Z12 regular_n316       random       seed 0: 3.636 mx=10 pen=None acc=1240 ro=1241 def=3 skip=False (60.1s)
Z12 regular_n316       random       seed 1: 3.044 mx=8 pen=None acc=1275 ro=1276 def=3 skip=False (60.1s)
Z12 regular_n316       random       seed 2: 3.155 mx=7 pen=None acc=1480 ro=1481 def=0 skip=True (60.0s)
Z12 ws_n486            spectral     seed 0: 2.56 mx=8 pen=None acc=1072 ro=1073 def=52 skip=False (60.0s)
Z12 ws_n486            spectral     seed 1: 2.609 mx=9 pen=None acc=887 ro=888 def=33 skip=False (60.0s)
Z12 ws_n486            spectral     seed 2: 2.477 mx=7 pen=None acc=1009 ro=1010 def=35 skip=False (60.0s)
Z12 ws_n486            spectral     seed 3: 2.733 mx=9 pen=None acc=1094 ro=1095 def=42 skip=False (60.1s)
Z12 ws_n486            spectral     seed 4: 2.689 mx=9 pen=None acc=1051 ro=1052 def=27 skip=False (60.1s)
Z12 ws_n486            spectral     seed 5: 2.932 mx=10 pen=None acc=1108 ro=1109 def=42 skip=False (60.0s)
Z12 ws_n486            spectral     seed 6: 2.595 mx=9 pen=None acc=1075 ro=1076 def=52 skip=False (60.0s)
Z12 ws_n486            spectral     seed 7: 2.679 mx=9 pen=None acc=1007 ro=1008 def=35 skip=False (60.1s)
Z12 ws_n486            spectral     seed 8: 2.66 mx=9 pen=None acc=1059 ro=1060 def=27 skip=False (60.0s)
Z12 ws_n486            spectral     seed 9: 2.576 mx=9 pen=None acc=921 ro=922 def=33 skip=False (60.0s)
Z12 ws_n486            trivial      seed 0: 2.813 mx=10 pen=None acc=1042 ro=1043 def=191 skip=False (60.0s)
Z12 ws_n486            trivial      seed 1: 2.72 mx=9 pen=None acc=994 ro=995 def=196 skip=False (60.0s)
Z12 ws_n486            trivial      seed 2: 2.823 mx=10 pen=None acc=1092 ro=1093 def=208 skip=False (60.1s)
Z12 ws_n486            trivial      seed 3: 2.564 mx=9 pen=None acc=972 ro=973 def=196 skip=False (60.1s)
Z12 ws_n486            trivial      seed 4: 2.663 mx=11 pen=None acc=894 ro=895 def=196 skip=False (60.1s)
Z12 ws_n486            trivial      seed 5: 3.0 mx=11 pen=None acc=978 ro=979 def=196 skip=False (60.0s)
Z12 ws_n486            trivial      seed 6: 2.642 mx=9 pen=None acc=943 ro=944 def=196 skip=False (60.0s)
Z12 ws_n486            trivial      seed 7: 2.722 mx=10 pen=None acc=1057 ro=1058 def=199 skip=False (60.0s)
Z12 ws_n486            trivial      seed 8: 2.702 mx=8 pen=None acc=1027 ro=1028 def=191 skip=False (60.0s)
Z12 ws_n486            trivial      seed 9: 2.687 mx=9 pen=None acc=943 ro=944 def=196 skip=False (60.0s)
Z12 ws_n486            landmark     seed 0: 3.086 mx=12 pen=None acc=564 ro=565 def=64 skip=False (60.0s)
Z12 ws_n486            landmark     seed 1: 2.858 mx=10 pen=None acc=1155 ro=1156 def=74 skip=False (60.0s)
Z12 ws_n486            landmark     seed 2: 2.786 mx=10 pen=None acc=1128 ro=1129 def=74 skip=False (60.0s)
Z12 ws_n486            landmark     seed 3: 2.759 mx=10 pen=None acc=738 ro=739 def=68 skip=False (60.2s)
Z12 ws_n486            landmark     seed 4: 2.981 mx=10 pen=None acc=1079 ro=1080 def=74 skip=False (60.1s)
Z12 ws_n486            landmark     seed 5: 2.883 mx=10 pen=None acc=1128 ro=1129 def=74 skip=False (60.1s)
Z12 ws_n486            landmark     seed 6: 2.745 mx=9 pen=None acc=1176 ro=1177 def=74 skip=False (60.0s)
Z12 ws_n486            landmark     seed 7: 2.784 mx=9 pen=None acc=931 ro=932 def=67 skip=False (60.0s)
Z12 ws_n486            landmark     seed 8: 2.829 mx=9 pen=None acc=1097 ro=1098 def=74 skip=False (60.0s)
Z12 ws_n486            landmark     seed 9: 2.673 mx=8 pen=None acc=545 ro=546 def=64 skip=False (60.1s)
Z12 ws_n486            random       seed 0: 3.0 mx=11 pen=None acc=1327 ro=1328 def=57 skip=False (60.1s)
Z12 ws_n486            random       seed 1: 3.222 mx=14 pen=None acc=1028 ro=1029 def=48 skip=False (60.2s)
Z12 ws_n486            random       seed 2: 2.975 mx=10 pen=None acc=983 ro=984 def=40 skip=False (60.1s)
Z12 ws_n486            random       seed 3: 3.241 mx=12 pen=None acc=987 ro=988 def=70 skip=False (60.1s)
Z12 ws_n486            random       seed 4: 3.109 mx=11 pen=None acc=1227 ro=1228 def=61 skip=False (60.1s)
Z12 ws_n486            random       seed 5: 3.593 mx=15 pen=None acc=1244 ro=1245 def=66 skip=False (60.0s)
Z12 ws_n486            random       seed 6: 3.056 mx=11 pen=None acc=1255 ro=1256 def=38 skip=False (60.0s)
Z12 ws_n486            random       seed 7: 2.827 mx=9 pen=None acc=1171 ro=1172 def=81 skip=False (60.0s)
Z12 ws_n486            random       seed 8: 3.037 mx=11 pen=None acc=1014 ro=1015 def=48 skip=False (60.1s)
Z12 ws_n486            random       seed 9: 3.216 mx=11 pen=None acc=1067 ro=1068 def=36 skip=False (60.1s)
Z12 grid_200           spectral     seed 0: 1.33 mx=3 pen=None acc=1015 ro=1016 def=0 skip=True (60.0s)
Z12 grid_200           spectral     seed 1: 1.43 mx=3 pen=None acc=1022 ro=1023 def=0 skip=True (60.0s)
Z12 grid_200           spectral     seed 2: 1.35 mx=3 pen=None acc=1020 ro=1021 def=0 skip=True (60.0s)
Z12 grid_200           trivial      seed 0: 1.36 mx=3 pen=None acc=745 ro=746 def=0 skip=True (60.0s)
Z12 grid_200           trivial      seed 1: 1.445 mx=3 pen=None acc=735 ro=736 def=0 skip=True (60.1s)
Z12 grid_200           trivial      seed 2: 1.29 mx=3 pen=None acc=745 ro=746 def=0 skip=True (60.0s)
Z12 grid_200           landmark     seed 0: 1.45 mx=3 pen=None acc=120 ro=121 def=1 skip=False (60.0s)
Z12 grid_200           landmark     seed 1: 1.435 mx=3 pen=None acc=120 ro=121 def=1 skip=False (60.0s)
Z12 grid_200           landmark     seed 2: 1.43 mx=3 pen=None acc=120 ro=121 def=1 skip=False (60.0s)
Z12 grid_200           random       seed 0: 1.265 mx=3 pen=None acc=1092 ro=1093 def=0 skip=True (60.1s)
Z12 grid_200           random       seed 1: 1.26 mx=3 pen=None acc=1447 ro=1448 def=0 skip=True (60.0s)
Z12 grid_200           random       seed 2: 1.34 mx=3 pen=None acc=1341 ro=1342 def=0 skip=True (60.0s)
Z12 honeycomb_200      spectral     seed 0: 1.335 mx=3 pen=None acc=395 ro=396 def=0 skip=True (60.0s)
Z12 honeycomb_200      spectral     seed 1: 1.43 mx=3 pen=None acc=395 ro=396 def=0 skip=True (60.0s)
Z12 honeycomb_200      spectral     seed 2: 1.23 mx=2 pen=None acc=395 ro=396 def=0 skip=True (56.9s)
Z12 honeycomb_200      trivial      seed 0: 1.455 mx=3 pen=None acc=551 ro=552 def=0 skip=True (60.1s)
Z12 honeycomb_200      trivial      seed 1: 1.255 mx=2 pen=None acc=557 ro=558 def=0 skip=True (60.0s)
Z12 honeycomb_200      trivial      seed 2: 1.48 mx=3 pen=None acc=544 ro=545 def=0 skip=True (60.0s)
Z12 honeycomb_200      landmark     seed 0: 1.295 mx=3 pen=None acc=506 ro=507 def=0 skip=True (60.0s)
Z12 honeycomb_200      landmark     seed 1: 1.405 mx=3 pen=None acc=506 ro=507 def=0 skip=True (60.0s)
Z12 honeycomb_200      landmark     seed 2: 1.28 mx=3 pen=None acc=506 ro=507 def=0 skip=True (60.0s)
Z12 honeycomb_200      random       seed 0: 1.365 mx=3 pen=None acc=1193 ro=1194 def=0 skip=True (60.0s)
Z12 honeycomb_200      random       seed 1: 1.27 mx=3 pen=None acc=1072 ro=1073 def=0 skip=True (60.1s)
Z12 honeycomb_200      random       seed 2: 1.33 mx=3 pen=None acc=1166 ro=1167 def=0 skip=True (60.0s)
Z12 king_graph_196     spectral     seed 0: 1.781 mx=4 pen=None acc=1104 ro=1105 def=0 skip=True (60.1s)
Z12 king_graph_196     spectral     seed 1: 1.74 mx=4 pen=None acc=1109 ro=1110 def=0 skip=True (60.0s)
Z12 king_graph_196     spectral     seed 2: 1.964 mx=4 pen=None acc=1087 ro=1088 def=0 skip=True (60.1s)
Z12 king_graph_196     trivial      seed 0: 2.49 mx=5 pen=None acc=352 ro=353 def=0 skip=True (60.1s)
Z12 king_graph_196     trivial      seed 1: 2.505 mx=5 pen=None acc=327 ro=328 def=0 skip=True (60.0s)
Z12 king_graph_196     trivial      seed 2: 2.842 mx=6 pen=None acc=328 ro=329 def=0 skip=True (60.3s)
Z12 king_graph_196     landmark     seed 0: 2.015 mx=4 pen=None acc=841 ro=842 def=0 skip=True (60.1s)
Z12 king_graph_196     landmark     seed 1: 1.867 mx=4 pen=None acc=876 ro=877 def=0 skip=True (60.1s)
Z12 king_graph_196     landmark     seed 2: 2.173 mx=5 pen=None acc=894 ro=895 def=0 skip=True (60.0s)
Z12 king_graph_196     random       seed 0: 1.857 mx=4 pen=None acc=1657 ro=1658 def=0 skip=True (60.1s)
Z12 king_graph_196     random       seed 1: 2.265 mx=5 pen=None acc=1714 ro=1715 def=0 skip=True (60.0s)
Z12 king_graph_196     random       seed 2: 1.954 mx=4 pen=None acc=1743 ro=1744 def=0 skip=True (60.0s)
Z12 king_graph_196     landmark-shuf seed 0: 2.056 mx=4 pen=None acc=937 ro=938 def=0 skip=True (60.1s)
Z12 king_graph_196     landmark-shuf seed 1: 1.969 mx=6 pen=None acc=924 ro=925 def=0 skip=True (60.0s)
Z12 king_graph_196     landmark-shuf seed 2: 1.816 mx=4 pen=None acc=915 ro=916 def=0 skip=True (60.0s)

summary (mean ACL; d = arm - spectral, negative = wins):
Z12 K100               spectral=7.26(3) mx=8.0 | trivial=7.26(3) mx=8.0 mes=24.0 d=+0.000 | landmark=7.26(3) mx=8.0 mes=24.0 d=+0.000 | random=7.26(3) mx=8.0 mes=22.667 d=+0.000
Z12 K140               spectral=9.757(3) mx=10.0 | trivial=9.757(3) mx=10.0 mes=34.0 d=+0.000 | landmark=9.757(3) mx=10.0 mes=34.0 d=+0.000 | random=9.757(3) mx=10.0 mes=32.0 d=+0.000
Z12 ER100_d10          spectral=4.42(3) mx=7.667 | trivial=5.017(3) mx=8.0 mes=19.0 d=+0.597 | landmark=4.713(3) mx=8.0 mes=16.0 d=+0.293 | random=4.383(3) mx=7.333 mes=17.333 d=-0.037
Z12 turan_n162         spectral=9.391(10) mx=12.4 | trivial=6.0(10) mx=6.0 mes=26.0 d=-3.391 | landmark=6.0(10) mx=6.0 mes=27.0 d=-3.391 | random=9.24(10) mx=11.8 mes=32.8 d=-0.151
Z12 spin_glass_n163    spectral=10.853(3) mx=12.0 | trivial=10.918(3) mx=12.0 mes=31.0 d=+0.065 | landmark=10.945(3) mx=12.0 mes=35.0 d=+0.092 | random=10.902(3) mx=13.0 mes=33.667 d=+0.049
Z12 regular_n316       spectral=2.763(3) mx=6.333 | trivial=3.321(3) mx=8.333 mes=31.667 d=+0.558 | landmark=3.306(3) mx=8.667 mes=36.0 d=+0.543 | random=3.278(3) mx=8.333 mes=32.0 d=+0.515
Z12 ws_n486            spectral=2.651(10) mx=8.8 | trivial=2.734(10) mx=9.6 mes=38.3 d=+0.083 | landmark=2.838(10) mx=9.7 mes=33.3 d=+0.187 | random=3.128(10) mx=11.5 mes=33.6 d=+0.477
Z12 grid_200           spectral=1.37(3) mx=3.0 | trivial=1.365(3) mx=3.0 mes=20.0 d=-0.005 | landmark=1.438(3) mx=3.0 mes=6.0 d=+0.068 | random=1.288(3) mx=3.0 mes=17.0 d=-0.082
Z12 honeycomb_200      spectral=1.332(3) mx=2.667 | trivial=1.397(3) mx=2.667 mes=15.0 d=+0.065 | landmark=1.327(3) mx=3.0 mes=13.0 d=-0.005 | random=1.322(3) mx=3.0 mes=16.333 d=-0.010
Z12 king_graph_196     spectral=1.828(3) mx=4.0 | trivial=2.612(3) mx=5.333 mes=7.0 d=+0.784 | landmark=2.018(3) mx=4.333 mes=9.0 d=+0.190 | random=2.025(3) mx=4.333 mes=12.667 d=+0.197

BAR turan_n162/Z12: acl {'spectral': 9.391, 'trivial': 6.0, 'landmark': 6.0, 'random': 9.24} mx {'spectral': 12.4, 'trivial': 6.0, 'landmark': 6.0, 'random': 11.8}

BAR ws_n486/Z12: acl {'spectral': 2.651, 'trivial': 2.734, 'landmark': 2.838, 'random': 3.128} mx {'spectral': 8.8, 'trivial': 9.6, 'landmark': 9.7, 'random': 11.5}
BAR board: FAIL [('Z12', 'ER100_d10', 'trivial', 0.597), ('Z12', 'regular_n316', 'trivial', 0.558), ('Z12', 'regular_n316', 'landmark', 0.543), ('Z12', 'regular_n316', 'random', 0.515), ('Z12', 'ws_n486', 'random', 0.477), ('Z12', 'king_graph_196', 'trivial', 0.784)]
load at end: (88.666015625, 91.03466796875, 81.5380859375)
done-probe
