13 cells, 265 jobs; load (63.55859375, 55.7041015625, 59.39697265625)
/data/max/ember/docs/paper2/data/int_probe.py:64: DeprecationWarning: dwave-networkx is deprecated and will be replaced by dwave-graphs in Ocean 10. Most functionality previously provided by dwave-networkx is now available as part of dwave-graphs under the 'dwave.graphs' namespace.
  import dwave_networkx as dnx
/data/max/ember/docs/paper2/data/int_probe.py:64: DeprecationWarning: dwave-networkx is deprecated and will be replaced by dwave-graphs in Ocean 10. Most functionality previously provided by dwave-networkx is now available as part of dwave-graphs under the 'dwave.graphs' namespace.
  import dwave_networkx as dnx
/data/max/ember/docs/paper2/data/int_probe.py:64: DeprecationWarning: dwave-networkx is deprecated and will be replaced by dwave-graphs in Ocean 10. Most functionality previously provided by dwave-networkx is now available as part of dwave-graphs under the 'dwave.graphs' namespace.
  import dwave_networkx as dnx
/data/max/ember/docs/paper2/data/int_probe.py:64: DeprecationWarning: dwave-networkx is deprecated and will be replaced by dwave-graphs in Ocean 10. Most functionality previously provided by dwave-networkx is now available as part of dwave-graphs under the 'dwave.graphs' namespace.
  import dwave_networkx as dnx
/data/max/ember/docs/paper2/data/int_probe.py:64: DeprecationWarning: dwave-networkx is deprecated and will be replaced by dwave-graphs in Ocean 10. Most functionality previously provided by dwave-networkx is now available as part of dwave-graphs under the 'dwave.graphs' namespace.
  import dwave_networkx as dnx
/data/max/ember/docs/paper2/data/int_probe.py:64: DeprecationWarning: dwave-networkx is deprecated and will be replaced by dwave-graphs in Ocean 10. Most functionality previously provided by dwave-networkx is now available as part of dwave-graphs under the 'dwave.graphs' namespace.
  import dwave_networkx as dnx
/data/max/ember/docs/paper2/data/int_probe.py:64: DeprecationWarning: dwave-networkx is deprecated and will be replaced by dwave-graphs in Ocean 10. Most functionality previously provided by dwave-networkx is now available as part of dwave-graphs under the 'dwave.graphs' namespace.
  import dwave_networkx as dnx
/data/max/ember/docs/paper2/data/int_probe.py:64: DeprecationWarning: dwave-networkx is deprecated and will be replaced by dwave-graphs in Ocean 10. Most functionality previously provided by dwave-networkx is now available as part of dwave-graphs under the 'dwave.graphs' namespace.
  import dwave_networkx as dnx
/data/max/ember/docs/paper2/data/int_probe.py:64: DeprecationWarning: dwave-networkx is deprecated and will be replaced by dwave-graphs in Ocean 10. Most functionality previously provided by dwave-networkx is now available as part of dwave-graphs under the 'dwave.graphs' namespace.
  import dwave_networkx as dnx
/data/max/ember/docs/paper2/data/int_probe.py:64: DeprecationWarning: dwave-networkx is deprecated and will be replaced by dwave-graphs in Ocean 10. Most functionality previously provided by dwave-networkx is now available as part of dwave-graphs under the 'dwave.graphs' namespace.
  import dwave_networkx as dnx
/data/max/ember/docs/paper2/data/int_probe.py:64: DeprecationWarning: dwave-networkx is deprecated and will be replaced by dwave-graphs in Ocean 10. Most functionality previously provided by dwave-networkx is now available as part of dwave-graphs under the 'dwave.graphs' namespace.
  import dwave_networkx as dnx
/data/max/ember/docs/paper2/data/int_probe.py:64: DeprecationWarning: dwave-networkx is deprecated and will be replaced by dwave-graphs in Ocean 10. Most functionality previously provided by dwave-networkx is now available as part of dwave-graphs under the 'dwave.graphs' namespace.
  import dwave_networkx as dnx
/data/max/ember/docs/paper2/data/int_probe.py:64: DeprecationWarning: dwave-networkx is deprecated and will be replaced by dwave-graphs in Ocean 10. Most functionality previously provided by dwave-networkx is now available as part of dwave-graphs under the 'dwave.graphs' namespace.
  import dwave_networkx as dnx
/data/max/ember/docs/paper2/data/int_probe.py:64: DeprecationWarning: dwave-networkx is deprecated and will be replaced by dwave-graphs in Ocean 10. Most functionality previously provided by dwave-networkx is now available as part of dwave-graphs under the 'dwave.graphs' namespace.
  import dwave_networkx as dnx
/data/max/ember/docs/paper2/data/int_probe.py:64: DeprecationWarning: dwave-networkx is deprecated and will be replaced by dwave-graphs in Ocean 10. Most functionality previously provided by dwave-networkx is now available as part of dwave-graphs under the 'dwave.graphs' namespace.
  import dwave_networkx as dnx
/data/max/ember/docs/paper2/data/int_probe.py:64: DeprecationWarning: dwave-networkx is deprecated and will be replaced by dwave-graphs in Ocean 10. Most functionality previously provided by dwave-networkx is now available as part of dwave-graphs under the 'dwave.graphs' namespace.
  import dwave_networkx as dnx
/data/max/ember/docs/paper2/data/int_probe.py:64: DeprecationWarning: dwave-networkx is deprecated and will be replaced by dwave-graphs in Ocean 10. Most functionality previously provided by dwave-networkx is now available as part of dwave-graphs under the 'dwave.graphs' namespace.
  import dwave_networkx as dnx
/data/max/ember/docs/paper2/data/int_probe.py:64: DeprecationWarning: dwave-networkx is deprecated and will be replaced by dwave-graphs in Ocean 10. Most functionality previously provided by dwave-networkx is now available as part of dwave-graphs under the 'dwave.graphs' namespace.
  import dwave_networkx as dnx
/data/max/ember/docs/paper2/data/int_probe.py:64: DeprecationWarning: dwave-networkx is deprecated and will be replaced by dwave-graphs in Ocean 10. Most functionality previously provided by dwave-networkx is now available as part of dwave-graphs under the 'dwave.graphs' namespace.
  import dwave_networkx as dnx
/data/max/ember/docs/paper2/data/int_probe.py:64: DeprecationWarning: dwave-networkx is deprecated and will be replaced by dwave-graphs in Ocean 10. Most functionality previously provided by dwave-networkx is now available as part of dwave-graphs under the 'dwave.graphs' namespace.
  import dwave_networkx as dnx
/data/max/ember/docs/paper2/data/int_probe.py:64: DeprecationWarning: dwave-networkx is deprecated and will be replaced by dwave-graphs in Ocean 10. Most functionality previously provided by dwave-networkx is now available as part of dwave-graphs under the 'dwave.graphs' namespace.
  import dwave_networkx as dnx
/data/max/ember/docs/paper2/data/int_probe.py:64: DeprecationWarning: dwave-networkx is deprecated and will be replaced by dwave-graphs in Ocean 10. Most functionality previously provided by dwave-networkx is now available as part of dwave-graphs under the 'dwave.graphs' namespace.
  import dwave_networkx as dnx
/data/max/ember/docs/paper2/data/int_probe.py:64: DeprecationWarning: dwave-networkx is deprecated and will be replaced by dwave-graphs in Ocean 10. Most functionality previously provided by dwave-networkx is now available as part of dwave-graphs under the 'dwave.graphs' namespace.
  import dwave_networkx as dnx
/data/max/ember/docs/paper2/data/int_probe.py:64: DeprecationWarning: dwave-networkx is deprecated and will be replaced by dwave-graphs in Ocean 10. Most functionality previously provided by dwave-networkx is now available as part of dwave-graphs under the 'dwave.graphs' namespace.
  import dwave_networkx as dnx
Z12 K100               default  seed 0: 7.52 mx=8 cmiss=0 def=0 skip=True (65.9s)
Z12 K100               default  seed 1: 7.52 mx=8 cmiss=0 def=0 skip=True (58.2s)
Z12 K100               default  seed 2: 7.52 mx=8 cmiss=0 def=0 skip=True (62.0s)
Z12 K100               seats    seed 0: 7.35 mx=8 cmiss=0 def=0 skip=True (62.7s)
Z12 K100               seats    seed 1: 7.35 mx=8 cmiss=0 def=0 skip=True (64.0s)
Z12 K100               seats    seed 2: 7.35 mx=8 cmiss=0 def=0 skip=True (65.2s)
Z12 K100               seatsint seed 0: 7.31 mx=8 cmiss=0 def=0 skip=True (64.2s)
Z12 K100               seatsint seed 1: 7.31 mx=8 cmiss=0 def=0 skip=True (63.0s)
Z12 K100               seatsint seed 2: 7.31 mx=8 cmiss=0 def=0 skip=True (63.7s)
Z12 K100               lex      seed 0: 7.35 mx=8 cmiss=0 def=0 skip=True (62.6s)
Z12 K100               lex      seed 1: 7.35 mx=8 cmiss=0 def=0 skip=True (66.1s)
Z12 K100               lex      seed 2: 7.35 mx=8 cmiss=0 def=0 skip=True (60.7s)
Z12 K100               lexint   seed 0: 7.31 mx=8 cmiss=0 def=0 skip=True (62.3s)
Z12 K100               lexint   seed 1: 7.31 mx=8 cmiss=0 def=0 skip=True (65.2s)
Z12 K100               lexint   seed 2: 7.31 mx=8 cmiss=0 def=0 skip=True (60.9s)
Z12 K140               default  seed 0: 9.85 mx=11 cmiss=0 def=0 skip=True (60.7s)
Z12 K140               default  seed 1: 9.85 mx=11 cmiss=0 def=0 skip=True (60.8s)
Z12 K140               default  seed 2: 9.85 mx=11 cmiss=0 def=0 skip=True (61.6s)
Z12 K140               seats    seed 0: 9.957 mx=11 cmiss=0 def=0 skip=True (70.2s)
Z12 K140               seats    seed 1: 9.957 mx=11 cmiss=0 def=0 skip=True (70.3s)
Z12 K140               seats    seed 2: 9.957 mx=11 cmiss=0 def=0 skip=True (69.4s)
Z12 K140               seatsint seed 0: 9.886 mx=11 cmiss=0 def=0 skip=True (68.8s)
Z12 K140               seatsint seed 1: 9.886 mx=11 cmiss=0 def=0 skip=True (71.4s)
Z12 K140               seatsint seed 2: 9.886 mx=11 cmiss=0 def=0 skip=True (73.5s)
Z12 K140               lex      seed 0: 9.957 mx=11 cmiss=0 def=0 skip=True (68.4s)
Z12 K140               lex      seed 1: 9.957 mx=11 cmiss=0 def=0 skip=True (74.3s)
Z12 K140               lex      seed 2: 9.957 mx=11 cmiss=0 def=0 skip=True (62.1s)
Z12 K140               lexint   seed 0: 9.886 mx=11 cmiss=0 def=0 skip=True (66.5s)
Z12 K140               lexint   seed 1: 9.886 mx=11 cmiss=0 def=0 skip=True (60.7s)
Z12 K140               lexint   seed 2: 9.886 mx=11 cmiss=0 def=0 skip=True (67.3s)
Z12 ER100_d10          default  seed 0: 5.42 mx=8 cmiss=1 def=0 skip=True (60.0s)
Z12 ER100_d10          default  seed 1: 4.6 mx=8 cmiss=1 def=0 skip=True (60.1s)
Z12 ER100_d10          default  seed 2: 4.57 mx=8 cmiss=1 def=0 skip=True (60.0s)
Z12 ER100_d10          seats    seed 0: 4.96 mx=8 cmiss=3 def=2 skip=False (60.1s)
Z12 ER100_d10          seats    seed 1: 4.96 mx=8 cmiss=3 def=2 skip=False (60.1s)
Z12 ER100_d10          seats    seed 2: 4.72 mx=9 cmiss=3 def=2 skip=False (60.0s)
Z12 ER100_d10          seatsint seed 0: 5.1 mx=9 cmiss=5 def=0 skip=True (60.0s)
Z12 ER100_d10          seatsint seed 1: 4.51 mx=8 cmiss=5 def=0 skip=True (60.0s)
Z12 ER100_d10          seatsint seed 2: 4.65 mx=8 cmiss=5 def=0 skip=True (60.1s)
Z12 ER100_d10          lex      seed 0: 4.63 mx=8 cmiss=4 def=1 skip=False (60.0s)
Z12 ER100_d10          lex      seed 1: 4.67 mx=9 cmiss=4 def=1 skip=False (60.0s)
Z12 ER100_d10          lex      seed 2: 4.7 mx=9 cmiss=4 def=1 skip=False (60.1s)
Z12 ER100_d10          lexint   seed 0: 4.63 mx=8 cmiss=11 def=4 skip=False (60.0s)
Z12 ER100_d10          lexint   seed 1: 4.52 mx=8 cmiss=11 def=4 skip=False (60.1s)
Z12 ER100_d10          lexint   seed 2: 4.65 mx=8 cmiss=11 def=4 skip=False (60.0s)
Z12 turan_n162         default  seed 0: 6.0 mx=6 cmiss=64 def=0 skip=True (60.5s)
Z12 turan_n162         default  seed 1: 6.0 mx=6 cmiss=32 def=0 skip=True (64.8s)
Z12 turan_n162         default  seed 2: 6.0 mx=6 cmiss=64 def=0 skip=True (60.4s)
Z12 turan_n162         default  seed 3: 6.0 mx=6 cmiss=64 def=0 skip=True (61.8s)
Z12 turan_n162         default  seed 4: 6.0 mx=6 cmiss=46 def=0 skip=True (62.0s)
Z12 turan_n162         default  seed 5: 6.0 mx=6 cmiss=32 def=0 skip=True (63.8s)
Z12 turan_n162         default  seed 6: 6.0 mx=6 cmiss=64 def=0 skip=True (63.3s)
Z12 turan_n162         default  seed 7: 6.0 mx=6 cmiss=32 def=0 skip=True (61.1s)
Z12 turan_n162         default  seed 8: 6.0 mx=6 cmiss=32 def=0 skip=True (64.4s)
Z12 turan_n162         default  seed 9: 6.0 mx=6 cmiss=64 def=0 skip=True (62.5s)
Z12 turan_n162         seats    seed 0: 6.0 mx=6 cmiss=24 def=0 skip=True (63.3s)
Z12 turan_n162         seats    seed 1: 6.0 mx=6 cmiss=62 def=0 skip=True (61.9s)
Z12 turan_n162         seats    seed 2: 6.0 mx=6 cmiss=24 def=0 skip=True (63.8s)
Z12 turan_n162         seats    seed 3: 6.0 mx=6 cmiss=24 def=0 skip=True (63.6s)
Z12 turan_n162         seats    seed 4: 6.0 mx=6 cmiss=24 def=0 skip=True (61.4s)
Z12 turan_n162         seats    seed 5: 6.0 mx=6 cmiss=62 def=0 skip=True (61.2s)
Z12 turan_n162         seats    seed 6: 6.0 mx=6 cmiss=42 def=0 skip=True (60.7s)
Z12 turan_n162         seats    seed 7: 6.0 mx=6 cmiss=62 def=0 skip=True (60.5s)
Z12 turan_n162         seats    seed 8: 6.0 mx=6 cmiss=62 def=0 skip=True (63.1s)
Z12 turan_n162         seats    seed 9: 6.0 mx=6 cmiss=24 def=0 skip=True (62.0s)
Z12 turan_n162         seatsint seed 0: 6.432 mx=7 cmiss=45 def=0 skip=True (63.2s)
Z12 turan_n162         seatsint seed 1: 6.0 mx=6 cmiss=33 def=0 skip=True (63.4s)
Z12 turan_n162         seatsint seed 2: 6.444 mx=7 cmiss=45 def=0 skip=True (61.1s)
Z12 turan_n162         seatsint seed 3: 6.228 mx=7 cmiss=45 def=0 skip=True (62.1s)
Z12 turan_n162         seatsint seed 4: 17.235 mx=35 cmiss=63 def=41 skip=False (60.2s)
Z12 turan_n162         seatsint seed 5: 6.0 mx=6 cmiss=61 def=0 skip=True (61.7s)
Z12 turan_n162         seatsint seed 6: 6.228 mx=7 cmiss=45 def=0 skip=True (61.8s)
Z12 turan_n162         seatsint seed 7: 6.0 mx=6 cmiss=61 def=0 skip=True (61.1s)
Z12 turan_n162         seatsint seed 8: 6.0 mx=6 cmiss=61 def=0 skip=True (60.3s)
Z12 turan_n162         seatsint seed 9: 6.228 mx=7 cmiss=34 def=0 skip=True (60.5s)
Z12 turan_n162         lex      seed 0: 6.228 mx=7 cmiss=30 def=0 skip=True (63.5s)
Z12 turan_n162         lex      seed 1: 6.0 mx=6 cmiss=23 def=0 skip=True (61.3s)
Z12 turan_n162         lex      seed 2: 6.228 mx=7 cmiss=32 def=0 skip=True (60.7s)
Z12 turan_n162         lex      seed 3: 17.864 mx=44 cmiss=32 def=19 skip=False (60.4s)
Z12 turan_n162         lex      seed 4: 6.228 mx=7 cmiss=40 def=0 skip=True (61.2s)
Z12 turan_n162         lex      seed 5: 6.0 mx=6 cmiss=23 def=0 skip=True (65.1s)
Z12 turan_n162         lex      seed 6: None mx=None cmiss=None def=None skip=None (72.8s)
Z12 turan_n162         lex      seed 7: 6.0 mx=6 cmiss=23 def=0 skip=True (64.2s)
Z12 turan_n162         lex      seed 8: 6.0 mx=6 cmiss=23 def=0 skip=True (60.8s)
Z12 turan_n162         lex      seed 9: 6.235 mx=7 cmiss=38 def=0 skip=True (62.7s)
Z12 turan_n162         lexint   seed 0: 6.0 mx=6 cmiss=50 def=0 skip=True (60.5s)
Z12 turan_n162         lexint   seed 1: 6.0 mx=6 cmiss=32 def=0 skip=True (64.2s)
Z12 turan_n162         lexint   seed 2: 6.0 mx=6 cmiss=50 def=0 skip=True (61.9s)
Z12 turan_n162         lexint   seed 3: 6.0 mx=6 cmiss=50 def=0 skip=True (65.5s)
Z12 turan_n162         lexint   seed 4: 6.0 mx=6 cmiss=50 def=0 skip=True (61.0s)
Z12 turan_n162         lexint   seed 5: 6.0 mx=6 cmiss=32 def=0 skip=True (65.2s)
Z12 turan_n162         lexint   seed 6: 6.0 mx=6 cmiss=50 def=0 skip=True (64.2s)
Z12 turan_n162         lexint   seed 7: 6.0 mx=6 cmiss=32 def=0 skip=True (62.3s)
Z12 turan_n162         lexint   seed 8: 6.0 mx=6 cmiss=32 def=0 skip=True (64.5s)
Z12 turan_n162         lexint   seed 9: 6.0 mx=6 cmiss=50 def=0 skip=True (68.6s)
Z12 spin_glass_n163    default  seed 0: 10.896 mx=13 cmiss=0 def=0 skip=True (60.3s)
Z12 spin_glass_n163    default  seed 1: 10.975 mx=13 cmiss=0 def=0 skip=True (60.1s)
Z12 spin_glass_n163    default  seed 2: 11.012 mx=12 cmiss=0 def=0 skip=True (63.3s)
Z12 spin_glass_n163    seats    seed 0: 11.098 mx=13 cmiss=0 def=0 skip=True (60.1s)
Z12 spin_glass_n163    seats    seed 1: 11.098 mx=13 cmiss=0 def=0 skip=True (61.2s)
Z12 spin_glass_n163    seats    seed 2: 11.098 mx=13 cmiss=0 def=0 skip=True (60.1s)
Z12 spin_glass_n163    seatsint seed 0: 11.129 mx=12 cmiss=0 def=0 skip=True (68.0s)
Z12 spin_glass_n163    seatsint seed 1: 11.129 mx=12 cmiss=0 def=0 skip=True (65.6s)
Z12 spin_glass_n163    seatsint seed 2: 11.129 mx=12 cmiss=0 def=0 skip=True (61.3s)
Z12 spin_glass_n163    lex      seed 0: 11.104 mx=13 cmiss=1 def=0 skip=True (61.2s)
Z12 spin_glass_n163    lex      seed 1: 10.945 mx=13 cmiss=0 def=0 skip=True (60.3s)
Z12 spin_glass_n163    lex      seed 2: 11.092 mx=13 cmiss=0 def=0 skip=True (60.5s)
Z12 spin_glass_n163    lexint   seed 0: 11.117 mx=12 cmiss=0 def=0 skip=True (63.9s)
Z12 spin_glass_n163    lexint   seed 1: 11.117 mx=12 cmiss=0 def=0 skip=True (65.7s)
Z12 spin_glass_n163    lexint   seed 2: 11.117 mx=12 cmiss=0 def=0 skip=True (65.2s)
Z12 regular_n316       default  seed 0: 2.725 mx=6 cmiss=16 def=13 skip=False (60.3s)
Z12 regular_n316       default  seed 1: 2.75 mx=6 cmiss=16 def=13 skip=False (60.1s)
Z12 regular_n316       default  seed 2: 2.867 mx=7 cmiss=16 def=13 skip=False (60.3s)
Z12 regular_n316       seats    seed 0: 2.801 mx=7 cmiss=24 def=24 skip=False (60.1s)
Z12 regular_n316       seats    seed 1: 2.636 mx=6 cmiss=21 def=15 skip=False (60.1s)
Z12 regular_n316       seats    seed 2: 2.845 mx=7 cmiss=21 def=15 skip=False (60.6s)
Z12 regular_n316       seatsint seed 0: 2.921 mx=7 cmiss=22 def=15 skip=False (60.0s)
Z12 regular_n316       seatsint seed 1: 2.911 mx=7 cmiss=22 def=15 skip=False (60.2s)
Z12 regular_n316       seatsint seed 2: 2.867 mx=7 cmiss=22 def=15 skip=False (60.2s)
Z12 regular_n316       lex      seed 0: 2.703 mx=6 cmiss=11 def=9 skip=False (60.0s)
Z12 regular_n316       lex      seed 1: 2.997 mx=7 cmiss=11 def=6 skip=False (60.1s)
Z12 regular_n316       lex      seed 2: 2.696 mx=8 cmiss=11 def=9 skip=False (60.1s)
Z12 regular_n316       lexint   seed 0: 2.782 mx=7 cmiss=19 def=20 skip=False (60.0s)
Z12 regular_n316       lexint   seed 1: 2.886 mx=7 cmiss=13 def=9 skip=False (60.2s)
Z12 regular_n316       lexint   seed 2: 2.896 mx=7 cmiss=19 def=20 skip=False (60.0s)
Z12 ws_n486            default  seed 0: 2.654 mx=8 cmiss=28 def=22 skip=False (60.5s)
Z12 ws_n486            default  seed 1: 2.628 mx=10 cmiss=21 def=13 skip=False (60.0s)
Z12 ws_n486            default  seed 2: 2.372 mx=7 cmiss=23 def=17 skip=False (60.5s)
Z12 ws_n486            default  seed 3: 2.599 mx=9 cmiss=21 def=13 skip=False (60.1s)
Z12 ws_n486            default  seed 4: 2.735 mx=9 cmiss=28 def=22 skip=False (60.2s)
Z12 ws_n486            default  seed 5: 2.611 mx=8 cmiss=21 def=13 skip=False (60.4s)
Z12 ws_n486            default  seed 6: 2.403 mx=7 cmiss=28 def=22 skip=False (60.9s)
Z12 ws_n486            default  seed 7: 2.691 mx=9 cmiss=21 def=13 skip=False (60.3s)
Z12 ws_n486            default  seed 8: 2.508 mx=8 cmiss=21 def=13 skip=False (60.1s)
Z12 ws_n486            default  seed 9: 2.447 mx=7 cmiss=21 def=13 skip=False (60.2s)
Z12 ws_n486            seats    seed 0: 2.755 mx=9 cmiss=33 def=20 skip=False (61.0s)
Z12 ws_n486            seats    seed 1: 2.749 mx=9 cmiss=26 def=23 skip=False (60.1s)
Z12 ws_n486            seats    seed 2: 2.455 mx=8 cmiss=24 def=23 skip=False (60.0s)
Z12 ws_n486            seats    seed 3: 2.87 mx=10 cmiss=25 def=17 skip=False (60.5s)
Z12 ws_n486            seats    seed 4: 2.683 mx=9 cmiss=30 def=21 skip=False (60.5s)
Z12 ws_n486            seats    seed 5: 2.591 mx=8 cmiss=32 def=28 skip=False (60.2s)
Z12 ws_n486            seats    seed 6: 2.626 mx=9 cmiss=29 def=15 skip=False (60.1s)
Z12 ws_n486            seats    seed 7: 2.726 mx=8 cmiss=29 def=23 skip=False (60.4s)
Z12 ws_n486            seats    seed 8: 2.521 mx=8 cmiss=26 def=19 skip=False (61.3s)
Z12 ws_n486            seats    seed 9: 2.658 mx=8 cmiss=24 def=6 skip=False (60.0s)
Z12 ws_n486            seatsint seed 0: 2.541 mx=8 cmiss=35 def=21 skip=False (60.0s)
Z12 ws_n486            seatsint seed 1: 2.535 mx=9 cmiss=40 def=28 skip=False (60.0s)
Z12 ws_n486            seatsint seed 2: 2.543 mx=8 cmiss=34 def=19 skip=False (60.0s)
Z12 ws_n486            seatsint seed 3: 2.537 mx=8 cmiss=40 def=28 skip=False (60.0s)
Z12 ws_n486            seatsint seed 4: 2.599 mx=8 cmiss=29 def=20 skip=False (60.1s)
Z12 ws_n486            seatsint seed 5: 2.642 mx=8 cmiss=28 def=18 skip=False (60.2s)
Z12 ws_n486            seatsint seed 6: 2.652 mx=9 cmiss=35 def=21 skip=False (60.2s)
Z12 ws_n486            seatsint seed 7: 2.385 mx=7 cmiss=28 def=18 skip=False (60.2s)
Z12 ws_n486            seatsint seed 8: 2.481 mx=8 cmiss=28 def=18 skip=False (60.1s)
Z12 ws_n486            seatsint seed 9: 2.586 mx=8 cmiss=30 def=18 skip=False (60.1s)
Z12 ws_n486            lex      seed 0: 2.724 mx=9 cmiss=21 def=16 skip=False (60.0s)
Z12 ws_n486            lex      seed 1: 2.595 mx=8 cmiss=17 def=12 skip=False (60.1s)
Z12 ws_n486            lex      seed 2: 2.687 mx=8 cmiss=27 def=21 skip=False (60.0s)
Z12 ws_n486            lex      seed 3: 2.366 mx=7 cmiss=22 def=22 skip=False (60.0s)
Z12 ws_n486            lex      seed 4: 2.477 mx=8 cmiss=17 def=12 skip=False (60.0s)
Z12 ws_n486            lex      seed 5: 2.481 mx=8 cmiss=15 def=22 skip=False (60.0s)
Z12 ws_n486            lex      seed 6: 2.835 mx=9 cmiss=14 def=13 skip=False (60.0s)
Z12 ws_n486            lex      seed 7: 2.564 mx=9 cmiss=16 def=10 skip=False (60.0s)
Z12 ws_n486            lex      seed 8: 2.774 mx=9 cmiss=16 def=10 skip=False (60.1s)
Z12 ws_n486            lex      seed 9: 2.558 mx=8 cmiss=19 def=16 skip=False (60.1s)
Z12 ws_n486            lexint   seed 0: 2.566 mx=8 cmiss=26 def=18 skip=False (60.0s)
Z12 ws_n486            lexint   seed 1: 2.512 mx=8 cmiss=23 def=16 skip=False (60.0s)
Z12 ws_n486            lexint   seed 2: 2.465 mx=8 cmiss=23 def=24 skip=False (60.0s)
Z12 ws_n486            lexint   seed 3: 2.638 mx=8 cmiss=20 def=13 skip=False (60.1s)
Z12 ws_n486            lexint   seed 4: 2.556 mx=8 cmiss=15 def=16 skip=False (60.0s)
Z12 ws_n486            lexint   seed 5: 2.663 mx=9 cmiss=20 def=18 skip=False (60.1s)
Z12 ws_n486            lexint   seed 6: 2.691 mx=8 cmiss=17 def=11 skip=False (60.0s)
Z12 ws_n486            lexint   seed 7: 2.784 mx=9 cmiss=16 def=15 skip=False (60.1s)
Z12 ws_n486            lexint   seed 8: 2.49 mx=7 cmiss=21 def=15 skip=False (60.0s)
Z12 ws_n486            lexint   seed 9: 2.566 mx=8 cmiss=15 def=16 skip=False (60.0s)
Z12 grid_200           default  seed 0: 1.055 mx=2 cmiss=24 def=12 skip=False (54.3s)
Z12 grid_200           default  seed 1: 1.02 mx=2 cmiss=24 def=12 skip=False (49.9s)
Z12 grid_200           default  seed 2: 1.02 mx=2 cmiss=24 def=12 skip=False (43.0s)
Z12 grid_200           seats    seed 0: 1.12 mx=2 cmiss=27 def=5 skip=False (60.0s)
Z12 grid_200           seats    seed 1: 1.07 mx=2 cmiss=27 def=5 skip=False (60.0s)
Z12 grid_200           seats    seed 2: 1.12 mx=2 cmiss=27 def=5 skip=False (60.0s)
Z12 grid_200           seatsint seed 0: 1.045 mx=2 cmiss=27 def=16 skip=False (60.0s)
Z12 grid_200           seatsint seed 1: 1.085 mx=2 cmiss=39 def=28 skip=False (60.0s)
Z12 grid_200           seatsint seed 2: 1.08 mx=2 cmiss=39 def=28 skip=False (60.0s)
Z12 grid_200           lex      seed 0: 1.165 mx=2 cmiss=14 def=5 skip=False (60.0s)
Z12 grid_200           lex      seed 1: 1.215 mx=3 cmiss=14 def=5 skip=False (60.0s)
Z12 grid_200           lex      seed 2: 1.18 mx=2 cmiss=14 def=5 skip=False (60.0s)
Z12 grid_200           lexint   seed 0: 1.135 mx=2 cmiss=21 def=7 skip=False (60.0s)
Z12 grid_200           lexint   seed 1: 1.085 mx=2 cmiss=21 def=7 skip=False (60.0s)
Z12 grid_200           lexint   seed 2: 1.09 mx=2 cmiss=21 def=7 skip=False (60.0s)
Z12 honeycomb_200      default  seed 0: 1.06 mx=2 cmiss=35 def=21 skip=False (60.0s)
Z12 honeycomb_200      default  seed 1: 1.04 mx=2 cmiss=35 def=21 skip=False (55.3s)
Z12 honeycomb_200      default  seed 2: 1.08 mx=2 cmiss=35 def=21 skip=False (60.1s)
Z12 honeycomb_200      seats    seed 0: 1.09 mx=2 cmiss=30 def=10 skip=False (60.0s)
Z12 honeycomb_200      seats    seed 1: 1.115 mx=2 cmiss=30 def=10 skip=False (60.0s)
Z12 honeycomb_200      seats    seed 2: 1.115 mx=2 cmiss=30 def=10 skip=False (53.6s)
Z12 honeycomb_200      seatsint seed 0: 1.11 mx=2 cmiss=30 def=16 skip=False (60.0s)
Z12 honeycomb_200      seatsint seed 1: 1.075 mx=2 cmiss=30 def=16 skip=False (60.0s)
Z12 honeycomb_200      seatsint seed 2: 1.12 mx=2 cmiss=30 def=16 skip=False (60.0s)
Z12 honeycomb_200      lex      seed 0: 1.135 mx=2 cmiss=13 def=7 skip=False (60.0s)
Z12 honeycomb_200      lex      seed 1: 1.095 mx=2 cmiss=13 def=7 skip=False (54.7s)
Z12 honeycomb_200      lex      seed 2: 1.155 mx=2 cmiss=13 def=7 skip=False (60.0s)
Z12 honeycomb_200      lexint   seed 0: 1.06 mx=2 cmiss=27 def=10 skip=False (60.1s)
Z12 honeycomb_200      lexint   seed 1: 1.085 mx=2 cmiss=27 def=10 skip=False (60.1s)
Z12 honeycomb_200      lexint   seed 2: 1.08 mx=2 cmiss=27 def=10 skip=False (60.0s)
Z12 king_graph_196     default  seed 0: 1.444 mx=2 cmiss=17 def=8 skip=False (60.0s)
Z12 king_graph_196     default  seed 1: 1.643 mx=3 cmiss=17 def=8 skip=False (60.1s)
Z12 king_graph_196     default  seed 2: 1.633 mx=3 cmiss=17 def=8 skip=False (60.0s)
Z12 king_graph_196     seats    seed 0: 1.454 mx=2 cmiss=3 def=0 skip=True (60.0s)
Z12 king_graph_196     seats    seed 1: 1.5 mx=3 cmiss=3 def=0 skip=True (60.0s)
Z12 king_graph_196     seats    seed 2: 1.51 mx=3 cmiss=3 def=0 skip=True (60.0s)
Z12 king_graph_196     seatsint seed 0: 1.464 mx=2 cmiss=14 def=9 skip=False (60.1s)
Z12 king_graph_196     seatsint seed 1: 1.51 mx=2 cmiss=14 def=9 skip=False (60.0s)
Z12 king_graph_196     seatsint seed 2: 1.474 mx=2 cmiss=15 def=15 skip=False (60.0s)
Z12 king_graph_196     lex      seed 0: 1.628 mx=3 cmiss=9 def=3 skip=False (60.0s)
Z12 king_graph_196     lex      seed 1: 1.474 mx=2 cmiss=9 def=3 skip=False (60.0s)
Z12 king_graph_196     lex      seed 2: 1.536 mx=3 cmiss=9 def=3 skip=False (60.1s)
Z12 king_graph_196     lexint   seed 0: 1.454 mx=2 cmiss=10 def=4 skip=False (60.1s)
Z12 king_graph_196     lexint   seed 1: 1.51 mx=3 cmiss=18 def=20 skip=False (60.1s)
Z12 king_graph_196     lexint   seed 2: 1.582 mx=3 cmiss=18 def=20 skip=False (60.1s)
P16 K100               default  seed 0: 11.63 mx=16 cmiss=None def=None skip=None (57.3s)
P16 K100               default  seed 1: 12.14 mx=16 cmiss=None def=None skip=None (64.1s)
P16 K100               default  seed 2: 11.7 mx=17 cmiss=None def=None skip=None (51.5s)
P16 K100               seats    seed 0: 11.66 mx=18 cmiss=None def=None skip=None (60.7s)
P16 K100               seats    seed 1: 11.43 mx=17 cmiss=None def=None skip=None (59.0s)
P16 K100               seats    seed 2: 12.16 mx=16 cmiss=None def=None skip=None (62.0s)
P16 K100               seatsint seed 0: 25.37 mx=62 cmiss=None def=None skip=None (61.9s)
P16 K100               seatsint seed 1: 30.73 mx=49 cmiss=None def=None skip=None (63.0s)
P16 K100               seatsint seed 2: 20.06 mx=38 cmiss=None def=None skip=None (61.7s)
P16 K100               lex      seed 0: 11.6 mx=16 cmiss=None def=None skip=None (63.4s)
P16 K100               lex      seed 1: 11.57 mx=16 cmiss=None def=None skip=None (60.6s)
P16 K100               lex      seed 2: 11.69 mx=18 cmiss=None def=None skip=None (62.0s)
P16 K100               lexint   seed 0: 12.73 mx=18 cmiss=None def=None skip=None (61.9s)
P16 K100               lexint   seed 1: 11.93 mx=16 cmiss=None def=None skip=None (61.7s)
P16 K100               lexint   seed 2: 13.58 mx=20 cmiss=None def=None skip=None (62.5s)
P16 turan_n162         default  seed 0: 7.815 mx=8 cmiss=None def=None skip=None (60.7s)
P16 turan_n162         default  seed 1: 7.654 mx=8 cmiss=None def=None skip=None (63.7s)
P16 turan_n162         default  seed 2: 7.815 mx=8 cmiss=None def=None skip=None (66.7s)
P16 turan_n162         seats    seed 0: 22.685 mx=57 cmiss=None def=None skip=None (60.5s)
P16 turan_n162         seats    seed 1: None mx=None cmiss=None def=None skip=None (69.9s)
P16 turan_n162         seats    seed 2: 23.383 mx=74 cmiss=None def=None skip=None (61.2s)
P16 turan_n162         seatsint seed 0: 18.759 mx=49 cmiss=None def=None skip=None (62.0s)
P16 turan_n162         seatsint seed 1: 18.37 mx=64 cmiss=None def=None skip=None (61.1s)
P16 turan_n162         seatsint seed 2: 26.401 mx=105 cmiss=None def=None skip=None (60.4s)
P16 turan_n162         lex      seed 0: 14.204 mx=31 cmiss=None def=None skip=None (67.9s)
P16 turan_n162         lex      seed 1: 25.883 mx=62 cmiss=None def=None skip=None (60.3s)
P16 turan_n162         lex      seed 2: None mx=None cmiss=None def=None skip=None (67.2s)
P16 turan_n162         lexint   seed 0: 21.407 mx=62 cmiss=None def=None skip=None (61.9s)
P16 turan_n162         lexint   seed 1: 21.691 mx=50 cmiss=None def=None skip=None (61.3s)
P16 turan_n162         lexint   seed 2: 20.951 mx=48 cmiss=None def=None skip=None (64.1s)
P16 ws_n486            default  seed 0: 3.119 mx=11 cmiss=None def=None skip=None (60.0s)
P16 ws_n486            default  seed 1: 3.021 mx=10 cmiss=None def=None skip=None (60.1s)
P16 ws_n486            default  seed 2: 3.058 mx=10 cmiss=None def=None skip=None (60.0s)
P16 ws_n486            seats    seed 0: 3.14 mx=12 cmiss=None def=None skip=None (60.0s)
P16 ws_n486            seats    seed 1: 3.216 mx=12 cmiss=None def=None skip=None (60.0s)
P16 ws_n486            seats    seed 2: 3.311 mx=11 cmiss=None def=None skip=None (60.0s)
P16 ws_n486            seatsint seed 0: 3.138 mx=10 cmiss=None def=None skip=None (60.0s)
P16 ws_n486            seatsint seed 1: 3.337 mx=11 cmiss=None def=None skip=None (60.0s)
P16 ws_n486            seatsint seed 2: 3.233 mx=12 cmiss=None def=None skip=None (60.0s)
P16 ws_n486            lex      seed 0: 3.08 mx=11 cmiss=None def=None skip=None (60.1s)
P16 ws_n486            lex      seed 1: 3.123 mx=11 cmiss=None def=None skip=None (60.1s)
P16 ws_n486            lex      seed 2: 3.296 mx=13 cmiss=None def=None skip=None (60.1s)
P16 ws_n486            lexint   seed 0: 3.494 mx=14 cmiss=None def=None skip=None (60.1s)
P16 ws_n486            lexint   seed 1: 3.185 mx=12 cmiss=None def=None skip=None (60.1s)
P16 ws_n486            lexint   seed 2: 3.537 mx=12 cmiss=None def=None skip=None (60.0s)

summary (mean ACL; d = arm - default, negative = wins):
Z12 K100               default=7.52(3) mx=8.0 | seats=7.35(3) mx=8.0 cmiss=0.0 d=-0.170 | seatsint=7.31(3) mx=8.0 cmiss=0.0 d=-0.210 | lex=7.35(3) mx=8.0 cmiss=0.0 d=-0.170 | lexint=7.31(3) mx=8.0 cmiss=0.0 d=-0.210
Z12 K140               default=9.85(3) mx=11.0 | seats=9.957(3) mx=11.0 cmiss=0.0 d=+0.107 | seatsint=9.886(3) mx=11.0 cmiss=0.0 d=+0.036 | lex=9.957(3) mx=11.0 cmiss=0.0 d=+0.107 | lexint=9.886(3) mx=11.0 cmiss=0.0 d=+0.036
Z12 ER100_d10          default=4.863(3) mx=8.0 | seats=4.88(3) mx=8.333 cmiss=3.0 d=+0.017 | seatsint=4.753(3) mx=8.333 cmiss=5.0 d=-0.110 | lex=4.667(3) mx=8.667 cmiss=4.0 d=-0.196 | lexint=4.6(3) mx=8.0 cmiss=11.0 d=-0.263
Z12 turan_n162         default=6.0(10) mx=6.0 | seats=6.0(10) mx=6.0 cmiss=41.0 d=+0.000 | seatsint=7.28(10) mx=9.4 cmiss=49.3 d=+1.280 | lex=7.42(9) mx=10.667 cmiss=29.333 d=+1.420 | lexint=6.0(10) mx=6.0 cmiss=42.8 d=+0.000
Z12 spin_glass_n163    default=10.961(3) mx=12.667 | seats=11.098(3) mx=13.0 cmiss=0.0 d=+0.137 | seatsint=11.129(3) mx=12.0 cmiss=0.0 d=+0.168 | lex=11.047(3) mx=13.0 cmiss=0.333 d=+0.086 | lexint=11.117(3) mx=12.0 cmiss=0.0 d=+0.156
Z12 regular_n316       default=2.781(3) mx=6.333 | seats=2.761(3) mx=6.667 cmiss=22.0 d=-0.020 | seatsint=2.9(3) mx=7.0 cmiss=22.0 d=+0.119 | lex=2.799(3) mx=7.0 cmiss=11.0 d=+0.018 | lexint=2.855(3) mx=7.0 cmiss=17.0 d=+0.074
Z12 ws_n486            default=2.565(10) mx=8.2 | seats=2.663(10) mx=8.6 cmiss=27.8 d=+0.098 | seatsint=2.55(10) mx=8.1 cmiss=32.7 d=-0.015 | lex=2.606(10) mx=8.3 cmiss=18.4 d=+0.041 | lexint=2.593(10) mx=8.1 cmiss=19.6 d=+0.028
Z12 grid_200           default=1.032(3) mx=2.0 | seats=1.103(3) mx=2.0 cmiss=27.0 d=+0.071 | seatsint=1.07(3) mx=2.0 cmiss=35.0 d=+0.038 | lex=1.187(3) mx=2.333 cmiss=14.0 d=+0.155 | lexint=1.103(3) mx=2.0 cmiss=21.0 d=+0.071
Z12 honeycomb_200      default=1.06(3) mx=2.0 | seats=1.107(3) mx=2.0 cmiss=30.0 d=+0.047 | seatsint=1.102(3) mx=2.0 cmiss=30.0 d=+0.042 | lex=1.128(3) mx=2.0 cmiss=13.0 d=+0.068 | lexint=1.075(3) mx=2.0 cmiss=27.0 d=+0.015
Z12 king_graph_196     default=1.573(3) mx=2.667 | seats=1.488(3) mx=2.667 cmiss=3.0 d=-0.085 | seatsint=1.483(3) mx=2.0 cmiss=14.333 d=-0.090 | lex=1.546(3) mx=2.667 cmiss=9.0 d=-0.027 | lexint=1.515(3) mx=2.667 cmiss=15.333 d=-0.058
P16 K100               default=11.823(3) mx=16.333 | seats=11.75(3) mx=17.0 cmiss=None d=-0.073 | seatsint=25.387(3) mx=49.667 cmiss=None d=+13.564 | lex=11.62(3) mx=16.667 cmiss=None d=-0.203 | lexint=12.747(3) mx=18.0 cmiss=None d=+0.924
P16 turan_n162         default=7.761(3) mx=8.0 | seats=23.034(2) mx=65.5 cmiss=None d=+15.273 | seatsint=21.177(3) mx=72.667 cmiss=None d=+13.416 | lex=20.044(2) mx=46.5 cmiss=None d=+12.283 | lexint=21.35(3) mx=53.333 cmiss=None d=+13.589
P16 ws_n486            default=3.066(3) mx=10.333 | seats=3.222(3) mx=11.667 cmiss=None d=+0.156 | seatsint=3.236(3) mx=11.0 cmiss=None d=+0.170 | lex=3.166(3) mx=11.667 cmiss=None d=+0.100 | lexint=3.405(3) mx=12.667 cmiss=None d=+0.339

BAR ws_n486/Z12: acl {'default': 2.565, 'seats': 2.663, 'seatsint': 2.55, 'lex': 2.606, 'lexint': 2.593} mx {'default': 8.2, 'seats': 8.6, 'seatsint': 8.1, 'lex': 8.3, 'lexint': 8.1}
BAR board: FAIL [('Z12', 'K140', 'seats', 'wall 61.033->69.967'), ('Z12', 'K140', 'seatsint', 'wall 61.033->71.233'), ('Z12', 'K140', 'lex', 'wall 61.033->68.267'), ('Z12', 'turan_n162', 'seatsint', 1.28), ('Z12', 'turan_n162', 'lex', 1.42), ('Z12', 'grid_200', 'seats', 'wall 49.067->60.0'), ('Z12', 'grid_200', 'seatsint', 'wall 49.067->60.0'), ('Z12', 'grid_200', 'lex', 'wall 49.067->60.0'), ('Z12', 'grid_200', 'lexint', 'wall 49.067->60.0'), ('P16', 'K100', 'seatsint', 13.564), ('P16', 'K100', 'lexint', 0.924), ('P16', 'turan_n162', 'seats', 15.273), ('P16', 'turan_n162', 'seatsint', 13.416), ('P16', 'turan_n162', 'lex', 12.283), ('P16', 'turan_n162', 'lexint', 13.589), ('P16', 'ws_n486', 'lexint', 0.339)]
load at end: (84.33251953125, 102.77294921875, 87.935546875)
done-probe
