invariance board: 100 jobs; load (127.6728515625, 137.61572265625, 127.8544921875)
/data/max/ember/docs/paper2/data/invariance_probe.py:58: DeprecationWarning: dwave-networkx is deprecated and will be replaced by dwave-graphs in Ocean 10. Most functionality previously provided by dwave-networkx is now available as part of dwave-graphs under the 'dwave.graphs' namespace.
  import dwave_networkx as dnx
/data/max/ember/docs/paper2/data/invariance_probe.py:58: DeprecationWarning: dwave-networkx is deprecated and will be replaced by dwave-graphs in Ocean 10. Most functionality previously provided by dwave-networkx is now available as part of dwave-graphs under the 'dwave.graphs' namespace.
  import dwave_networkx as dnx
/data/max/ember/docs/paper2/data/invariance_probe.py:58: DeprecationWarning: dwave-networkx is deprecated and will be replaced by dwave-graphs in Ocean 10. Most functionality previously provided by dwave-networkx is now available as part of dwave-graphs under the 'dwave.graphs' namespace.
  import dwave_networkx as dnx
/data/max/ember/docs/paper2/data/invariance_probe.py:58: DeprecationWarning: dwave-networkx is deprecated and will be replaced by dwave-graphs in Ocean 10. Most functionality previously provided by dwave-networkx is now available as part of dwave-graphs under the 'dwave.graphs' namespace.
  import dwave_networkx as dnx
/data/max/ember/docs/paper2/data/invariance_probe.py:58: DeprecationWarning: dwave-networkx is deprecated and will be replaced by dwave-graphs in Ocean 10. Most functionality previously provided by dwave-networkx is now available as part of dwave-graphs under the 'dwave.graphs' namespace.
  import dwave_networkx as dnx
/data/max/ember/docs/paper2/data/invariance_probe.py:58: DeprecationWarning: dwave-networkx is deprecated and will be replaced by dwave-graphs in Ocean 10. Most functionality previously provided by dwave-networkx is now available as part of dwave-graphs under the 'dwave.graphs' namespace.
  import dwave_networkx as dnx
/data/max/ember/docs/paper2/data/invariance_probe.py:58: DeprecationWarning: dwave-networkx is deprecated and will be replaced by dwave-graphs in Ocean 10. Most functionality previously provided by dwave-networkx is now available as part of dwave-graphs under the 'dwave.graphs' namespace.
  import dwave_networkx as dnx
/data/max/ember/docs/paper2/data/invariance_probe.py:58: DeprecationWarning: dwave-networkx is deprecated and will be replaced by dwave-graphs in Ocean 10. Most functionality previously provided by dwave-networkx is now available as part of dwave-graphs under the 'dwave.graphs' namespace.
  import dwave_networkx as dnx
/data/max/ember/docs/paper2/data/invariance_probe.py:58: DeprecationWarning: dwave-networkx is deprecated and will be replaced by dwave-graphs in Ocean 10. Most functionality previously provided by dwave-networkx is now available as part of dwave-graphs under the 'dwave.graphs' namespace.
  import dwave_networkx as dnx
/data/max/ember/docs/paper2/data/invariance_probe.py:58: DeprecationWarning: dwave-networkx is deprecated and will be replaced by dwave-graphs in Ocean 10. Most functionality previously provided by dwave-networkx is now available as part of dwave-graphs under the 'dwave.graphs' namespace.
  import dwave_networkx as dnx
/data/max/ember/docs/paper2/data/invariance_probe.py:58: DeprecationWarning: dwave-networkx is deprecated and will be replaced by dwave-graphs in Ocean 10. Most functionality previously provided by dwave-networkx is now available as part of dwave-graphs under the 'dwave.graphs' namespace.
  import dwave_networkx as dnx
/data/max/ember/docs/paper2/data/invariance_probe.py:58: DeprecationWarning: dwave-networkx is deprecated and will be replaced by dwave-graphs in Ocean 10. Most functionality previously provided by dwave-networkx is now available as part of dwave-graphs under the 'dwave.graphs' namespace.
  import dwave_networkx as dnx
/data/max/ember/docs/paper2/data/invariance_probe.py:58: DeprecationWarning: dwave-networkx is deprecated and will be replaced by dwave-graphs in Ocean 10. Most functionality previously provided by dwave-networkx is now available as part of dwave-graphs under the 'dwave.graphs' namespace.
  import dwave_networkx as dnx
/data/max/ember/docs/paper2/data/invariance_probe.py:58: DeprecationWarning: dwave-networkx is deprecated and will be replaced by dwave-graphs in Ocean 10. Most functionality previously provided by dwave-networkx is now available as part of dwave-graphs under the 'dwave.graphs' namespace.
  import dwave_networkx as dnx
/data/max/ember/docs/paper2/data/invariance_probe.py:58: DeprecationWarning: dwave-networkx is deprecated and will be replaced by dwave-graphs in Ocean 10. Most functionality previously provided by dwave-networkx is now available as part of dwave-graphs under the 'dwave.graphs' namespace.
  import dwave_networkx as dnx
/data/max/ember/docs/paper2/data/invariance_probe.py:58: DeprecationWarning: dwave-networkx is deprecated and will be replaced by dwave-graphs in Ocean 10. Most functionality previously provided by dwave-networkx is now available as part of dwave-graphs under the 'dwave.graphs' namespace.
  import dwave_networkx as dnx
/data/max/ember/docs/paper2/data/invariance_probe.py:58: DeprecationWarning: dwave-networkx is deprecated and will be replaced by dwave-graphs in Ocean 10. Most functionality previously provided by dwave-networkx is now available as part of dwave-graphs under the 'dwave.graphs' namespace.
  import dwave_networkx as dnx
/data/max/ember/docs/paper2/data/invariance_probe.py:58: DeprecationWarning: dwave-networkx is deprecated and will be replaced by dwave-graphs in Ocean 10. Most functionality previously provided by dwave-networkx is now available as part of dwave-graphs under the 'dwave.graphs' namespace.
  import dwave_networkx as dnx
/data/max/ember/docs/paper2/data/invariance_probe.py:58: DeprecationWarning: dwave-networkx is deprecated and will be replaced by dwave-graphs in Ocean 10. Most functionality previously provided by dwave-networkx is now available as part of dwave-graphs under the 'dwave.graphs' namespace.
  import dwave_networkx as dnx
/data/max/ember/docs/paper2/data/invariance_probe.py:58: DeprecationWarning: dwave-networkx is deprecated and will be replaced by dwave-graphs in Ocean 10. Most functionality previously provided by dwave-networkx is now available as part of dwave-graphs under the 'dwave.graphs' namespace.
  import dwave_networkx as dnx
/data/max/ember/docs/paper2/data/invariance_probe.py:58: DeprecationWarning: dwave-networkx is deprecated and will be replaced by dwave-graphs in Ocean 10. Most functionality previously provided by dwave-networkx is now available as part of dwave-graphs under the 'dwave.graphs' namespace.
  import dwave_networkx as dnx
/data/max/ember/docs/paper2/data/invariance_probe.py:58: DeprecationWarning: dwave-networkx is deprecated and will be replaced by dwave-graphs in Ocean 10. Most functionality previously provided by dwave-networkx is now available as part of dwave-graphs under the 'dwave.graphs' namespace.
  import dwave_networkx as dnx
/data/max/ember/docs/paper2/data/invariance_probe.py:58: DeprecationWarning: dwave-networkx is deprecated and will be replaced by dwave-graphs in Ocean 10. Most functionality previously provided by dwave-networkx is now available as part of dwave-graphs under the 'dwave.graphs' namespace.
  import dwave_networkx as dnx
/data/max/ember/docs/paper2/data/invariance_probe.py:58: DeprecationWarning: dwave-networkx is deprecated and will be replaced by dwave-graphs in Ocean 10. Most functionality previously provided by dwave-networkx is now available as part of dwave-graphs under the 'dwave.graphs' namespace.
  import dwave_networkx as dnx
K100             order d1: lacl=7.26 lmx=8 bm=1023/2194 stop=fixpoint pen=0 bars=198 cert=True err=None (19.7s)
K100             order d2: lacl=7.26 lmx=8 bm=430/1420 stop=fixpoint pen=0 bars=198 cert=True err=None (13.3s)
K100             order d3: lacl=7.26 lmx=8 bm=498/1443 stop=fixpoint pen=0 bars=198 cert=True err=None (13.6s)
K100             order d4: lacl=7.26 lmx=8 bm=559/1639 stop=fixpoint pen=0 bars=198 cert=True err=None (15.3s)
K100             order d5: lacl=7.26 lmx=8 bm=392/1416 stop=fixpoint pen=0 bars=198 cert=True err=None (13.5s)
K100             init  d1: lacl=7.26 lmx=8 bm=280/1311 stop=fixpoint pen=0 bars=198 cert=True err=None (13.0s)
K100             init  d2: lacl=7.27 lmx=8 bm=913/1935 stop=fixpoint pen=0 bars=198 cert=True err=None (16.9s)
K100             init  d3: lacl=7.26 lmx=8 bm=508/1387 stop=fixpoint pen=0 bars=198 cert=True err=None (14.3s)
K100             init  d4: lacl=7.26 lmx=8 bm=476/1382 stop=fixpoint pen=0 bars=198 cert=True err=None (13.3s)
K100             init  d5: lacl=7.26 lmx=8 bm=368/1408 stop=fixpoint pen=0 bars=198 cert=True err=None (13.5s)
K140             order d1: lacl=9.757 lmx=10 bm=1216/2634 stop=fixpoint pen=0 bars=278 cert=True err=None (38.0s)
K140             order d2: lacl=9.757 lmx=10 bm=936/2353 stop=fixpoint pen=0 bars=278 cert=True err=None (34.3s)
K140             order d3: lacl=9.757 lmx=10 bm=582/2032 stop=fixpoint pen=0 bars=278 cert=True err=None (28.5s)
K140             order d4: lacl=9.757 lmx=10 bm=687/2114 stop=fixpoint pen=0 bars=278 cert=True err=None (32.3s)
K140             order d5: lacl=9.757 lmx=10 bm=738/2172 stop=fixpoint pen=0 bars=278 cert=True err=None (33.1s)
K140             init  d1: lacl=9.757 lmx=10 bm=524/2050 stop=fixpoint pen=0 bars=278 cert=True err=None (30.9s)
K140             init  d2: lacl=9.757 lmx=10 bm=627/2049 stop=fixpoint pen=0 bars=278 cert=True err=None (31.0s)
K140             init  d3: lacl=9.757 lmx=10 bm=1268/2677 stop=fixpoint pen=0 bars=278 cert=True err=None (36.5s)
K140             init  d4: lacl=9.757 lmx=10 bm=975/2190 stop=fixpoint pen=0 bars=278 cert=True err=None (33.2s)
K140             init  d5: lacl=9.757 lmx=10 bm=509/2111 stop=fixpoint pen=0 bars=278 cert=True err=None (30.9s)
ER100_d10        order d1: lacl=4.65 lmx=9 bm=3455/4789 stop=fixpoint pen=0 bars=155 cert=True err=None (23.4s)
ER100_d10        order d2: lacl=4.54 lmx=7 bm=3894/5013 stop=fixpoint pen=0 bars=151 cert=True err=None (25.0s)
ER100_d10        order d3: lacl=4.64 lmx=7 bm=3336/4704 stop=fixpoint pen=0 bars=151 cert=True err=None (23.0s)
ER100_d10        order d4: lacl=4.78 lmx=8 bm=2778/3585 stop=fixpoint pen=0 bars=155 cert=True err=None (18.6s)
ER100_d10        order d5: lacl=4.7 lmx=8 bm=1726/2922 stop=fixpoint pen=0 bars=152 cert=True err=None (16.3s)
ER100_d10        init  d1: lacl=4.82 lmx=8 bm=2615/4854 stop=fixpoint pen=0 bars=159 cert=True err=None (23.7s)
ER100_d10        init  d2: lacl=4.77 lmx=7 bm=2230/3059 stop=fixpoint pen=0 bars=156 cert=True err=None (14.9s)
ER100_d10        init  d3: lacl=4.72 lmx=9 bm=1519/3468 stop=fixpoint pen=0 bars=157 cert=True err=None (18.5s)
ER100_d10        init  d4: lacl=4.87 lmx=8 bm=1412/2302 stop=fixpoint pen=0 bars=163 cert=True err=None (11.2s)
ER100_d10        init  d5: lacl=4.62 lmx=8 bm=2696/3598 stop=fixpoint pen=0 bars=157 cert=True err=None (18.8s)
turan_n162       order d1: lacl=6.0 lmx=6 bm=4981/15000 stop=asks pen=0 bars=162 cert=True err=None (239.7s)
turan_n162       order d2: lacl=6.0 lmx=6 bm=3264/15000 stop=asks pen=0 bars=162 cert=True err=None (217.5s)
turan_n162       order d3: lacl=6.0 lmx=6 bm=1775/15000 stop=asks pen=0 bars=162 cert=True err=None (217.9s)
turan_n162       order d4: lacl=6.0 lmx=6 bm=10422/15000 stop=asks pen=0 bars=162 cert=True err=None (206.9s)
turan_n162       order d5: lacl=6.0 lmx=6 bm=8515/15000 stop=asks pen=0 bars=162 cert=True err=None (221.3s)
turan_n162       init  d1: lacl=6.0 lmx=6 bm=7475/15000 stop=asks pen=0 bars=162 cert=True err=None (199.4s)
turan_n162       init  d2: lacl=6.0 lmx=6 bm=55/15000 stop=asks pen=0 bars=162 cert=True err=None (199.6s)
turan_n162       init  d3: lacl=6.0 lmx=6 bm=10830/15000 stop=asks pen=0 bars=162 cert=True err=None (200.0s)
turan_n162       init  d4: lacl=6.0 lmx=6 bm=4458/15000 stop=asks pen=0 bars=162 cert=True err=None (223.6s)
turan_n162       init  d5: lacl=6.0 lmx=6 bm=5307/15000 stop=asks pen=0 bars=162 cert=True err=None (200.6s)
spin_glass_n163  order d1: lacl=10.926 lmx=12 bm=972/2518 stop=fixpoint pen=0 bars=313 cert=True err=None (27.9s)
spin_glass_n163  order d2: lacl=10.798 lmx=12 bm=1667/3423 stop=fixpoint pen=0 bars=307 cert=True err=None (38.7s)
spin_glass_n163  order d3: lacl=10.877 lmx=12 bm=642/2292 stop=fixpoint pen=0 bars=310 cert=True err=None (27.1s)
spin_glass_n163  order d4: lacl=10.859 lmx=12 bm=2328/3683 stop=fixpoint pen=0 bars=309 cert=True err=None (39.7s)
spin_glass_n163  order d5: lacl=10.816 lmx=12 bm=1812/4649 stop=fixpoint pen=0 bars=308 cert=True err=None (50.1s)
spin_glass_n163  init  d1: lacl=10.822 lmx=12 bm=2488/4043 stop=fixpoint pen=0 bars=309 cert=True err=None (40.8s)
spin_glass_n163  init  d2: lacl=10.785 lmx=12 bm=1632/3774 stop=fixpoint pen=0 bars=305 cert=True err=None (39.9s)
spin_glass_n163  init  d3: lacl=10.902 lmx=12 bm=1528/3726 stop=fixpoint pen=0 bars=310 cert=True err=None (41.2s)
spin_glass_n163  init  d4: lacl=10.902 lmx=13 bm=1859/3281 stop=fixpoint pen=0 bars=312 cert=True err=None (35.0s)
spin_glass_n163  init  d5: lacl=10.834 lmx=12 bm=3386/4760 stop=fixpoint pen=0 bars=307 cert=True err=None (50.6s)
regular_n316     order d1: lacl=4.778 lmx=17 bm=3921/10000 stop=asks pen=0 bars=426 cert=True err=None (141.5s)
regular_n316     order d2: lacl=4.611 lmx=15 bm=4621/10000 stop=asks pen=0 bars=427 cert=True err=None (136.6s)
regular_n316     order d3: lacl=4.237 lmx=12 bm=9717/10000 stop=asks pen=0 bars=420 cert=True err=None (148.3s)
regular_n316     order d4: lacl=4.348 lmx=11 bm=7353/10000 stop=asks pen=0 bars=426 cert=True err=None (144.6s)
regular_n316     order d5: lacl=4.44 lmx=15 bm=8932/10000 stop=asks pen=0 bars=412 cert=True err=None (145.0s)
regular_n316     init  d1: lacl=4.601 lmx=11 bm=7331/10000 stop=asks pen=0 bars=423 cert=True err=None (149.3s)
regular_n316     init  d2: lacl=4.566 lmx=15 bm=8043/10000 stop=asks pen=0 bars=424 cert=True err=None (138.6s)
regular_n316     init  d3: lacl=4.674 lmx=14 bm=9785/10000 stop=asks pen=0 bars=421 cert=True err=None (150.4s)
regular_n316     init  d4: lacl=4.601 lmx=13 bm=6626/10000 stop=asks pen=0 bars=425 cert=True err=None (140.0s)
regular_n316     init  d5: lacl=4.579 lmx=13 bm=4645/10000 stop=asks pen=0 bars=425 cert=True err=None (136.9s)
ws_n486          order d1: lacl=4.072 lmx=26 bm=4866/15000 stop=asks pen=41617 bars=696 cert=False err=None (332.1s)
ws_n486          order d2: lacl=4.321 lmx=29 bm=5052/15000 stop=asks pen=37955 bars=695 cert=False err=None (350.6s)
ws_n486          order d3: lacl=4.409 lmx=29 bm=5992/15000 stop=asks pen=38796 bars=694 cert=False err=None (356.0s)
ws_n486          order d4: lacl=4.15 lmx=35 bm=14404/15000 stop=asks pen=40390 bars=684 cert=False err=None (355.1s)
ws_n486          order d5: lacl=4.463 lmx=27 bm=4434/15000 stop=asks pen=37960 bars=689 cert=False err=None (340.8s)
ws_n486          init  d1: lacl=4.21 lmx=32 bm=5970/15000 stop=asks pen=37485 bars=690 cert=False err=None (340.2s)
ws_n486          init  d2: lacl=4.477 lmx=32 bm=3820/15000 stop=asks pen=39964 bars=699 cert=False err=None (358.5s)
ws_n486          init  d3: lacl=4.422 lmx=25 bm=3400/15000 stop=asks pen=38481 bars=686 cert=False err=None (344.8s)
ws_n486          init  d4: lacl=4.64 lmx=33 bm=4231/15000 stop=asks pen=38350 bars=693 cert=False err=None (347.9s)
ws_n486          init  d5: lacl=3.634 lmx=25 bm=14467/15000 stop=asks pen=38933 bars=677 cert=False err=None (330.0s)
grid_200         order d1: lacl=1.57 lmx=4 bm=7810/8000 stop=asks pen=0 bars=208 cert=True err=None (62.6s)
grid_200         order d2: lacl=1.585 lmx=5 bm=3724/6832 stop=fixpoint pen=0 bars=213 cert=True err=None (51.2s)
grid_200         order d3: lacl=1.44 lmx=5 bm=6402/8000 stop=asks pen=0 bars=200 cert=True err=None (57.6s)
grid_200         order d4: lacl=1.665 lmx=7 bm=5532/8000 stop=asks pen=0 bars=210 cert=True err=None (64.6s)
grid_200         order d5: lacl=1.665 lmx=5 bm=5660/8000 stop=asks pen=0 bars=200 cert=True err=None (57.9s)
grid_200         init  d1: lacl=1.685 lmx=7 bm=3083/8000 stop=asks pen=0 bars=200 cert=True err=None (65.7s)
grid_200         init  d2: lacl=1.725 lmx=4 bm=4083/8000 stop=asks pen=0 bars=218 cert=True err=None (57.8s)
grid_200         init  d3: lacl=1.62 lmx=5 bm=5882/8000 stop=asks pen=0 bars=200 cert=True err=None (61.6s)
grid_200         init  d4: lacl=1.535 lmx=5 bm=6421/8000 stop=asks pen=0 bars=210 cert=True err=None (58.3s)
grid_200         init  d5: lacl=1.53 lmx=10 bm=4005/8000 stop=asks pen=0 bars=202 cert=True err=None (57.2s)
honeycomb_200    order d1: lacl=1.895 lmx=8 bm=4029/8000 stop=asks pen=0 bars=213 cert=True err=None (62.8s)
honeycomb_200    order d2: lacl=2.06 lmx=9 bm=6483/8000 stop=asks pen=0 bars=215 cert=True err=None (59.1s)
honeycomb_200    order d3: lacl=1.985 lmx=7 bm=5558/8000 stop=asks pen=0 bars=222 cert=True err=None (57.0s)
honeycomb_200    order d4: lacl=1.965 lmx=7 bm=6132/8000 stop=asks pen=0 bars=220 cert=True err=None (59.7s)
honeycomb_200    order d5: lacl=2.015 lmx=8 bm=3880/8000 stop=asks pen=0 bars=231 cert=True err=None (66.1s)
honeycomb_200    init  d1: lacl=1.9 lmx=6 bm=4994/8000 stop=asks pen=0 bars=235 cert=True err=None (66.1s)
honeycomb_200    init  d2: lacl=1.875 lmx=7 bm=6215/8000 stop=asks pen=0 bars=213 cert=True err=None (58.1s)
honeycomb_200    init  d3: lacl=2.02 lmx=6 bm=2967/8000 stop=asks pen=0 bars=222 cert=True err=None (56.4s)
honeycomb_200    init  d4: lacl=2.025 lmx=7 bm=2777/8000 stop=asks pen=0 bars=228 cert=True err=None (57.2s)
honeycomb_200    init  d5: lacl=1.89 lmx=8 bm=5304/7875 stop=fixpoint pen=0 bars=200 cert=True err=None (57.4s)
king_graph_196   order d1: lacl=2.668 lmx=9 bm=4907/8000 stop=asks pen=0 bars=309 cert=True err=None (74.0s)
king_graph_196   order d2: lacl=2.449 lmx=6 bm=4534/8000 stop=asks pen=0 bars=303 cert=True err=None (72.4s)
king_graph_196   order d3: lacl=2.48 lmx=7 bm=7779/8000 stop=asks pen=0 bars=304 cert=True err=None (73.6s)
king_graph_196   order d4: lacl=2.515 lmx=7 bm=3404/7767 stop=fixpoint pen=0 bars=307 cert=True err=None (64.2s)
king_graph_196   order d5: lacl=2.454 lmx=6 bm=3593/8000 stop=asks pen=0 bars=304 cert=True err=None (68.3s)
king_graph_196   init  d1: lacl=2.592 lmx=6 bm=6458/8000 stop=asks pen=0 bars=305 cert=True err=None (65.0s)
king_graph_196   init  d2: lacl=2.566 lmx=7 bm=2762/8000 stop=asks pen=0 bars=311 cert=True err=None (68.9s)
king_graph_196   init  d3: lacl=2.668 lmx=6 bm=3552/8000 stop=asks pen=0 bars=312 cert=True err=None (68.8s)
king_graph_196   init  d4: lacl=2.602 lmx=8 bm=7228/8000 stop=asks pen=0 bars=304 cert=True err=None (71.7s)
king_graph_196   init  d5: lacl=2.347 lmx=6 bm=6260/8000 stop=asks pen=0 bars=306 cert=True err=None (71.3s)

MAP — per cell: order draws | init draws (mean, sd, range)
K100             | order: 7.26 sd=0.0 range=0.0 lmx=8.0 stop={'fixpoint': 5} | init: 7.262 sd=0.004 range=0.01 lmx=8.0 stop={'fixpoint': 5}
K140             | order: 9.757 sd=0.0 range=0.0 lmx=10.0 stop={'fixpoint': 5} | init: 9.757 sd=0.0 range=0.0 lmx=10.0 stop={'fixpoint': 5}
ER100_d10        | order: 4.662 sd=0.079 range=0.24 lmx=7.8 stop={'fixpoint': 5} | init: 4.76 sd=0.086 range=0.25 lmx=8.0 stop={'fixpoint': 5}
turan_n162       | order: 6.0 sd=0.0 range=0.0 lmx=6.0 stop={'asks': 5} | init: 6.0 sd=0.0 range=0.0 lmx=6.0 stop={'asks': 5}
spin_glass_n163  | order: 10.855 sd=0.045 range=0.128 lmx=12.0 stop={'fixpoint': 5} | init: 10.849 sd=0.046 range=0.117 lmx=12.2 stop={'fixpoint': 5}
regular_n316     | order: 4.483 sd=0.192 range=0.541 lmx=14.0 stop={'asks': 5} SENSITIVE | init: 4.604 sd=0.037 range=0.108 lmx=13.2 stop={'asks': 5}
ws_n486          | order: 4.283 sd=0.15 range=0.391 lmx=29.2 stop={'asks': 5} SENSITIVE | init: 4.277 sd=0.349 range=1.006 lmx=29.4 stop={'asks': 5} SENSITIVE
grid_200         | order: 1.585 sd=0.083 range=0.225 lmx=5.2 stop={'asks': 4, 'fixpoint': 1} | init: 1.619 sd=0.078 range=0.195 lmx=6.2 stop={'asks': 5}
honeycomb_200    | order: 1.984 sd=0.055 range=0.165 lmx=7.8 stop={'asks': 5} | init: 1.942 sd=0.066 range=0.15 lmx=6.8 stop={'asks': 4, 'fixpoint': 1}
king_graph_196   | order: 2.513 sd=0.081 range=0.219 lmx=7.0 stop={'asks': 4, 'fixpoint': 1} | init: 2.555 sd=0.109 range=0.321 lmx=6.6 stop={'asks': 5} SENSITIVE
sensitive: [('regular_n316', 'order', 4.483, 0.541), ('ws_n486', 'order', 4.283, 0.391), ('ws_n486', 'init', 4.277, 1.006), ('king_graph_196', 'init', 2.555, 0.321)]
done-probe
