13 cells, 159 jobs; load (59.90576171875, 65.00830078125, 66.69677734375)
/data/max/ember/docs/paper2/data/lex_probe.py:62: DeprecationWarning: dwave-networkx is deprecated and will be replaced by dwave-graphs in Ocean 10. Most functionality previously provided by dwave-networkx is now available as part of dwave-graphs under the 'dwave.graphs' namespace.
  import dwave_networkx as dnx
/data/max/ember/docs/paper2/data/lex_probe.py:62: DeprecationWarning: dwave-networkx is deprecated and will be replaced by dwave-graphs in Ocean 10. Most functionality previously provided by dwave-networkx is now available as part of dwave-graphs under the 'dwave.graphs' namespace.
  import dwave_networkx as dnx
/data/max/ember/docs/paper2/data/lex_probe.py:62: DeprecationWarning: dwave-networkx is deprecated and will be replaced by dwave-graphs in Ocean 10. Most functionality previously provided by dwave-networkx is now available as part of dwave-graphs under the 'dwave.graphs' namespace.
  import dwave_networkx as dnx
/data/max/ember/docs/paper2/data/lex_probe.py:62: DeprecationWarning: dwave-networkx is deprecated and will be replaced by dwave-graphs in Ocean 10. Most functionality previously provided by dwave-networkx is now available as part of dwave-graphs under the 'dwave.graphs' namespace.
  import dwave_networkx as dnx
/data/max/ember/docs/paper2/data/lex_probe.py:62: DeprecationWarning: dwave-networkx is deprecated and will be replaced by dwave-graphs in Ocean 10. Most functionality previously provided by dwave-networkx is now available as part of dwave-graphs under the 'dwave.graphs' namespace.
  import dwave_networkx as dnx
/data/max/ember/docs/paper2/data/lex_probe.py:62: DeprecationWarning: dwave-networkx is deprecated and will be replaced by dwave-graphs in Ocean 10. Most functionality previously provided by dwave-networkx is now available as part of dwave-graphs under the 'dwave.graphs' namespace.
  import dwave_networkx as dnx
/data/max/ember/docs/paper2/data/lex_probe.py:62: DeprecationWarning: dwave-networkx is deprecated and will be replaced by dwave-graphs in Ocean 10. Most functionality previously provided by dwave-networkx is now available as part of dwave-graphs under the 'dwave.graphs' namespace.
  import dwave_networkx as dnx
/data/max/ember/docs/paper2/data/lex_probe.py:62: DeprecationWarning: dwave-networkx is deprecated and will be replaced by dwave-graphs in Ocean 10. Most functionality previously provided by dwave-networkx is now available as part of dwave-graphs under the 'dwave.graphs' namespace.
  import dwave_networkx as dnx
/data/max/ember/docs/paper2/data/lex_probe.py:62: DeprecationWarning: dwave-networkx is deprecated and will be replaced by dwave-graphs in Ocean 10. Most functionality previously provided by dwave-networkx is now available as part of dwave-graphs under the 'dwave.graphs' namespace.
  import dwave_networkx as dnx
/data/max/ember/docs/paper2/data/lex_probe.py:62: DeprecationWarning: dwave-networkx is deprecated and will be replaced by dwave-graphs in Ocean 10. Most functionality previously provided by dwave-networkx is now available as part of dwave-graphs under the 'dwave.graphs' namespace.
  import dwave_networkx as dnx
/data/max/ember/docs/paper2/data/lex_probe.py:62: DeprecationWarning: dwave-networkx is deprecated and will be replaced by dwave-graphs in Ocean 10. Most functionality previously provided by dwave-networkx is now available as part of dwave-graphs under the 'dwave.graphs' namespace.
  import dwave_networkx as dnx
/data/max/ember/docs/paper2/data/lex_probe.py:62: DeprecationWarning: dwave-networkx is deprecated and will be replaced by dwave-graphs in Ocean 10. Most functionality previously provided by dwave-networkx is now available as part of dwave-graphs under the 'dwave.graphs' namespace.
  import dwave_networkx as dnx
/data/max/ember/docs/paper2/data/lex_probe.py:62: DeprecationWarning: dwave-networkx is deprecated and will be replaced by dwave-graphs in Ocean 10. Most functionality previously provided by dwave-networkx is now available as part of dwave-graphs under the 'dwave.graphs' namespace.
  import dwave_networkx as dnx
/data/max/ember/docs/paper2/data/lex_probe.py:62: DeprecationWarning: dwave-networkx is deprecated and will be replaced by dwave-graphs in Ocean 10. Most functionality previously provided by dwave-networkx is now available as part of dwave-graphs under the 'dwave.graphs' namespace.
  import dwave_networkx as dnx
/data/max/ember/docs/paper2/data/lex_probe.py:62: DeprecationWarning: dwave-networkx is deprecated and will be replaced by dwave-graphs in Ocean 10. Most functionality previously provided by dwave-networkx is now available as part of dwave-graphs under the 'dwave.graphs' namespace.
  import dwave_networkx as dnx
/data/max/ember/docs/paper2/data/lex_probe.py:62: DeprecationWarning: dwave-networkx is deprecated and will be replaced by dwave-graphs in Ocean 10. Most functionality previously provided by dwave-networkx is now available as part of dwave-graphs under the 'dwave.graphs' namespace.
  import dwave_networkx as dnx
/data/max/ember/docs/paper2/data/lex_probe.py:62: DeprecationWarning: dwave-networkx is deprecated and will be replaced by dwave-graphs in Ocean 10. Most functionality previously provided by dwave-networkx is now available as part of dwave-graphs under the 'dwave.graphs' namespace.
  import dwave_networkx as dnx
/data/max/ember/docs/paper2/data/lex_probe.py:62: DeprecationWarning: dwave-networkx is deprecated and will be replaced by dwave-graphs in Ocean 10. Most functionality previously provided by dwave-networkx is now available as part of dwave-graphs under the 'dwave.graphs' namespace.
  import dwave_networkx as dnx
/data/max/ember/docs/paper2/data/lex_probe.py:62: DeprecationWarning: dwave-networkx is deprecated and will be replaced by dwave-graphs in Ocean 10. Most functionality previously provided by dwave-networkx is now available as part of dwave-graphs under the 'dwave.graphs' namespace.
  import dwave_networkx as dnx
/data/max/ember/docs/paper2/data/lex_probe.py:62: DeprecationWarning: dwave-networkx is deprecated and will be replaced by dwave-graphs in Ocean 10. Most functionality previously provided by dwave-networkx is now available as part of dwave-graphs under the 'dwave.graphs' namespace.
  import dwave_networkx as dnx
/data/max/ember/docs/paper2/data/lex_probe.py:62: DeprecationWarning: dwave-networkx is deprecated and will be replaced by dwave-graphs in Ocean 10. Most functionality previously provided by dwave-networkx is now available as part of dwave-graphs under the 'dwave.graphs' namespace.
  import dwave_networkx as dnx
/data/max/ember/docs/paper2/data/lex_probe.py:62: DeprecationWarning: dwave-networkx is deprecated and will be replaced by dwave-graphs in Ocean 10. Most functionality previously provided by dwave-networkx is now available as part of dwave-graphs under the 'dwave.graphs' namespace.
  import dwave_networkx as dnx
/data/max/ember/docs/paper2/data/lex_probe.py:62: DeprecationWarning: dwave-networkx is deprecated and will be replaced by dwave-graphs in Ocean 10. Most functionality previously provided by dwave-networkx is now available as part of dwave-graphs under the 'dwave.graphs' namespace.
  import dwave_networkx as dnx
/data/max/ember/docs/paper2/data/lex_probe.py:62: DeprecationWarning: dwave-networkx is deprecated and will be replaced by dwave-graphs in Ocean 10. Most functionality previously provided by dwave-networkx is now available as part of dwave-graphs under the 'dwave.graphs' namespace.
  import dwave_networkx as dnx
Z12 K100               default  seed 0: 7.52 mx=8 cmiss=0 def=0 skip=True (65.3s)
Z12 K100               default  seed 1: 7.52 mx=8 cmiss=0 def=0 skip=True (60.9s)
Z12 K100               default  seed 2: 7.52 mx=8 cmiss=0 def=0 skip=True (62.1s)
Z12 K100               seats    seed 0: 7.35 mx=8 cmiss=0 def=0 skip=True (60.8s)
Z12 K100               seats    seed 1: 7.35 mx=8 cmiss=0 def=0 skip=True (64.1s)
Z12 K100               seats    seed 2: 7.35 mx=8 cmiss=0 def=0 skip=True (61.8s)
Z12 K100               lex      seed 0: 7.35 mx=8 cmiss=0 def=0 skip=True (61.7s)
Z12 K100               lex      seed 1: 7.35 mx=8 cmiss=0 def=0 skip=True (60.6s)
Z12 K100               lex      seed 2: 7.35 mx=8 cmiss=0 def=0 skip=True (62.2s)
Z12 K140               default  seed 0: 9.85 mx=11 cmiss=0 def=0 skip=True (67.5s)
Z12 K140               default  seed 1: 9.85 mx=11 cmiss=0 def=0 skip=True (72.8s)
Z12 K140               default  seed 2: 9.85 mx=11 cmiss=0 def=0 skip=True (60.6s)
Z12 K140               seats    seed 0: 9.957 mx=11 cmiss=0 def=0 skip=True (67.5s)
Z12 K140               seats    seed 1: 9.957 mx=11 cmiss=0 def=0 skip=True (69.4s)
Z12 K140               seats    seed 2: 9.957 mx=11 cmiss=0 def=0 skip=True (68.3s)
Z12 K140               lex      seed 0: 9.957 mx=11 cmiss=0 def=0 skip=True (64.2s)
Z12 K140               lex      seed 1: 9.957 mx=11 cmiss=0 def=0 skip=True (69.7s)
Z12 K140               lex      seed 2: 9.957 mx=11 cmiss=0 def=0 skip=True (64.7s)
Z12 ER100_d10          default  seed 0: 5.42 mx=8 cmiss=1 def=0 skip=True (60.0s)
Z12 ER100_d10          default  seed 1: 4.6 mx=8 cmiss=1 def=0 skip=True (60.0s)
Z12 ER100_d10          default  seed 2: 4.57 mx=8 cmiss=1 def=0 skip=True (60.1s)
Z12 ER100_d10          seats    seed 0: 4.96 mx=8 cmiss=3 def=2 skip=False (60.1s)
Z12 ER100_d10          seats    seed 1: 4.96 mx=8 cmiss=3 def=2 skip=False (60.0s)
Z12 ER100_d10          seats    seed 2: 4.72 mx=9 cmiss=3 def=2 skip=False (60.0s)
Z12 ER100_d10          lex      seed 0: 4.63 mx=8 cmiss=4 def=1 skip=False (60.0s)
Z12 ER100_d10          lex      seed 1: 4.67 mx=9 cmiss=4 def=1 skip=False (60.0s)
Z12 ER100_d10          lex      seed 2: 4.7 mx=9 cmiss=4 def=1 skip=False (60.1s)
Z12 turan_n162         default  seed 0: 6.0 mx=6 cmiss=64 def=0 skip=True (62.9s)
Z12 turan_n162         default  seed 1: 6.0 mx=6 cmiss=32 def=0 skip=True (62.3s)
Z12 turan_n162         default  seed 2: 6.0 mx=6 cmiss=64 def=0 skip=True (63.0s)
Z12 turan_n162         default  seed 3: 6.0 mx=6 cmiss=64 def=0 skip=True (62.7s)
Z12 turan_n162         default  seed 4: 6.0 mx=6 cmiss=64 def=0 skip=True (61.9s)
Z12 turan_n162         default  seed 5: 6.0 mx=6 cmiss=32 def=0 skip=True (63.1s)
Z12 turan_n162         default  seed 6: 6.0 mx=6 cmiss=64 def=0 skip=True (61.6s)
Z12 turan_n162         default  seed 7: 6.0 mx=6 cmiss=32 def=0 skip=True (62.3s)
Z12 turan_n162         default  seed 8: 6.0 mx=6 cmiss=32 def=0 skip=True (64.3s)
Z12 turan_n162         default  seed 9: 6.0 mx=6 cmiss=46 def=0 skip=True (61.6s)
Z12 turan_n162         seats    seed 0: 6.0 mx=6 cmiss=24 def=0 skip=True (60.3s)
Z12 turan_n162         seats    seed 1: 6.0 mx=6 cmiss=62 def=0 skip=True (62.3s)
Z12 turan_n162         seats    seed 2: 6.0 mx=6 cmiss=24 def=0 skip=True (60.2s)
Z12 turan_n162         seats    seed 3: 6.0 mx=6 cmiss=26 def=0 skip=True (60.7s)
Z12 turan_n162         seats    seed 4: 6.0 mx=6 cmiss=24 def=0 skip=True (62.9s)
Z12 turan_n162         seats    seed 5: 6.0 mx=6 cmiss=62 def=0 skip=True (60.8s)
Z12 turan_n162         seats    seed 6: 6.0 mx=6 cmiss=24 def=0 skip=True (62.4s)
Z12 turan_n162         seats    seed 7: 6.0 mx=6 cmiss=62 def=0 skip=True (64.6s)
Z12 turan_n162         seats    seed 8: 6.0 mx=6 cmiss=57 def=0 skip=True (60.7s)
Z12 turan_n162         seats    seed 9: 6.0 mx=6 cmiss=24 def=0 skip=True (63.1s)
Z12 turan_n162         lex      seed 0: 6.228 mx=7 cmiss=42 def=0 skip=True (62.3s)
Z12 turan_n162         lex      seed 1: 6.0 mx=6 cmiss=23 def=0 skip=True (62.7s)
Z12 turan_n162         lex      seed 2: 6.228 mx=7 cmiss=38 def=0 skip=True (61.4s)
Z12 turan_n162         lex      seed 3: 17.889 mx=40 cmiss=40 def=24 skip=False (62.3s)
Z12 turan_n162         lex      seed 4: 6.228 mx=7 cmiss=40 def=0 skip=True (70.5s)
Z12 turan_n162         lex      seed 5: 6.0 mx=6 cmiss=23 def=0 skip=True (66.7s)
Z12 turan_n162         lex      seed 6: 6.228 mx=7 cmiss=40 def=0 skip=True (61.2s)
Z12 turan_n162         lex      seed 7: 6.228 mx=7 cmiss=35 def=0 skip=True (60.5s)
Z12 turan_n162         lex      seed 8: 6.0 mx=6 cmiss=21 def=0 skip=True (78.9s)
Z12 turan_n162         lex      seed 9: 6.235 mx=7 cmiss=40 def=0 skip=True (60.7s)
Z12 spin_glass_n163    default  seed 0: 10.896 mx=13 cmiss=0 def=0 skip=True (60.1s)
Z12 spin_glass_n163    default  seed 1: 10.896 mx=13 cmiss=0 def=0 skip=True (60.5s)
Z12 spin_glass_n163    default  seed 2: 10.896 mx=13 cmiss=0 def=0 skip=True (63.9s)
Z12 spin_glass_n163    seats    seed 0: 11.098 mx=13 cmiss=0 def=0 skip=True (67.2s)
Z12 spin_glass_n163    seats    seed 1: 11.098 mx=13 cmiss=0 def=0 skip=True (64.8s)
Z12 spin_glass_n163    seats    seed 2: 11.012 mx=13 cmiss=1 def=0 skip=True (72.1s)
Z12 spin_glass_n163    lex      seed 0: 11.104 mx=13 cmiss=1 def=0 skip=True (65.7s)
Z12 spin_glass_n163    lex      seed 1: 11.104 mx=13 cmiss=1 def=0 skip=True (63.8s)
Z12 spin_glass_n163    lex      seed 2: 11.104 mx=13 cmiss=1 def=0 skip=True (62.3s)
Z12 regular_n316       default  seed 0: 2.725 mx=6 cmiss=16 def=13 skip=False (60.1s)
Z12 regular_n316       default  seed 1: 2.883 mx=7 cmiss=12 def=11 skip=False (60.4s)
Z12 regular_n316       default  seed 2: 2.867 mx=7 cmiss=16 def=13 skip=False (60.3s)
Z12 regular_n316       seats    seed 0: 2.737 mx=6 cmiss=21 def=15 skip=False (60.2s)
Z12 regular_n316       seats    seed 1: 2.636 mx=6 cmiss=21 def=15 skip=False (60.1s)
Z12 regular_n316       seats    seed 2: 2.845 mx=7 cmiss=21 def=15 skip=False (60.2s)
Z12 regular_n316       lex      seed 0: 2.873 mx=7 cmiss=27 def=22 skip=False (60.0s)
Z12 regular_n316       lex      seed 1: 2.658 mx=6 cmiss=12 def=9 skip=False (60.0s)
Z12 regular_n316       lex      seed 2: 2.959 mx=8 cmiss=13 def=8 skip=False (60.0s)
Z12 ws_n486            default  seed 0: 2.654 mx=8 cmiss=28 def=22 skip=False (60.1s)
Z12 ws_n486            default  seed 1: 2.564 mx=8 cmiss=28 def=22 skip=False (60.1s)
Z12 ws_n486            default  seed 2: 2.572 mx=8 cmiss=28 def=22 skip=False (60.3s)
Z12 ws_n486            default  seed 3: 2.963 mx=10 cmiss=28 def=22 skip=False (60.5s)
Z12 ws_n486            default  seed 4: 2.735 mx=9 cmiss=28 def=22 skip=False (60.3s)
Z12 ws_n486            default  seed 5: 2.632 mx=8 cmiss=28 def=22 skip=False (60.4s)
Z12 ws_n486            default  seed 6: 2.403 mx=7 cmiss=28 def=22 skip=False (60.0s)
Z12 ws_n486            default  seed 7: 2.558 mx=8 cmiss=28 def=22 skip=False (60.0s)
Z12 ws_n486            default  seed 8: 2.652 mx=8 cmiss=28 def=22 skip=False (60.3s)
Z12 ws_n486            default  seed 9: 2.521 mx=8 cmiss=23 def=18 skip=False (60.2s)
Z12 ws_n486            seats    seed 0: 2.578 mx=9 cmiss=26 def=20 skip=False (60.1s)
Z12 ws_n486            seats    seed 1: 2.749 mx=9 cmiss=23 def=17 skip=False (60.1s)
Z12 ws_n486            seats    seed 2: 2.529 mx=9 cmiss=23 def=17 skip=False (60.7s)
Z12 ws_n486            seats    seed 3: 2.675 mx=9 cmiss=25 def=21 skip=False (60.2s)
Z12 ws_n486            seats    seed 4: 2.597 mx=8 cmiss=26 def=14 skip=False (60.0s)
Z12 ws_n486            seats    seed 5: 2.817 mx=9 cmiss=32 def=29 skip=False (60.0s)
Z12 ws_n486            seats    seed 6: 2.87 mx=10 cmiss=24 def=16 skip=False (60.0s)
Z12 ws_n486            seats    seed 7: 2.745 mx=9 cmiss=31 def=21 skip=False (60.0s)
Z12 ws_n486            seats    seed 8: 2.813 mx=9 cmiss=26 def=16 skip=False (60.1s)
Z12 ws_n486            seats    seed 9: 2.628 mx=9 cmiss=26 def=23 skip=False (60.1s)
Z12 ws_n486            lex      seed 0: 2.57 mx=8 cmiss=32 def=21 skip=False (60.0s)
Z12 ws_n486            lex      seed 1: 2.77 mx=9 cmiss=27 def=13 skip=False (60.0s)
Z12 ws_n486            lex      seed 2: 2.57 mx=8 cmiss=25 def=11 skip=False (60.0s)
Z12 ws_n486            lex      seed 3: 2.819 mx=9 cmiss=27 def=13 skip=False (60.0s)
Z12 ws_n486            lex      seed 4: 2.626 mx=8 cmiss=24 def=23 skip=False (60.0s)
Z12 ws_n486            lex      seed 5: 2.626 mx=8 cmiss=27 def=13 skip=False (60.0s)
Z12 ws_n486            lex      seed 6: 2.502 mx=8 cmiss=27 def=13 skip=False (60.0s)
Z12 ws_n486            lex      seed 7: 2.683 mx=9 cmiss=31 def=21 skip=False (60.0s)
Z12 ws_n486            lex      seed 8: 2.506 mx=8 cmiss=29 def=20 skip=False (60.0s)
Z12 ws_n486            lex      seed 9: 2.558 mx=10 cmiss=23 def=17 skip=False (60.1s)
Z12 grid_200           default  seed 0: 1.055 mx=2 cmiss=24 def=12 skip=False (49.9s)
Z12 grid_200           default  seed 1: 1.02 mx=2 cmiss=24 def=12 skip=False (56.5s)
Z12 grid_200           default  seed 2: 1.02 mx=2 cmiss=24 def=12 skip=False (50.3s)
Z12 grid_200           seats    seed 0: 1.12 mx=2 cmiss=27 def=5 skip=False (60.1s)
Z12 grid_200           seats    seed 1: 1.09 mx=2 cmiss=27 def=5 skip=False (60.1s)
Z12 grid_200           seats    seed 2: 1.12 mx=2 cmiss=27 def=5 skip=False (60.0s)
Z12 grid_200           lex      seed 0: 1.165 mx=2 cmiss=14 def=5 skip=False (60.0s)
Z12 grid_200           lex      seed 1: 1.215 mx=3 cmiss=14 def=5 skip=False (60.1s)
Z12 grid_200           lex      seed 2: 1.18 mx=2 cmiss=14 def=5 skip=False (60.0s)
Z12 honeycomb_200      default  seed 0: 1.06 mx=2 cmiss=35 def=21 skip=False (60.1s)
Z12 honeycomb_200      default  seed 1: 1.04 mx=2 cmiss=35 def=21 skip=False (60.0s)
Z12 honeycomb_200      default  seed 2: 1.08 mx=2 cmiss=35 def=21 skip=False (60.1s)
Z12 honeycomb_200      seats    seed 0: 1.09 mx=2 cmiss=30 def=10 skip=False (55.6s)
Z12 honeycomb_200      seats    seed 1: 1.115 mx=2 cmiss=30 def=10 skip=False (60.0s)
Z12 honeycomb_200      seats    seed 2: 1.115 mx=2 cmiss=30 def=10 skip=False (60.0s)
Z12 honeycomb_200      lex      seed 0: 1.135 mx=2 cmiss=13 def=7 skip=False (60.0s)
Z12 honeycomb_200      lex      seed 1: 1.095 mx=2 cmiss=13 def=7 skip=False (60.0s)
Z12 honeycomb_200      lex      seed 2: 1.155 mx=2 cmiss=13 def=7 skip=False (60.0s)
Z12 king_graph_196     default  seed 0: 1.444 mx=2 cmiss=17 def=8 skip=False (60.1s)
Z12 king_graph_196     default  seed 1: 1.597 mx=3 cmiss=17 def=8 skip=False (60.1s)
Z12 king_graph_196     default  seed 2: 1.633 mx=3 cmiss=17 def=8 skip=False (60.3s)
Z12 king_graph_196     seats    seed 0: 1.454 mx=2 cmiss=3 def=0 skip=True (60.0s)
Z12 king_graph_196     seats    seed 1: 1.5 mx=3 cmiss=3 def=0 skip=True (60.0s)
Z12 king_graph_196     seats    seed 2: 1.51 mx=3 cmiss=3 def=0 skip=True (60.1s)
Z12 king_graph_196     lex      seed 0: 1.628 mx=3 cmiss=9 def=3 skip=False (60.0s)
Z12 king_graph_196     lex      seed 1: 1.474 mx=2 cmiss=9 def=3 skip=False (60.0s)
Z12 king_graph_196     lex      seed 2: 1.536 mx=3 cmiss=9 def=3 skip=False (60.1s)
P16 K100               default  seed 0: 11.63 mx=16 cmiss=None def=None skip=None (64.0s)
P16 K100               default  seed 1: 12.14 mx=16 cmiss=None def=None skip=None (60.7s)
P16 K100               default  seed 2: 11.7 mx=17 cmiss=None def=None skip=None (51.7s)
P16 K100               seats    seed 0: 11.66 mx=18 cmiss=None def=None skip=None (63.8s)
P16 K100               seats    seed 1: 11.43 mx=17 cmiss=None def=None skip=None (61.9s)
P16 K100               seats    seed 2: 12.16 mx=16 cmiss=None def=None skip=None (61.7s)
P16 K100               lex      seed 0: 11.6 mx=16 cmiss=None def=None skip=None (62.5s)
P16 K100               lex      seed 1: 11.57 mx=16 cmiss=None def=None skip=None (61.5s)
P16 K100               lex      seed 2: 11.69 mx=18 cmiss=None def=None skip=None (63.3s)
P16 turan_n162         default  seed 0: 7.815 mx=8 cmiss=None def=None skip=None (61.8s)
P16 turan_n162         default  seed 1: 7.654 mx=8 cmiss=None def=None skip=None (60.6s)
P16 turan_n162         default  seed 2: 7.815 mx=8 cmiss=None def=None skip=None (63.6s)
P16 turan_n162         seats    seed 0: 22.685 mx=57 cmiss=None def=None skip=None (61.7s)
P16 turan_n162         seats    seed 1: None mx=None cmiss=None def=None skip=None (66.7s)
P16 turan_n162         seats    seed 2: 26.506 mx=57 cmiss=None def=None skip=None (61.5s)
P16 turan_n162         lex      seed 0: 14.204 mx=31 cmiss=None def=None skip=None (64.3s)
P16 turan_n162         lex      seed 1: 21.759 mx=57 cmiss=None def=None skip=None (61.2s)
P16 turan_n162         lex      seed 2: 21.278 mx=50 cmiss=None def=None skip=None (62.7s)
P16 ws_n486            default  seed 0: 3.119 mx=11 cmiss=None def=None skip=None (60.0s)
P16 ws_n486            default  seed 1: 3.171 mx=10 cmiss=None def=None skip=None (60.0s)
P16 ws_n486            default  seed 2: 3.165 mx=12 cmiss=None def=None skip=None (60.0s)
P16 ws_n486            seats    seed 0: 3.193 mx=12 cmiss=None def=None skip=None (60.0s)
P16 ws_n486            seats    seed 1: 2.971 mx=11 cmiss=None def=None skip=None (60.0s)
P16 ws_n486            seats    seed 2: 3.311 mx=11 cmiss=None def=None skip=None (60.0s)
P16 ws_n486            lex      seed 0: 3.352 mx=13 cmiss=None def=None skip=None (60.0s)
P16 ws_n486            lex      seed 1: 3.218 mx=12 cmiss=None def=None skip=None (60.1s)
P16 ws_n486            lex      seed 2: 3.296 mx=13 cmiss=None def=None skip=None (60.0s)

summary (mean ACL; d = arm - default, negative = wins):
Z12 K100               default=7.52(3) mx=8.0 | seats=7.35(3) mx=8.0 cmiss=0.0 d=-0.170 | lex=7.35(3) mx=8.0 cmiss=0.0 d=-0.170
Z12 K140               default=9.85(3) mx=11.0 | seats=9.957(3) mx=11.0 cmiss=0.0 d=+0.107 | lex=9.957(3) mx=11.0 cmiss=0.0 d=+0.107
Z12 ER100_d10          default=4.863(3) mx=8.0 | seats=4.88(3) mx=8.333 cmiss=3.0 d=+0.017 | lex=4.667(3) mx=8.667 cmiss=4.0 d=-0.196
Z12 turan_n162         default=6.0(10) mx=6.0 | seats=6.0(10) mx=6.0 cmiss=38.9 d=+0.000 | lex=7.326(10) mx=10.0 cmiss=34.2 d=+1.326
Z12 spin_glass_n163    default=10.896(3) mx=13.0 | seats=11.069(3) mx=13.0 cmiss=0.333 d=+0.173 | lex=11.104(3) mx=13.0 cmiss=1.0 d=+0.208
Z12 regular_n316       default=2.825(3) mx=6.667 | seats=2.739(3) mx=6.333 cmiss=21.0 d=-0.086 | lex=2.83(3) mx=7.0 cmiss=17.333 d=+0.005
Z12 ws_n486            default=2.625(10) mx=8.2 | seats=2.7(10) mx=9.0 cmiss=26.2 d=+0.075 | lex=2.623(10) mx=8.5 cmiss=27.2 d=-0.002
Z12 grid_200           default=1.032(3) mx=2.0 | seats=1.11(3) mx=2.0 cmiss=27.0 d=+0.078 | lex=1.187(3) mx=2.333 cmiss=14.0 d=+0.155
Z12 honeycomb_200      default=1.06(3) mx=2.0 | seats=1.107(3) mx=2.0 cmiss=30.0 d=+0.047 | lex=1.128(3) mx=2.0 cmiss=13.0 d=+0.068
Z12 king_graph_196     default=1.558(3) mx=2.667 | seats=1.488(3) mx=2.667 cmiss=3.0 d=-0.070 | lex=1.546(3) mx=2.667 cmiss=9.0 d=-0.012
P16 K100               default=11.823(3) mx=16.333 | seats=11.75(3) mx=17.0 cmiss=None d=-0.073 | lex=11.62(3) mx=16.667 cmiss=None d=-0.203
P16 turan_n162         default=7.761(3) mx=8.0 | seats=24.596(2) mx=57.0 cmiss=None d=+16.835 | lex=19.08(3) mx=46.0 cmiss=None d=+11.319
P16 ws_n486            default=3.152(3) mx=11.0 | seats=3.158(3) mx=11.333 cmiss=None d=+0.006 | lex=3.289(3) mx=12.667 cmiss=None d=+0.137

BAR ws_n486/Z12: acl {'default': 2.625, 'seats': 2.7, 'lex': 2.623} mx {'default': 8.2, 'seats': 9.0, 'lex': 8.5}
BAR board: FAIL [('Z12', 'turan_n162', 'lex', 1.326), ('Z12', 'grid_200', 'seats', 'wall 52.233->60.067'), ('Z12', 'grid_200', 'lex', 'wall 52.233->60.033'), ('P16', 'turan_n162', 'seats', 16.835), ('P16', 'turan_n162', 'lex', 11.319)]
load at end: (72.25341796875, 91.42919921875, 80.58251953125)
done-probe
