10 cells, 111 jobs; load (45.5791015625, 44.17138671875, 45.0146484375)
/data/max/ember/docs/paper2/data/offsets_probe.py:57: DeprecationWarning: dwave-networkx is deprecated and will be replaced by dwave-graphs in Ocean 10. Most functionality previously provided by dwave-networkx is now available as part of dwave-graphs under the 'dwave.graphs' namespace.
  import dwave_networkx as dnx
/data/max/ember/docs/paper2/data/offsets_probe.py:57: DeprecationWarning: dwave-networkx is deprecated and will be replaced by dwave-graphs in Ocean 10. Most functionality previously provided by dwave-networkx is now available as part of dwave-graphs under the 'dwave.graphs' namespace.
  import dwave_networkx as dnx
/data/max/ember/docs/paper2/data/offsets_probe.py:57: DeprecationWarning: dwave-networkx is deprecated and will be replaced by dwave-graphs in Ocean 10. Most functionality previously provided by dwave-networkx is now available as part of dwave-graphs under the 'dwave.graphs' namespace.
  import dwave_networkx as dnx
/data/max/ember/docs/paper2/data/offsets_probe.py:57: DeprecationWarning: dwave-networkx is deprecated and will be replaced by dwave-graphs in Ocean 10. Most functionality previously provided by dwave-networkx is now available as part of dwave-graphs under the 'dwave.graphs' namespace.
  import dwave_networkx as dnx
/data/max/ember/docs/paper2/data/offsets_probe.py:57: DeprecationWarning: dwave-networkx is deprecated and will be replaced by dwave-graphs in Ocean 10. Most functionality previously provided by dwave-networkx is now available as part of dwave-graphs under the 'dwave.graphs' namespace.
  import dwave_networkx as dnx
/data/max/ember/docs/paper2/data/offsets_probe.py:57: DeprecationWarning: dwave-networkx is deprecated and will be replaced by dwave-graphs in Ocean 10. Most functionality previously provided by dwave-networkx is now available as part of dwave-graphs under the 'dwave.graphs' namespace.
  import dwave_networkx as dnx
/data/max/ember/docs/paper2/data/offsets_probe.py:57: DeprecationWarning: dwave-networkx is deprecated and will be replaced by dwave-graphs in Ocean 10. Most functionality previously provided by dwave-networkx is now available as part of dwave-graphs under the 'dwave.graphs' namespace.
  import dwave_networkx as dnx
/data/max/ember/docs/paper2/data/offsets_probe.py:57: DeprecationWarning: dwave-networkx is deprecated and will be replaced by dwave-graphs in Ocean 10. Most functionality previously provided by dwave-networkx is now available as part of dwave-graphs under the 'dwave.graphs' namespace.
  import dwave_networkx as dnx
/data/max/ember/docs/paper2/data/offsets_probe.py:57: DeprecationWarning: dwave-networkx is deprecated and will be replaced by dwave-graphs in Ocean 10. Most functionality previously provided by dwave-networkx is now available as part of dwave-graphs under the 'dwave.graphs' namespace.
  import dwave_networkx as dnx
/data/max/ember/docs/paper2/data/offsets_probe.py:57: DeprecationWarning: dwave-networkx is deprecated and will be replaced by dwave-graphs in Ocean 10. Most functionality previously provided by dwave-networkx is now available as part of dwave-graphs under the 'dwave.graphs' namespace.
  import dwave_networkx as dnx
/data/max/ember/docs/paper2/data/offsets_probe.py:57: DeprecationWarning: dwave-networkx is deprecated and will be replaced by dwave-graphs in Ocean 10. Most functionality previously provided by dwave-networkx is now available as part of dwave-graphs under the 'dwave.graphs' namespace.
  import dwave_networkx as dnx
/data/max/ember/docs/paper2/data/offsets_probe.py:57: DeprecationWarning: dwave-networkx is deprecated and will be replaced by dwave-graphs in Ocean 10. Most functionality previously provided by dwave-networkx is now available as part of dwave-graphs under the 'dwave.graphs' namespace.
  import dwave_networkx as dnx
/data/max/ember/docs/paper2/data/offsets_probe.py:57: DeprecationWarning: dwave-networkx is deprecated and will be replaced by dwave-graphs in Ocean 10. Most functionality previously provided by dwave-networkx is now available as part of dwave-graphs under the 'dwave.graphs' namespace.
  import dwave_networkx as dnx
/data/max/ember/docs/paper2/data/offsets_probe.py:57: DeprecationWarning: dwave-networkx is deprecated and will be replaced by dwave-graphs in Ocean 10. Most functionality previously provided by dwave-networkx is now available as part of dwave-graphs under the 'dwave.graphs' namespace.
  import dwave_networkx as dnx
/data/max/ember/docs/paper2/data/offsets_probe.py:57: DeprecationWarning: dwave-networkx is deprecated and will be replaced by dwave-graphs in Ocean 10. Most functionality previously provided by dwave-networkx is now available as part of dwave-graphs under the 'dwave.graphs' namespace.
  import dwave_networkx as dnx
/data/max/ember/docs/paper2/data/offsets_probe.py:57: DeprecationWarning: dwave-networkx is deprecated and will be replaced by dwave-graphs in Ocean 10. Most functionality previously provided by dwave-networkx is now available as part of dwave-graphs under the 'dwave.graphs' namespace.
  import dwave_networkx as dnx
/data/max/ember/docs/paper2/data/offsets_probe.py:57: DeprecationWarning: dwave-networkx is deprecated and will be replaced by dwave-graphs in Ocean 10. Most functionality previously provided by dwave-networkx is now available as part of dwave-graphs under the 'dwave.graphs' namespace.
  import dwave_networkx as dnx
/data/max/ember/docs/paper2/data/offsets_probe.py:57: DeprecationWarning: dwave-networkx is deprecated and will be replaced by dwave-graphs in Ocean 10. Most functionality previously provided by dwave-networkx is now available as part of dwave-graphs under the 'dwave.graphs' namespace.
  import dwave_networkx as dnx
/data/max/ember/docs/paper2/data/offsets_probe.py:57: DeprecationWarning: dwave-networkx is deprecated and will be replaced by dwave-graphs in Ocean 10. Most functionality previously provided by dwave-networkx is now available as part of dwave-graphs under the 'dwave.graphs' namespace.
  import dwave_networkx as dnx
/data/max/ember/docs/paper2/data/offsets_probe.py:57: DeprecationWarning: dwave-networkx is deprecated and will be replaced by dwave-graphs in Ocean 10. Most functionality previously provided by dwave-networkx is now available as part of dwave-graphs under the 'dwave.graphs' namespace.
  import dwave_networkx as dnx
/data/max/ember/docs/paper2/data/offsets_probe.py:57: DeprecationWarning: dwave-networkx is deprecated and will be replaced by dwave-graphs in Ocean 10. Most functionality previously provided by dwave-networkx is now available as part of dwave-graphs under the 'dwave.graphs' namespace.
  import dwave_networkx as dnx
/data/max/ember/docs/paper2/data/offsets_probe.py:57: DeprecationWarning: dwave-networkx is deprecated and will be replaced by dwave-graphs in Ocean 10. Most functionality previously provided by dwave-networkx is now available as part of dwave-graphs under the 'dwave.graphs' namespace.
  import dwave_networkx as dnx
/data/max/ember/docs/paper2/data/offsets_probe.py:57: DeprecationWarning: dwave-networkx is deprecated and will be replaced by dwave-graphs in Ocean 10. Most functionality previously provided by dwave-networkx is now available as part of dwave-graphs under the 'dwave.graphs' namespace.
  import dwave_networkx as dnx
/data/max/ember/docs/paper2/data/offsets_probe.py:57: DeprecationWarning: dwave-networkx is deprecated and will be replaced by dwave-graphs in Ocean 10. Most functionality previously provided by dwave-networkx is now available as part of dwave-graphs under the 'dwave.graphs' namespace.
  import dwave_networkx as dnx
Z12 K100               spiral   seed 0: 7.84 mx=9 E=1181.0 skip=True (28.6s)
Z12 K100               spiral   seed 1: 7.84 mx=9 E=1181.0 skip=True (32.3s)
Z12 K100               spiral   seed 2: 7.84 mx=9 E=1181.0 skip=True (29.6s)
Z12 K100               random   seed 0: 7.76 mx=9 E=1171.0 skip=True (46.4s)
Z12 K100               random   seed 1: 7.74 mx=9 E=1173.0 skip=True (35.7s)
Z12 K100               random   seed 2: 7.74 mx=9 E=1172.0 skip=True (32.6s)
Z12 K100               grid     seed 0: 7.72 mx=8 E=1152.0 skip=True (42.0s)
Z12 K100               grid     seed 1: 7.72 mx=8 E=1152.0 skip=True (45.7s)
Z12 K100               grid     seed 2: 7.72 mx=8 E=1152.0 skip=True (39.6s)
Z12 K140               spiral   seed 0: 10.229 mx=11 E=2345.0 skip=True (65.9s)
Z12 K140               spiral   seed 1: 10.229 mx=11 E=2345.0 skip=True (63.8s)
Z12 K140               spiral   seed 2: 10.229 mx=11 E=2345.0 skip=True (61.8s)
Z12 K140               random   seed 0: 10.329 mx=11 E=2356.0 skip=True (68.8s)
Z12 K140               random   seed 1: 10.264 mx=11 E=2347.0 skip=True (64.0s)
Z12 K140               random   seed 2: 10.271 mx=12 E=2327.0 skip=True (60.3s)
Z12 K140               grid     seed 0: 10.229 mx=11 E=2319.0 skip=True (60.1s)
Z12 K140               grid     seed 1: 10.229 mx=11 E=2319.0 skip=True (70.6s)
Z12 K140               grid     seed 2: 10.229 mx=11 E=2319.0 skip=True (61.2s)
Z12 ER100_d10          spiral   seed 0: 4.66 mx=8 E=845.0 skip=False (5.2s)
Z12 ER100_d10          spiral   seed 1: 5.06 mx=9 E=845.0 skip=False (3.7s)
Z12 ER100_d10          spiral   seed 2: 4.75 mx=8 E=845.0 skip=False (5.6s)
Z12 ER100_d10          random   seed 0: 4.63 mx=8 E=850.0 skip=False (6.4s)
Z12 ER100_d10          random   seed 1: 4.57 mx=8 E=859.0 skip=False (5.0s)
Z12 ER100_d10          random   seed 2: 4.75 mx=8 E=838.0 skip=False (4.6s)
Z12 ER100_d10          grid     seed 0: 4.66 mx=8 E=828.0 skip=False (4.4s)
Z12 ER100_d10          grid     seed 1: 4.76 mx=8 E=828.0 skip=False (3.7s)
Z12 ER100_d10          grid     seed 2: 6.01 mx=9 E=828.0 skip=False (2.7s)
Z12 turan_n162         spiral   seed 0: 6.0 mx=6 E=1736.0 skip=True (35.9s)
Z12 turan_n162         spiral   seed 1: 6.0 mx=6 E=2126.0 skip=True (45.2s)
Z12 turan_n162         spiral   seed 2: 6.0 mx=6 E=1736.0 skip=True (39.5s)
Z12 turan_n162         spiral   seed 3: 6.0 mx=6 E=1736.0 skip=True (43.8s)
Z12 turan_n162         spiral   seed 4: 6.0 mx=6 E=1736.0 skip=True (35.5s)
Z12 turan_n162         spiral   seed 5: 6.0 mx=6 E=2126.0 skip=True (45.4s)
Z12 turan_n162         spiral   seed 6: 6.0 mx=6 E=1736.0 skip=True (41.4s)
Z12 turan_n162         spiral   seed 7: 6.0 mx=6 E=2126.0 skip=True (41.2s)
Z12 turan_n162         spiral   seed 8: 6.228 mx=7 E=2126.0 skip=True (46.5s)
Z12 turan_n162         spiral   seed 9: 6.0 mx=6 E=1736.0 skip=True (37.7s)
Z12 turan_n162         random   seed 0: 6.0 mx=6 E=2288.0 skip=True (46.2s)
Z12 turan_n162         random   seed 1: 6.0 mx=6 E=1726.0 skip=True (33.8s)
Z12 turan_n162         random   seed 2: 9.204 mx=13 E=2349.0 skip=False (60.3s)
Z12 turan_n162         random   seed 3: 6.0 mx=6 E=1720.0 skip=True (38.9s)
Z12 turan_n162         random   seed 4: 6.0 mx=6 E=1731.0 skip=True (36.5s)
Z12 turan_n162         random   seed 5: 6.0 mx=6 E=1669.0 skip=True (46.2s)
Z12 turan_n162         random   seed 6: 6.0 mx=6 E=1735.0 skip=True (43.8s)
Z12 turan_n162         random   seed 7: 6.0 mx=6 E=1728.0 skip=True (36.0s)
Z12 turan_n162         random   seed 8: 6.0 mx=6 E=1727.0 skip=True (35.0s)
Z12 turan_n162         random   seed 9: 6.235 mx=7 E=1710.0 skip=False (33.2s)
Z12 turan_n162         grid     seed 0: 6.0 mx=6 E=1679.0 skip=True (31.0s)
Z12 turan_n162         grid     seed 1: 6.228 mx=7 E=1797.0 skip=True (60.6s)
Z12 turan_n162         grid     seed 2: 6.0 mx=6 E=1679.0 skip=True (35.0s)
Z12 turan_n162         grid     seed 3: 6.0 mx=6 E=1679.0 skip=True (36.6s)
Z12 turan_n162         grid     seed 4: 6.0 mx=6 E=1679.0 skip=True (34.4s)
Z12 turan_n162         grid     seed 5: 6.228 mx=7 E=1797.0 skip=True (38.5s)
Z12 turan_n162         grid     seed 6: 6.0 mx=6 E=1679.0 skip=True (38.1s)
Z12 turan_n162         grid     seed 7: 6.228 mx=7 E=1797.0 skip=True (45.4s)
Z12 turan_n162         grid     seed 8: 6.228 mx=7 E=1797.0 skip=True (40.0s)
Z12 turan_n162         grid     seed 9: 6.0 mx=6 E=1679.0 skip=True (41.6s)
Z12 spin_glass_n163    spiral   seed 0: 11.417 mx=13 E=3136.0 skip=True (41.5s)
Z12 spin_glass_n163    spiral   seed 1: 11.417 mx=13 E=3136.0 skip=True (40.6s)
Z12 spin_glass_n163    spiral   seed 2: 11.417 mx=13 E=3136.0 skip=True (37.9s)
Z12 spin_glass_n163    random   seed 0: 11.288 mx=13 E=3060.0 skip=True (40.0s)
Z12 spin_glass_n163    random   seed 1: 11.282 mx=14 E=3074.0 skip=True (37.8s)
Z12 spin_glass_n163    random   seed 2: 11.27 mx=13 E=3085.0 skip=True (36.7s)
Z12 spin_glass_n163    grid     seed 0: 11.227 mx=13 E=3065.0 skip=True (43.8s)
Z12 spin_glass_n163    grid     seed 1: 11.233 mx=13 E=3065.0 skip=True (38.8s)
Z12 spin_glass_n163    grid     seed 2: 11.221 mx=13 E=3065.0 skip=True (40.3s)
Z12 regular_n316       spiral   seed 0: 2.927 mx=8 E=2061.0 skip=False (15.3s)
Z12 regular_n316       spiral   seed 1: 2.769 mx=6 E=2061.0 skip=False (14.6s)
Z12 regular_n316       spiral   seed 2: 2.864 mx=7 E=2061.0 skip=False (14.0s)
Z12 regular_n316       random   seed 0: 2.94 mx=7 E=2064.0 skip=False (12.5s)
Z12 regular_n316       random   seed 1: 2.592 mx=6 E=2136.0 skip=False (15.6s)
Z12 regular_n316       random   seed 2: 3.079 mx=7 E=2063.0 skip=False (18.2s)
Z12 regular_n316       grid     seed 0: 2.75 mx=6 E=2045.0 skip=False (16.4s)
Z12 regular_n316       grid     seed 1: 2.753 mx=7 E=2045.0 skip=False (17.1s)
Z12 regular_n316       grid     seed 2: 2.655 mx=6 E=2045.0 skip=False (17.3s)
Z12 ws_n486            spiral   seed 0: 3.342 mx=11 E=8997.0 skip=False (32.0s)
Z12 ws_n486            spiral   seed 1: 3.381 mx=12 E=8997.0 skip=False (32.1s)
Z12 ws_n486            spiral   seed 2: 2.893 mx=10 E=8997.0 skip=False (32.6s)
Z12 ws_n486            random   seed 0: 3.019 mx=10 E=4272.0 skip=False (32.0s)
Z12 ws_n486            random   seed 1: 2.889 mx=10 E=14124.0 skip=False (32.2s)
Z12 ws_n486            random   seed 2: 2.823 mx=10 E=6799.0 skip=False (33.4s)
Z12 ws_n486            grid     seed 0: 2.912 mx=11 E=4248.0 skip=False (32.5s)
Z12 ws_n486            grid     seed 1: 2.99 mx=9 E=4248.0 skip=False (32.0s)
Z12 ws_n486            grid     seed 2: 2.916 mx=10 E=4248.0 skip=False (32.3s)
Z12 grid_200           spiral   seed 0: 1.09 mx=2 E=307.0 skip=False (6.9s)
Z12 grid_200           spiral   seed 1: 1.145 mx=2 E=307.0 skip=False (6.7s)
Z12 grid_200           spiral   seed 2: 1.13 mx=2 E=307.0 skip=False (7.4s)
Z12 grid_200           random   seed 0: 1.12 mx=2 E=287.0 skip=False (9.1s)
Z12 grid_200           random   seed 1: 1.155 mx=2 E=275.0 skip=False (5.4s)
Z12 grid_200           random   seed 2: 1.1 mx=2 E=242.0 skip=False (4.7s)
Z12 grid_200           grid     seed 0: 1.13 mx=2 E=291.0 skip=False (9.0s)
Z12 grid_200           grid     seed 1: 1.135 mx=2 E=291.0 skip=False (9.5s)
Z12 grid_200           grid     seed 2: 1.105 mx=2 E=291.0 skip=False (8.8s)
Z12 honeycomb_200      spiral   seed 0: 1.085 mx=2 E=283.0 skip=False (5.8s)
Z12 honeycomb_200      spiral   seed 1: 1.09 mx=2 E=283.0 skip=False (6.4s)
Z12 honeycomb_200      spiral   seed 2: 1.095 mx=2 E=283.0 skip=False (6.2s)
Z12 honeycomb_200      random   seed 0: 1.085 mx=2 E=283.0 skip=False (6.7s)
Z12 honeycomb_200      random   seed 1: 1.09 mx=2 E=283.0 skip=False (6.0s)
Z12 honeycomb_200      random   seed 2: 1.095 mx=2 E=283.0 skip=False (6.1s)
Z12 honeycomb_200      grid     seed 0: 1.085 mx=2 E=283.0 skip=False (5.2s)
Z12 honeycomb_200      grid     seed 1: 1.09 mx=2 E=283.0 skip=False (4.7s)
Z12 honeycomb_200      grid     seed 2: 1.095 mx=2 E=283.0 skip=False (4.6s)
Z12 king_graph_196     spiral   seed 0: 1.561 mx=3 E=411.0 skip=False (7.8s)
Z12 king_graph_196     spiral   seed 1: 1.531 mx=3 E=411.0 skip=False (7.5s)
Z12 king_graph_196     spiral   seed 2: 1.495 mx=2 E=411.0 skip=False (7.9s)
Z12 king_graph_196     random   seed 0: 1.459 mx=3 E=424.0 skip=False (10.3s)
Z12 king_graph_196     random   seed 1: 1.633 mx=3 E=524.0 skip=False (7.8s)
Z12 king_graph_196     random   seed 2: 1.571 mx=3 E=455.0 skip=False (9.1s)
Z12 king_graph_196     grid     seed 0: 1.546 mx=3 E=369.0 skip=False (7.3s)
Z12 king_graph_196     grid     seed 1: 1.51 mx=3 E=369.0 skip=False (7.3s)
Z12 king_graph_196     grid     seed 2: 1.464 mx=2 E=369.0 skip=False (7.5s)

summary (mean ACL; d = random - spiral, negative = wins):
Z12 K100               spiral=7.84(3) random=7.747(3) grid=7.72(3) mx 9.0->9.0 t 30.167->38.233s d=-0.093
Z12 K140               spiral=10.229(3) random=10.288(3) grid=10.229(3) mx 11.0->11.333 t 63.833->64.367s d=+0.059
Z12 ER100_d10          spiral=4.823(3) random=4.65(3) grid=5.143(3) mx 8.333->8.0 t 4.833->5.333s d=-0.173
Z12 turan_n162         spiral=6.023(10) random=6.344(10) grid=6.091(10) mx 6.1->6.8 t 41.21->40.99s d=+0.321
Z12 spin_glass_n163    spiral=11.417(3) random=11.28(3) grid=11.227(3) mx 13.0->13.333 t 40.0->38.167s d=-0.137
Z12 regular_n316       spiral=2.853(3) random=2.87(3) grid=2.719(3) mx 7.0->6.667 t 14.633->15.433s d=+0.017
Z12 ws_n486            spiral=3.205(3) random=2.91(3) grid=2.939(3) mx 11.0->10.0 t 32.233->32.533s d=-0.295
Z12 grid_200           spiral=1.122(3) random=1.125(3) grid=1.123(3) mx 2.0->2.0 t 7.0->6.4s d=+0.003
Z12 honeycomb_200      spiral=1.09(3) random=1.09(3) grid=1.09(3) mx 2.0->2.0 t 6.133->6.267s d=+0.000
Z12 king_graph_196     spiral=1.529(3) random=1.554(3) grid=1.507(3) mx 2.667->3.0 t 7.733->9.067s d=+0.025
load at end: (75.94580078125, 56.89404296875, 49.58349609375)
done-probe
