10 cells, 132 jobs; load (78.8896484375, 85.01953125, 86.53466796875)
/data/max/ember/docs/paper2/data/orders_probe.py:64: DeprecationWarning: dwave-networkx is deprecated and will be replaced by dwave-graphs in Ocean 10. Most functionality previously provided by dwave-networkx is now available as part of dwave-graphs under the 'dwave.graphs' namespace.
  import dwave_networkx as dnx
/data/max/ember/docs/paper2/data/orders_probe.py:64: DeprecationWarning: dwave-networkx is deprecated and will be replaced by dwave-graphs in Ocean 10. Most functionality previously provided by dwave-networkx is now available as part of dwave-graphs under the 'dwave.graphs' namespace.
  import dwave_networkx as dnx
/data/max/ember/docs/paper2/data/orders_probe.py:64: DeprecationWarning: dwave-networkx is deprecated and will be replaced by dwave-graphs in Ocean 10. Most functionality previously provided by dwave-networkx is now available as part of dwave-graphs under the 'dwave.graphs' namespace.
  import dwave_networkx as dnx
/data/max/ember/docs/paper2/data/orders_probe.py:64: DeprecationWarning: dwave-networkx is deprecated and will be replaced by dwave-graphs in Ocean 10. Most functionality previously provided by dwave-networkx is now available as part of dwave-graphs under the 'dwave.graphs' namespace.
  import dwave_networkx as dnx
/data/max/ember/docs/paper2/data/orders_probe.py:64: DeprecationWarning: dwave-networkx is deprecated and will be replaced by dwave-graphs in Ocean 10. Most functionality previously provided by dwave-networkx is now available as part of dwave-graphs under the 'dwave.graphs' namespace.
  import dwave_networkx as dnx
/data/max/ember/docs/paper2/data/orders_probe.py:64: DeprecationWarning: dwave-networkx is deprecated and will be replaced by dwave-graphs in Ocean 10. Most functionality previously provided by dwave-networkx is now available as part of dwave-graphs under the 'dwave.graphs' namespace.
  import dwave_networkx as dnx
/data/max/ember/docs/paper2/data/orders_probe.py:64: DeprecationWarning: dwave-networkx is deprecated and will be replaced by dwave-graphs in Ocean 10. Most functionality previously provided by dwave-networkx is now available as part of dwave-graphs under the 'dwave.graphs' namespace.
  import dwave_networkx as dnx
/data/max/ember/docs/paper2/data/orders_probe.py:64: DeprecationWarning: dwave-networkx is deprecated and will be replaced by dwave-graphs in Ocean 10. Most functionality previously provided by dwave-networkx is now available as part of dwave-graphs under the 'dwave.graphs' namespace.
  import dwave_networkx as dnx
/data/max/ember/docs/paper2/data/orders_probe.py:64: DeprecationWarning: dwave-networkx is deprecated and will be replaced by dwave-graphs in Ocean 10. Most functionality previously provided by dwave-networkx is now available as part of dwave-graphs under the 'dwave.graphs' namespace.
  import dwave_networkx as dnx
/data/max/ember/docs/paper2/data/orders_probe.py:64: DeprecationWarning: dwave-networkx is deprecated and will be replaced by dwave-graphs in Ocean 10. Most functionality previously provided by dwave-networkx is now available as part of dwave-graphs under the 'dwave.graphs' namespace.
  import dwave_networkx as dnx
/data/max/ember/docs/paper2/data/orders_probe.py:64: DeprecationWarning: dwave-networkx is deprecated and will be replaced by dwave-graphs in Ocean 10. Most functionality previously provided by dwave-networkx is now available as part of dwave-graphs under the 'dwave.graphs' namespace.
  import dwave_networkx as dnx
/data/max/ember/docs/paper2/data/orders_probe.py:64: DeprecationWarning: dwave-networkx is deprecated and will be replaced by dwave-graphs in Ocean 10. Most functionality previously provided by dwave-networkx is now available as part of dwave-graphs under the 'dwave.graphs' namespace.
  import dwave_networkx as dnx
/data/max/ember/docs/paper2/data/orders_probe.py:64: DeprecationWarning: dwave-networkx is deprecated and will be replaced by dwave-graphs in Ocean 10. Most functionality previously provided by dwave-networkx is now available as part of dwave-graphs under the 'dwave.graphs' namespace.
  import dwave_networkx as dnx
/data/max/ember/docs/paper2/data/orders_probe.py:64: DeprecationWarning: dwave-networkx is deprecated and will be replaced by dwave-graphs in Ocean 10. Most functionality previously provided by dwave-networkx is now available as part of dwave-graphs under the 'dwave.graphs' namespace.
  import dwave_networkx as dnx
/data/max/ember/docs/paper2/data/orders_probe.py:64: DeprecationWarning: dwave-networkx is deprecated and will be replaced by dwave-graphs in Ocean 10. Most functionality previously provided by dwave-networkx is now available as part of dwave-graphs under the 'dwave.graphs' namespace.
  import dwave_networkx as dnx
/data/max/ember/docs/paper2/data/orders_probe.py:64: DeprecationWarning: dwave-networkx is deprecated and will be replaced by dwave-graphs in Ocean 10. Most functionality previously provided by dwave-networkx is now available as part of dwave-graphs under the 'dwave.graphs' namespace.
  import dwave_networkx as dnx
/data/max/ember/docs/paper2/data/orders_probe.py:64: DeprecationWarning: dwave-networkx is deprecated and will be replaced by dwave-graphs in Ocean 10. Most functionality previously provided by dwave-networkx is now available as part of dwave-graphs under the 'dwave.graphs' namespace.
  import dwave_networkx as dnx
/data/max/ember/docs/paper2/data/orders_probe.py:64: DeprecationWarning: dwave-networkx is deprecated and will be replaced by dwave-graphs in Ocean 10. Most functionality previously provided by dwave-networkx is now available as part of dwave-graphs under the 'dwave.graphs' namespace.
  import dwave_networkx as dnx
/data/max/ember/docs/paper2/data/orders_probe.py:64: DeprecationWarning: dwave-networkx is deprecated and will be replaced by dwave-graphs in Ocean 10. Most functionality previously provided by dwave-networkx is now available as part of dwave-graphs under the 'dwave.graphs' namespace.
  import dwave_networkx as dnx
/data/max/ember/docs/paper2/data/orders_probe.py:64: DeprecationWarning: dwave-networkx is deprecated and will be replaced by dwave-graphs in Ocean 10. Most functionality previously provided by dwave-networkx is now available as part of dwave-graphs under the 'dwave.graphs' namespace.
  import dwave_networkx as dnx
/data/max/ember/docs/paper2/data/orders_probe.py:64: DeprecationWarning: dwave-networkx is deprecated and will be replaced by dwave-graphs in Ocean 10. Most functionality previously provided by dwave-networkx is now available as part of dwave-graphs under the 'dwave.graphs' namespace.
  import dwave_networkx as dnx
/data/max/ember/docs/paper2/data/orders_probe.py:64: DeprecationWarning: dwave-networkx is deprecated and will be replaced by dwave-graphs in Ocean 10. Most functionality previously provided by dwave-networkx is now available as part of dwave-graphs under the 'dwave.graphs' namespace.
  import dwave_networkx as dnx
/data/max/ember/docs/paper2/data/orders_probe.py:64: DeprecationWarning: dwave-networkx is deprecated and will be replaced by dwave-graphs in Ocean 10. Most functionality previously provided by dwave-networkx is now available as part of dwave-graphs under the 'dwave.graphs' namespace.
  import dwave_networkx as dnx
/data/max/ember/docs/paper2/data/orders_probe.py:64: DeprecationWarning: dwave-networkx is deprecated and will be replaced by dwave-graphs in Ocean 10. Most functionality previously provided by dwave-networkx is now available as part of dwave-graphs under the 'dwave.graphs' namespace.
  import dwave_networkx as dnx
Z12 K100               default      seed 0: 7.31 mx=8 pen=0.0 acc=11 ro=None def=0 skip=True (60.5s)
Z12 K100               default      seed 1: 7.31 mx=8 pen=0.0 acc=11 ro=None def=0 skip=True (63.5s)
Z12 K100               default      seed 2: 7.31 mx=8 pen=0.0 acc=11 ro=None def=0 skip=True (64.6s)
Z12 K100               orders       seed 0: 7.39 mx=9 pen=0 acc=136 ro=500 def=0 skip=True (61.0s)
Z12 K100               orders       seed 1: 7.4 mx=9 pen=0 acc=124 ro=477 def=0 skip=True (63.1s)
Z12 K100               orders       seed 2: 7.41 mx=9 pen=0 acc=117 ro=452 def=0 skip=True (62.1s)
Z12 K100               orders-audit seed 0: 7.46 mx=8 pen=0 acc=9 ro=381 def=0 skip=True (61.0s)
Z12 K100               orders-audit seed 1: 7.47 mx=8 pen=0 acc=9 ro=381 def=0 skip=True (65.7s)
Z12 K100               orders-audit seed 2: 7.47 mx=8 pen=0 acc=9 ro=381 def=0 skip=True (65.0s)
Z12 K140               default      seed 0: 9.886 mx=11 pen=0.0 acc=5 ro=None def=0 skip=True (80.4s)
Z12 K140               default      seed 1: 9.886 mx=11 pen=0.0 acc=5 ro=None def=0 skip=True (68.9s)
Z12 K140               default      seed 2: 9.886 mx=11 pen=0.0 acc=5 ro=None def=0 skip=True (63.9s)
Z12 K140               orders       seed 0: 9.95 mx=11 pen=0 acc=150 ro=285 def=0 skip=True (82.3s)
Z12 K140               orders       seed 1: 9.95 mx=11 pen=0 acc=151 ro=287 def=0 skip=True (64.2s)
Z12 K140               orders       seed 2: 9.95 mx=11 pen=0 acc=147 ro=271 def=0 skip=True (61.1s)
Z12 K140               orders-audit seed 0: 9.893 mx=11 pen=0 acc=10 ro=352 def=0 skip=True (63.9s)
Z12 K140               orders-audit seed 1: 9.893 mx=11 pen=0 acc=10 ro=301 def=0 skip=True (64.0s)
Z12 K140               orders-audit seed 2: 9.893 mx=11 pen=0 acc=10 ro=288 def=0 skip=True (62.0s)
Z12 ER100_d10          default      seed 0: 4.9 mx=9 pen=0.0 acc=65 ro=None def=1 skip=False (60.1s)
Z12 ER100_d10          default      seed 1: 4.66 mx=8 pen=0.0 acc=65 ro=None def=1 skip=False (60.1s)
Z12 ER100_d10          default      seed 2: 4.79 mx=9 pen=0.0 acc=65 ro=None def=1 skip=False (60.0s)
Z12 ER100_d10          orders       seed 0: 5.62 mx=8 pen=0 acc=884 ro=1350 def=0 skip=True (60.1s)
Z12 ER100_d10          orders       seed 1: 5.62 mx=8 pen=0 acc=948 ro=1418 def=0 skip=True (60.1s)
Z12 ER100_d10          orders       seed 2: 5.62 mx=8 pen=0 acc=684 ro=1030 def=0 skip=True (60.0s)
Z12 ER100_d10          orders-audit seed 0: 5.53 mx=8 pen=0 acc=36 ro=1232 def=0 skip=True (60.1s)
Z12 ER100_d10          orders-audit seed 1: 5.54 mx=8 pen=0 acc=37 ro=1482 def=0 skip=True (60.1s)
Z12 ER100_d10          orders-audit seed 2: 5.54 mx=8 pen=0 acc=37 ro=1579 def=0 skip=True (60.1s)
Z12 turan_n162         default      seed 0: 16.235 mx=56 pen=0.0 acc=2 ro=None def=48 skip=False (63.2s)
Z12 turan_n162         default      seed 1: 6.0 mx=6 pen=0.0 acc=2 ro=None def=0 skip=True (63.2s)
Z12 turan_n162         default      seed 2: 17.179 mx=43 pen=0.0 acc=2 ro=None def=48 skip=False (61.6s)
Z12 turan_n162         default      seed 3: 17.346 mx=37 pen=0.0 acc=2 ro=None def=48 skip=False (65.5s)
Z12 turan_n162         default      seed 4: 14.562 mx=42 pen=0.0 acc=2 ro=None def=48 skip=False (63.7s)
Z12 turan_n162         default      seed 5: 6.0 mx=6 pen=0.0 acc=2 ro=None def=0 skip=True (65.0s)
Z12 turan_n162         default      seed 6: 17.111 mx=40 pen=0.0 acc=2 ro=None def=37 skip=False (60.9s)
Z12 turan_n162         default      seed 7: 6.0 mx=6 pen=0.0 acc=2 ro=None def=0 skip=True (63.2s)
Z12 turan_n162         default      seed 8: 6.0 mx=6 pen=0.0 acc=2 ro=None def=0 skip=True (67.1s)
Z12 turan_n162         default      seed 9: 17.636 mx=44 pen=0.0 acc=2 ro=None def=48 skip=False (63.1s)
Z12 turan_n162         orders       seed 0: 6.0 mx=6 pen=0 acc=242 ro=245 def=0 skip=True (60.5s)
Z12 turan_n162         orders       seed 1: 6.0 mx=6 pen=0 acc=345 ro=350 def=0 skip=True (63.5s)
Z12 turan_n162         orders       seed 2: 6.0 mx=6 pen=0 acc=208 ro=211 def=0 skip=True (62.6s)
Z12 turan_n162         orders       seed 3: 6.0 mx=6 pen=0 acc=290 ro=294 def=0 skip=True (64.9s)
Z12 turan_n162         orders       seed 4: 6.0 mx=6 pen=0 acc=236 ro=239 def=0 skip=True (65.7s)
Z12 turan_n162         orders       seed 5: 6.0 mx=6 pen=0 acc=260 ro=264 def=0 skip=True (64.7s)
Z12 turan_n162         orders       seed 6: 6.0 mx=6 pen=0 acc=225 ro=228 def=0 skip=True (64.3s)
Z12 turan_n162         orders       seed 7: 6.0 mx=6 pen=0 acc=271 ro=275 def=0 skip=True (70.6s)
Z12 turan_n162         orders       seed 8: 6.0 mx=6 pen=0 acc=268 ro=272 def=0 skip=True (67.1s)
Z12 turan_n162         orders       seed 9: 6.0 mx=6 pen=0 acc=257 ro=260 def=0 skip=True (63.5s)
Z12 turan_n162         orders-audit seed 0: 6.0 mx=6 pen=0 acc=33 ro=247 def=0 skip=True (65.5s)
Z12 turan_n162         orders-audit seed 1: 6.0 mx=6 pen=0 acc=19 ro=233 def=0 skip=True (60.9s)
Z12 turan_n162         orders-audit seed 2: 6.0 mx=6 pen=0 acc=33 ro=222 def=0 skip=True (66.7s)
Z12 turan_n162         orders-audit seed 3: 6.0 mx=6 pen=0 acc=33 ro=247 def=0 skip=True (61.5s)
Z12 turan_n162         orders-audit seed 4: 6.0 mx=6 pen=0 acc=33 ro=217 def=0 skip=True (88.2s)
Z12 turan_n162         orders-audit seed 5: 6.0 mx=6 pen=0 acc=19 ro=265 def=0 skip=True (60.6s)
Z12 turan_n162         orders-audit seed 6: 6.0 mx=6 pen=0 acc=33 ro=217 def=0 skip=True (63.8s)
Z12 turan_n162         orders-audit seed 7: 6.0 mx=6 pen=0 acc=19 ro=271 def=0 skip=True (61.8s)
Z12 turan_n162         orders-audit seed 8: 6.0 mx=6 pen=0 acc=19 ro=266 def=0 skip=True (64.8s)
Z12 turan_n162         orders-audit seed 9: 6.0 mx=6 pen=0 acc=33 ro=217 def=0 skip=True (77.2s)
Z12 spin_glass_n163    default      seed 0: 11.117 mx=12 pen=0.0 acc=28 ro=None def=0 skip=True (70.1s)
Z12 spin_glass_n163    default      seed 1: 11.117 mx=12 pen=0.0 acc=28 ro=None def=0 skip=True (70.3s)
Z12 spin_glass_n163    default      seed 2: 11.117 mx=12 pen=0.0 acc=28 ro=None def=0 skip=True (73.8s)
Z12 spin_glass_n163    orders       seed 0: 11.215 mx=13 pen=0 acc=263 ro=374 def=0 skip=True (69.0s)
Z12 spin_glass_n163    orders       seed 1: 11.215 mx=13 pen=0 acc=262 ro=372 def=0 skip=True (74.6s)
Z12 spin_glass_n163    orders       seed 2: 11.215 mx=13 pen=0 acc=244 ro=342 def=0 skip=True (61.4s)
Z12 spin_glass_n163    orders-audit seed 0: 11.061 mx=12 pen=0 acc=43 ro=348 def=0 skip=True (63.9s)
Z12 spin_glass_n163    orders-audit seed 1: 11.061 mx=12 pen=0 acc=43 ro=362 def=0 skip=True (62.4s)
Z12 spin_glass_n163    orders-audit seed 2: 11.055 mx=12 pen=0 acc=44 ro=422 def=0 skip=True (60.6s)
Z12 regular_n316       default      seed 0: 2.892 mx=7 pen=0.0 acc=86 ro=None def=8 skip=False (60.5s)
Z12 regular_n316       default      seed 1: 2.845 mx=7 pen=0.0 acc=75 ro=None def=21 skip=False (60.0s)
Z12 regular_n316       default      seed 2: 2.972 mx=7 pen=0.0 acc=84 ro=None def=10 skip=False (60.0s)
Z12 regular_n316       orders       seed 0: 2.759 mx=6 pen=6 acc=233 ro=236 def=5 skip=False (60.5s)
Z12 regular_n316       orders       seed 1: 2.924 mx=7 pen=6 acc=212 ro=215 def=5 skip=False (60.6s)
Z12 regular_n316       orders       seed 2: 2.851 mx=7 pen=6 acc=294 ro=297 def=5 skip=False (60.3s)
Z12 regular_n316       orders-audit seed 0: 2.832 mx=7 pen=12 acc=16 ro=40 def=5 skip=False (60.1s)
Z12 regular_n316       orders-audit seed 1: 2.997 mx=7 pen=12 acc=16 ro=75 def=5 skip=False (60.1s)
Z12 regular_n316       orders-audit seed 2: 3.054 mx=8 pen=10 acc=17 ro=97 def=8 skip=False (60.0s)
Z12 ws_n486            default      seed 0: 2.568 mx=8 pen=291.0 acc=29 ro=None def=25 skip=False (60.5s)
Z12 ws_n486            default      seed 1: 2.453 mx=8 pen=286.0 acc=31 ro=None def=20 skip=False (60.5s)
Z12 ws_n486            default      seed 2: 2.66 mx=9 pen=292.0 acc=27 ro=None def=30 skip=False (60.3s)
Z12 ws_n486            default      seed 3: 2.43 mx=7 pen=254.0 acc=43 ro=None def=25 skip=False (60.0s)
Z12 ws_n486            default      seed 4: 2.63 mx=9 pen=343.0 acc=20 ro=None def=31 skip=False (60.0s)
Z12 ws_n486            default      seed 5: 2.586 mx=9 pen=286.0 acc=31 ro=None def=20 skip=False (60.2s)
Z12 ws_n486            default      seed 6: 2.533 mx=9 pen=221.0 acc=58 ro=None def=13 skip=False (60.5s)
Z12 ws_n486            default      seed 7: 2.71 mx=8 pen=379.0 acc=11 ro=None def=18 skip=False (60.9s)
Z12 ws_n486            default      seed 8: 2.601 mx=8 pen=384.0 acc=10 ro=None def=51 skip=False (60.2s)
Z12 ws_n486            default      seed 9: 2.72 mx=8 pen=199.0 acc=67 ro=None def=22 skip=False (60.0s)
Z12 ws_n486            orders       seed 0: 2.494 mx=8 pen=67 acc=56 ro=57 def=24 skip=False (60.2s)
Z12 ws_n486            orders       seed 1: 2.837 mx=9 pen=67 acc=59 ro=60 def=24 skip=False (60.2s)
Z12 ws_n486            orders       seed 2: 2.648 mx=8 pen=67 acc=73 ro=74 def=24 skip=False (60.2s)
Z12 ws_n486            orders       seed 3: 2.595 mx=8 pen=67 acc=28 ro=29 def=24 skip=False (60.0s)
Z12 ws_n486            orders       seed 4: 2.529 mx=8 pen=67 acc=98 ro=99 def=24 skip=False (60.2s)
Z12 ws_n486            orders       seed 5: 2.531 mx=8 pen=67 acc=109 ro=110 def=24 skip=False (60.1s)
Z12 ws_n486            orders       seed 6: 2.547 mx=8 pen=67 acc=78 ro=79 def=24 skip=False (60.1s)
Z12 ws_n486            orders       seed 7: 2.681 mx=9 pen=67 acc=33 ro=34 def=24 skip=False (60.1s)
Z12 ws_n486            orders       seed 8: 2.572 mx=8 pen=67 acc=86 ro=87 def=24 skip=False (60.1s)
Z12 ws_n486            orders       seed 9: 2.516 mx=8 pen=67 acc=116 ro=117 def=24 skip=False (60.0s)
Z12 ws_n486            orders-audit seed 0: 2.494 mx=8 pen=67 acc=1 ro=106 def=24 skip=False (60.0s)
Z12 ws_n486            orders-audit seed 1: 2.837 mx=9 pen=67 acc=1 ro=87 def=24 skip=False (60.0s)
Z12 ws_n486            orders-audit seed 2: 2.648 mx=8 pen=67 acc=1 ro=74 def=24 skip=False (60.0s)
Z12 ws_n486            orders-audit seed 3: 2.595 mx=8 pen=67 acc=1 ro=86 def=24 skip=False (60.0s)
Z12 ws_n486            orders-audit seed 4: 2.529 mx=8 pen=67 acc=1 ro=101 def=24 skip=False (60.1s)
Z12 ws_n486            orders-audit seed 5: 2.521 mx=9 pen=67 acc=1 ro=86 def=24 skip=False (60.0s)
Z12 ws_n486            orders-audit seed 6: 2.547 mx=8 pen=67 acc=1 ro=100 def=24 skip=False (60.1s)
Z12 ws_n486            orders-audit seed 7: 2.681 mx=9 pen=67 acc=1 ro=81 def=24 skip=False (60.0s)
Z12 ws_n486            orders-audit seed 8: 2.572 mx=8 pen=67 acc=1 ro=84 def=24 skip=False (60.1s)
Z12 ws_n486            orders-audit seed 9: 2.516 mx=8 pen=67 acc=1 ro=101 def=24 skip=False (60.2s)
Z12 grid_200           default      seed 0: 1.09 mx=2 pen=0.0 acc=49 ro=None def=1 skip=False (60.0s)
Z12 grid_200           default      seed 1: 1.11 mx=2 pen=0.0 acc=50 ro=None def=4 skip=False (60.0s)
Z12 grid_200           default      seed 2: 1.09 mx=2 pen=0.0 acc=49 ro=None def=1 skip=False (60.1s)
Z12 grid_200           orders       seed 0: 1.88 mx=4 pen=12 acc=438 ro=460 def=0 skip=True (60.0s)
Z12 grid_200           orders       seed 1: 1.53 mx=3 pen=20 acc=168 ro=176 def=0 skip=True (60.1s)
Z12 grid_200           orders       seed 2: 1.37 mx=3 pen=12 acc=397 ro=419 def=0 skip=True (60.0s)
Z12 grid_200           orders-audit seed 0: 1.095 mx=2 pen=100 acc=2 ro=154 def=1 skip=False (60.0s)
Z12 grid_200           orders-audit seed 1: 1.04 mx=2 pen=100 acc=2 ro=385 def=1 skip=False (60.0s)
Z12 grid_200           orders-audit seed 2: 1.165 mx=3 pen=100 acc=2 ro=363 def=1 skip=False (60.0s)
Z12 honeycomb_200      default      seed 0: 1.125 mx=2 pen=0.0 acc=40 ro=None def=11 skip=False (60.0s)
Z12 honeycomb_200      default      seed 1: 1.055 mx=2 pen=0.0 acc=40 ro=None def=11 skip=False (60.0s)
Z12 honeycomb_200      default      seed 2: 1.085 mx=2 pen=0.0 acc=40 ro=None def=10 skip=False (60.0s)
Z12 honeycomb_200      orders       seed 0: 1.185 mx=2 pen=44 acc=548 ro=678 def=2 skip=False (60.0s)
Z12 honeycomb_200      orders       seed 1: 1.16 mx=2 pen=44 acc=516 ro=627 def=2 skip=False (60.0s)
Z12 honeycomb_200      orders       seed 2: 1.175 mx=2 pen=44 acc=531 ro=652 def=2 skip=False (60.0s)
Z12 honeycomb_200      orders-audit seed 0: 1.185 mx=2 pen=44 acc=0 ro=823 def=2 skip=False (60.0s)
Z12 honeycomb_200      orders-audit seed 1: 1.16 mx=2 pen=44 acc=0 ro=830 def=2 skip=False (60.0s)
Z12 honeycomb_200      orders-audit seed 2: 1.175 mx=2 pen=44 acc=0 ro=851 def=2 skip=False (60.0s)
Z12 king_graph_196     default      seed 0: 1.454 mx=2 pen=0.0 acc=76 ro=None def=4 skip=False (60.1s)
Z12 king_graph_196     default      seed 1: 1.51 mx=3 pen=0.0 acc=76 ro=None def=20 skip=False (60.0s)
Z12 king_graph_196     default      seed 2: 1.597 mx=3 pen=0.0 acc=76 ro=None def=4 skip=False (60.1s)
Z12 king_graph_196     orders       seed 0: 3.316 mx=6 pen=18 acc=444 ro=453 def=0 skip=True (60.0s)
Z12 king_graph_196     orders       seed 1: 2.531 mx=5 pen=18 acc=357 ro=366 def=0 skip=True (60.0s)
Z12 king_graph_196     orders       seed 2: 3.316 mx=6 pen=18 acc=467 ro=476 def=0 skip=True (60.0s)
Z12 king_graph_196     orders-audit seed 0: 2.061 mx=4 pen=26 acc=9 ro=762 def=0 skip=True (60.1s)
Z12 king_graph_196     orders-audit seed 1: 2.347 mx=5 pen=26 acc=9 ro=685 def=0 skip=True (60.1s)
Z12 king_graph_196     orders-audit seed 2: 1.959 mx=4 pen=26 acc=9 ro=889 def=0 skip=True (60.0s)

summary (mean ACL; d = arm - default, negative = wins):
Z12 K100               default=7.31(3) mx=8.0 | orders=7.4(3) mx=9.0 mes=20.0 d=+0.090 | orders-audit=7.467(3) mx=8.0 mes=22.0 d=+0.157
Z12 K140               default=9.886(3) mx=11.0 | orders=9.95(3) mx=11.0 mes=30.0 d=+0.064 | orders-audit=9.893(3) mx=11.0 mes=33.0 d=+0.007
Z12 ER100_d10          default=4.783(3) mx=8.667 | orders=5.62(3) mx=8.0 mes=18.0 d=+0.837 | orders-audit=5.537(3) mx=8.0 mes=20.0 d=+0.754
Z12 turan_n162         default=12.407(10) mx=28.6 | orders=6.0(10) mx=6.0 mes=21.9 d=-6.407 | orders-audit=6.0(10) mx=6.0 mes=22.0 d=-6.407
Z12 spin_glass_n163    default=11.117(3) mx=12.0 | orders=11.215(3) mx=13.0 mes=37.0 d=+0.098 | orders-audit=11.059(3) mx=12.0 mes=39.0 d=-0.058
Z12 regular_n316       default=2.903(3) mx=7.0 | orders=2.845(3) mx=6.667 mes=35.0 d=-0.058 | orders-audit=2.961(3) mx=7.333 mes=30.667 d=+0.058
Z12 ws_n486            default=2.589(10) mx=8.3 | orders=2.595(10) mx=8.2 mes=30.0 d=+0.006 | orders-audit=2.594(10) mx=8.3 mes=30.0 d=+0.005
Z12 grid_200           default=1.097(3) mx=2.0 | orders=1.593(3) mx=3.333 mes=8.667 d=+0.496 | orders-audit=1.1(3) mx=2.333 mes=5.0 d=+0.003
Z12 honeycomb_200      default=1.088(3) mx=2.0 | orders=1.173(3) mx=2.0 mes=6.0 d=+0.085 | orders-audit=1.173(3) mx=2.0 mes=6.0 d=+0.085
Z12 king_graph_196     default=1.52(3) mx=2.667 | orders=3.054(3) mx=5.667 mes=5.0 d=+1.534 | orders-audit=2.122(3) mx=4.333 mes=11.0 d=+0.602

BAR turan_n162/Z12: acl {'default': 12.407, 'orders': 6.0, 'orders-audit': 6.0} mx {'default': 28.6, 'orders': 6.0, 'orders-audit': 6.0}

BAR ws_n486/Z12: acl {'default': 2.589, 'orders': 2.595, 'orders-audit': 2.594} mx {'default': 8.3, 'orders': 8.2, 'orders-audit': 8.3}
BAR board: FAIL [('Z12', 'ER100_d10', 'orders', 0.837), ('Z12', 'ER100_d10', 'orders-audit', 0.754), ('Z12', 'grid_200', 'orders', 0.496), ('Z12', 'king_graph_196', 'orders', 1.534), ('Z12', 'king_graph_196', 'orders-audit', 0.602)]
load at end: (100.3876953125, 121.90185546875, 104.49609375)
done-probe
