10 cells, 132 jobs; load (85.90576171875, 85.6875, 87.009765625)
/data/max/ember/docs/paper2/data/orders_probe.py:64: DeprecationWarning: dwave-networkx is deprecated and will be replaced by dwave-graphs in Ocean 10. Most functionality previously provided by dwave-networkx is now available as part of dwave-graphs under the 'dwave.graphs' namespace.
  import dwave_networkx as dnx
/data/max/ember/docs/paper2/data/orders_probe.py:64: DeprecationWarning: dwave-networkx is deprecated and will be replaced by dwave-graphs in Ocean 10. Most functionality previously provided by dwave-networkx is now available as part of dwave-graphs under the 'dwave.graphs' namespace.
  import dwave_networkx as dnx
/data/max/ember/docs/paper2/data/orders_probe.py:64: DeprecationWarning: dwave-networkx is deprecated and will be replaced by dwave-graphs in Ocean 10. Most functionality previously provided by dwave-networkx is now available as part of dwave-graphs under the 'dwave.graphs' namespace.
  import dwave_networkx as dnx
/data/max/ember/docs/paper2/data/orders_probe.py:64: DeprecationWarning: dwave-networkx is deprecated and will be replaced by dwave-graphs in Ocean 10. Most functionality previously provided by dwave-networkx is now available as part of dwave-graphs under the 'dwave.graphs' namespace.
  import dwave_networkx as dnx
/data/max/ember/docs/paper2/data/orders_probe.py:64: DeprecationWarning: dwave-networkx is deprecated and will be replaced by dwave-graphs in Ocean 10. Most functionality previously provided by dwave-networkx is now available as part of dwave-graphs under the 'dwave.graphs' namespace.
  import dwave_networkx as dnx
/data/max/ember/docs/paper2/data/orders_probe.py:64: DeprecationWarning: dwave-networkx is deprecated and will be replaced by dwave-graphs in Ocean 10. Most functionality previously provided by dwave-networkx is now available as part of dwave-graphs under the 'dwave.graphs' namespace.
  import dwave_networkx as dnx
/data/max/ember/docs/paper2/data/orders_probe.py:64: DeprecationWarning: dwave-networkx is deprecated and will be replaced by dwave-graphs in Ocean 10. Most functionality previously provided by dwave-networkx is now available as part of dwave-graphs under the 'dwave.graphs' namespace.
  import dwave_networkx as dnx
/data/max/ember/docs/paper2/data/orders_probe.py:64: DeprecationWarning: dwave-networkx is deprecated and will be replaced by dwave-graphs in Ocean 10. Most functionality previously provided by dwave-networkx is now available as part of dwave-graphs under the 'dwave.graphs' namespace.
  import dwave_networkx as dnx
/data/max/ember/docs/paper2/data/orders_probe.py:64: DeprecationWarning: dwave-networkx is deprecated and will be replaced by dwave-graphs in Ocean 10. Most functionality previously provided by dwave-networkx is now available as part of dwave-graphs under the 'dwave.graphs' namespace.
  import dwave_networkx as dnx
/data/max/ember/docs/paper2/data/orders_probe.py:64: DeprecationWarning: dwave-networkx is deprecated and will be replaced by dwave-graphs in Ocean 10. Most functionality previously provided by dwave-networkx is now available as part of dwave-graphs under the 'dwave.graphs' namespace.
  import dwave_networkx as dnx
/data/max/ember/docs/paper2/data/orders_probe.py:64: DeprecationWarning: dwave-networkx is deprecated and will be replaced by dwave-graphs in Ocean 10. Most functionality previously provided by dwave-networkx is now available as part of dwave-graphs under the 'dwave.graphs' namespace.
  import dwave_networkx as dnx
/data/max/ember/docs/paper2/data/orders_probe.py:64: DeprecationWarning: dwave-networkx is deprecated and will be replaced by dwave-graphs in Ocean 10. Most functionality previously provided by dwave-networkx is now available as part of dwave-graphs under the 'dwave.graphs' namespace.
  import dwave_networkx as dnx
/data/max/ember/docs/paper2/data/orders_probe.py:64: DeprecationWarning: dwave-networkx is deprecated and will be replaced by dwave-graphs in Ocean 10. Most functionality previously provided by dwave-networkx is now available as part of dwave-graphs under the 'dwave.graphs' namespace.
  import dwave_networkx as dnx
/data/max/ember/docs/paper2/data/orders_probe.py:64: DeprecationWarning: dwave-networkx is deprecated and will be replaced by dwave-graphs in Ocean 10. Most functionality previously provided by dwave-networkx is now available as part of dwave-graphs under the 'dwave.graphs' namespace.
  import dwave_networkx as dnx
/data/max/ember/docs/paper2/data/orders_probe.py:64: DeprecationWarning: dwave-networkx is deprecated and will be replaced by dwave-graphs in Ocean 10. Most functionality previously provided by dwave-networkx is now available as part of dwave-graphs under the 'dwave.graphs' namespace.
  import dwave_networkx as dnx
/data/max/ember/docs/paper2/data/orders_probe.py:64: DeprecationWarning: dwave-networkx is deprecated and will be replaced by dwave-graphs in Ocean 10. Most functionality previously provided by dwave-networkx is now available as part of dwave-graphs under the 'dwave.graphs' namespace.
  import dwave_networkx as dnx
/data/max/ember/docs/paper2/data/orders_probe.py:64: DeprecationWarning: dwave-networkx is deprecated and will be replaced by dwave-graphs in Ocean 10. Most functionality previously provided by dwave-networkx is now available as part of dwave-graphs under the 'dwave.graphs' namespace.
  import dwave_networkx as dnx
/data/max/ember/docs/paper2/data/orders_probe.py:64: DeprecationWarning: dwave-networkx is deprecated and will be replaced by dwave-graphs in Ocean 10. Most functionality previously provided by dwave-networkx is now available as part of dwave-graphs under the 'dwave.graphs' namespace.
  import dwave_networkx as dnx
/data/max/ember/docs/paper2/data/orders_probe.py:64: DeprecationWarning: dwave-networkx is deprecated and will be replaced by dwave-graphs in Ocean 10. Most functionality previously provided by dwave-networkx is now available as part of dwave-graphs under the 'dwave.graphs' namespace.
  import dwave_networkx as dnx
/data/max/ember/docs/paper2/data/orders_probe.py:64: DeprecationWarning: dwave-networkx is deprecated and will be replaced by dwave-graphs in Ocean 10. Most functionality previously provided by dwave-networkx is now available as part of dwave-graphs under the 'dwave.graphs' namespace.
  import dwave_networkx as dnx
/data/max/ember/docs/paper2/data/orders_probe.py:64: DeprecationWarning: dwave-networkx is deprecated and will be replaced by dwave-graphs in Ocean 10. Most functionality previously provided by dwave-networkx is now available as part of dwave-graphs under the 'dwave.graphs' namespace.
  import dwave_networkx as dnx
/data/max/ember/docs/paper2/data/orders_probe.py:64: DeprecationWarning: dwave-networkx is deprecated and will be replaced by dwave-graphs in Ocean 10. Most functionality previously provided by dwave-networkx is now available as part of dwave-graphs under the 'dwave.graphs' namespace.
  import dwave_networkx as dnx
/data/max/ember/docs/paper2/data/orders_probe.py:64: DeprecationWarning: dwave-networkx is deprecated and will be replaced by dwave-graphs in Ocean 10. Most functionality previously provided by dwave-networkx is now available as part of dwave-graphs under the 'dwave.graphs' namespace.
  import dwave_networkx as dnx
/data/max/ember/docs/paper2/data/orders_probe.py:64: DeprecationWarning: dwave-networkx is deprecated and will be replaced by dwave-graphs in Ocean 10. Most functionality previously provided by dwave-networkx is now available as part of dwave-graphs under the 'dwave.graphs' namespace.
  import dwave_networkx as dnx
Z12 K100               default      seed 0: 7.31 mx=8 pen=0.0 acc=11 ro=None def=0 skip=True (61.2s)
Z12 K100               default      seed 1: 7.31 mx=8 pen=0.0 acc=11 ro=None def=0 skip=True (63.4s)
Z12 K100               default      seed 2: 7.31 mx=8 pen=0.0 acc=11 ro=None def=0 skip=True (63.6s)
Z12 K100               orders       seed 0: 7.39 mx=9 pen=0 acc=241 ro=949 def=0 skip=True (63.1s)
Z12 K100               orders       seed 1: 7.4 mx=9 pen=0 acc=242 ro=976 def=0 skip=True (62.9s)
Z12 K100               orders       seed 2: 7.4 mx=9 pen=0 acc=241 ro=911 def=0 skip=True (63.8s)
Z12 K100               orders-audit seed 0: 7.46 mx=8 pen=0 acc=9 ro=381 def=0 skip=True (64.0s)
Z12 K100               orders-audit seed 1: 7.47 mx=8 pen=0 acc=9 ro=381 def=0 skip=True (64.2s)
Z12 K100               orders-audit seed 2: 7.47 mx=8 pen=0 acc=9 ro=381 def=0 skip=True (64.3s)
Z12 K140               default      seed 0: 9.886 mx=11 pen=0.0 acc=5 ro=None def=0 skip=True (64.1s)
Z12 K140               default      seed 1: 9.886 mx=11 pen=0.0 acc=5 ro=None def=0 skip=True (69.7s)
Z12 K140               default      seed 2: 9.886 mx=11 pen=0.0 acc=5 ro=None def=0 skip=True (70.0s)
Z12 K140               orders       seed 0: 9.893 mx=11 pen=0 acc=238 ro=561 def=0 skip=True (62.3s)
Z12 K140               orders       seed 1: 9.893 mx=11 pen=0 acc=246 ro=606 def=0 skip=True (65.0s)
Z12 K140               orders       seed 2: 9.879 mx=11 pen=0 acc=179 ro=446 def=0 skip=True (74.0s)
Z12 K140               orders-audit seed 0: 9.85 mx=11 pen=0 acc=10 ro=494 def=0 skip=True (74.8s)
Z12 K140               orders-audit seed 1: 9.85 mx=11 pen=0 acc=10 ro=639 def=0 skip=True (67.4s)
Z12 K140               orders-audit seed 2: 9.85 mx=11 pen=0 acc=10 ro=614 def=0 skip=True (65.2s)
Z12 ER100_d10          default      seed 0: 4.62 mx=8 pen=0.0 acc=65 ro=None def=1 skip=False (60.1s)
Z12 ER100_d10          default      seed 1: 5.1 mx=9 pen=0.0 acc=70 ro=None def=1 skip=False (60.2s)
Z12 ER100_d10          default      seed 2: 4.65 mx=8 pen=0.0 acc=71 ro=None def=0 skip=True (60.1s)
Z12 ER100_d10          orders       seed 0: 5.62 mx=8 pen=0 acc=2770 ro=4275 def=0 skip=True (60.0s)
Z12 ER100_d10          orders       seed 1: 5.62 mx=8 pen=0 acc=1939 ro=2962 def=0 skip=True (60.2s)
Z12 ER100_d10          orders       seed 2: 5.62 mx=8 pen=0 acc=3404 ro=5304 def=0 skip=True (60.0s)
Z12 ER100_d10          orders-audit seed 0: 5.55 mx=8 pen=0 acc=39 ro=2193 def=0 skip=True (60.3s)
Z12 ER100_d10          orders-audit seed 1: 5.54 mx=8 pen=0 acc=39 ro=2193 def=0 skip=True (60.0s)
Z12 ER100_d10          orders-audit seed 2: 4.84 mx=8 pen=0 acc=39 ro=2193 def=0 skip=True (60.1s)
Z12 turan_n162         default      seed 0: 6.0 mx=6 pen=0.0 acc=2 ro=None def=0 skip=True (63.4s)
Z12 turan_n162         default      seed 1: 6.0 mx=6 pen=0.0 acc=2 ro=None def=0 skip=True (62.7s)
Z12 turan_n162         default      seed 2: 17.179 mx=43 pen=0.0 acc=2 ro=None def=48 skip=False (61.8s)
Z12 turan_n162         default      seed 3: 17.346 mx=37 pen=0.0 acc=2 ro=None def=48 skip=False (66.3s)
Z12 turan_n162         default      seed 4: 6.0 mx=6 pen=0.0 acc=2 ro=None def=0 skip=True (63.9s)
Z12 turan_n162         default      seed 5: 6.0 mx=6 pen=0.0 acc=2 ro=None def=0 skip=True (60.7s)
Z12 turan_n162         default      seed 6: 16.593 mx=28 pen=0.0 acc=2 ro=None def=48 skip=False (63.4s)
Z12 turan_n162         default      seed 7: 6.0 mx=6 pen=0.0 acc=2 ro=None def=0 skip=True (65.0s)
Z12 turan_n162         default      seed 8: 6.0 mx=6 pen=0.0 acc=2 ro=None def=0 skip=True (61.1s)
Z12 turan_n162         default      seed 9: 6.0 mx=6 pen=0.0 acc=2 ro=None def=0 skip=True (64.0s)
Z12 turan_n162         orders       seed 0: 6.0 mx=6 pen=0 acc=437 ro=442 def=0 skip=True (64.4s)
Z12 turan_n162         orders       seed 1: 6.0 mx=6 pen=0 acc=507 ro=513 def=0 skip=True (64.0s)
Z12 turan_n162         orders       seed 2: 6.0 mx=6 pen=0 acc=331 ro=335 def=0 skip=True (65.1s)
Z12 turan_n162         orders       seed 3: 6.0 mx=6 pen=0 acc=431 ro=436 def=0 skip=True (66.2s)
Z12 turan_n162         orders       seed 4: 6.0 mx=6 pen=0 acc=602 ro=608 def=0 skip=True (66.8s)
Z12 turan_n162         orders       seed 5: 6.0 mx=6 pen=0 acc=472 ro=478 def=0 skip=True (66.5s)
Z12 turan_n162         orders       seed 6: 6.0 mx=6 pen=0 acc=436 ro=441 def=0 skip=True (64.8s)
Z12 turan_n162         orders       seed 7: 6.0 mx=6 pen=0 acc=512 ro=518 def=0 skip=True (64.3s)
Z12 turan_n162         orders       seed 8: 6.0 mx=6 pen=0 acc=456 ro=462 def=0 skip=True (63.2s)
Z12 turan_n162         orders       seed 9: 6.0 mx=6 pen=0 acc=505 ro=510 def=0 skip=True (62.1s)
Z12 turan_n162         orders-audit seed 0: 6.0 mx=6 pen=0 acc=33 ro=217 def=0 skip=True (65.2s)
Z12 turan_n162         orders-audit seed 1: 6.0 mx=6 pen=0 acc=19 ro=427 def=0 skip=True (60.6s)
Z12 turan_n162         orders-audit seed 2: 6.0 mx=6 pen=0 acc=33 ro=217 def=0 skip=True (67.1s)
Z12 turan_n162         orders-audit seed 3: 6.0 mx=6 pen=0 acc=33 ro=183 def=0 skip=True (61.6s)
Z12 turan_n162         orders-audit seed 4: 6.0 mx=6 pen=0 acc=33 ro=217 def=0 skip=True (71.9s)
Z12 turan_n162         orders-audit seed 5: 6.0 mx=6 pen=0 acc=19 ro=346 def=0 skip=True (65.7s)
Z12 turan_n162         orders-audit seed 6: 6.0 mx=6 pen=0 acc=33 ro=183 def=0 skip=True (67.4s)
Z12 turan_n162         orders-audit seed 7: 6.0 mx=6 pen=0 acc=19 ro=416 def=0 skip=True (66.6s)
Z12 turan_n162         orders-audit seed 8: 6.0 mx=6 pen=0 acc=19 ro=281 def=0 skip=True (63.6s)
Z12 turan_n162         orders-audit seed 9: 6.0 mx=6 pen=0 acc=33 ro=217 def=0 skip=True (67.0s)
Z12 spin_glass_n163    default      seed 0: 11.129 mx=12 pen=0.0 acc=24 ro=None def=0 skip=True (69.2s)
Z12 spin_glass_n163    default      seed 1: 11.117 mx=12 pen=0.0 acc=28 ro=None def=0 skip=True (61.9s)
Z12 spin_glass_n163    default      seed 2: 11.129 mx=12 pen=0.0 acc=24 ro=None def=0 skip=True (84.4s)
Z12 spin_glass_n163    orders       seed 0: 11.184 mx=13 pen=0 acc=329 ro=492 def=0 skip=True (64.7s)
Z12 spin_glass_n163    orders       seed 1: 11.08 mx=12 pen=0 acc=373 ro=614 def=0 skip=True (67.8s)
Z12 spin_glass_n163    orders       seed 2: 11.074 mx=12 pen=0 acc=376 ro=634 def=0 skip=True (64.8s)
Z12 spin_glass_n163    orders-audit seed 0: 11.055 mx=12 pen=0 acc=44 ro=442 def=0 skip=True (75.2s)
Z12 spin_glass_n163    orders-audit seed 1: 11.018 mx=12 pen=0 acc=49 ro=1127 def=0 skip=True (71.5s)
Z12 spin_glass_n163    orders-audit seed 2: 11.018 mx=12 pen=0 acc=49 ro=794 def=0 skip=True (66.2s)
Z12 regular_n316       default      seed 0: 2.782 mx=7 pen=0.0 acc=75 ro=None def=20 skip=False (60.1s)
Z12 regular_n316       default      seed 1: 2.68 mx=6 pen=0.0 acc=87 ro=None def=7 skip=False (60.6s)
Z12 regular_n316       default      seed 2: 2.763 mx=6 pen=23.0 acc=51 ro=None def=15 skip=False (61.8s)
Z12 regular_n316       orders       seed 0: 2.759 mx=6 pen=6 acc=439 ro=442 def=5 skip=False (60.1s)
Z12 regular_n316       orders       seed 1: 2.924 mx=7 pen=6 acc=215 ro=218 def=5 skip=False (60.5s)
Z12 regular_n316       orders       seed 2: 2.851 mx=7 pen=6 acc=1053 ro=1056 def=5 skip=False (60.1s)
Z12 regular_n316       orders-audit seed 0: 2.953 mx=7 pen=8 acc=27 ro=382 def=7 skip=False (60.0s)
Z12 regular_n316       orders-audit seed 1: 2.794 mx=6 pen=8 acc=27 ro=336 def=7 skip=False (60.0s)
Z12 regular_n316       orders-audit seed 2: 2.956 mx=6 pen=8 acc=27 ro=390 def=7 skip=False (60.0s)
Z12 ws_n486            default      seed 0: 2.545 mx=8 pen=178.0 acc=79 ro=None def=21 skip=False (60.1s)
Z12 ws_n486            default      seed 1: 2.521 mx=8 pen=245.0 acc=50 ro=None def=19 skip=False (60.1s)
Z12 ws_n486            default      seed 2: 2.582 mx=8 pen=221.0 acc=60 ro=None def=23 skip=False (60.1s)
Z12 ws_n486            default      seed 3: 2.685 mx=9 pen=220.0 acc=62 ro=None def=17 skip=False (60.2s)
Z12 ws_n486            default      seed 4: 2.455 mx=8 pen=220.0 acc=62 ro=None def=17 skip=False (60.1s)
Z12 ws_n486            default      seed 5: 2.564 mx=8 pen=178.0 acc=79 ro=None def=21 skip=False (60.4s)
Z12 ws_n486            default      seed 6: 2.545 mx=8 pen=176.0 acc=83 ro=None def=23 skip=False (60.1s)
Z12 ws_n486            default      seed 7: 2.745 mx=9 pen=169.0 acc=90 ro=None def=18 skip=False (60.3s)
Z12 ws_n486            default      seed 8: 2.519 mx=8 pen=173.0 acc=86 ro=None def=19 skip=False (60.6s)
Z12 ws_n486            default      seed 9: 2.545 mx=8 pen=180.0 acc=78 ro=None def=21 skip=False (60.6s)
Z12 ws_n486            orders       seed 0: 2.494 mx=8 pen=67 acc=307 ro=308 def=24 skip=False (60.0s)
Z12 ws_n486            orders       seed 1: 2.837 mx=9 pen=67 acc=204 ro=205 def=24 skip=False (60.6s)
Z12 ws_n486            orders       seed 2: 2.648 mx=8 pen=67 acc=158 ro=159 def=24 skip=False (60.0s)
Z12 ws_n486            orders       seed 3: 2.595 mx=8 pen=67 acc=270 ro=271 def=24 skip=False (60.1s)
Z12 ws_n486            orders       seed 4: 2.529 mx=8 pen=67 acc=401 ro=402 def=24 skip=False (60.4s)
Z12 ws_n486            orders       seed 5: 2.521 mx=9 pen=67 acc=340 ro=341 def=24 skip=False (60.0s)
Z12 ws_n486            orders       seed 6: 2.547 mx=8 pen=67 acc=358 ro=359 def=24 skip=False (60.0s)
Z12 ws_n486            orders       seed 7: 2.681 mx=9 pen=67 acc=399 ro=400 def=24 skip=False (60.0s)
Z12 ws_n486            orders       seed 8: 2.572 mx=8 pen=67 acc=302 ro=303 def=24 skip=False (60.0s)
Z12 ws_n486            orders       seed 9: 2.516 mx=8 pen=67 acc=482 ro=483 def=24 skip=False (60.0s)
Z12 ws_n486            orders-audit seed 0: 2.724 mx=9 pen=56 acc=3 ro=805 def=18 skip=False (60.0s)
Z12 ws_n486            orders-audit seed 1: 2.574 mx=8 pen=56 acc=3 ro=676 def=18 skip=False (60.0s)
Z12 ws_n486            orders-audit seed 2: 2.381 mx=8 pen=56 acc=3 ro=770 def=18 skip=False (60.0s)
Z12 ws_n486            orders-audit seed 3: 2.817 mx=9 pen=56 acc=3 ro=724 def=18 skip=False (60.2s)
Z12 ws_n486            orders-audit seed 4: 2.65 mx=8 pen=56 acc=3 ro=669 def=18 skip=False (60.0s)
Z12 ws_n486            orders-audit seed 5: 2.716 mx=9 pen=56 acc=3 ro=736 def=18 skip=False (60.0s)
Z12 ws_n486            orders-audit seed 6: 2.455 mx=7 pen=56 acc=3 ro=657 def=18 skip=False (60.1s)
Z12 ws_n486            orders-audit seed 7: 2.595 mx=8 pen=56 acc=3 ro=790 def=18 skip=False (60.0s)
Z12 ws_n486            orders-audit seed 8: 2.603 mx=9 pen=56 acc=3 ro=826 def=18 skip=False (60.1s)
Z12 ws_n486            orders-audit seed 9: 2.691 mx=9 pen=56 acc=3 ro=933 def=18 skip=False (60.0s)
Z12 grid_200           default      seed 0: 1.135 mx=2 pen=0.0 acc=50 ro=None def=7 skip=False (60.1s)
Z12 grid_200           default      seed 1: 1.045 mx=2 pen=0.0 acc=50 ro=None def=7 skip=False (60.0s)
Z12 grid_200           default      seed 2: 1.09 mx=2 pen=0.0 acc=50 ro=None def=7 skip=False (60.0s)
Z12 grid_200           orders       seed 0: 1.885 mx=4 pen=12 acc=1176 ro=1231 def=0 skip=True (60.0s)
Z12 grid_200           orders       seed 1: 1.43 mx=3 pen=12 acc=1188 ro=1243 def=0 skip=True (60.0s)
Z12 grid_200           orders       seed 2: 1.37 mx=3 pen=12 acc=1283 ro=1346 def=0 skip=True (60.0s)
Z12 grid_200           orders-audit seed 0: 1.14 mx=2 pen=58 acc=4 ro=2287 def=1 skip=False (60.1s)
Z12 grid_200           orders-audit seed 1: 1.17 mx=3 pen=58 acc=4 ro=2293 def=1 skip=False (60.1s)
Z12 grid_200           orders-audit seed 2: 1.175 mx=2 pen=58 acc=4 ro=2293 def=1 skip=False (60.0s)
Z12 honeycomb_200      default      seed 0: 1.1 mx=2 pen=0.0 acc=40 ro=None def=10 skip=False (60.1s)
Z12 honeycomb_200      default      seed 1: 1.085 mx=2 pen=0.0 acc=40 ro=None def=10 skip=False (60.1s)
Z12 honeycomb_200      default      seed 2: 1.08 mx=2 pen=0.0 acc=40 ro=None def=10 skip=False (60.0s)
Z12 honeycomb_200      orders       seed 0: 1.185 mx=2 pen=44 acc=1527 ro=1910 def=2 skip=False (60.0s)
Z12 honeycomb_200      orders       seed 1: 1.16 mx=2 pen=44 acc=1524 ro=1907 def=2 skip=False (60.1s)
Z12 honeycomb_200      orders       seed 2: 1.175 mx=2 pen=44 acc=1417 ro=1791 def=2 skip=False (60.0s)
Z12 honeycomb_200      orders-audit seed 0: 1.105 mx=2 pen=44 acc=0 ro=972 def=2 skip=False (60.0s)
Z12 honeycomb_200      orders-audit seed 1: 1.11 mx=2 pen=44 acc=0 ro=972 def=2 skip=False (60.0s)
Z12 honeycomb_200      orders-audit seed 2: 1.2 mx=2 pen=44 acc=0 ro=972 def=2 skip=False (60.0s)
Z12 king_graph_196     default      seed 0: 1.515 mx=3 pen=0.0 acc=76 ro=None def=20 skip=False (60.0s)
Z12 king_graph_196     default      seed 1: 1.546 mx=3 pen=0.0 acc=74 ro=None def=10 skip=False (60.1s)
Z12 king_graph_196     default      seed 2: 1.622 mx=3 pen=0.0 acc=74 ro=None def=10 skip=False (60.0s)
Z12 king_graph_196     orders       seed 0: 3.316 mx=6 pen=18 acc=663 ro=720 def=0 skip=True (60.0s)
Z12 king_graph_196     orders       seed 1: 2.531 mx=5 pen=18 acc=281 ro=306 def=0 skip=True (60.1s)
Z12 king_graph_196     orders       seed 2: 3.332 mx=7 pen=18 acc=624 ro=681 def=0 skip=True (60.1s)
Z12 king_graph_196     orders-audit seed 0: 2.061 mx=4 pen=26 acc=9 ro=379 def=0 skip=True (60.1s)
Z12 king_graph_196     orders-audit seed 1: 2.347 mx=5 pen=26 acc=9 ro=770 def=0 skip=True (60.1s)
Z12 king_graph_196     orders-audit seed 2: 1.954 mx=4 pen=26 acc=9 ro=770 def=0 skip=True (60.2s)

summary (mean ACL; d = arm - default, negative = wins):
Z12 K100               default=7.31(3) mx=8.0 | orders=7.397(3) mx=9.0 mes=20.0 d=+0.087 | orders-audit=7.467(3) mx=8.0 mes=22.0 d=+0.157
Z12 K140               default=9.886(3) mx=11.0 | orders=9.888(3) mx=11.0 mes=30.667 d=+0.002 | orders-audit=9.85(3) mx=11.0 mes=33.0 d=-0.036
Z12 ER100_d10          default=4.79(3) mx=8.333 | orders=5.62(3) mx=8.0 mes=18.0 d=+0.830 | orders-audit=5.31(3) mx=8.0 mes=20.0 d=+0.520
Z12 turan_n162         default=9.312(10) mx=15.0 | orders=6.0(10) mx=6.0 mes=21.0 d=-3.312 | orders-audit=6.0(10) mx=6.0 mes=22.0 d=-3.312
Z12 spin_glass_n163    default=11.125(3) mx=12.0 | orders=11.113(3) mx=12.333 mes=38.667 d=-0.012 | orders-audit=11.03(3) mx=12.0 mes=39.0 d=-0.095
Z12 regular_n316       default=2.742(3) mx=6.333 | orders=2.845(3) mx=6.667 mes=35.0 d=+0.103 | orders-audit=2.901(3) mx=6.333 mes=30.0 d=+0.159
Z12 ws_n486            default=2.571(10) mx=8.2 | orders=2.594(10) mx=8.3 mes=30.0 d=+0.023 | orders-audit=2.621(10) mx=8.4 mes=37.0 d=+0.050
Z12 grid_200           default=1.09(3) mx=2.0 | orders=1.562(3) mx=3.333 mes=9.0 d=+0.472 | orders-audit=1.162(3) mx=2.333 mes=5.0 d=+0.072
Z12 honeycomb_200      default=1.088(3) mx=2.0 | orders=1.173(3) mx=2.0 mes=6.0 d=+0.085 | orders-audit=1.138(3) mx=2.0 mes=6.0 d=+0.050
Z12 king_graph_196     default=1.561(3) mx=3.0 | orders=3.06(3) mx=6.0 mes=5.0 d=+1.499 | orders-audit=2.121(3) mx=4.333 mes=11.0 d=+0.560

BAR turan_n162/Z12: acl {'default': 9.312, 'orders': 6.0, 'orders-audit': 6.0} mx {'default': 15.0, 'orders': 6.0, 'orders-audit': 6.0}

BAR ws_n486/Z12: acl {'default': 2.571, 'orders': 2.594, 'orders-audit': 2.621} mx {'default': 8.2, 'orders': 8.3, 'orders-audit': 8.4}
BAR board: FAIL [('Z12', 'ER100_d10', 'orders', 0.83), ('Z12', 'ER100_d10', 'orders-audit', 0.52), ('Z12', 'grid_200', 'orders', 0.472), ('Z12', 'king_graph_196', 'orders', 1.499), ('Z12', 'king_graph_196', 'orders-audit', 0.56)]
load at end: (119.76416015625, 125.54345703125, 105.5576171875)
done-probe
