13 cells, 92 jobs; load (44.95458984375, 50.8232421875, 46.63525390625)
/data/max/ember/docs/paper2/data/order_probe2.py:73: DeprecationWarning: dwave-networkx is deprecated and will be replaced by dwave-graphs in Ocean 10. Most functionality previously provided by dwave-networkx is now available as part of dwave-graphs under the 'dwave.graphs' namespace.
  import dwave_networkx as dnx
/data/max/ember/docs/paper2/data/order_probe2.py:73: DeprecationWarning: dwave-networkx is deprecated and will be replaced by dwave-graphs in Ocean 10. Most functionality previously provided by dwave-networkx is now available as part of dwave-graphs under the 'dwave.graphs' namespace.
  import dwave_networkx as dnx
/data/max/ember/docs/paper2/data/order_probe2.py:73: DeprecationWarning: dwave-networkx is deprecated and will be replaced by dwave-graphs in Ocean 10. Most functionality previously provided by dwave-networkx is now available as part of dwave-graphs under the 'dwave.graphs' namespace.
  import dwave_networkx as dnx
/data/max/ember/docs/paper2/data/order_probe2.py:73: DeprecationWarning: dwave-networkx is deprecated and will be replaced by dwave-graphs in Ocean 10. Most functionality previously provided by dwave-networkx is now available as part of dwave-graphs under the 'dwave.graphs' namespace.
  import dwave_networkx as dnx
/data/max/ember/docs/paper2/data/order_probe2.py:73: DeprecationWarning: dwave-networkx is deprecated and will be replaced by dwave-graphs in Ocean 10. Most functionality previously provided by dwave-networkx is now available as part of dwave-graphs under the 'dwave.graphs' namespace.
  import dwave_networkx as dnx
/data/max/ember/docs/paper2/data/order_probe2.py:73: DeprecationWarning: dwave-networkx is deprecated and will be replaced by dwave-graphs in Ocean 10. Most functionality previously provided by dwave-networkx is now available as part of dwave-graphs under the 'dwave.graphs' namespace.
  import dwave_networkx as dnx
/data/max/ember/docs/paper2/data/order_probe2.py:73: DeprecationWarning: dwave-networkx is deprecated and will be replaced by dwave-graphs in Ocean 10. Most functionality previously provided by dwave-networkx is now available as part of dwave-graphs under the 'dwave.graphs' namespace.
  import dwave_networkx as dnx
/data/max/ember/docs/paper2/data/order_probe2.py:73: DeprecationWarning: dwave-networkx is deprecated and will be replaced by dwave-graphs in Ocean 10. Most functionality previously provided by dwave-networkx is now available as part of dwave-graphs under the 'dwave.graphs' namespace.
  import dwave_networkx as dnx
/data/max/ember/docs/paper2/data/order_probe2.py:73: DeprecationWarning: dwave-networkx is deprecated and will be replaced by dwave-graphs in Ocean 10. Most functionality previously provided by dwave-networkx is now available as part of dwave-graphs under the 'dwave.graphs' namespace.
  import dwave_networkx as dnx
/data/max/ember/docs/paper2/data/order_probe2.py:73: DeprecationWarning: dwave-networkx is deprecated and will be replaced by dwave-graphs in Ocean 10. Most functionality previously provided by dwave-networkx is now available as part of dwave-graphs under the 'dwave.graphs' namespace.
  import dwave_networkx as dnx
/data/max/ember/docs/paper2/data/order_probe2.py:73: DeprecationWarning: dwave-networkx is deprecated and will be replaced by dwave-graphs in Ocean 10. Most functionality previously provided by dwave-networkx is now available as part of dwave-graphs under the 'dwave.graphs' namespace.
  import dwave_networkx as dnx
/data/max/ember/docs/paper2/data/order_probe2.py:73: DeprecationWarning: dwave-networkx is deprecated and will be replaced by dwave-graphs in Ocean 10. Most functionality previously provided by dwave-networkx is now available as part of dwave-graphs under the 'dwave.graphs' namespace.
  import dwave_networkx as dnx
/data/max/ember/docs/paper2/data/order_probe2.py:73: DeprecationWarning: dwave-networkx is deprecated and will be replaced by dwave-graphs in Ocean 10. Most functionality previously provided by dwave-networkx is now available as part of dwave-graphs under the 'dwave.graphs' namespace.
  import dwave_networkx as dnx
/data/max/ember/docs/paper2/data/order_probe2.py:73: DeprecationWarning: dwave-networkx is deprecated and will be replaced by dwave-graphs in Ocean 10. Most functionality previously provided by dwave-networkx is now available as part of dwave-graphs under the 'dwave.graphs' namespace.
  import dwave_networkx as dnx
/data/max/ember/docs/paper2/data/order_probe2.py:73: DeprecationWarning: dwave-networkx is deprecated and will be replaced by dwave-graphs in Ocean 10. Most functionality previously provided by dwave-networkx is now available as part of dwave-graphs under the 'dwave.graphs' namespace.
  import dwave_networkx as dnx
/data/max/ember/docs/paper2/data/order_probe2.py:73: DeprecationWarning: dwave-networkx is deprecated and will be replaced by dwave-graphs in Ocean 10. Most functionality previously provided by dwave-networkx is now available as part of dwave-graphs under the 'dwave.graphs' namespace.
  import dwave_networkx as dnx
/data/max/ember/docs/paper2/data/order_probe2.py:73: DeprecationWarning: dwave-networkx is deprecated and will be replaced by dwave-graphs in Ocean 10. Most functionality previously provided by dwave-networkx is now available as part of dwave-graphs under the 'dwave.graphs' namespace.
  import dwave_networkx as dnx
/data/max/ember/docs/paper2/data/order_probe2.py:73: DeprecationWarning: dwave-networkx is deprecated and will be replaced by dwave-graphs in Ocean 10. Most functionality previously provided by dwave-networkx is now available as part of dwave-graphs under the 'dwave.graphs' namespace.
  import dwave_networkx as dnx
/data/max/ember/docs/paper2/data/order_probe2.py:73: DeprecationWarning: dwave-networkx is deprecated and will be replaced by dwave-graphs in Ocean 10. Most functionality previously provided by dwave-networkx is now available as part of dwave-graphs under the 'dwave.graphs' namespace.
  import dwave_networkx as dnx
/data/max/ember/docs/paper2/data/order_probe2.py:73: DeprecationWarning: dwave-networkx is deprecated and will be replaced by dwave-graphs in Ocean 10. Most functionality previously provided by dwave-networkx is now available as part of dwave-graphs under the 'dwave.graphs' namespace.
  import dwave_networkx as dnx
/data/max/ember/docs/paper2/data/order_probe2.py:73: DeprecationWarning: dwave-networkx is deprecated and will be replaced by dwave-graphs in Ocean 10. Most functionality previously provided by dwave-networkx is now available as part of dwave-graphs under the 'dwave.graphs' namespace.
  import dwave_networkx as dnx
/data/max/ember/docs/paper2/data/order_probe2.py:73: DeprecationWarning: dwave-networkx is deprecated and will be replaced by dwave-graphs in Ocean 10. Most functionality previously provided by dwave-networkx is now available as part of dwave-graphs under the 'dwave.graphs' namespace.
  import dwave_networkx as dnx
/data/max/ember/docs/paper2/data/order_probe2.py:73: DeprecationWarning: dwave-networkx is deprecated and will be replaced by dwave-graphs in Ocean 10. Most functionality previously provided by dwave-networkx is now available as part of dwave-graphs under the 'dwave.graphs' namespace.
  import dwave_networkx as dnx
/data/max/ember/docs/paper2/data/order_probe2.py:73: DeprecationWarning: dwave-networkx is deprecated and will be replaced by dwave-graphs in Ocean 10. Most functionality previously provided by dwave-networkx is now available as part of dwave-graphs under the 'dwave.graphs' namespace.
  import dwave_networkx as dnx
Z12 K100               default  seed 0: 7.79 mx=10 E=1169.0 skip=True (27.9s)
Z12 K100               default  seed 1: 7.79 mx=10 E=1169.0 skip=True (24.6s)
Z12 K100               default  seed 2: 7.79 mx=10 E=1169.0 skip=True (31.4s)
Z12 K100               order    seed 0: 7.84 mx=9 E=1181.0 skip=True (35.8s)
Z12 K100               order    seed 1: 7.84 mx=9 E=1181.0 skip=True (28.4s)
Z12 K100               order    seed 2: 7.84 mx=9 E=1181.0 skip=True (38.7s)
Z12 K140               default  seed 0: 10.521 mx=12 E=2389.0 skip=True (62.0s)
Z12 K140               default  seed 1: 10.521 mx=12 E=2389.0 skip=True (60.3s)
Z12 K140               default  seed 2: 10.521 mx=12 E=2389.0 skip=True (64.4s)
Z12 K140               order    seed 0: 10.229 mx=11 E=2345.0 skip=True (67.4s)
Z12 K140               order    seed 1: 10.229 mx=11 E=2345.0 skip=True (65.9s)
Z12 K140               order    seed 2: 10.229 mx=11 E=2345.0 skip=True (64.1s)
Z12 ER100_d10          default  seed 0: 4.68 mx=8 E=68.8 skip=False (9.0s)
Z12 ER100_d10          default  seed 1: 4.78 mx=8 E=68.8 skip=False (10.5s)
Z12 ER100_d10          default  seed 2: 4.97 mx=9 E=68.8 skip=False (7.6s)
Z12 ER100_d10          order    seed 0: 4.66 mx=8 E=845.0 skip=False (5.1s)
Z12 ER100_d10          order    seed 1: 5.06 mx=9 E=845.0 skip=False (3.0s)
Z12 ER100_d10          order    seed 2: 4.75 mx=8 E=845.0 skip=False (4.6s)
Z12 turan_n162         default  seed 0: 6.772 mx=8 E=2551.3 skip=True (51.7s)
Z12 turan_n162         default  seed 1: 6.772 mx=8 E=2659.2 skip=True (50.1s)
Z12 turan_n162         default  seed 2: 6.802 mx=8 E=2551.3 skip=True (57.1s)
Z12 turan_n162         default  seed 3: 7.0 mx=8 E=2551.3 skip=True (49.9s)
Z12 turan_n162         default  seed 4: 7.0 mx=8 E=2551.3 skip=True (48.6s)
Z12 turan_n162         default  seed 5: 6.796 mx=8 E=2659.2 skip=True (61.1s)
Z12 turan_n162         default  seed 6: 6.753 mx=8 E=2551.3 skip=True (51.4s)
Z12 turan_n162         default  seed 7: 6.778 mx=8 E=2659.2 skip=True (40.4s)
Z12 turan_n162         default  seed 8: 6.772 mx=8 E=2659.2 skip=True (61.2s)
Z12 turan_n162         default  seed 9: 6.809 mx=8 E=2551.3 skip=True (60.8s)
Z12 turan_n162         order    seed 0: 6.0 mx=6 E=1736.0 skip=True (39.2s)
Z12 turan_n162         order    seed 1: 6.0 mx=6 E=2126.0 skip=True (53.4s)
Z12 turan_n162         order    seed 2: 6.0 mx=6 E=1736.0 skip=True (38.5s)
Z12 turan_n162         order    seed 3: 6.0 mx=6 E=1736.0 skip=True (40.6s)
Z12 turan_n162         order    seed 4: 6.0 mx=6 E=1736.0 skip=True (39.5s)
Z12 turan_n162         order    seed 5: 6.0 mx=6 E=2126.0 skip=True (47.6s)
Z12 turan_n162         order    seed 6: 6.0 mx=6 E=1736.0 skip=True (40.8s)
Z12 turan_n162         order    seed 7: 6.0 mx=6 E=2126.0 skip=True (52.2s)
Z12 turan_n162         order    seed 8: 6.228 mx=7 E=2126.0 skip=True (43.8s)
Z12 turan_n162         order    seed 9: 6.0 mx=6 E=1736.0 skip=True (41.8s)
Z12 spin_glass_n163    default  seed 0: 12.006 mx=17 E=3060.5 skip=False (29.4s)
Z12 spin_glass_n163    default  seed 1: 12.012 mx=17 E=3060.5 skip=False (27.3s)
Z12 spin_glass_n163    default  seed 2: 12.031 mx=16 E=3060.5 skip=False (36.6s)
Z12 spin_glass_n163    order    seed 0: 11.417 mx=13 E=3136.0 skip=True (34.5s)
Z12 spin_glass_n163    order    seed 1: 11.417 mx=13 E=3136.0 skip=True (34.0s)
Z12 spin_glass_n163    order    seed 2: 11.417 mx=13 E=3136.0 skip=True (33.9s)
Z12 regular_n316       default  seed 0: 2.854 mx=7 E=1779.2 skip=False (16.0s)
Z12 regular_n316       default  seed 1: 2.601 mx=6 E=1779.2 skip=False (17.2s)
Z12 regular_n316       default  seed 2: 2.611 mx=6 E=1779.2 skip=False (18.4s)
Z12 regular_n316       order    seed 0: 2.927 mx=8 E=2061.0 skip=False (10.6s)
Z12 regular_n316       order    seed 1: 2.769 mx=6 E=2061.0 skip=False (12.4s)
Z12 regular_n316       order    seed 2: 2.864 mx=7 E=2061.0 skip=False (11.7s)
Z12 ws_n486            default  seed 0: 2.685 mx=9 E=2316.1 skip=False (32.7s)
Z12 ws_n486            default  seed 1: 2.549 mx=9 E=2313.8 skip=False (33.1s)
Z12 ws_n486            default  seed 2: 2.673 mx=10 E=2313.8 skip=False (33.0s)
Z12 ws_n486            order    seed 0: 2.846 mx=9 E=8992.0 skip=False (32.7s)
Z12 ws_n486            order    seed 1: 3.381 mx=12 E=8997.0 skip=False (32.1s)
Z12 ws_n486            order    seed 2: 2.893 mx=10 E=8997.0 skip=False (32.7s)
Z12 grid_200           default  seed 0: 1.455 mx=3 E=431.5 skip=False (3.8s)
Z12 grid_200           default  seed 1: 1.405 mx=3 E=431.5 skip=False (3.8s)
Z12 grid_200           default  seed 2: 1.37 mx=3 E=431.5 skip=False (4.5s)
Z12 grid_200           order    seed 0: 1.09 mx=2 E=307.0 skip=False (9.1s)
Z12 grid_200           order    seed 1: 1.145 mx=2 E=307.0 skip=False (8.0s)
Z12 grid_200           order    seed 2: 1.13 mx=2 E=307.0 skip=False (8.1s)
Z12 honeycomb_200      default  seed 0: 1.915 mx=4 E=762.4 skip=False (4.2s)
Z12 honeycomb_200      default  seed 1: 1.775 mx=3 E=762.4 skip=False (4.6s)
Z12 honeycomb_200      default  seed 2: 1.73 mx=3 E=762.4 skip=False (4.3s)
Z12 honeycomb_200      order    seed 0: 1.085 mx=2 E=283.0 skip=False (5.8s)
Z12 honeycomb_200      order    seed 1: 1.09 mx=2 E=283.0 skip=False (5.0s)
Z12 honeycomb_200      order    seed 2: 1.095 mx=2 E=283.0 skip=False (4.7s)
Z12 king_graph_196     default  seed 0: 2.357 mx=5 E=672.2 skip=False (6.5s)
Z12 king_graph_196     default  seed 1: 2.194 mx=5 E=672.2 skip=False (7.2s)
Z12 king_graph_196     default  seed 2: 2.531 mx=6 E=672.2 skip=False (4.6s)
Z12 king_graph_196     order    seed 0: 1.561 mx=3 E=411.0 skip=False (9.0s)
Z12 king_graph_196     order    seed 1: 1.531 mx=3 E=411.0 skip=False (9.7s)
Z12 king_graph_196     order    seed 2: 1.495 mx=2 E=411.0 skip=False (9.7s)
P16 K100               default  seed 0: 12.68 mx=20 E=1014.9 skip=None (33.7s)
P16 K100               default  seed 1: 13.7 mx=20 E=1014.9 skip=None (60.5s)
P16 K100               default  seed 2: 13.61 mx=21 E=1014.9 skip=None (30.2s)
P16 K100               order    seed 0: 11.23 mx=16 E=764.0 skip=None (29.2s)
P16 K100               order    seed 1: 11.51 mx=17 E=764.0 skip=None (28.1s)
P16 K100               order    seed 2: 11.65 mx=17 E=764.0 skip=None (56.0s)
P16 turan_n162         default  seed 0: 7.815 mx=8 E=1631.1 skip=None (56.0s)
P16 turan_n162         default  seed 1: 8.0 mx=8 E=1631.1 skip=None (60.4s)
P16 turan_n162         default  seed 2: 8.0 mx=8 E=1631.1 skip=None (60.1s)
P16 turan_n162         order    seed 0: 7.654 mx=8 E=1130.0 skip=None (51.1s)
P16 turan_n162         order    seed 1: 7.654 mx=8 E=1130.0 skip=None (51.9s)
P16 turan_n162         order    seed 2: 7.654 mx=8 E=1130.0 skip=None (51.0s)
P16 ws_n486            default  seed 0: 3.652 mx=15 E=427.4 skip=None (15.6s)
P16 ws_n486            default  seed 1: 3.967 mx=19 E=448.9 skip=None (20.7s)
P16 ws_n486            default  seed 2: 3.767 mx=18 E=448.9 skip=None (30.0s)
P16 ws_n486            order    seed 0: 3.191 mx=12 E=2683.0 skip=None (34.7s)
P16 ws_n486            order    seed 1: 3.502 mx=13 E=2472.0 skip=None (33.2s)
P16 ws_n486            order    seed 2: 3.309 mx=13 E=2683.0 skip=None (33.2s)

summary (mean ACL; d = order - default, negative = wins):
Z12 K100               default=7.79(3) order=7.84(3) mx 10.0->9.0 t 27.967->34.3s d=+0.050
Z12 K140               default=10.521(3) order=10.229(3) mx 12.0->11.0 t 62.233->65.8s d=-0.292
Z12 ER100_d10          default=4.81(3) order=4.823(3) mx 8.333->8.333 t 9.033->4.233s d=+0.013
Z12 turan_n162         default=6.825(10) order=6.023(10) mx 8.0->6.1 t 53.23->43.74s d=-0.802
Z12 spin_glass_n163    default=12.016(3) order=11.417(3) mx 16.667->13.0 t 31.1->34.133s d=-0.599
Z12 regular_n316       default=2.689(3) order=2.853(3) mx 6.333->7.0 t 17.2->11.567s d=+0.164
Z12 ws_n486            default=2.636(3) order=3.04(3) mx 9.333->10.333 t 32.933->32.5s d=+0.404
Z12 grid_200           default=1.41(3) order=1.122(3) mx 3.0->2.0 t 4.033->8.4s d=-0.288
Z12 honeycomb_200      default=1.807(3) order=1.09(3) mx 3.333->2.0 t 4.367->5.167s d=-0.717
Z12 king_graph_196     default=2.361(3) order=1.529(3) mx 5.333->2.667 t 6.1->9.467s d=-0.832
P16 K100               default=13.33(3) order=11.463(3) mx 20.333->16.667 t 41.467->37.767s d=-1.867
P16 turan_n162         default=7.938(3) order=7.654(3) mx 8.0->8.0 t 58.833->51.333s d=-0.284
P16 ws_n486            default=3.795(3) order=3.334(3) mx 17.333->12.667 t 22.1->33.7s d=-0.461
load at end: (63.26708984375, 58.11474609375, 50.08935546875)
done-probe
