13 cells, 92 jobs; load (44.3623046875, 43.74267578125, 41.29833984375)
/data/max/ember/docs/paper2/data/order_probe.py:69: DeprecationWarning: dwave-networkx is deprecated and will be replaced by dwave-graphs in Ocean 10. Most functionality previously provided by dwave-networkx is now available as part of dwave-graphs under the 'dwave.graphs' namespace.
  import dwave_networkx as dnx
/data/max/ember/docs/paper2/data/order_probe.py:69: DeprecationWarning: dwave-networkx is deprecated and will be replaced by dwave-graphs in Ocean 10. Most functionality previously provided by dwave-networkx is now available as part of dwave-graphs under the 'dwave.graphs' namespace.
  import dwave_networkx as dnx
/data/max/ember/docs/paper2/data/order_probe.py:69: DeprecationWarning: dwave-networkx is deprecated and will be replaced by dwave-graphs in Ocean 10. Most functionality previously provided by dwave-networkx is now available as part of dwave-graphs under the 'dwave.graphs' namespace.
  import dwave_networkx as dnx
/data/max/ember/docs/paper2/data/order_probe.py:69: DeprecationWarning: dwave-networkx is deprecated and will be replaced by dwave-graphs in Ocean 10. Most functionality previously provided by dwave-networkx is now available as part of dwave-graphs under the 'dwave.graphs' namespace.
  import dwave_networkx as dnx
/data/max/ember/docs/paper2/data/order_probe.py:69: DeprecationWarning: dwave-networkx is deprecated and will be replaced by dwave-graphs in Ocean 10. Most functionality previously provided by dwave-networkx is now available as part of dwave-graphs under the 'dwave.graphs' namespace.
  import dwave_networkx as dnx
/data/max/ember/docs/paper2/data/order_probe.py:69: DeprecationWarning: dwave-networkx is deprecated and will be replaced by dwave-graphs in Ocean 10. Most functionality previously provided by dwave-networkx is now available as part of dwave-graphs under the 'dwave.graphs' namespace.
  import dwave_networkx as dnx
/data/max/ember/docs/paper2/data/order_probe.py:69: DeprecationWarning: dwave-networkx is deprecated and will be replaced by dwave-graphs in Ocean 10. Most functionality previously provided by dwave-networkx is now available as part of dwave-graphs under the 'dwave.graphs' namespace.
  import dwave_networkx as dnx
/data/max/ember/docs/paper2/data/order_probe.py:69: DeprecationWarning: dwave-networkx is deprecated and will be replaced by dwave-graphs in Ocean 10. Most functionality previously provided by dwave-networkx is now available as part of dwave-graphs under the 'dwave.graphs' namespace.
  import dwave_networkx as dnx
/data/max/ember/docs/paper2/data/order_probe.py:69: DeprecationWarning: dwave-networkx is deprecated and will be replaced by dwave-graphs in Ocean 10. Most functionality previously provided by dwave-networkx is now available as part of dwave-graphs under the 'dwave.graphs' namespace.
  import dwave_networkx as dnx
/data/max/ember/docs/paper2/data/order_probe.py:69: DeprecationWarning: dwave-networkx is deprecated and will be replaced by dwave-graphs in Ocean 10. Most functionality previously provided by dwave-networkx is now available as part of dwave-graphs under the 'dwave.graphs' namespace.
  import dwave_networkx as dnx
/data/max/ember/docs/paper2/data/order_probe.py:69: DeprecationWarning: dwave-networkx is deprecated and will be replaced by dwave-graphs in Ocean 10. Most functionality previously provided by dwave-networkx is now available as part of dwave-graphs under the 'dwave.graphs' namespace.
  import dwave_networkx as dnx
/data/max/ember/docs/paper2/data/order_probe.py:69: DeprecationWarning: dwave-networkx is deprecated and will be replaced by dwave-graphs in Ocean 10. Most functionality previously provided by dwave-networkx is now available as part of dwave-graphs under the 'dwave.graphs' namespace.
  import dwave_networkx as dnx
/data/max/ember/docs/paper2/data/order_probe.py:69: DeprecationWarning: dwave-networkx is deprecated and will be replaced by dwave-graphs in Ocean 10. Most functionality previously provided by dwave-networkx is now available as part of dwave-graphs under the 'dwave.graphs' namespace.
  import dwave_networkx as dnx
/data/max/ember/docs/paper2/data/order_probe.py:69: DeprecationWarning: dwave-networkx is deprecated and will be replaced by dwave-graphs in Ocean 10. Most functionality previously provided by dwave-networkx is now available as part of dwave-graphs under the 'dwave.graphs' namespace.
  import dwave_networkx as dnx
/data/max/ember/docs/paper2/data/order_probe.py:69: DeprecationWarning: dwave-networkx is deprecated and will be replaced by dwave-graphs in Ocean 10. Most functionality previously provided by dwave-networkx is now available as part of dwave-graphs under the 'dwave.graphs' namespace.
  import dwave_networkx as dnx
/data/max/ember/docs/paper2/data/order_probe.py:69: DeprecationWarning: dwave-networkx is deprecated and will be replaced by dwave-graphs in Ocean 10. Most functionality previously provided by dwave-networkx is now available as part of dwave-graphs under the 'dwave.graphs' namespace.
  import dwave_networkx as dnx
/data/max/ember/docs/paper2/data/order_probe.py:69: DeprecationWarning: dwave-networkx is deprecated and will be replaced by dwave-graphs in Ocean 10. Most functionality previously provided by dwave-networkx is now available as part of dwave-graphs under the 'dwave.graphs' namespace.
  import dwave_networkx as dnx
/data/max/ember/docs/paper2/data/order_probe.py:69: DeprecationWarning: dwave-networkx is deprecated and will be replaced by dwave-graphs in Ocean 10. Most functionality previously provided by dwave-networkx is now available as part of dwave-graphs under the 'dwave.graphs' namespace.
  import dwave_networkx as dnx
/data/max/ember/docs/paper2/data/order_probe.py:69: DeprecationWarning: dwave-networkx is deprecated and will be replaced by dwave-graphs in Ocean 10. Most functionality previously provided by dwave-networkx is now available as part of dwave-graphs under the 'dwave.graphs' namespace.
  import dwave_networkx as dnx
/data/max/ember/docs/paper2/data/order_probe.py:69: DeprecationWarning: dwave-networkx is deprecated and will be replaced by dwave-graphs in Ocean 10. Most functionality previously provided by dwave-networkx is now available as part of dwave-graphs under the 'dwave.graphs' namespace.
  import dwave_networkx as dnx
/data/max/ember/docs/paper2/data/order_probe.py:69: DeprecationWarning: dwave-networkx is deprecated and will be replaced by dwave-graphs in Ocean 10. Most functionality previously provided by dwave-networkx is now available as part of dwave-graphs under the 'dwave.graphs' namespace.
  import dwave_networkx as dnx
/data/max/ember/docs/paper2/data/order_probe.py:69: DeprecationWarning: dwave-networkx is deprecated and will be replaced by dwave-graphs in Ocean 10. Most functionality previously provided by dwave-networkx is now available as part of dwave-graphs under the 'dwave.graphs' namespace.
  import dwave_networkx as dnx
/data/max/ember/docs/paper2/data/order_probe.py:69: DeprecationWarning: dwave-networkx is deprecated and will be replaced by dwave-graphs in Ocean 10. Most functionality previously provided by dwave-networkx is now available as part of dwave-graphs under the 'dwave.graphs' namespace.
  import dwave_networkx as dnx
/data/max/ember/docs/paper2/data/order_probe.py:69: DeprecationWarning: dwave-networkx is deprecated and will be replaced by dwave-graphs in Ocean 10. Most functionality previously provided by dwave-networkx is now available as part of dwave-graphs under the 'dwave.graphs' namespace.
  import dwave_networkx as dnx
Z12 K100               default  seed 0: 7.79 mx=10 E=1169.0 skip=True (28.5s)
Z12 K100               default  seed 1: 7.79 mx=10 E=1169.0 skip=True (23.7s)
Z12 K100               default  seed 2: 7.79 mx=10 E=1169.0 skip=True (27.0s)
Z12 K100               order    seed 0: 7.84 mx=9 E=1181.0 skip=True (28.5s)
Z12 K100               order    seed 1: 7.84 mx=9 E=1181.0 skip=True (28.4s)
Z12 K100               order    seed 2: 7.84 mx=9 E=1181.0 skip=True (40.7s)
Z12 K140               default  seed 0: 10.521 mx=12 E=2389.0 skip=True (69.7s)
Z12 K140               default  seed 1: 10.521 mx=12 E=2389.0 skip=True (65.4s)
Z12 K140               default  seed 2: 10.521 mx=12 E=2389.0 skip=True (60.9s)
Z12 K140               order    seed 0: 10.229 mx=11 E=2345.0 skip=True (60.4s)
Z12 K140               order    seed 1: 10.229 mx=11 E=2345.0 skip=True (73.9s)
Z12 K140               order    seed 2: 10.229 mx=11 E=2345.0 skip=True (66.7s)
Z12 ER100_d10          default  seed 0: 4.68 mx=8 E=68.8 skip=False (8.8s)
Z12 ER100_d10          default  seed 1: 4.78 mx=8 E=68.8 skip=False (7.8s)
Z12 ER100_d10          default  seed 2: 4.97 mx=9 E=68.8 skip=False (5.7s)
Z12 ER100_d10          order    seed 0: 4.66 mx=8 E=845.0 skip=False (4.7s)
Z12 ER100_d10          order    seed 1: 5.06 mx=9 E=845.0 skip=False (3.5s)
Z12 ER100_d10          order    seed 2: 4.75 mx=8 E=845.0 skip=False (4.8s)
Z12 turan_n162         default  seed 0: 6.772 mx=8 E=2551.3 skip=True (55.3s)
Z12 turan_n162         default  seed 1: 6.772 mx=8 E=2659.2 skip=True (42.8s)
Z12 turan_n162         default  seed 2: 6.802 mx=8 E=2551.3 skip=True (63.2s)
Z12 turan_n162         default  seed 3: 7.0 mx=8 E=2551.3 skip=True (47.6s)
Z12 turan_n162         default  seed 4: 7.0 mx=8 E=2551.3 skip=True (50.3s)
Z12 turan_n162         default  seed 5: 6.796 mx=8 E=2659.2 skip=True (60.4s)
Z12 turan_n162         default  seed 6: 6.753 mx=8 E=2551.3 skip=True (53.6s)
Z12 turan_n162         default  seed 7: 6.778 mx=8 E=2659.2 skip=True (42.6s)
Z12 turan_n162         default  seed 8: 6.772 mx=8 E=2659.2 skip=True (62.0s)
Z12 turan_n162         default  seed 9: 6.809 mx=8 E=2551.3 skip=True (64.0s)
Z12 turan_n162         order    seed 0: 6.0 mx=6 E=1736.0 skip=True (41.2s)
Z12 turan_n162         order    seed 1: 6.0 mx=6 E=2126.0 skip=True (44.0s)
Z12 turan_n162         order    seed 2: 6.0 mx=6 E=1736.0 skip=True (44.0s)
Z12 turan_n162         order    seed 3: 6.0 mx=6 E=1736.0 skip=True (51.4s)
Z12 turan_n162         order    seed 4: 6.0 mx=6 E=1736.0 skip=True (47.0s)
Z12 turan_n162         order    seed 5: 6.0 mx=6 E=2126.0 skip=True (55.0s)
Z12 turan_n162         order    seed 6: 6.0 mx=6 E=1736.0 skip=True (52.0s)
Z12 turan_n162         order    seed 7: 6.0 mx=6 E=2126.0 skip=True (57.9s)
Z12 turan_n162         order    seed 8: 6.228 mx=7 E=2126.0 skip=True (50.6s)
Z12 turan_n162         order    seed 9: 6.0 mx=6 E=1736.0 skip=True (48.4s)
Z12 spin_glass_n163    default  seed 0: 12.006 mx=17 E=3060.5 skip=False (41.3s)
Z12 spin_glass_n163    default  seed 1: 12.012 mx=17 E=3060.5 skip=False (35.7s)
Z12 spin_glass_n163    default  seed 2: 12.031 mx=16 E=3060.5 skip=False (41.4s)
Z12 spin_glass_n163    order    seed 0: 11.417 mx=13 E=3136.0 skip=True (43.9s)
Z12 spin_glass_n163    order    seed 1: 11.417 mx=13 E=3136.0 skip=True (41.6s)
Z12 spin_glass_n163    order    seed 2: 11.417 mx=13 E=3136.0 skip=True (40.4s)
Z12 regular_n316       default  seed 0: 2.854 mx=7 E=1779.2 skip=False (23.7s)
Z12 regular_n316       default  seed 1: 2.601 mx=6 E=1779.2 skip=False (27.7s)
Z12 regular_n316       default  seed 2: 2.611 mx=6 E=1779.2 skip=False (24.2s)
Z12 regular_n316       order    seed 0: 2.927 mx=8 E=2061.0 skip=False (18.2s)
Z12 regular_n316       order    seed 1: 2.769 mx=6 E=2061.0 skip=False (17.2s)
Z12 regular_n316       order    seed 2: 2.864 mx=7 E=2061.0 skip=False (17.9s)
Z12 ws_n486            default  seed 0: 2.73 mx=9 E=2343.2 skip=False (32.9s)
Z12 ws_n486            default  seed 1: 2.805 mx=12 E=2343.2 skip=False (33.1s)
Z12 ws_n486            default  seed 2: 2.846 mx=11 E=2316.1 skip=False (33.2s)
Z12 ws_n486            order    seed 0: 3.342 mx=11 E=8997.0 skip=False (32.8s)
Z12 ws_n486            order    seed 1: 3.082 mx=10 E=8992.0 skip=False (32.6s)
Z12 ws_n486            order    seed 2: 2.893 mx=10 E=8997.0 skip=False (33.9s)
Z12 grid_200           default  seed 0: 1.455 mx=3 E=431.5 skip=False (3.7s)
Z12 grid_200           default  seed 1: 1.405 mx=3 E=431.5 skip=False (3.8s)
Z12 grid_200           default  seed 2: 1.37 mx=3 E=431.5 skip=False (4.7s)
Z12 grid_200           order    seed 0: 1.09 mx=2 E=307.0 skip=False (8.0s)
Z12 grid_200           order    seed 1: 1.145 mx=2 E=307.0 skip=False (7.7s)
Z12 grid_200           order    seed 2: 1.13 mx=2 E=307.0 skip=False (7.0s)
Z12 honeycomb_200      default  seed 0: 1.915 mx=4 E=762.4 skip=False (4.1s)
Z12 honeycomb_200      default  seed 1: 1.775 mx=3 E=762.4 skip=False (4.5s)
Z12 honeycomb_200      default  seed 2: 1.73 mx=3 E=762.4 skip=False (4.5s)
Z12 honeycomb_200      order    seed 0: 1.085 mx=2 E=283.0 skip=False (4.8s)
Z12 honeycomb_200      order    seed 1: 1.09 mx=2 E=283.0 skip=False (4.8s)
Z12 honeycomb_200      order    seed 2: 1.095 mx=2 E=283.0 skip=False (4.2s)
Z12 king_graph_196     default  seed 0: 2.357 mx=5 E=672.2 skip=False (4.7s)
Z12 king_graph_196     default  seed 1: 2.194 mx=5 E=672.2 skip=False (4.7s)
Z12 king_graph_196     default  seed 2: 2.531 mx=6 E=672.2 skip=False (4.6s)
Z12 king_graph_196     order    seed 0: 1.561 mx=3 E=411.0 skip=False (8.1s)
Z12 king_graph_196     order    seed 1: 1.531 mx=3 E=411.0 skip=False (8.4s)
Z12 king_graph_196     order    seed 2: 1.495 mx=2 E=411.0 skip=False (9.2s)
P16 K100               default  seed 0: 12.68 mx=20 E=1014.9 skip=None (31.2s)
P16 K100               default  seed 1: 14.1 mx=21 E=1014.9 skip=None (60.7s)
P16 K100               default  seed 2: 13.61 mx=21 E=1014.9 skip=None (28.3s)
P16 K100               order    seed 0: 12.37 mx=17 E=765.0 skip=None (60.3s)
P16 K100               order    seed 1: 12.69 mx=18 E=765.0 skip=None (60.2s)
P16 K100               order    seed 2: 11.98 mx=19 E=765.0 skip=None (24.0s)
P16 turan_n162         default  seed 0: 7.815 mx=8 E=1631.1 skip=None (62.5s)
P16 turan_n162         default  seed 1: 8.0 mx=8 E=1631.1 skip=None (64.5s)
P16 turan_n162         default  seed 2: 8.0 mx=8 E=1631.1 skip=None (63.1s)
P16 turan_n162         order    seed 0: 12.414 mx=28 E=1061.0 skip=None (61.6s)
P16 turan_n162         order    seed 1: 13.488 mx=34 E=1061.0 skip=None (60.8s)
P16 turan_n162         order    seed 2: 13.364 mx=31 E=1061.0 skip=None (62.9s)
P16 ws_n486            default  seed 0: 3.979 mx=18 E=419.5 skip=None (22.3s)
P16 ws_n486            default  seed 1: 3.967 mx=19 E=448.9 skip=None (21.4s)
P16 ws_n486            default  seed 2: 3.578 mx=14 E=419.5 skip=None (26.7s)
P16 ws_n486            order    seed 0: 4.932 mx=18 E=0.0 skip=None (35.7s)
P16 ws_n486            order    seed 1: 3.899 mx=15 E=0.0 skip=None (38.2s)
P16 ws_n486            order    seed 2: 4.465 mx=19 E=0.0 skip=None (35.6s)

summary (mean ACL; d = order - default, negative = wins):
Z12 K100               default=7.79(3) order=7.84(3) mx 10.0->9.0 t 26.4->32.533s d=+0.050
Z12 K140               default=10.521(3) order=10.229(3) mx 12.0->11.0 t 65.333->67.0s d=-0.292
Z12 ER100_d10          default=4.81(3) order=4.823(3) mx 8.333->8.333 t 7.433->4.333s d=+0.013
Z12 turan_n162         default=6.825(10) order=6.023(10) mx 8.0->6.1 t 54.18->49.15s d=-0.802
Z12 spin_glass_n163    default=12.016(3) order=11.417(3) mx 16.667->13.0 t 39.467->41.967s d=-0.599
Z12 regular_n316       default=2.689(3) order=2.853(3) mx 6.333->7.0 t 25.2->17.767s d=+0.164
Z12 ws_n486            default=2.794(3) order=3.106(3) mx 10.667->10.333 t 33.067->33.1s d=+0.312
Z12 grid_200           default=1.41(3) order=1.122(3) mx 3.0->2.0 t 4.067->7.567s d=-0.288
Z12 honeycomb_200      default=1.807(3) order=1.09(3) mx 3.333->2.0 t 4.367->4.6s d=-0.717
Z12 king_graph_196     default=2.361(3) order=1.529(3) mx 5.333->2.667 t 4.667->8.567s d=-0.832
P16 K100               default=13.463(3) order=12.347(3) mx 20.667->18.0 t 40.067->48.167s d=-1.116
P16 turan_n162         default=7.938(3) order=13.089(3) mx 8.0->31.0 t 63.367->61.767s d=+5.151
P16 ws_n486            default=3.841(3) order=4.432(3) mx 17.0->17.333 t 23.467->36.5s d=+0.591
load at end: (68.09326171875, 58.2587890625, 47.42626953125)
done-probe
