13 cells, 106 jobs; load (2.8271484375, 2.6796875, 2.01318359375)
/data/max/ember/docs/paper2/data/orient_probe.py:64: DeprecationWarning: dwave-networkx is deprecated and will be replaced by dwave-graphs in Ocean 10. Most functionality previously provided by dwave-networkx is now available as part of dwave-graphs under the 'dwave.graphs' namespace.
  import dwave_networkx as dnx
/data/max/ember/docs/paper2/data/orient_probe.py:64: DeprecationWarning: dwave-networkx is deprecated and will be replaced by dwave-graphs in Ocean 10. Most functionality previously provided by dwave-networkx is now available as part of dwave-graphs under the 'dwave.graphs' namespace.
  import dwave_networkx as dnx
/data/max/ember/docs/paper2/data/orient_probe.py:64: DeprecationWarning: dwave-networkx is deprecated and will be replaced by dwave-graphs in Ocean 10. Most functionality previously provided by dwave-networkx is now available as part of dwave-graphs under the 'dwave.graphs' namespace.
  import dwave_networkx as dnx
/data/max/ember/docs/paper2/data/orient_probe.py:64: DeprecationWarning: dwave-networkx is deprecated and will be replaced by dwave-graphs in Ocean 10. Most functionality previously provided by dwave-networkx is now available as part of dwave-graphs under the 'dwave.graphs' namespace.
  import dwave_networkx as dnx
/data/max/ember/docs/paper2/data/orient_probe.py:64: DeprecationWarning: dwave-networkx is deprecated and will be replaced by dwave-graphs in Ocean 10. Most functionality previously provided by dwave-networkx is now available as part of dwave-graphs under the 'dwave.graphs' namespace.
  import dwave_networkx as dnx
/data/max/ember/docs/paper2/data/orient_probe.py:64: DeprecationWarning: dwave-networkx is deprecated and will be replaced by dwave-graphs in Ocean 10. Most functionality previously provided by dwave-networkx is now available as part of dwave-graphs under the 'dwave.graphs' namespace.
  import dwave_networkx as dnx
/data/max/ember/docs/paper2/data/orient_probe.py:64: DeprecationWarning: dwave-networkx is deprecated and will be replaced by dwave-graphs in Ocean 10. Most functionality previously provided by dwave-networkx is now available as part of dwave-graphs under the 'dwave.graphs' namespace.
  import dwave_networkx as dnx
/data/max/ember/docs/paper2/data/orient_probe.py:64: DeprecationWarning: dwave-networkx is deprecated and will be replaced by dwave-graphs in Ocean 10. Most functionality previously provided by dwave-networkx is now available as part of dwave-graphs under the 'dwave.graphs' namespace.
  import dwave_networkx as dnx
/data/max/ember/docs/paper2/data/orient_probe.py:64: DeprecationWarning: dwave-networkx is deprecated and will be replaced by dwave-graphs in Ocean 10. Most functionality previously provided by dwave-networkx is now available as part of dwave-graphs under the 'dwave.graphs' namespace.
  import dwave_networkx as dnx
/data/max/ember/docs/paper2/data/orient_probe.py:64: DeprecationWarning: dwave-networkx is deprecated and will be replaced by dwave-graphs in Ocean 10. Most functionality previously provided by dwave-networkx is now available as part of dwave-graphs under the 'dwave.graphs' namespace.
  import dwave_networkx as dnx
/data/max/ember/docs/paper2/data/orient_probe.py:64: DeprecationWarning: dwave-networkx is deprecated and will be replaced by dwave-graphs in Ocean 10. Most functionality previously provided by dwave-networkx is now available as part of dwave-graphs under the 'dwave.graphs' namespace.
  import dwave_networkx as dnx
/data/max/ember/docs/paper2/data/orient_probe.py:64: DeprecationWarning: dwave-networkx is deprecated and will be replaced by dwave-graphs in Ocean 10. Most functionality previously provided by dwave-networkx is now available as part of dwave-graphs under the 'dwave.graphs' namespace.
  import dwave_networkx as dnx
/data/max/ember/docs/paper2/data/orient_probe.py:64: DeprecationWarning: dwave-networkx is deprecated and will be replaced by dwave-graphs in Ocean 10. Most functionality previously provided by dwave-networkx is now available as part of dwave-graphs under the 'dwave.graphs' namespace.
  import dwave_networkx as dnx
/data/max/ember/docs/paper2/data/orient_probe.py:64: DeprecationWarning: dwave-networkx is deprecated and will be replaced by dwave-graphs in Ocean 10. Most functionality previously provided by dwave-networkx is now available as part of dwave-graphs under the 'dwave.graphs' namespace.
  import dwave_networkx as dnx
/data/max/ember/docs/paper2/data/orient_probe.py:64: DeprecationWarning: dwave-networkx is deprecated and will be replaced by dwave-graphs in Ocean 10. Most functionality previously provided by dwave-networkx is now available as part of dwave-graphs under the 'dwave.graphs' namespace.
  import dwave_networkx as dnx
/data/max/ember/docs/paper2/data/orient_probe.py:64: DeprecationWarning: dwave-networkx is deprecated and will be replaced by dwave-graphs in Ocean 10. Most functionality previously provided by dwave-networkx is now available as part of dwave-graphs under the 'dwave.graphs' namespace.
  import dwave_networkx as dnx
/data/max/ember/docs/paper2/data/orient_probe.py:64: DeprecationWarning: dwave-networkx is deprecated and will be replaced by dwave-graphs in Ocean 10. Most functionality previously provided by dwave-networkx is now available as part of dwave-graphs under the 'dwave.graphs' namespace.
  import dwave_networkx as dnx
/data/max/ember/docs/paper2/data/orient_probe.py:64: DeprecationWarning: dwave-networkx is deprecated and will be replaced by dwave-graphs in Ocean 10. Most functionality previously provided by dwave-networkx is now available as part of dwave-graphs under the 'dwave.graphs' namespace.
  import dwave_networkx as dnx
/data/max/ember/docs/paper2/data/orient_probe.py:64: DeprecationWarning: dwave-networkx is deprecated and will be replaced by dwave-graphs in Ocean 10. Most functionality previously provided by dwave-networkx is now available as part of dwave-graphs under the 'dwave.graphs' namespace.
  import dwave_networkx as dnx
/data/max/ember/docs/paper2/data/orient_probe.py:64: DeprecationWarning: dwave-networkx is deprecated and will be replaced by dwave-graphs in Ocean 10. Most functionality previously provided by dwave-networkx is now available as part of dwave-graphs under the 'dwave.graphs' namespace.
  import dwave_networkx as dnx
/data/max/ember/docs/paper2/data/orient_probe.py:64: DeprecationWarning: dwave-networkx is deprecated and will be replaced by dwave-graphs in Ocean 10. Most functionality previously provided by dwave-networkx is now available as part of dwave-graphs under the 'dwave.graphs' namespace.
  import dwave_networkx as dnx
/data/max/ember/docs/paper2/data/orient_probe.py:64: DeprecationWarning: dwave-networkx is deprecated and will be replaced by dwave-graphs in Ocean 10. Most functionality previously provided by dwave-networkx is now available as part of dwave-graphs under the 'dwave.graphs' namespace.
  import dwave_networkx as dnx
/data/max/ember/docs/paper2/data/orient_probe.py:64: DeprecationWarning: dwave-networkx is deprecated and will be replaced by dwave-graphs in Ocean 10. Most functionality previously provided by dwave-networkx is now available as part of dwave-graphs under the 'dwave.graphs' namespace.
  import dwave_networkx as dnx
/data/max/ember/docs/paper2/data/orient_probe.py:64: DeprecationWarning: dwave-networkx is deprecated and will be replaced by dwave-graphs in Ocean 10. Most functionality previously provided by dwave-networkx is now available as part of dwave-graphs under the 'dwave.graphs' namespace.
  import dwave_networkx as dnx
Z12 K100               default  seed 0: 7.57 mx=8 flips=0 skip=True (28.0s)
Z12 K100               default  seed 1: 7.58 mx=8 flips=0 skip=True (30.7s)
Z12 K100               default  seed 2: 7.59 mx=8 flips=0 skip=True (27.0s)
Z12 K100               oflip    seed 0: 7.91 mx=10 flips=416 skip=True (18.2s)
Z12 K100               oflip    seed 1: 7.91 mx=10 flips=416 skip=True (20.2s)
Z12 K100               oflip    seed 2: 7.91 mx=10 flips=416 skip=True (20.5s)
Z12 K140               default  seed 0: 9.957 mx=11 flips=0 skip=True (62.2s)
Z12 K140               default  seed 1: 9.957 mx=11 flips=0 skip=True (64.9s)
Z12 K140               default  seed 2: 9.957 mx=11 flips=0 skip=True (64.2s)
Z12 K140               oflip    seed 0: 9.964 mx=11 flips=601 skip=True (63.5s)
Z12 K140               oflip    seed 1: 9.964 mx=11 flips=601 skip=True (63.8s)
Z12 K140               oflip    seed 2: 9.964 mx=11 flips=601 skip=True (59.4s)
Z12 ER100_d10          default  seed 0: 4.57 mx=8 flips=0 skip=True (60.1s)
Z12 ER100_d10          default  seed 1: 4.85 mx=8 flips=0 skip=True (54.5s)
Z12 ER100_d10          default  seed 2: 4.69 mx=8 flips=0 skip=True (60.0s)
Z12 ER100_d10          oflip    seed 0: 4.54 mx=8 flips=2910 skip=False (60.0s)
Z12 ER100_d10          oflip    seed 1: 4.84 mx=9 flips=2910 skip=False (60.0s)
Z12 ER100_d10          oflip    seed 2: 4.9 mx=9 flips=2910 skip=False (60.0s)
Z12 turan_n162         default  seed 0: 6.0 mx=6 flips=0 skip=True (60.5s)
Z12 turan_n162         default  seed 1: 6.0 mx=6 flips=0 skip=False (60.1s)
Z12 turan_n162         default  seed 2: 6.0 mx=6 flips=0 skip=True (60.2s)
Z12 turan_n162         default  seed 3: 6.0 mx=6 flips=0 skip=True (60.4s)
Z12 turan_n162         default  seed 4: 6.0 mx=6 flips=0 skip=True (60.2s)
Z12 turan_n162         default  seed 5: 6.0 mx=6 flips=0 skip=False (60.1s)
Z12 turan_n162         default  seed 6: 6.0 mx=6 flips=0 skip=True (60.1s)
Z12 turan_n162         default  seed 7: 6.0 mx=6 flips=0 skip=False (60.4s)
Z12 turan_n162         default  seed 8: 6.0 mx=6 flips=0 skip=False (60.2s)
Z12 turan_n162         default  seed 9: 6.0 mx=6 flips=0 skip=True (60.3s)
Z12 turan_n162         oflip    seed 0: 6.0 mx=6 flips=3611 skip=True (60.2s)
Z12 turan_n162         oflip    seed 1: 6.0 mx=6 flips=5594 skip=True (60.3s)
Z12 turan_n162         oflip    seed 2: 6.0 mx=6 flips=3611 skip=True (60.4s)
Z12 turan_n162         oflip    seed 3: 6.0 mx=6 flips=3611 skip=True (60.1s)
Z12 turan_n162         oflip    seed 4: 6.0 mx=6 flips=3611 skip=True (60.2s)
Z12 turan_n162         oflip    seed 5: 6.0 mx=6 flips=5594 skip=True (60.1s)
Z12 turan_n162         oflip    seed 6: 6.0 mx=6 flips=3611 skip=True (60.4s)
Z12 turan_n162         oflip    seed 7: 6.0 mx=6 flips=5594 skip=True (60.1s)
Z12 turan_n162         oflip    seed 8: 6.0 mx=6 flips=5594 skip=True (60.2s)
Z12 turan_n162         oflip    seed 9: 6.0 mx=6 flips=3611 skip=True (60.1s)
Z12 spin_glass_n163    default  seed 0: 11.104 mx=13 flips=0 skip=True (37.2s)
Z12 spin_glass_n163    default  seed 1: 11.104 mx=13 flips=0 skip=True (37.6s)
Z12 spin_glass_n163    default  seed 2: 11.104 mx=13 flips=0 skip=True (38.1s)
Z12 spin_glass_n163    oflip    seed 0: 11.006 mx=13 flips=5386 skip=True (34.7s)
Z12 spin_glass_n163    oflip    seed 1: 11.006 mx=13 flips=5386 skip=True (34.8s)
Z12 spin_glass_n163    oflip    seed 2: 11.006 mx=13 flips=5386 skip=True (34.2s)
Z12 regular_n316       default  seed 0: 2.715 mx=6 flips=0 skip=False (60.0s)
Z12 regular_n316       default  seed 1: 2.718 mx=6 flips=0 skip=False (60.0s)
Z12 regular_n316       default  seed 2: 2.775 mx=6 flips=0 skip=False (60.0s)
Z12 regular_n316       oflip    seed 0: 2.877 mx=7 flips=13052 skip=False (60.0s)
Z12 regular_n316       oflip    seed 1: 2.908 mx=7 flips=13052 skip=False (60.0s)
Z12 regular_n316       oflip    seed 2: 2.807 mx=7 flips=13052 skip=False (60.0s)
Z12 ws_n486            default  seed 0: 2.595 mx=9 flips=0 skip=False (60.0s)
Z12 ws_n486            default  seed 1: 2.749 mx=9 flips=0 skip=False (60.0s)
Z12 ws_n486            default  seed 2: 2.432 mx=7 flips=0 skip=False (60.0s)
Z12 ws_n486            default  seed 3: 2.51 mx=10 flips=0 skip=False (60.0s)
Z12 ws_n486            default  seed 4: 2.514 mx=8 flips=0 skip=False (60.0s)
Z12 ws_n486            default  seed 5: 2.751 mx=8 flips=0 skip=False (60.0s)
Z12 ws_n486            default  seed 6: 2.348 mx=7 flips=0 skip=False (60.0s)
Z12 ws_n486            default  seed 7: 2.556 mx=8 flips=0 skip=False (60.0s)
Z12 ws_n486            default  seed 8: 2.628 mx=8 flips=0 skip=False (60.0s)
Z12 ws_n486            default  seed 9: 2.418 mx=8 flips=0 skip=False (60.0s)
Z12 ws_n486            oflip    seed 0: 2.477 mx=8 flips=72941 skip=False (60.0s)
Z12 ws_n486            oflip    seed 1: 2.51 mx=8 flips=72617 skip=False (60.0s)
Z12 ws_n486            oflip    seed 2: 2.539 mx=8 flips=72617 skip=False (60.0s)
Z12 ws_n486            oflip    seed 3: 2.576 mx=8 flips=71209 skip=False (60.0s)
Z12 ws_n486            oflip    seed 4: 2.599 mx=8 flips=69876 skip=False (60.0s)
Z12 ws_n486            oflip    seed 5: 2.621 mx=9 flips=70989 skip=False (60.0s)
Z12 ws_n486            oflip    seed 6: 2.541 mx=8 flips=70203 skip=False (60.0s)
Z12 ws_n486            oflip    seed 7: 2.628 mx=9 flips=71642 skip=False (60.0s)
Z12 ws_n486            oflip    seed 8: 2.547 mx=8 flips=77406 skip=False (60.0s)
Z12 ws_n486            oflip    seed 9: 2.564 mx=8 flips=77300 skip=False (60.0s)
Z12 grid_200           default  seed 0: 1.07 mx=2 flips=0 skip=False (21.9s)
Z12 grid_200           default  seed 1: 1.055 mx=2 flips=0 skip=False (19.0s)
Z12 grid_200           default  seed 2: 1.065 mx=2 flips=0 skip=False (18.7s)
Z12 grid_200           oflip    seed 0: 1.095 mx=2 flips=6200 skip=False (27.0s)
Z12 grid_200           oflip    seed 1: 1.09 mx=2 flips=6200 skip=False (25.8s)
Z12 grid_200           oflip    seed 2: 1.09 mx=2 flips=6200 skip=False (42.2s)
Z12 honeycomb_200      default  seed 0: 1.09 mx=2 flips=0 skip=False (20.3s)
Z12 honeycomb_200      default  seed 1: 1.105 mx=2 flips=0 skip=False (22.3s)
Z12 honeycomb_200      default  seed 2: 1.06 mx=2 flips=0 skip=False (19.4s)
Z12 honeycomb_200      oflip    seed 0: 1.14 mx=2 flips=2007 skip=False (23.4s)
Z12 honeycomb_200      oflip    seed 1: 1.07 mx=2 flips=2007 skip=False (20.6s)
Z12 honeycomb_200      oflip    seed 2: 1.065 mx=2 flips=2007 skip=False (23.5s)
Z12 king_graph_196     default  seed 0: 1.73 mx=3 flips=0 skip=False (60.0s)
Z12 king_graph_196     default  seed 1: 1.495 mx=3 flips=0 skip=False (60.0s)
Z12 king_graph_196     default  seed 2: 1.796 mx=4 flips=0 skip=False (60.0s)
Z12 king_graph_196     oflip    seed 0: 1.485 mx=2 flips=22007 skip=False (60.0s)
Z12 king_graph_196     oflip    seed 1: 1.551 mx=3 flips=22007 skip=False (60.0s)
Z12 king_graph_196     oflip    seed 2: 1.551 mx=3 flips=22007 skip=False (60.0s)
P16 K100               default  seed 0: 11.23 mx=16 flips=0 skip=None (21.1s)
P16 K100               default  seed 1: 11.51 mx=17 flips=0 skip=None (20.7s)
P16 K100               default  seed 2: 11.65 mx=17 flips=0 skip=None (46.2s)
P16 K100               oflip    seed 0: 12.23 mx=19 flips=231 skip=None (21.9s)
P16 K100               oflip    seed 1: 12.24 mx=17 flips=231 skip=None (50.4s)
P16 K100               oflip    seed 2: 12.29 mx=19 flips=231 skip=None (20.9s)
P16 turan_n162         default  seed 0: 7.654 mx=8 flips=0 skip=None (60.0s)
P16 turan_n162         default  seed 1: 7.815 mx=8 flips=0 skip=None (60.3s)
P16 turan_n162         default  seed 2: 7.654 mx=8 flips=0 skip=None (60.3s)
P16 turan_n162         oflip    seed 0: 7.654 mx=8 flips=5785 skip=None (60.3s)
P16 turan_n162         oflip    seed 1: 7.654 mx=8 flips=5785 skip=None (60.0s)
P16 turan_n162         oflip    seed 2: 7.654 mx=8 flips=5785 skip=None (60.3s)
P16 ws_n486            default  seed 0: 3.294 mx=13 flips=0 skip=None (60.0s)
P16 ws_n486            default  seed 1: 3.377 mx=12 flips=0 skip=None (60.0s)
P16 ws_n486            default  seed 2: 3.685 mx=13 flips=0 skip=None (60.0s)
P16 ws_n486            oflip    seed 0: 3.521 mx=12 flips=45792 skip=None (60.0s)
P16 ws_n486            oflip    seed 1: 3.265 mx=10 flips=49929 skip=None (60.0s)
P16 ws_n486            oflip    seed 2: 3.21 mx=11 flips=61175 skip=None (60.0s)

summary (mean ACL; d = arm - default, negative = wins):
Z12 K100               default=7.58(3) mx=8.0 | oflip=7.91(3) mx=10.0 flips=416.0 d=+0.330
Z12 K140               default=9.957(3) mx=11.0 | oflip=9.964(3) mx=11.0 flips=601.0 d=+0.007
Z12 ER100_d10          default=4.703(3) mx=8.0 | oflip=4.76(3) mx=8.667 flips=2910.0 d=+0.057
Z12 turan_n162         default=6.0(10) mx=6.0 | oflip=6.0(10) mx=6.0 flips=4404.2 d=+0.000
Z12 spin_glass_n163    default=11.104(3) mx=13.0 | oflip=11.006(3) mx=13.0 flips=5386.0 d=-0.098
Z12 regular_n316       default=2.736(3) mx=6.0 | oflip=2.864(3) mx=7.0 flips=13052.0 d=+0.128
Z12 ws_n486            default=2.55(10) mx=8.2 | oflip=2.56(10) mx=8.2 flips=72680.0 d=+0.010
Z12 grid_200           default=1.063(3) mx=2.0 | oflip=1.092(3) mx=2.0 flips=6200.0 d=+0.029
Z12 honeycomb_200      default=1.085(3) mx=2.0 | oflip=1.092(3) mx=2.0 flips=2007.0 d=+0.007
Z12 king_graph_196     default=1.674(3) mx=3.333 | oflip=1.529(3) mx=2.667 flips=22007.0 d=-0.145
P16 K100               default=11.463(3) mx=16.667 | oflip=12.253(3) mx=18.333 flips=231.0 d=+0.790
P16 turan_n162         default=7.708(3) mx=8.0 | oflip=7.654(3) mx=8.0 flips=5785.0 d=-0.054
P16 ws_n486            default=3.452(3) mx=12.667 | oflip=3.332(3) mx=11.0 flips=52298.667 d=-0.120

BAR ws_n486/Z12: acl {'default': 2.55, 'oflip': 2.56} mx {'default': 8.2, 'oflip': 8.2}
BAR board: FAIL [('Z12', 'grid_200', 'oflip', 'wall 19.867->31.667'), ('P16', 'K100', 'oflip', 0.79)]
load at end: (20.615234375, 16.3671875, 8.0263671875)
done-probe
