load at start: (62.63720703125, 63.10986328125, 62.92333984375)
/data/max/ember/docs/paper2/data/packer_probe.py:74: DeprecationWarning: dwave-networkx is deprecated and will be replaced by dwave-graphs in Ocean 10. Most functionality previously provided by dwave-networkx is now available as part of dwave-graphs under the 'dwave.graphs' namespace.
  import dwave_networkx as dnx
/data/max/ember/docs/paper2/data/packer_probe.py:74: DeprecationWarning: dwave-networkx is deprecated and will be replaced by dwave-graphs in Ocean 10. Most functionality previously provided by dwave-networkx is now available as part of dwave-graphs under the 'dwave.graphs' namespace.
  import dwave_networkx as dnx
/data/max/ember/docs/paper2/data/packer_probe.py:74: DeprecationWarning: dwave-networkx is deprecated and will be replaced by dwave-graphs in Ocean 10. Most functionality previously provided by dwave-networkx is now available as part of dwave-graphs under the 'dwave.graphs' namespace.
  import dwave_networkx as dnx
/data/max/ember/docs/paper2/data/packer_probe.py:74: DeprecationWarning: dwave-networkx is deprecated and will be replaced by dwave-graphs in Ocean 10. Most functionality previously provided by dwave-networkx is now available as part of dwave-graphs under the 'dwave.graphs' namespace.
  import dwave_networkx as dnx
/data/max/ember/docs/paper2/data/packer_probe.py:74: DeprecationWarning: dwave-networkx is deprecated and will be replaced by dwave-graphs in Ocean 10. Most functionality previously provided by dwave-networkx is now available as part of dwave-graphs under the 'dwave.graphs' namespace.
  import dwave_networkx as dnx
/data/max/ember/docs/paper2/data/packer_probe.py:74: DeprecationWarning: dwave-networkx is deprecated and will be replaced by dwave-graphs in Ocean 10. Most functionality previously provided by dwave-networkx is now available as part of dwave-graphs under the 'dwave.graphs' namespace.
  import dwave_networkx as dnx
/data/max/ember/docs/paper2/data/packer_probe.py:74: DeprecationWarning: dwave-networkx is deprecated and will be replaced by dwave-graphs in Ocean 10. Most functionality previously provided by dwave-networkx is now available as part of dwave-graphs under the 'dwave.graphs' namespace.
  import dwave_networkx as dnx
/data/max/ember/docs/paper2/data/packer_probe.py:74: DeprecationWarning: dwave-networkx is deprecated and will be replaced by dwave-graphs in Ocean 10. Most functionality previously provided by dwave-networkx is now available as part of dwave-graphs under the 'dwave.graphs' namespace.
  import dwave_networkx as dnx
/data/max/ember/docs/paper2/data/packer_probe.py:74: DeprecationWarning: dwave-networkx is deprecated and will be replaced by dwave-graphs in Ocean 10. Most functionality previously provided by dwave-networkx is now available as part of dwave-graphs under the 'dwave.graphs' namespace.
  import dwave_networkx as dnx
/data/max/ember/docs/paper2/data/packer_probe.py:74: DeprecationWarning: dwave-networkx is deprecated and will be replaced by dwave-graphs in Ocean 10. Most functionality previously provided by dwave-networkx is now available as part of dwave-graphs under the 'dwave.graphs' namespace.
  import dwave_networkx as dnx
/data/max/ember/docs/paper2/data/packer_probe.py:74: DeprecationWarning: dwave-networkx is deprecated and will be replaced by dwave-graphs in Ocean 10. Most functionality previously provided by dwave-networkx is now available as part of dwave-graphs under the 'dwave.graphs' namespace.
  import dwave_networkx as dnx
/data/max/ember/docs/paper2/data/packer_probe.py:74: DeprecationWarning: dwave-networkx is deprecated and will be replaced by dwave-graphs in Ocean 10. Most functionality previously provided by dwave-networkx is now available as part of dwave-graphs under the 'dwave.graphs' namespace.
  import dwave_networkx as dnx
K100 att seed 0: 8.13 s=1 d=0 e=0 (48.6s)
K100 att seed 1: 8.12 s=1 d=0 e=0 (53.1s)
K100 att seed 2: 8.12 s=1 d=0 e=0 (60.2s)
K100 mm seed 0: 10.04 s=None d=None e=None (60.3s)
K100 mm seed 1: 10.71 s=None d=None e=None (54.1s)
K100 mm seed 2: 10.08 s=None d=None e=None (60.2s)
K140 att seed 0: 10.929 s=0 d=4 e=44 (65.0s)
K140 att seed 1: 10.793 s=0 d=4 e=44 (70.0s)
K140 att seed 2: 11.014 s=0 d=4 e=44 (65.0s)
K140 mm seed 0: 18.4 s=None d=None e=None (60.2s)
K140 mm seed 1: None s=None d=None e=None (68.0s)
K140 mm seed 2: 17.593 s=None d=None e=None (60.9s)
ER100_d10 att seed 0: 4.97 s=0 d=367 e=18 (4.8s)
ER100_d10 att seed 1: 4.48 s=0 d=367 e=18 (8.1s)
ER100_d10 att seed 2: 4.83 s=0 d=367 e=18 (6.1s)
ER100_d10 mm seed 0: 5.0 s=None d=None e=None (5.4s)
ER100_d10 mm seed 1: 5.07 s=None d=None e=None (2.9s)
ER100_d10 mm seed 2: 4.85 s=None d=None e=None (2.8s)
turan_n162 att seed 0: 9.13 s=0 d=15 e=0 (23.8s)
turan_n162 att seed 1: 9.062 s=0 d=15 e=0 (25.2s)
turan_n162 att seed 2: 9.0 s=0 d=15 e=0 (62.3s)
turan_n162 mm seed 0: 10.543 s=None d=None e=None (32.6s)
turan_n162 mm seed 1: 13.963 s=None d=None e=None (57.6s)
turan_n162 mm seed 2: 11.537 s=None d=None e=None (60.6s)
spin_glass_n163 att seed 0: 12.73 s=0 d=1 e=75 (21.1s)
spin_glass_n163 att seed 1: 13.049 s=0 d=1 e=75 (31.2s)
spin_glass_n163 att seed 2: 12.853 s=0 d=1 e=75 (23.4s)
spin_glass_n163 mm seed 0: 19.669 s=None d=None e=None (60.1s)
spin_glass_n163 mm seed 1: 18.957 s=None d=None e=None (60.6s)
spin_glass_n163 mm seed 2: 18.055 s=None d=None e=None (60.3s)
regular_n316 att seed 0: 2.759 s=0 d=95 e=22 (9.9s)
regular_n316 att seed 1: 2.674 s=0 d=95 e=22 (8.4s)
regular_n316 att seed 2: 3.136 s=0 d=95 e=22 (8.0s)
regular_n316 mm seed 0: 3.364 s=None d=None e=None (2.7s)
regular_n316 mm seed 1: 3.411 s=None d=None e=None (3.2s)
regular_n316 mm seed 2: 3.291 s=None d=None e=None (9.3s)
ws_n486 att seed 0: 3.019 s=0 d=762 e=21 (19.8s)
ws_n486 att seed 1: 2.792 s=0 d=762 e=21 (22.1s)
ws_n486 att seed 2: 3.545 s=0 d=762 e=21 (20.3s)
ws_n486 mm seed 0: 3.233 s=None d=None e=None (8.6s)
ws_n486 mm seed 1: 3.173 s=None d=None e=None (13.3s)
ws_n486 mm seed 2: 2.821 s=None d=None e=None (8.5s)
wsc_c8xK32 att seed 0: 3.801 s=0 d=73 e=57 (23.0s)
wsc_c8xK32 att seed 1: 4.039 s=0 d=73 e=57 (15.5s)
wsc_c8xK32 att seed 2: 3.824 s=0 d=73 e=57 (19.1s)
wsc_c8xK32 mm seed 0: 3.68 s=None d=None e=None (11.3s)
wsc_c8xK32 mm seed 1: 3.805 s=None d=None e=None (28.8s)
wsc_c8xK32 mm seed 2: 3.859 s=None d=None e=None (12.0s)
wsc_c3xK64 att seed 0: 7.266 s=0 d=6 e=0 (27.0s)
wsc_c3xK64 att seed 1: 5.818 s=0 d=6 e=0 (15.0s)
wsc_c3xK64 att seed 2: 6.031 s=0 d=6 e=0 (12.3s)
wsc_c3xK64 mm seed 0: 7.026 s=None d=None e=None (50.4s)
wsc_c3xK64 mm seed 1: 7.651 s=None d=None e=None (45.1s)
wsc_c3xK64 mm seed 2: 7.266 s=None d=None e=None (24.7s)

summary (ACL mean over legal seeds (n); s3.58 = pre-DP att):
K100              att=8.12(3) s1 d0 e0  mm=10.28(3)  s358=8.74  tmpl=8.00
K140              att=10.91(3) s0 d4 e44  mm=18.00(2)  s358=11.41  tmpl=11.00
ER100_d10         att=4.76(3) s0 d367 e18  mm=4.97(3)  s358=4.76  tmpl=-
turan_n162        att=9.06(3) s0 d15 e0  mm=12.01(3)  s358=7.9  tmpl=6.00
spin_glass_n163   att=12.88(3) s0 d1 e75  mm=18.89(3)  s358=12.47  tmpl=11.64
regular_n316      att=2.86(3) s0 d95 e22  mm=3.36(3)  s358=2.89  tmpl=-
ws_n486           att=3.12(3) s0 d762 e21  mm=3.08(3)  s358=3.01  tmpl=-
wsc_c8xK32        att=3.89(3) s0 d73 e57  mm=3.78(3)  s358=3.81  tmpl=-
wsc_c3xK64        att=6.37(3) s0 d6 e0  mm=7.31(3)  s358=6.69  tmpl=-
load at end: (83.3515625, 74.6044921875, 67.431640625)
done-packer-probe
