13 cells, 106 jobs; load (40.23974609375, 31.04443359375, 27.84228515625)
/data/max/ember/docs/paper2/data/pack_probe.py:62: DeprecationWarning: dwave-networkx is deprecated and will be replaced by dwave-graphs in Ocean 10. Most functionality previously provided by dwave-networkx is now available as part of dwave-graphs under the 'dwave.graphs' namespace.
  import dwave_networkx as dnx
/data/max/ember/docs/paper2/data/pack_probe.py:62: DeprecationWarning: dwave-networkx is deprecated and will be replaced by dwave-graphs in Ocean 10. Most functionality previously provided by dwave-networkx is now available as part of dwave-graphs under the 'dwave.graphs' namespace.
  import dwave_networkx as dnx
/data/max/ember/docs/paper2/data/pack_probe.py:62: DeprecationWarning: dwave-networkx is deprecated and will be replaced by dwave-graphs in Ocean 10. Most functionality previously provided by dwave-networkx is now available as part of dwave-graphs under the 'dwave.graphs' namespace.
  import dwave_networkx as dnx
/data/max/ember/docs/paper2/data/pack_probe.py:62: DeprecationWarning: dwave-networkx is deprecated and will be replaced by dwave-graphs in Ocean 10. Most functionality previously provided by dwave-networkx is now available as part of dwave-graphs under the 'dwave.graphs' namespace.
  import dwave_networkx as dnx
/data/max/ember/docs/paper2/data/pack_probe.py:62: DeprecationWarning: dwave-networkx is deprecated and will be replaced by dwave-graphs in Ocean 10. Most functionality previously provided by dwave-networkx is now available as part of dwave-graphs under the 'dwave.graphs' namespace.
  import dwave_networkx as dnx
/data/max/ember/docs/paper2/data/pack_probe.py:62: DeprecationWarning: dwave-networkx is deprecated and will be replaced by dwave-graphs in Ocean 10. Most functionality previously provided by dwave-networkx is now available as part of dwave-graphs under the 'dwave.graphs' namespace.
  import dwave_networkx as dnx
/data/max/ember/docs/paper2/data/pack_probe.py:62: DeprecationWarning: dwave-networkx is deprecated and will be replaced by dwave-graphs in Ocean 10. Most functionality previously provided by dwave-networkx is now available as part of dwave-graphs under the 'dwave.graphs' namespace.
  import dwave_networkx as dnx
/data/max/ember/docs/paper2/data/pack_probe.py:62: DeprecationWarning: dwave-networkx is deprecated and will be replaced by dwave-graphs in Ocean 10. Most functionality previously provided by dwave-networkx is now available as part of dwave-graphs under the 'dwave.graphs' namespace.
  import dwave_networkx as dnx
/data/max/ember/docs/paper2/data/pack_probe.py:62: DeprecationWarning: dwave-networkx is deprecated and will be replaced by dwave-graphs in Ocean 10. Most functionality previously provided by dwave-networkx is now available as part of dwave-graphs under the 'dwave.graphs' namespace.
  import dwave_networkx as dnx
/data/max/ember/docs/paper2/data/pack_probe.py:62: DeprecationWarning: dwave-networkx is deprecated and will be replaced by dwave-graphs in Ocean 10. Most functionality previously provided by dwave-networkx is now available as part of dwave-graphs under the 'dwave.graphs' namespace.
  import dwave_networkx as dnx
/data/max/ember/docs/paper2/data/pack_probe.py:62: DeprecationWarning: dwave-networkx is deprecated and will be replaced by dwave-graphs in Ocean 10. Most functionality previously provided by dwave-networkx is now available as part of dwave-graphs under the 'dwave.graphs' namespace.
  import dwave_networkx as dnx
/data/max/ember/docs/paper2/data/pack_probe.py:62: DeprecationWarning: dwave-networkx is deprecated and will be replaced by dwave-graphs in Ocean 10. Most functionality previously provided by dwave-networkx is now available as part of dwave-graphs under the 'dwave.graphs' namespace.
  import dwave_networkx as dnx
/data/max/ember/docs/paper2/data/pack_probe.py:62: DeprecationWarning: dwave-networkx is deprecated and will be replaced by dwave-graphs in Ocean 10. Most functionality previously provided by dwave-networkx is now available as part of dwave-graphs under the 'dwave.graphs' namespace.
  import dwave_networkx as dnx
/data/max/ember/docs/paper2/data/pack_probe.py:62: DeprecationWarning: dwave-networkx is deprecated and will be replaced by dwave-graphs in Ocean 10. Most functionality previously provided by dwave-networkx is now available as part of dwave-graphs under the 'dwave.graphs' namespace.
  import dwave_networkx as dnx
/data/max/ember/docs/paper2/data/pack_probe.py:62: DeprecationWarning: dwave-networkx is deprecated and will be replaced by dwave-graphs in Ocean 10. Most functionality previously provided by dwave-networkx is now available as part of dwave-graphs under the 'dwave.graphs' namespace.
  import dwave_networkx as dnx
/data/max/ember/docs/paper2/data/pack_probe.py:62: DeprecationWarning: dwave-networkx is deprecated and will be replaced by dwave-graphs in Ocean 10. Most functionality previously provided by dwave-networkx is now available as part of dwave-graphs under the 'dwave.graphs' namespace.
  import dwave_networkx as dnx
/data/max/ember/docs/paper2/data/pack_probe.py:62: DeprecationWarning: dwave-networkx is deprecated and will be replaced by dwave-graphs in Ocean 10. Most functionality previously provided by dwave-networkx is now available as part of dwave-graphs under the 'dwave.graphs' namespace.
  import dwave_networkx as dnx
/data/max/ember/docs/paper2/data/pack_probe.py:62: DeprecationWarning: dwave-networkx is deprecated and will be replaced by dwave-graphs in Ocean 10. Most functionality previously provided by dwave-networkx is now available as part of dwave-graphs under the 'dwave.graphs' namespace.
  import dwave_networkx as dnx
/data/max/ember/docs/paper2/data/pack_probe.py:62: DeprecationWarning: dwave-networkx is deprecated and will be replaced by dwave-graphs in Ocean 10. Most functionality previously provided by dwave-networkx is now available as part of dwave-graphs under the 'dwave.graphs' namespace.
  import dwave_networkx as dnx
/data/max/ember/docs/paper2/data/pack_probe.py:62: DeprecationWarning: dwave-networkx is deprecated and will be replaced by dwave-graphs in Ocean 10. Most functionality previously provided by dwave-networkx is now available as part of dwave-graphs under the 'dwave.graphs' namespace.
  import dwave_networkx as dnx
/data/max/ember/docs/paper2/data/pack_probe.py:62: DeprecationWarning: dwave-networkx is deprecated and will be replaced by dwave-graphs in Ocean 10. Most functionality previously provided by dwave-networkx is now available as part of dwave-graphs under the 'dwave.graphs' namespace.
  import dwave_networkx as dnx
/data/max/ember/docs/paper2/data/pack_probe.py:62: DeprecationWarning: dwave-networkx is deprecated and will be replaced by dwave-graphs in Ocean 10. Most functionality previously provided by dwave-networkx is now available as part of dwave-graphs under the 'dwave.graphs' namespace.
  import dwave_networkx as dnx
/data/max/ember/docs/paper2/data/pack_probe.py:62: DeprecationWarning: dwave-networkx is deprecated and will be replaced by dwave-graphs in Ocean 10. Most functionality previously provided by dwave-networkx is now available as part of dwave-graphs under the 'dwave.graphs' namespace.
  import dwave_networkx as dnx
/data/max/ember/docs/paper2/data/pack_probe.py:62: DeprecationWarning: dwave-networkx is deprecated and will be replaced by dwave-graphs in Ocean 10. Most functionality previously provided by dwave-networkx is now available as part of dwave-graphs under the 'dwave.graphs' namespace.
  import dwave_networkx as dnx
Z12 K100               default  seed 0: 7.84 mx=9 span=23.0 fold=0/0 oacc=0 (27.8s)
Z12 K100               default  seed 1: 7.84 mx=9 span=23.0 fold=0/0 oacc=0 (28.3s)
Z12 K100               default  seed 2: 7.84 mx=9 span=23.0 fold=0/0 oacc=0 (28.8s)
Z12 K100               noclamp  seed 0: 7.84 mx=9 span=23.0 fold=0/0 oacc=0 (27.7s)
Z12 K100               noclamp  seed 1: 7.84 mx=9 span=23.0 fold=0/0 oacc=0 (27.9s)
Z12 K100               noclamp  seed 2: 7.84 mx=9 span=23.0 fold=0/0 oacc=0 (26.3s)
Z12 K140               default  seed 0: 10.229 mx=11 span=31.0 fold=0/0 oacc=0 (64.8s)
Z12 K140               default  seed 1: 10.229 mx=11 span=31.0 fold=0/0 oacc=0 (68.3s)
Z12 K140               default  seed 2: 10.229 mx=11 span=31.0 fold=0/0 oacc=0 (61.5s)
Z12 K140               noclamp  seed 0: 10.229 mx=11 span=31.0 fold=0/0 oacc=0 (64.4s)
Z12 K140               noclamp  seed 1: 10.229 mx=11 span=31.0 fold=0/0 oacc=0 (62.5s)
Z12 K140               noclamp  seed 2: 10.229 mx=11 span=31.0 fold=0/0 oacc=0 (60.7s)
Z12 ER100_d10          default  seed 0: 4.66 mx=8 span=17.0 fold=0/0 oacc=1 (60.0s)
Z12 ER100_d10          default  seed 1: 5.06 mx=9 span=17.0 fold=0/0 oacc=1 (60.0s)
Z12 ER100_d10          default  seed 2: 4.75 mx=8 span=17.0 fold=0/0 oacc=1 (60.0s)
Z12 ER100_d10          noclamp  seed 0: 4.66 mx=8 span=17.0 fold=0/0 oacc=1 (60.0s)
Z12 ER100_d10          noclamp  seed 1: 5.06 mx=9 span=17.0 fold=0/0 oacc=1 (60.0s)
Z12 ER100_d10          noclamp  seed 2: 4.75 mx=8 span=17.0 fold=0/0 oacc=1 (60.0s)
Z12 turan_n162         default  seed 0: 6.0 mx=6 span=22.0 fold=0/0 oacc=1 (60.1s)
Z12 turan_n162         default  seed 1: 6.228 mx=7 span=28.0 fold=0/0 oacc=3 (60.5s)
Z12 turan_n162         default  seed 2: 6.0 mx=6 span=22.0 fold=0/0 oacc=1 (60.4s)
Z12 turan_n162         default  seed 3: 6.0 mx=6 span=22.0 fold=0/0 oacc=1 (60.2s)
Z12 turan_n162         default  seed 4: 6.0 mx=6 span=22.0 fold=0/0 oacc=1 (60.1s)
Z12 turan_n162         default  seed 5: 6.0 mx=6 span=28.0 fold=0/0 oacc=3 (60.4s)
Z12 turan_n162         default  seed 6: 6.0 mx=6 span=22.0 fold=0/0 oacc=1 (60.2s)
Z12 turan_n162         default  seed 7: 6.0 mx=6 span=28.0 fold=0/0 oacc=3 (60.2s)
Z12 turan_n162         default  seed 8: 6.228 mx=7 span=28.0 fold=0/0 oacc=3 (60.5s)
Z12 turan_n162         default  seed 9: 6.0 mx=6 span=22.0 fold=0/0 oacc=1 (60.1s)
Z12 turan_n162         noclamp  seed 0: 6.0 mx=6 span=22.0 fold=0/0 oacc=1 (60.4s)
Z12 turan_n162         noclamp  seed 1: 6.228 mx=7 span=28.0 fold=0/0 oacc=3 (61.6s)
Z12 turan_n162         noclamp  seed 2: 6.0 mx=6 span=22.0 fold=0/0 oacc=1 (60.4s)
Z12 turan_n162         noclamp  seed 3: 6.0 mx=6 span=22.0 fold=0/0 oacc=1 (60.2s)
Z12 turan_n162         noclamp  seed 4: 6.0 mx=6 span=22.0 fold=0/0 oacc=1 (60.2s)
Z12 turan_n162         noclamp  seed 5: 6.0 mx=6 span=28.0 fold=0/0 oacc=3 (60.4s)
Z12 turan_n162         noclamp  seed 6: 6.0 mx=6 span=22.0 fold=0/0 oacc=1 (60.2s)
Z12 turan_n162         noclamp  seed 7: 6.0 mx=6 span=28.0 fold=0/0 oacc=3 (60.2s)
Z12 turan_n162         noclamp  seed 8: 6.228 mx=7 span=28.0 fold=0/0 oacc=3 (60.5s)
Z12 turan_n162         noclamp  seed 9: 6.0 mx=6 span=22.0 fold=0/0 oacc=1 (60.3s)
Z12 spin_glass_n163    default  seed 0: 11.417 mx=13 span=37.0 fold=0/0 oacc=1 (40.6s)
Z12 spin_glass_n163    default  seed 1: 11.417 mx=13 span=37.0 fold=0/0 oacc=1 (40.9s)
Z12 spin_glass_n163    default  seed 2: 11.417 mx=13 span=37.0 fold=0/0 oacc=1 (42.2s)
Z12 spin_glass_n163    noclamp  seed 0: 11.417 mx=13 span=37.0 fold=0/0 oacc=1 (41.8s)
Z12 spin_glass_n163    noclamp  seed 1: 11.417 mx=13 span=37.0 fold=0/0 oacc=1 (42.4s)
Z12 spin_glass_n163    noclamp  seed 2: 11.417 mx=13 span=37.0 fold=0/0 oacc=1 (42.7s)
Z12 regular_n316       default  seed 0: 2.997 mx=7 span=18.0 fold=0/0 oacc=2 (60.0s)
Z12 regular_n316       default  seed 1: 2.905 mx=8 span=18.0 fold=0/0 oacc=2 (60.4s)
Z12 regular_n316       default  seed 2: 2.794 mx=7 span=18.0 fold=0/0 oacc=2 (60.0s)
Z12 regular_n316       noclamp  seed 0: 2.845 mx=7 span=23.0 fold=0/0 oacc=3 (60.1s)
Z12 regular_n316       noclamp  seed 1: 2.595 mx=6 span=23.0 fold=0/0 oacc=3 (60.0s)
Z12 regular_n316       noclamp  seed 2: 3.0 mx=7 span=23.0 fold=0/0 oacc=3 (60.0s)
Z12 ws_n486            default  seed 0: 2.897 mx=11 span=39.0 fold=0/0 oacc=23 (60.0s)
Z12 ws_n486            default  seed 1: 3.049 mx=11 span=39.0 fold=0/0 oacc=23 (60.0s)
Z12 ws_n486            default  seed 2: 2.924 mx=10 span=39.0 fold=0/0 oacc=23 (60.0s)
Z12 ws_n486            default  seed 3: 3.167 mx=11 span=39.0 fold=0/0 oacc=23 (60.0s)
Z12 ws_n486            default  seed 4: 3.072 mx=11 span=39.0 fold=0/0 oacc=23 (60.0s)
Z12 ws_n486            default  seed 5: 2.772 mx=9 span=39.0 fold=0/0 oacc=23 (60.0s)
Z12 ws_n486            default  seed 6: 2.969 mx=10 span=39.0 fold=0/0 oacc=23 (60.0s)
Z12 ws_n486            default  seed 7: 3.154 mx=10 span=39.0 fold=0/0 oacc=23 (60.0s)
Z12 ws_n486            default  seed 8: 2.996 mx=10 span=39.0 fold=0/0 oacc=23 (60.0s)
Z12 ws_n486            default  seed 9: 2.934 mx=10 span=39.0 fold=0/0 oacc=23 (60.0s)
Z12 ws_n486            noclamp  seed 0: 2.716 mx=9 span=34.0 fold=0/0 oacc=11 (60.0s)
Z12 ws_n486            noclamp  seed 1: 3.0 mx=11 span=34.0 fold=0/0 oacc=11 (60.0s)
Z12 ws_n486            noclamp  seed 2: 3.403 mx=11 span=34.0 fold=0/0 oacc=11 (60.0s)
Z12 ws_n486            noclamp  seed 3: 2.786 mx=9 span=34.0 fold=0/0 oacc=11 (60.0s)
Z12 ws_n486            noclamp  seed 4: 2.866 mx=10 span=34.0 fold=0/0 oacc=11 (60.0s)
Z12 ws_n486            noclamp  seed 5: 2.757 mx=10 span=34.0 fold=0/0 oacc=11 (60.0s)
Z12 ws_n486            noclamp  seed 6: 2.646 mx=9 span=34.0 fold=0/0 oacc=11 (60.0s)
Z12 ws_n486            noclamp  seed 7: 2.809 mx=10 span=34.0 fold=0/0 oacc=11 (60.0s)
Z12 ws_n486            noclamp  seed 8: 2.934 mx=10 span=34.0 fold=0/0 oacc=11 (60.0s)
Z12 ws_n486            noclamp  seed 9: 2.786 mx=9 span=34.0 fold=0/0 oacc=12 (60.0s)
Z12 grid_200           default  seed 0: 1.015 mx=2 span=3.0 fold=0/0 oacc=3 (20.7s)
Z12 grid_200           default  seed 1: 1.055 mx=2 span=3.0 fold=0/0 oacc=3 (23.4s)
Z12 grid_200           default  seed 2: 1.04 mx=2 span=3.0 fold=0/0 oacc=3 (16.8s)
Z12 grid_200           noclamp  seed 0: 1.03 mx=2 span=3.0 fold=0/0 oacc=1 (18.6s)
Z12 grid_200           noclamp  seed 1: 1.03 mx=2 span=3.0 fold=0/0 oacc=1 (18.8s)
Z12 grid_200           noclamp  seed 2: 1.035 mx=2 span=3.0 fold=0/0 oacc=1 (18.0s)
Z12 honeycomb_200      default  seed 0: 1.09 mx=2 span=8.0 fold=0/0 oacc=1 (21.9s)
Z12 honeycomb_200      default  seed 1: 1.095 mx=2 span=8.0 fold=0/0 oacc=1 (22.8s)
Z12 honeycomb_200      default  seed 2: 1.065 mx=2 span=8.0 fold=0/0 oacc=1 (43.5s)
Z12 honeycomb_200      noclamp  seed 0: 1.055 mx=2 span=8.0 fold=0/0 oacc=2 (17.9s)
Z12 honeycomb_200      noclamp  seed 1: 1.09 mx=2 span=8.0 fold=0/0 oacc=2 (24.3s)
Z12 honeycomb_200      noclamp  seed 2: 1.085 mx=2 span=8.0 fold=0/0 oacc=2 (20.9s)
Z12 king_graph_196     default  seed 0: 1.49 mx=3 span=6.0 fold=0/0 oacc=2 (60.0s)
Z12 king_graph_196     default  seed 1: 1.51 mx=3 span=6.0 fold=0/0 oacc=2 (60.0s)
Z12 king_graph_196     default  seed 2: 1.464 mx=2 span=6.0 fold=0/0 oacc=2 (60.0s)
Z12 king_graph_196     noclamp  seed 0: 1.51 mx=3 span=6.0 fold=0/0 oacc=3 (60.0s)
Z12 king_graph_196     noclamp  seed 1: 1.515 mx=3 span=6.0 fold=0/0 oacc=3 (60.0s)
Z12 king_graph_196     noclamp  seed 2: 1.52 mx=3 span=6.0 fold=0/0 oacc=3 (60.0s)
P16 K100               default  seed 0: 11.23 mx=16 span=15.0 fold=0/0 oacc=0 (22.3s)
P16 K100               default  seed 1: 11.51 mx=17 span=15.0 fold=0/0 oacc=0 (22.0s)
P16 K100               default  seed 2: 11.65 mx=17 span=15.0 fold=0/0 oacc=0 (46.2s)
P16 K100               noclamp  seed 0: 11.23 mx=16 span=15.0 fold=0/0 oacc=0 (23.1s)
P16 K100               noclamp  seed 1: 11.51 mx=17 span=15.0 fold=0/0 oacc=0 (22.6s)
P16 K100               noclamp  seed 2: 11.65 mx=17 span=15.0 fold=0/0 oacc=0 (45.1s)
P16 turan_n162         default  seed 0: 7.654 mx=8 span=14.0 fold=0/0 oacc=0 (60.4s)
P16 turan_n162         default  seed 1: 7.654 mx=8 span=14.0 fold=0/0 oacc=0 (60.2s)
P16 turan_n162         default  seed 2: 7.654 mx=8 span=14.0 fold=0/0 oacc=0 (60.2s)
P16 turan_n162         noclamp  seed 0: 7.654 mx=8 span=14.0 fold=0/0 oacc=0 (60.2s)
P16 turan_n162         noclamp  seed 1: 7.654 mx=8 span=14.0 fold=0/0 oacc=0 (60.3s)
P16 turan_n162         noclamp  seed 2: 7.654 mx=8 span=14.0 fold=0/0 oacc=0 (60.1s)
P16 ws_n486            default  seed 0: 3.412 mx=12 span=22.0 fold=0/0 oacc=24 (60.0s)
P16 ws_n486            default  seed 1: 3.776 mx=14 span=22.0 fold=0/0 oacc=25 (60.0s)
P16 ws_n486            default  seed 2: 3.905 mx=14 span=23.0 fold=0/0 oacc=11 (60.0s)
P16 ws_n486            noclamp  seed 0: 3.436 mx=12 span=19.0 fold=0/0 oacc=6 (60.0s)
P16 ws_n486            noclamp  seed 1: 3.488 mx=13 span=21.0 fold=0/0 oacc=11 (60.0s)
P16 ws_n486            noclamp  seed 2: 3.366 mx=12 span=21.0 fold=0/0 oacc=11 (60.0s)

summary (mean ACL; d = arm - default, negative = wins):
Z12 K100               default=7.84(3) mx=9.0 | noclamp=7.84(3) mx=9.0 d=+0.000
Z12 K140               default=10.229(3) mx=11.0 | noclamp=10.229(3) mx=11.0 d=+0.000
Z12 ER100_d10          default=4.823(3) mx=8.333 | noclamp=4.823(3) mx=8.333 d=+0.000
Z12 turan_n162         default=6.046(10) mx=6.2 | noclamp=6.046(10) mx=6.2 d=+0.000
Z12 spin_glass_n163    default=11.417(3) mx=13.0 | noclamp=11.417(3) mx=13.0 d=+0.000
Z12 regular_n316       default=2.899(3) mx=7.333 | noclamp=2.813(3) mx=6.667 d=-0.086
Z12 ws_n486            default=2.993(10) mx=10.3 | noclamp=2.87(10) mx=9.8 d=-0.123
Z12 grid_200           default=1.037(3) mx=2.0 | noclamp=1.032(3) mx=2.0 d=-0.005
Z12 honeycomb_200      default=1.083(3) mx=2.0 | noclamp=1.077(3) mx=2.0 d=-0.006
Z12 king_graph_196     default=1.488(3) mx=2.667 | noclamp=1.515(3) mx=3.0 d=+0.027
P16 K100               default=11.463(3) mx=16.667 | noclamp=11.463(3) mx=16.667 d=+0.000
P16 turan_n162         default=7.654(3) mx=8.0 | noclamp=7.654(3) mx=8.0 d=+0.000
P16 ws_n486            default=3.698(3) mx=13.333 | noclamp=3.43(3) mx=12.333 d=-0.268

BAR ws_n486/Z12: acl {'default': 2.993, 'noclamp': 2.87} mx {'default': 10.3, 'noclamp': 9.8}
BAR board: PASS
load at end: (32.47509765625, 45.17431640625, 35.90576171875)
done-probe
