10 cells, 176 jobs; load (90.52001953125, 102.0693359375, 100.234375)
/data/max/ember/docs/paper2/data/plane_probe.py:63: DeprecationWarning: dwave-networkx is deprecated and will be replaced by dwave-graphs in Ocean 10. Most functionality previously provided by dwave-networkx is now available as part of dwave-graphs under the 'dwave.graphs' namespace.
  import dwave_networkx as dnx
/data/max/ember/docs/paper2/data/plane_probe.py:63: DeprecationWarning: dwave-networkx is deprecated and will be replaced by dwave-graphs in Ocean 10. Most functionality previously provided by dwave-networkx is now available as part of dwave-graphs under the 'dwave.graphs' namespace.
  import dwave_networkx as dnx
/data/max/ember/docs/paper2/data/plane_probe.py:63: DeprecationWarning: dwave-networkx is deprecated and will be replaced by dwave-graphs in Ocean 10. Most functionality previously provided by dwave-networkx is now available as part of dwave-graphs under the 'dwave.graphs' namespace.
  import dwave_networkx as dnx
/data/max/ember/docs/paper2/data/plane_probe.py:63: DeprecationWarning: dwave-networkx is deprecated and will be replaced by dwave-graphs in Ocean 10. Most functionality previously provided by dwave-networkx is now available as part of dwave-graphs under the 'dwave.graphs' namespace.
  import dwave_networkx as dnx
/data/max/ember/docs/paper2/data/plane_probe.py:63: DeprecationWarning: dwave-networkx is deprecated and will be replaced by dwave-graphs in Ocean 10. Most functionality previously provided by dwave-networkx is now available as part of dwave-graphs under the 'dwave.graphs' namespace.
  import dwave_networkx as dnx
/data/max/ember/docs/paper2/data/plane_probe.py:63: DeprecationWarning: dwave-networkx is deprecated and will be replaced by dwave-graphs in Ocean 10. Most functionality previously provided by dwave-networkx is now available as part of dwave-graphs under the 'dwave.graphs' namespace.
  import dwave_networkx as dnx
/data/max/ember/docs/paper2/data/plane_probe.py:63: DeprecationWarning: dwave-networkx is deprecated and will be replaced by dwave-graphs in Ocean 10. Most functionality previously provided by dwave-networkx is now available as part of dwave-graphs under the 'dwave.graphs' namespace.
  import dwave_networkx as dnx
/data/max/ember/docs/paper2/data/plane_probe.py:63: DeprecationWarning: dwave-networkx is deprecated and will be replaced by dwave-graphs in Ocean 10. Most functionality previously provided by dwave-networkx is now available as part of dwave-graphs under the 'dwave.graphs' namespace.
  import dwave_networkx as dnx
/data/max/ember/docs/paper2/data/plane_probe.py:63: DeprecationWarning: dwave-networkx is deprecated and will be replaced by dwave-graphs in Ocean 10. Most functionality previously provided by dwave-networkx is now available as part of dwave-graphs under the 'dwave.graphs' namespace.
  import dwave_networkx as dnx
/data/max/ember/docs/paper2/data/plane_probe.py:63: DeprecationWarning: dwave-networkx is deprecated and will be replaced by dwave-graphs in Ocean 10. Most functionality previously provided by dwave-networkx is now available as part of dwave-graphs under the 'dwave.graphs' namespace.
  import dwave_networkx as dnx
/data/max/ember/docs/paper2/data/plane_probe.py:63: DeprecationWarning: dwave-networkx is deprecated and will be replaced by dwave-graphs in Ocean 10. Most functionality previously provided by dwave-networkx is now available as part of dwave-graphs under the 'dwave.graphs' namespace.
  import dwave_networkx as dnx
/data/max/ember/docs/paper2/data/plane_probe.py:63: DeprecationWarning: dwave-networkx is deprecated and will be replaced by dwave-graphs in Ocean 10. Most functionality previously provided by dwave-networkx is now available as part of dwave-graphs under the 'dwave.graphs' namespace.
  import dwave_networkx as dnx
/data/max/ember/docs/paper2/data/plane_probe.py:63: DeprecationWarning: dwave-networkx is deprecated and will be replaced by dwave-graphs in Ocean 10. Most functionality previously provided by dwave-networkx is now available as part of dwave-graphs under the 'dwave.graphs' namespace.
  import dwave_networkx as dnx
/data/max/ember/docs/paper2/data/plane_probe.py:63: DeprecationWarning: dwave-networkx is deprecated and will be replaced by dwave-graphs in Ocean 10. Most functionality previously provided by dwave-networkx is now available as part of dwave-graphs under the 'dwave.graphs' namespace.
  import dwave_networkx as dnx
/data/max/ember/docs/paper2/data/plane_probe.py:63: DeprecationWarning: dwave-networkx is deprecated and will be replaced by dwave-graphs in Ocean 10. Most functionality previously provided by dwave-networkx is now available as part of dwave-graphs under the 'dwave.graphs' namespace.
  import dwave_networkx as dnx
/data/max/ember/docs/paper2/data/plane_probe.py:63: DeprecationWarning: dwave-networkx is deprecated and will be replaced by dwave-graphs in Ocean 10. Most functionality previously provided by dwave-networkx is now available as part of dwave-graphs under the 'dwave.graphs' namespace.
  import dwave_networkx as dnx
/data/max/ember/docs/paper2/data/plane_probe.py:63: DeprecationWarning: dwave-networkx is deprecated and will be replaced by dwave-graphs in Ocean 10. Most functionality previously provided by dwave-networkx is now available as part of dwave-graphs under the 'dwave.graphs' namespace.
  import dwave_networkx as dnx
/data/max/ember/docs/paper2/data/plane_probe.py:63: DeprecationWarning: dwave-networkx is deprecated and will be replaced by dwave-graphs in Ocean 10. Most functionality previously provided by dwave-networkx is now available as part of dwave-graphs under the 'dwave.graphs' namespace.
  import dwave_networkx as dnx
/data/max/ember/docs/paper2/data/plane_probe.py:63: DeprecationWarning: dwave-networkx is deprecated and will be replaced by dwave-graphs in Ocean 10. Most functionality previously provided by dwave-networkx is now available as part of dwave-graphs under the 'dwave.graphs' namespace.
  import dwave_networkx as dnx
/data/max/ember/docs/paper2/data/plane_probe.py:63: DeprecationWarning: dwave-networkx is deprecated and will be replaced by dwave-graphs in Ocean 10. Most functionality previously provided by dwave-networkx is now available as part of dwave-graphs under the 'dwave.graphs' namespace.
  import dwave_networkx as dnx
/data/max/ember/docs/paper2/data/plane_probe.py:63: DeprecationWarning: dwave-networkx is deprecated and will be replaced by dwave-graphs in Ocean 10. Most functionality previously provided by dwave-networkx is now available as part of dwave-graphs under the 'dwave.graphs' namespace.
  import dwave_networkx as dnx
/data/max/ember/docs/paper2/data/plane_probe.py:63: DeprecationWarning: dwave-networkx is deprecated and will be replaced by dwave-graphs in Ocean 10. Most functionality previously provided by dwave-networkx is now available as part of dwave-graphs under the 'dwave.graphs' namespace.
  import dwave_networkx as dnx
/data/max/ember/docs/paper2/data/plane_probe.py:63: DeprecationWarning: dwave-networkx is deprecated and will be replaced by dwave-graphs in Ocean 10. Most functionality previously provided by dwave-networkx is now available as part of dwave-graphs under the 'dwave.graphs' namespace.
  import dwave_networkx as dnx
/data/max/ember/docs/paper2/data/plane_probe.py:63: DeprecationWarning: dwave-networkx is deprecated and will be replaced by dwave-graphs in Ocean 10. Most functionality previously provided by dwave-networkx is now available as part of dwave-graphs under the 'dwave.graphs' namespace.
  import dwave_networkx as dnx
Z12 K100               orders       seed 0: 7.39 mx=9 pen=0 acc=241 ro=932 def=0 skip=True (63.3s)
Z12 K100               orders       seed 1: 7.4 mx=9 pen=0 acc=233 ro=872 def=0 skip=True (62.1s)
Z12 K100               orders       seed 2: 7.4 mx=9 pen=0 acc=180 ro=634 def=0 skip=True (62.6s)
Z12 K100               plane        seed 0: 7.26 mx=8 pen=None acc=195 ro=960 def=0 skip=True (63.7s)
Z12 K100               plane        seed 1: 7.26 mx=8 pen=None acc=196 ro=1159 def=0 skip=True (62.9s)
Z12 K100               plane        seed 2: 7.26 mx=8 pen=None acc=192 ro=728 def=0 skip=True (62.3s)
Z12 K100               plane-audit  seed 0: 7.27 mx=8 pen=None acc=78 ro=509 def=0 skip=True (61.5s)
Z12 K100               plane-audit  seed 1: 7.27 mx=8 pen=None acc=78 ro=509 def=0 skip=True (63.0s)
Z12 K100               plane-audit  seed 2: 7.27 mx=8 pen=None acc=78 ro=509 def=0 skip=True (64.8s)
Z12 K100               plane-h      seed 0: 7.34 mx=8 pen=None acc=381 ro=1042 def=0 skip=True (60.5s)
Z12 K100               plane-h      seed 1: 7.31 mx=8 pen=None acc=455 ro=1358 def=0 skip=True (65.0s)
Z12 K100               plane-h      seed 2: 7.29 mx=8 pen=None acc=429 ro=1284 def=0 skip=True (61.7s)
Z12 K140               orders       seed 0: 9.879 mx=11 pen=0 acc=172 ro=407 def=0 skip=True (74.0s)
Z12 K140               orders       seed 1: 9.821 mx=11 pen=0 acc=184 ro=479 def=0 skip=True (65.5s)
Z12 K140               orders       seed 2: 9.879 mx=11 pen=0 acc=179 ro=445 def=0 skip=True (72.2s)
Z12 K140               plane        seed 0: 9.764 mx=10 pen=None acc=306 ro=646 def=0 skip=True (62.8s)
Z12 K140               plane        seed 1: 9.764 mx=10 pen=None acc=273 ro=506 def=0 skip=True (62.4s)
Z12 K140               plane        seed 2: 9.764 mx=10 pen=None acc=306 ro=738 def=0 skip=True (62.5s)
Z12 K140               plane-audit  seed 0: 9.879 mx=11 pen=None acc=158 ro=763 def=0 skip=True (68.9s)
Z12 K140               plane-audit  seed 1: 9.879 mx=11 pen=None acc=158 ro=757 def=0 skip=True (65.6s)
Z12 K140               plane-audit  seed 2: 9.9 mx=11 pen=None acc=155 ro=546 def=0 skip=True (73.1s)
Z12 K140               plane-h      seed 0: 9.964 mx=11 pen=None acc=317 ro=659 def=0 skip=True (67.5s)
Z12 K140               plane-h      seed 1: 9.921 mx=11 pen=None acc=346 ro=718 def=0 skip=True (64.7s)
Z12 K140               plane-h      seed 2: 9.921 mx=11 pen=None acc=321 ro=688 def=0 skip=True (67.5s)
Z12 ER100_d10          orders       seed 0: 5.62 mx=8 pen=0 acc=3394 ro=5271 def=0 skip=True (60.1s)
Z12 ER100_d10          orders       seed 1: 5.62 mx=8 pen=0 acc=3503 ro=5462 def=0 skip=True (60.1s)
Z12 ER100_d10          orders       seed 2: 5.62 mx=8 pen=0 acc=3561 ro=5533 def=0 skip=True (60.1s)
Z12 ER100_d10          plane        seed 0: 4.81 mx=9 pen=None acc=3217 ro=4636 def=0 skip=True (60.1s)
Z12 ER100_d10          plane        seed 1: 5.49 mx=10 pen=None acc=4730 ro=6821 def=0 skip=True (60.3s)
Z12 ER100_d10          plane        seed 2: 4.98 mx=9 pen=None acc=3884 ro=5570 def=0 skip=True (60.0s)
Z12 ER100_d10          plane-audit  seed 0: 4.77 mx=9 pen=None acc=11 ro=570 def=0 skip=True (60.0s)
Z12 ER100_d10          plane-audit  seed 1: 4.95 mx=9 pen=None acc=11 ro=570 def=0 skip=True (60.0s)
Z12 ER100_d10          plane-audit  seed 2: 4.7 mx=9 pen=None acc=11 ro=570 def=0 skip=True (60.0s)
Z12 ER100_d10          plane-h      seed 0: 5.68 mx=8 pen=None acc=5595 ro=7083 def=0 skip=True (60.1s)
Z12 ER100_d10          plane-h      seed 1: 5.7 mx=8 pen=None acc=5701 ro=7229 def=0 skip=True (60.1s)
Z12 ER100_d10          plane-h      seed 2: 5.7 mx=8 pen=None acc=4049 ro=5148 def=0 skip=True (60.0s)
Z12 turan_n162         orders       seed 0: 6.0 mx=6 pen=0 acc=548 ro=553 def=0 skip=True (64.5s)
Z12 turan_n162         orders       seed 1: 6.0 mx=6 pen=0 acc=437 ro=442 def=0 skip=True (64.0s)
Z12 turan_n162         orders       seed 2: 6.0 mx=6 pen=0 acc=657 ro=663 def=0 skip=True (62.8s)
Z12 turan_n162         orders       seed 3: 6.0 mx=6 pen=0 acc=666 ro=672 def=0 skip=True (60.6s)
Z12 turan_n162         orders       seed 4: 6.0 mx=6 pen=0 acc=699 ro=705 def=0 skip=True (62.5s)
Z12 turan_n162         orders       seed 5: 6.0 mx=6 pen=0 acc=713 ro=720 def=0 skip=True (61.9s)
Z12 turan_n162         orders       seed 6: 6.0 mx=6 pen=0 acc=521 ro=526 def=0 skip=True (63.5s)
Z12 turan_n162         orders       seed 7: 6.0 mx=6 pen=0 acc=528 ro=534 def=0 skip=True (65.2s)
Z12 turan_n162         orders       seed 8: 6.0 mx=6 pen=0 acc=668 ro=675 def=0 skip=True (60.7s)
Z12 turan_n162         orders       seed 9: 6.0 mx=6 pen=0 acc=642 ro=648 def=0 skip=True (62.7s)
Z12 turan_n162         plane        seed 0: 6.0 mx=6 pen=None acc=607 ro=660 def=0 skip=True (62.5s)
Z12 turan_n162         plane        seed 1: 6.228 mx=7 pen=None acc=569 ro=573 def=0 skip=True (61.7s)
Z12 turan_n162         plane        seed 2: 6.0 mx=6 pen=None acc=651 ro=718 def=0 skip=True (67.0s)
Z12 turan_n162         plane        seed 3: 6.0 mx=6 pen=None acc=550 ro=596 def=0 skip=True (64.1s)
Z12 turan_n162         plane        seed 4: 6.228 mx=7 pen=None acc=801 ro=869 def=0 skip=True (62.2s)
Z12 turan_n162         plane        seed 5: 6.228 mx=7 pen=None acc=551 ro=555 def=0 skip=True (62.2s)
Z12 turan_n162         plane        seed 6: 6.228 mx=7 pen=None acc=722 ro=789 def=0 skip=True (62.5s)
Z12 turan_n162         plane        seed 7: 6.228 mx=7 pen=None acc=582 ro=586 def=0 skip=True (60.8s)
Z12 turan_n162         plane        seed 8: 6.228 mx=7 pen=None acc=332 ro=336 def=0 skip=True (63.1s)
Z12 turan_n162         plane        seed 9: 6.0 mx=6 pen=None acc=776 ro=844 def=0 skip=True (63.5s)
Z12 turan_n162         plane-audit  seed 0: 6.228 mx=7 pen=None acc=27 ro=288 def=0 skip=True (64.7s)
Z12 turan_n162         plane-audit  seed 1: 7.0 mx=8 pen=None acc=32 ro=369 def=0 skip=True (66.7s)
Z12 turan_n162         plane-audit  seed 2: 6.228 mx=7 pen=None acc=27 ro=288 def=0 skip=True (61.0s)
Z12 turan_n162         plane-audit  seed 3: 6.228 mx=7 pen=None acc=27 ro=288 def=0 skip=True (63.7s)
Z12 turan_n162         plane-audit  seed 4: 6.228 mx=7 pen=None acc=27 ro=288 def=0 skip=True (60.7s)
Z12 turan_n162         plane-audit  seed 5: 7.0 mx=8 pen=None acc=32 ro=369 def=0 skip=True (70.0s)
Z12 turan_n162         plane-audit  seed 6: 6.228 mx=7 pen=None acc=27 ro=288 def=0 skip=True (62.8s)
Z12 turan_n162         plane-audit  seed 7: 6.784 mx=8 pen=None acc=32 ro=369 def=0 skip=True (61.1s)
Z12 turan_n162         plane-audit  seed 8: 7.0 mx=8 pen=None acc=32 ro=369 def=0 skip=True (62.9s)
Z12 turan_n162         plane-audit  seed 9: 6.0 mx=6 pen=None acc=27 ro=288 def=0 skip=True (61.1s)
Z12 turan_n162         plane-h      seed 0: 6.0 mx=6 pen=None acc=998 ro=1146 def=0 skip=True (62.0s)
Z12 turan_n162         plane-h      seed 1: 16.562 mx=44 pen=None acc=351 ro=559 def=20 skip=False (61.3s)
Z12 turan_n162         plane-h      seed 2: 6.0 mx=6 pen=None acc=650 ro=723 def=0 skip=True (60.5s)
Z12 turan_n162         plane-h      seed 3: 6.0 mx=6 pen=None acc=974 ro=1117 def=0 skip=True (67.8s)
Z12 turan_n162         plane-h      seed 4: 6.0 mx=6 pen=None acc=983 ro=1131 def=0 skip=True (62.0s)
Z12 turan_n162         plane-h      seed 5: None mx=None pen=None acc=None ro=None def=None skip=None (71.6s)
Z12 turan_n162         plane-h      seed 6: 6.0 mx=6 pen=None acc=709 ro=800 def=0 skip=True (63.2s)
Z12 turan_n162         plane-h      seed 7: 21.525 mx=59 pen=None acc=208 ro=327 def=20 skip=False (60.9s)
Z12 turan_n162         plane-h      seed 8: 23.883 mx=74 pen=None acc=244 ro=376 def=20 skip=False (62.2s)
Z12 turan_n162         plane-h      seed 9: 6.0 mx=6 pen=None acc=801 ro=898 def=0 skip=True (67.4s)
Z12 spin_glass_n163    orders       seed 0: 11.031 mx=13 pen=0 acc=437 ro=784 def=0 skip=True (60.1s)
Z12 spin_glass_n163    orders       seed 1: 11.031 mx=13 pen=0 acc=591 ro=1073 def=0 skip=True (67.1s)
Z12 spin_glass_n163    orders       seed 2: 11.031 mx=13 pen=0 acc=483 ro=870 def=0 skip=True (60.2s)
Z12 spin_glass_n163    plane        seed 0: 11.153 mx=12 pen=None acc=620 ro=1080 def=0 skip=True (62.1s)
Z12 spin_glass_n163    plane        seed 1: 11.098 mx=12 pen=None acc=735 ro=1520 def=0 skip=True (60.3s)
Z12 spin_glass_n163    plane        seed 2: 11.104 mx=12 pen=None acc=573 ro=922 def=0 skip=True (71.3s)
Z12 spin_glass_n163    plane-audit  seed 0: 11.092 mx=13 pen=None acc=155 ro=1163 def=0 skip=True (70.3s)
Z12 spin_glass_n163    plane-audit  seed 1: 11.067 mx=13 pen=None acc=162 ro=1395 def=0 skip=True (66.3s)
Z12 spin_glass_n163    plane-audit  seed 2: 11.08 mx=13 pen=None acc=159 ro=1245 def=0 skip=True (66.3s)
Z12 spin_glass_n163    plane-h      seed 0: 11.117 mx=12 pen=None acc=671 ro=1073 def=0 skip=True (60.3s)
Z12 spin_glass_n163    plane-h      seed 1: 11.074 mx=12 pen=None acc=716 ro=1154 def=0 skip=True (65.7s)
Z12 spin_glass_n163    plane-h      seed 2: 11.074 mx=12 pen=None acc=691 ro=1126 def=0 skip=True (69.7s)
Z12 regular_n316       orders       seed 0: 2.759 mx=6 pen=6 acc=1021 ro=1024 def=5 skip=False (60.9s)
Z12 regular_n316       orders       seed 1: 2.924 mx=7 pen=6 acc=1038 ro=1041 def=5 skip=False (60.2s)
Z12 regular_n316       orders       seed 2: 2.851 mx=7 pen=6 acc=1224 ro=1227 def=5 skip=False (60.1s)
Z12 regular_n316       plane        seed 0: 2.557 mx=6 pen=None acc=1327 ro=1398 def=1 skip=False (60.1s)
Z12 regular_n316       plane        seed 1: 2.706 mx=6 pen=None acc=1467 ro=1538 def=1 skip=False (60.1s)
Z12 regular_n316       plane        seed 2: 2.756 mx=6 pen=None acc=1259 ro=1330 def=1 skip=False (60.2s)
Z12 regular_n316       plane-audit  seed 0: 2.804 mx=7 pen=None acc=3 ro=1847 def=1 skip=False (62.1s)
Z12 regular_n316       plane-audit  seed 1: 2.728 mx=6 pen=None acc=3 ro=1847 def=1 skip=False (60.3s)
Z12 regular_n316       plane-audit  seed 2: 2.807 mx=6 pen=None acc=3 ro=300 def=1 skip=False (60.0s)
Z12 regular_n316       plane-h      seed 0: 2.934 mx=7 pen=None acc=795 ro=796 def=0 skip=True (60.0s)
Z12 regular_n316       plane-h      seed 1: 2.655 mx=6 pen=None acc=427 ro=428 def=0 skip=True (60.0s)
Z12 regular_n316       plane-h      seed 2: 2.823 mx=7 pen=None acc=413 ro=414 def=0 skip=True (60.0s)
Z12 ws_n486            orders       seed 0: 2.494 mx=8 pen=67 acc=120 ro=121 def=24 skip=False (60.0s)
Z12 ws_n486            orders       seed 1: 2.837 mx=9 pen=67 acc=291 ro=292 def=24 skip=False (60.3s)
Z12 ws_n486            orders       seed 2: 2.648 mx=8 pen=67 acc=288 ro=289 def=24 skip=False (60.6s)
Z12 ws_n486            orders       seed 3: 2.595 mx=8 pen=67 acc=226 ro=227 def=24 skip=False (60.5s)
Z12 ws_n486            orders       seed 4: 2.529 mx=8 pen=67 acc=333 ro=334 def=24 skip=False (60.1s)
Z12 ws_n486            orders       seed 5: 2.521 mx=9 pen=67 acc=237 ro=238 def=24 skip=False (60.2s)
Z12 ws_n486            orders       seed 6: 2.547 mx=8 pen=67 acc=306 ro=307 def=24 skip=False (60.1s)
Z12 ws_n486            orders       seed 7: 2.681 mx=9 pen=67 acc=261 ro=262 def=24 skip=False (60.1s)
Z12 ws_n486            orders       seed 8: 2.572 mx=8 pen=67 acc=289 ro=290 def=24 skip=False (60.2s)
Z12 ws_n486            orders       seed 9: 2.516 mx=8 pen=67 acc=416 ro=417 def=24 skip=False (60.1s)
Z12 ws_n486            plane        seed 0: 2.453 mx=8 pen=None acc=381 ro=385 def=42 skip=False (60.4s)
Z12 ws_n486            plane        seed 1: 2.685 mx=10 pen=None acc=364 ro=368 def=42 skip=False (60.1s)
Z12 ws_n486            plane        seed 2: 2.523 mx=8 pen=None acc=473 ro=477 def=42 skip=False (60.5s)
Z12 ws_n486            plane        seed 3: 2.523 mx=8 pen=None acc=476 ro=480 def=42 skip=False (60.5s)
Z12 ws_n486            plane        seed 4: 2.595 mx=8 pen=None acc=472 ro=476 def=42 skip=False (60.0s)
Z12 ws_n486            plane        seed 5: 2.498 mx=7 pen=None acc=501 ro=505 def=42 skip=False (61.4s)
Z12 ws_n486            plane        seed 6: 2.512 mx=7 pen=None acc=677 ro=699 def=42 skip=False (60.8s)
Z12 ws_n486            plane        seed 7: 2.533 mx=8 pen=None acc=525 ro=536 def=42 skip=False (60.1s)
Z12 ws_n486            plane        seed 8: 2.679 mx=8 pen=None acc=756 ro=788 def=42 skip=False (60.4s)
Z12 ws_n486            plane        seed 9: 2.679 mx=8 pen=None acc=777 ro=815 def=42 skip=False (60.4s)
Z12 ws_n486            plane-audit  seed 0: 2.525 mx=8 pen=None acc=16 ro=358 def=43 skip=False (60.1s)
Z12 ws_n486            plane-audit  seed 1: 2.516 mx=8 pen=None acc=17 ro=554 def=30 skip=False (60.0s)
Z12 ws_n486            plane-audit  seed 2: 2.617 mx=8 pen=None acc=16 ro=374 def=43 skip=False (60.2s)
Z12 ws_n486            plane-audit  seed 3: 2.667 mx=8 pen=None acc=16 ro=326 def=43 skip=False (60.0s)
Z12 ws_n486            plane-audit  seed 4: 2.496 mx=8 pen=None acc=17 ro=544 def=30 skip=False (60.0s)
Z12 ws_n486            plane-audit  seed 5: 2.626 mx=8 pen=None acc=16 ro=327 def=43 skip=False (60.1s)
Z12 ws_n486            plane-audit  seed 6: 2.65 mx=9 pen=None acc=16 ro=352 def=43 skip=False (60.0s)
Z12 ws_n486            plane-audit  seed 7: 2.695 mx=9 pen=None acc=15 ro=217 def=24 skip=False (60.1s)
Z12 ws_n486            plane-audit  seed 8: 2.636 mx=8 pen=None acc=16 ro=406 def=43 skip=False (60.1s)
Z12 ws_n486            plane-audit  seed 9: 2.494 mx=8 pen=None acc=16 ro=408 def=43 skip=False (60.0s)
Z12 ws_n486            plane-h      seed 0: 2.58 mx=9 pen=None acc=593 ro=594 def=32 skip=False (60.2s)
Z12 ws_n486            plane-h      seed 1: 2.556 mx=9 pen=None acc=262 ro=263 def=32 skip=False (60.0s)
Z12 ws_n486            plane-h      seed 2: 2.389 mx=7 pen=None acc=215 ro=216 def=32 skip=False (60.1s)
Z12 ws_n486            plane-h      seed 3: 2.535 mx=9 pen=None acc=410 ro=411 def=32 skip=False (60.0s)
Z12 ws_n486            plane-h      seed 4: 2.658 mx=8 pen=None acc=442 ro=443 def=32 skip=False (60.1s)
Z12 ws_n486            plane-h      seed 5: 2.537 mx=8 pen=None acc=447 ro=448 def=32 skip=False (60.1s)
Z12 ws_n486            plane-h      seed 6: 2.72 mx=9 pen=None acc=464 ro=465 def=32 skip=False (60.1s)
Z12 ws_n486            plane-h      seed 7: 2.422 mx=8 pen=None acc=714 ro=715 def=32 skip=False (60.0s)
Z12 ws_n486            plane-h      seed 8: 2.938 mx=9 pen=None acc=510 ro=511 def=32 skip=False (60.2s)
Z12 ws_n486            plane-h      seed 9: 2.603 mx=8 pen=None acc=308 ro=309 def=32 skip=False (60.0s)
Z12 grid_200           orders       seed 0: 1.885 mx=4 pen=12 acc=875 ro=919 def=0 skip=True (60.0s)
Z12 grid_200           orders       seed 1: 1.43 mx=3 pen=12 acc=1005 ro=1056 def=0 skip=True (60.0s)
Z12 grid_200           orders       seed 2: 1.37 mx=3 pen=12 acc=759 ro=799 def=0 skip=True (60.0s)
Z12 grid_200           plane        seed 0: 1.285 mx=3 pen=None acc=1719 ro=1866 def=0 skip=True (60.0s)
Z12 grid_200           plane        seed 1: 1.095 mx=2 pen=None acc=1041 ro=1133 def=0 skip=True (60.0s)
Z12 grid_200           plane        seed 2: 1.135 mx=2 pen=None acc=1112 ro=1211 def=0 skip=True (60.0s)
Z12 grid_200           plane-audit  seed 0: 1.42 mx=3 pen=None acc=9 ro=811 def=0 skip=True (60.0s)
Z12 grid_200           plane-audit  seed 1: 1.225 mx=3 pen=None acc=9 ro=811 def=0 skip=True (60.0s)
Z12 grid_200           plane-audit  seed 2: 1.115 mx=2 pen=None acc=9 ro=811 def=0 skip=True (60.0s)
Z12 grid_200           plane-h      seed 0: 1.315 mx=3 pen=None acc=1441 ro=1504 def=0 skip=True (60.1s)
Z12 grid_200           plane-h      seed 1: 1.305 mx=3 pen=None acc=595 ro=611 def=0 skip=True (60.0s)
Z12 grid_200           plane-h      seed 2: 1.375 mx=3 pen=None acc=1583 ro=1648 def=0 skip=True (60.0s)
Z12 honeycomb_200      orders       seed 0: 1.185 mx=2 pen=44 acc=907 ro=1128 def=2 skip=False (60.0s)
Z12 honeycomb_200      orders       seed 1: 1.16 mx=2 pen=44 acc=845 ro=1036 def=2 skip=False (60.0s)
Z12 honeycomb_200      orders       seed 2: 1.175 mx=2 pen=44 acc=1421 ro=1796 def=2 skip=False (60.1s)
Z12 honeycomb_200      plane        seed 0: 1.205 mx=3 pen=None acc=1996 ro=2347 def=0 skip=True (60.1s)
Z12 honeycomb_200      plane        seed 1: 1.13 mx=2 pen=None acc=1439 ro=1676 def=0 skip=True (60.0s)
Z12 honeycomb_200      plane        seed 2: 1.285 mx=3 pen=None acc=1877 ro=2209 def=0 skip=True (60.0s)
Z12 honeycomb_200      plane-audit  seed 0: 1.225 mx=3 pen=None acc=18 ro=1483 def=0 skip=True (60.0s)
Z12 honeycomb_200      plane-audit  seed 1: 1.145 mx=2 pen=None acc=18 ro=1608 def=0 skip=True (60.1s)
Z12 honeycomb_200      plane-audit  seed 2: 1.23 mx=2 pen=None acc=18 ro=1518 def=0 skip=True (60.0s)
Z12 honeycomb_200      plane-h      seed 0: 1.165 mx=2 pen=None acc=1659 ro=1932 def=0 skip=True (60.0s)
Z12 honeycomb_200      plane-h      seed 1: 1.245 mx=2 pen=None acc=2195 ro=2551 def=0 skip=True (60.0s)
Z12 honeycomb_200      plane-h      seed 2: 1.215 mx=2 pen=None acc=1737 ro=2014 def=0 skip=True (60.0s)
Z12 king_graph_196     orders       seed 0: 3.332 mx=7 pen=18 acc=602 ro=651 def=0 skip=True (60.1s)
Z12 king_graph_196     orders       seed 1: 2.531 mx=5 pen=18 acc=612 ro=661 def=0 skip=True (60.1s)
Z12 king_graph_196     orders       seed 2: 3.316 mx=6 pen=18 acc=691 ro=748 def=0 skip=True (60.1s)
Z12 king_graph_196     plane        seed 0: 2.148 mx=5 pen=None acc=580 ro=842 def=0 skip=True (60.1s)
Z12 king_graph_196     plane        seed 1: 1.735 mx=3 pen=None acc=653 ro=941 def=0 skip=True (60.0s)
Z12 king_graph_196     plane        seed 2: 1.551 mx=3 pen=None acc=638 ro=926 def=0 skip=True (60.0s)
Z12 king_graph_196     plane-audit  seed 0: 1.842 mx=4 pen=None acc=16 ro=972 def=0 skip=True (60.0s)
Z12 king_graph_196     plane-audit  seed 1: 1.582 mx=3 pen=None acc=16 ro=972 def=0 skip=True (60.0s)
Z12 king_graph_196     plane-audit  seed 2: 1.939 mx=4 pen=None acc=16 ro=972 def=0 skip=True (60.0s)
Z12 king_graph_196     plane-h      seed 0: 1.857 mx=4 pen=None acc=731 ro=974 def=0 skip=True (60.0s)
Z12 king_graph_196     plane-h      seed 1: 1.888 mx=4 pen=None acc=916 ro=1200 def=0 skip=True (60.0s)
Z12 king_graph_196     plane-h      seed 2: 2.133 mx=5 pen=None acc=942 ro=1240 def=0 skip=True (60.0s)

summary (mean ACL; d = arm - orders, negative = wins):
Z12 K100               orders=7.397(3) mx=9.0 | plane=7.26(3) mx=8.0 mes=23.0 d=-0.137 | plane-audit=7.27(3) mx=8.0 mes=24.0 d=-0.127 | plane-h=7.313(3) mx=8.0 mes=21.667 d=-0.084
Z12 K140               orders=9.86(3) mx=11.0 | plane=9.764(3) mx=10.0 mes=34.0 d=-0.096 | plane-audit=9.886(3) mx=11.0 mes=32.0 d=+0.026 | plane-h=9.935(3) mx=11.0 mes=30.0 d=+0.075
Z12 ER100_d10          orders=5.62(3) mx=8.0 | plane=5.093(3) mx=9.333 mes=20.0 d=-0.527 | plane-audit=4.807(3) mx=9.0 mes=19.0 d=-0.813 | plane-h=5.693(3) mx=8.0 mes=19.0 d=+0.073
Z12 turan_n162         orders=6.0(10) mx=6.0 | plane=6.137(10) mx=6.6 mes=29.1 d=+0.137 | plane-audit=6.492(10) mx=7.3 mes=26.8 d=+0.492 | plane-h=10.886(9) mx=23.667 mes=27.333 d=+4.886
Z12 spin_glass_n163    orders=11.031(3) mx=13.0 | plane=11.118(3) mx=12.0 mes=36.667 d=+0.087 | plane-audit=11.08(3) mx=13.0 mes=35.0 d=+0.049 | plane-h=11.088(3) mx=12.0 mes=35.0 d=+0.057
Z12 regular_n316       orders=2.845(3) mx=6.667 | plane=2.673(3) mx=6.0 mes=22.0 d=-0.172 | plane-audit=2.78(3) mx=6.333 mes=22.0 d=-0.065 | plane-h=2.804(3) mx=6.667 mes=21.0 d=-0.041
Z12 ws_n486            orders=2.594(10) mx=8.3 | plane=2.568(10) mx=8.0 mes=23.0 d=-0.026 | plane-audit=2.592(10) mx=8.2 mes=27.5 d=-0.002 | plane-h=2.594(10) mx=8.4 mes=22.0 d=+0.000
Z12 grid_200           orders=1.562(3) mx=3.333 | plane=1.172(3) mx=2.333 mes=9.0 d=-0.390 | plane-audit=1.253(3) mx=2.667 mes=9.0 d=-0.309 | plane-h=1.332(3) mx=3.0 mes=9.0 d=-0.230
Z12 honeycomb_200      orders=1.173(3) mx=2.0 | plane=1.207(3) mx=2.667 mes=22.0 d=+0.034 | plane-audit=1.2(3) mx=2.333 mes=21.0 d=+0.027 | plane-h=1.208(3) mx=2.0 mes=17.0 d=+0.035
Z12 king_graph_196     orders=3.06(3) mx=6.0 | plane=1.811(3) mx=3.667 mes=10.0 d=-1.249 | plane-audit=1.788(3) mx=3.667 mes=9.0 d=-1.272 | plane-h=1.959(3) mx=4.333 mes=12.0 d=-1.101

BAR turan_n162/Z12: acl {'orders': 6.0, 'plane': 6.137, 'plane-audit': 6.492, 'plane-h': 10.886} mx {'orders': 6.0, 'plane': 6.6, 'plane-audit': 7.3, 'plane-h': 23.667}

BAR ws_n486/Z12: acl {'orders': 2.594, 'plane': 2.568, 'plane-audit': 2.592, 'plane-h': 2.594} mx {'orders': 8.3, 'plane': 8.0, 'plane-audit': 8.2, 'plane-h': 8.4}
BAR board: FAIL [('Z12', 'turan_n162', 'plane-audit', 0.492), ('Z12', 'turan_n162', 'plane-h', 4.886)]
load at end: (90.3271484375, 132.2607421875, 118.2724609375)
done-probe
