10 cells, 176 jobs; load (100.29345703125, 97.525390625, 87.37255859375)
/data/max/ember/docs/paper2/data/plane_probe.py:63: DeprecationWarning: dwave-networkx is deprecated and will be replaced by dwave-graphs in Ocean 10. Most functionality previously provided by dwave-networkx is now available as part of dwave-graphs under the 'dwave.graphs' namespace.
  import dwave_networkx as dnx
/data/max/ember/docs/paper2/data/plane_probe.py:63: DeprecationWarning: dwave-networkx is deprecated and will be replaced by dwave-graphs in Ocean 10. Most functionality previously provided by dwave-networkx is now available as part of dwave-graphs under the 'dwave.graphs' namespace.
  import dwave_networkx as dnx
/data/max/ember/docs/paper2/data/plane_probe.py:63: DeprecationWarning: dwave-networkx is deprecated and will be replaced by dwave-graphs in Ocean 10. Most functionality previously provided by dwave-networkx is now available as part of dwave-graphs under the 'dwave.graphs' namespace.
  import dwave_networkx as dnx
/data/max/ember/docs/paper2/data/plane_probe.py:63: DeprecationWarning: dwave-networkx is deprecated and will be replaced by dwave-graphs in Ocean 10. Most functionality previously provided by dwave-networkx is now available as part of dwave-graphs under the 'dwave.graphs' namespace.
  import dwave_networkx as dnx
/data/max/ember/docs/paper2/data/plane_probe.py:63: DeprecationWarning: dwave-networkx is deprecated and will be replaced by dwave-graphs in Ocean 10. Most functionality previously provided by dwave-networkx is now available as part of dwave-graphs under the 'dwave.graphs' namespace.
  import dwave_networkx as dnx
/data/max/ember/docs/paper2/data/plane_probe.py:63: DeprecationWarning: dwave-networkx is deprecated and will be replaced by dwave-graphs in Ocean 10. Most functionality previously provided by dwave-networkx is now available as part of dwave-graphs under the 'dwave.graphs' namespace.
  import dwave_networkx as dnx
/data/max/ember/docs/paper2/data/plane_probe.py:63: DeprecationWarning: dwave-networkx is deprecated and will be replaced by dwave-graphs in Ocean 10. Most functionality previously provided by dwave-networkx is now available as part of dwave-graphs under the 'dwave.graphs' namespace.
  import dwave_networkx as dnx
/data/max/ember/docs/paper2/data/plane_probe.py:63: DeprecationWarning: dwave-networkx is deprecated and will be replaced by dwave-graphs in Ocean 10. Most functionality previously provided by dwave-networkx is now available as part of dwave-graphs under the 'dwave.graphs' namespace.
  import dwave_networkx as dnx
/data/max/ember/docs/paper2/data/plane_probe.py:63: DeprecationWarning: dwave-networkx is deprecated and will be replaced by dwave-graphs in Ocean 10. Most functionality previously provided by dwave-networkx is now available as part of dwave-graphs under the 'dwave.graphs' namespace.
  import dwave_networkx as dnx
/data/max/ember/docs/paper2/data/plane_probe.py:63: DeprecationWarning: dwave-networkx is deprecated and will be replaced by dwave-graphs in Ocean 10. Most functionality previously provided by dwave-networkx is now available as part of dwave-graphs under the 'dwave.graphs' namespace.
  import dwave_networkx as dnx
/data/max/ember/docs/paper2/data/plane_probe.py:63: DeprecationWarning: dwave-networkx is deprecated and will be replaced by dwave-graphs in Ocean 10. Most functionality previously provided by dwave-networkx is now available as part of dwave-graphs under the 'dwave.graphs' namespace.
  import dwave_networkx as dnx
/data/max/ember/docs/paper2/data/plane_probe.py:63: DeprecationWarning: dwave-networkx is deprecated and will be replaced by dwave-graphs in Ocean 10. Most functionality previously provided by dwave-networkx is now available as part of dwave-graphs under the 'dwave.graphs' namespace.
  import dwave_networkx as dnx
/data/max/ember/docs/paper2/data/plane_probe.py:63: DeprecationWarning: dwave-networkx is deprecated and will be replaced by dwave-graphs in Ocean 10. Most functionality previously provided by dwave-networkx is now available as part of dwave-graphs under the 'dwave.graphs' namespace.
  import dwave_networkx as dnx
/data/max/ember/docs/paper2/data/plane_probe.py:63: DeprecationWarning: dwave-networkx is deprecated and will be replaced by dwave-graphs in Ocean 10. Most functionality previously provided by dwave-networkx is now available as part of dwave-graphs under the 'dwave.graphs' namespace.
  import dwave_networkx as dnx
/data/max/ember/docs/paper2/data/plane_probe.py:63: DeprecationWarning: dwave-networkx is deprecated and will be replaced by dwave-graphs in Ocean 10. Most functionality previously provided by dwave-networkx is now available as part of dwave-graphs under the 'dwave.graphs' namespace.
  import dwave_networkx as dnx
/data/max/ember/docs/paper2/data/plane_probe.py:63: DeprecationWarning: dwave-networkx is deprecated and will be replaced by dwave-graphs in Ocean 10. Most functionality previously provided by dwave-networkx is now available as part of dwave-graphs under the 'dwave.graphs' namespace.
  import dwave_networkx as dnx
/data/max/ember/docs/paper2/data/plane_probe.py:63: DeprecationWarning: dwave-networkx is deprecated and will be replaced by dwave-graphs in Ocean 10. Most functionality previously provided by dwave-networkx is now available as part of dwave-graphs under the 'dwave.graphs' namespace.
  import dwave_networkx as dnx
/data/max/ember/docs/paper2/data/plane_probe.py:63: DeprecationWarning: dwave-networkx is deprecated and will be replaced by dwave-graphs in Ocean 10. Most functionality previously provided by dwave-networkx is now available as part of dwave-graphs under the 'dwave.graphs' namespace.
  import dwave_networkx as dnx
/data/max/ember/docs/paper2/data/plane_probe.py:63: DeprecationWarning: dwave-networkx is deprecated and will be replaced by dwave-graphs in Ocean 10. Most functionality previously provided by dwave-networkx is now available as part of dwave-graphs under the 'dwave.graphs' namespace.
  import dwave_networkx as dnx
/data/max/ember/docs/paper2/data/plane_probe.py:63: DeprecationWarning: dwave-networkx is deprecated and will be replaced by dwave-graphs in Ocean 10. Most functionality previously provided by dwave-networkx is now available as part of dwave-graphs under the 'dwave.graphs' namespace.
  import dwave_networkx as dnx
/data/max/ember/docs/paper2/data/plane_probe.py:63: DeprecationWarning: dwave-networkx is deprecated and will be replaced by dwave-graphs in Ocean 10. Most functionality previously provided by dwave-networkx is now available as part of dwave-graphs under the 'dwave.graphs' namespace.
  import dwave_networkx as dnx
/data/max/ember/docs/paper2/data/plane_probe.py:63: DeprecationWarning: dwave-networkx is deprecated and will be replaced by dwave-graphs in Ocean 10. Most functionality previously provided by dwave-networkx is now available as part of dwave-graphs under the 'dwave.graphs' namespace.
  import dwave_networkx as dnx
/data/max/ember/docs/paper2/data/plane_probe.py:63: DeprecationWarning: dwave-networkx is deprecated and will be replaced by dwave-graphs in Ocean 10. Most functionality previously provided by dwave-networkx is now available as part of dwave-graphs under the 'dwave.graphs' namespace.
  import dwave_networkx as dnx
/data/max/ember/docs/paper2/data/plane_probe.py:63: DeprecationWarning: dwave-networkx is deprecated and will be replaced by dwave-graphs in Ocean 10. Most functionality previously provided by dwave-networkx is now available as part of dwave-graphs under the 'dwave.graphs' namespace.
  import dwave_networkx as dnx
Z12 K100               orders       seed 0: 7.39 mx=9 pen=0 acc=207 ro=810 def=0 skip=True (60.6s)
Z12 K100               orders       seed 1: 7.4 mx=9 pen=0 acc=180 ro=661 def=0 skip=True (62.7s)
Z12 K100               orders       seed 2: 7.4 mx=9 pen=0 acc=161 ro=563 def=0 skip=True (60.4s)
Z12 K100               plane        seed 0: 15.23 mx=30 pen=None acc=191 ro=639 def=51 skip=False (62.4s)
Z12 K100               plane        seed 1: 25.57 mx=47 pen=None acc=195 ro=903 def=51 skip=False (63.3s)
Z12 K100               plane        seed 2: 15.47 mx=27 pen=None acc=192 ro=704 def=51 skip=False (61.1s)
Z12 K100               plane-audit  seed 0: 11.22 mx=21 pen=None acc=78 ro=509 def=52 skip=False (64.5s)
Z12 K100               plane-audit  seed 1: 8.85 mx=15 pen=None acc=78 ro=509 def=52 skip=False (53.8s)
Z12 K100               plane-audit  seed 2: 10.46 mx=21 pen=None acc=78 ro=509 def=52 skip=False (61.3s)
Z12 K100               plane-h      seed 0: 17.59 mx=32 pen=None acc=416 ro=1232 def=71 skip=False (63.4s)
Z12 K100               plane-h      seed 1: 16.93 mx=43 pen=None acc=493 ro=1617 def=68 skip=False (63.3s)
Z12 K100               plane-h      seed 2: 19.7 mx=36 pen=None acc=321 ro=865 def=71 skip=False (64.6s)
Z12 K140               orders       seed 0: 9.95 mx=11 pen=0 acc=168 ro=368 def=0 skip=True (74.0s)
Z12 K140               orders       seed 1: 9.95 mx=11 pen=0 acc=167 ro=360 def=0 skip=True (79.8s)
Z12 K140               orders       seed 2: 9.879 mx=11 pen=0 acc=179 ro=451 def=0 skip=True (69.1s)
Z12 K140               plane        seed 0: None mx=None pen=None acc=None ro=None def=None skip=None (78.9s)
Z12 K140               plane        seed 1: None mx=None pen=None acc=None ro=None def=None skip=None (70.4s)
Z12 K140               plane        seed 2: None mx=None pen=None acc=None ro=None def=None skip=None (71.5s)
Z12 K140               plane-audit  seed 0: None mx=None pen=None acc=None ro=None def=None skip=None (73.2s)
Z12 K140               plane-audit  seed 1: None mx=None pen=None acc=None ro=None def=None skip=None (77.8s)
Z12 K140               plane-audit  seed 2: None mx=None pen=None acc=None ro=None def=None skip=None (75.8s)
Z12 K140               plane-h      seed 0: None mx=None pen=None acc=None ro=None def=None skip=None (74.6s)
Z12 K140               plane-h      seed 1: None mx=None pen=None acc=None ro=None def=None skip=None (77.8s)
Z12 K140               plane-h      seed 2: None mx=None pen=None acc=None ro=None def=None skip=None (75.4s)
Z12 ER100_d10          orders       seed 0: 5.62 mx=8 pen=0 acc=2733 ro=4196 def=0 skip=True (60.1s)
Z12 ER100_d10          orders       seed 1: 5.62 mx=8 pen=0 acc=3057 ro=4748 def=0 skip=True (60.0s)
Z12 ER100_d10          orders       seed 2: 5.62 mx=8 pen=0 acc=1653 ro=2447 def=0 skip=True (60.1s)
Z12 ER100_d10          plane        seed 0: 4.35 mx=8 pen=None acc=3458 ro=5010 def=8 skip=False (60.0s)
Z12 ER100_d10          plane        seed 1: 4.68 mx=9 pen=None acc=3683 ro=5316 def=8 skip=False (60.0s)
Z12 ER100_d10          plane        seed 2: 4.51 mx=8 pen=None acc=2182 ro=3185 def=8 skip=False (60.1s)
Z12 ER100_d10          plane-audit  seed 0: 4.74 mx=9 pen=None acc=11 ro=570 def=6 skip=False (60.0s)
Z12 ER100_d10          plane-audit  seed 1: 4.53 mx=8 pen=None acc=11 ro=570 def=6 skip=False (60.2s)
Z12 ER100_d10          plane-audit  seed 2: 4.8 mx=9 pen=None acc=11 ro=570 def=6 skip=False (60.1s)
Z12 ER100_d10          plane-h      seed 0: 5.02 mx=9 pen=None acc=2726 ro=3473 def=6 skip=False (60.0s)
Z12 ER100_d10          plane-h      seed 1: 4.76 mx=9 pen=None acc=3814 ro=4881 def=6 skip=False (60.1s)
Z12 ER100_d10          plane-h      seed 2: 5.04 mx=9 pen=None acc=2281 ro=2898 def=6 skip=False (60.1s)
Z12 turan_n162         orders       seed 0: 6.0 mx=6 pen=0 acc=409 ro=413 def=0 skip=True (61.5s)
Z12 turan_n162         orders       seed 1: 6.0 mx=6 pen=0 acc=350 ro=355 def=0 skip=True (61.8s)
Z12 turan_n162         orders       seed 2: 6.0 mx=6 pen=0 acc=446 ro=451 def=0 skip=True (62.3s)
Z12 turan_n162         orders       seed 3: 6.0 mx=6 pen=0 acc=491 ro=496 def=0 skip=True (61.8s)
Z12 turan_n162         orders       seed 4: 6.0 mx=6 pen=0 acc=499 ro=504 def=0 skip=True (61.5s)
Z12 turan_n162         orders       seed 5: 6.0 mx=6 pen=0 acc=476 ro=482 def=0 skip=True (62.1s)
Z12 turan_n162         orders       seed 6: 6.0 mx=6 pen=0 acc=481 ro=486 def=0 skip=True (63.1s)
Z12 turan_n162         orders       seed 7: 6.0 mx=6 pen=0 acc=425 ro=430 def=0 skip=True (60.6s)
Z12 turan_n162         orders       seed 8: 6.0 mx=6 pen=0 acc=478 ro=484 def=0 skip=True (61.6s)
Z12 turan_n162         orders       seed 9: 6.0 mx=6 pen=0 acc=495 ro=500 def=0 skip=True (60.3s)
Z12 turan_n162         plane        seed 0: 16.92 mx=41 pen=None acc=985 ro=1055 def=257 skip=False (60.5s)
Z12 turan_n162         plane        seed 1: 14.784 mx=37 pen=None acc=553 ro=557 def=316 skip=False (62.1s)
Z12 turan_n162         plane        seed 2: 18.475 mx=38 pen=None acc=887 ro=956 def=257 skip=False (61.8s)
Z12 turan_n162         plane        seed 3: 17.099 mx=37 pen=None acc=1028 ro=1098 def=257 skip=False (61.6s)
Z12 turan_n162         plane        seed 4: 22.253 mx=47 pen=None acc=1028 ro=1098 def=257 skip=False (60.7s)
Z12 turan_n162         plane        seed 5: None mx=None pen=None acc=None ro=None def=None skip=None (72.0s)
Z12 turan_n162         plane        seed 6: 16.58 mx=40 pen=None acc=989 ro=1059 def=257 skip=False (62.2s)
Z12 turan_n162         plane        seed 7: 17.679 mx=42 pen=None acc=691 ro=695 def=316 skip=False (61.1s)
Z12 turan_n162         plane        seed 8: 16.951 mx=38 pen=None acc=718 ro=722 def=316 skip=False (62.0s)
Z12 turan_n162         plane        seed 9: 19.444 mx=46 pen=None acc=1045 ro=1115 def=257 skip=False (61.6s)
Z12 turan_n162         plane-audit  seed 0: 8.988 mx=14 pen=None acc=27 ro=288 def=333 skip=False (63.0s)
Z12 turan_n162         plane-audit  seed 1: 6.957 mx=8 pen=None acc=32 ro=369 def=526 skip=False (60.7s)
Z12 turan_n162         plane-audit  seed 2: 6.722 mx=7 pen=None acc=27 ro=288 def=333 skip=False (70.2s)
Z12 turan_n162         plane-audit  seed 3: 7.068 mx=9 pen=None acc=27 ro=288 def=333 skip=False (62.9s)
Z12 turan_n162         plane-audit  seed 4: 6.988 mx=8 pen=None acc=27 ro=288 def=333 skip=False (64.6s)
Z12 turan_n162         plane-audit  seed 5: 9.025 mx=14 pen=None acc=32 ro=369 def=526 skip=False (60.3s)
Z12 turan_n162         plane-audit  seed 6: 6.432 mx=7 pen=None acc=27 ro=288 def=333 skip=False (64.8s)
Z12 turan_n162         plane-audit  seed 7: 8.623 mx=15 pen=None acc=32 ro=369 def=526 skip=False (60.6s)
Z12 turan_n162         plane-audit  seed 8: 9.383 mx=15 pen=None acc=32 ro=369 def=526 skip=False (61.3s)
Z12 turan_n162         plane-audit  seed 9: 7.877 mx=11 pen=None acc=27 ro=288 def=333 skip=False (60.2s)
Z12 turan_n162         plane-h      seed 0: 16.185 mx=42 pen=None acc=1132 ro=1327 def=327 skip=False (65.3s)
Z12 turan_n162         plane-h      seed 1: None mx=None pen=None acc=None ro=None def=None skip=None (75.1s)
Z12 turan_n162         plane-h      seed 2: 17.537 mx=43 pen=None acc=1011 ro=1171 def=327 skip=False (64.1s)
Z12 turan_n162         plane-h      seed 3: 19.29 mx=47 pen=None acc=1108 ro=1293 def=327 skip=False (60.6s)
Z12 turan_n162         plane-h      seed 4: None mx=None pen=None acc=None ro=None def=None skip=None (70.2s)
Z12 turan_n162         plane-h      seed 5: None mx=None pen=None acc=None ro=None def=None skip=None (75.7s)
Z12 turan_n162         plane-h      seed 6: None mx=None pen=None acc=None ro=None def=None skip=None (70.9s)
Z12 turan_n162         plane-h      seed 7: 17.765 mx=48 pen=None acc=203 ro=322 def=357 skip=False (66.2s)
Z12 turan_n162         plane-h      seed 8: 18.0 mx=45 pen=None acc=214 ro=333 def=357 skip=False (60.2s)
Z12 turan_n162         plane-h      seed 9: 16.772 mx=39 pen=None acc=645 ro=718 def=327 skip=False (63.2s)
Z12 spin_glass_n163    orders       seed 0: 11.031 mx=13 pen=0 acc=534 ro=960 def=0 skip=True (60.1s)
Z12 spin_glass_n163    orders       seed 1: 11.184 mx=13 pen=0 acc=329 ro=510 def=0 skip=True (64.0s)
Z12 spin_glass_n163    orders       seed 2: 11.074 mx=12 pen=0 acc=386 ro=669 def=0 skip=True (60.9s)
Z12 spin_glass_n163    plane        seed 0: None mx=None pen=None acc=None ro=None def=None skip=None (69.0s)
Z12 spin_glass_n163    plane        seed 1: None mx=None pen=None acc=None ro=None def=None skip=None (67.9s)
Z12 spin_glass_n163    plane        seed 2: None mx=None pen=None acc=None ro=None def=None skip=None (70.2s)
Z12 spin_glass_n163    plane-audit  seed 0: None mx=None pen=None acc=None ro=None def=None skip=None (68.5s)
Z12 spin_glass_n163    plane-audit  seed 1: None mx=None pen=None acc=None ro=None def=None skip=None (65.4s)
Z12 spin_glass_n163    plane-audit  seed 2: None mx=None pen=None acc=None ro=None def=None skip=None (73.2s)
Z12 spin_glass_n163    plane-h      seed 0: None mx=None pen=None acc=None ro=None def=None skip=None (72.3s)
Z12 spin_glass_n163    plane-h      seed 1: None mx=None pen=None acc=None ro=None def=None skip=None (73.3s)
Z12 spin_glass_n163    plane-h      seed 2: None mx=None pen=None acc=None ro=None def=None skip=None (72.6s)
Z12 regular_n316       orders       seed 0: 2.759 mx=6 pen=6 acc=837 ro=840 def=5 skip=False (60.1s)
Z12 regular_n316       orders       seed 1: 2.924 mx=7 pen=6 acc=640 ro=643 def=5 skip=False (60.0s)
Z12 regular_n316       orders       seed 2: 2.851 mx=7 pen=6 acc=890 ro=893 def=5 skip=False (60.1s)
Z12 regular_n316       plane        seed 0: 2.829 mx=7 pen=None acc=1198 ro=1264 def=5 skip=False (60.0s)
Z12 regular_n316       plane        seed 1: 2.687 mx=6 pen=None acc=1101 ro=1136 def=5 skip=False (60.3s)
Z12 regular_n316       plane        seed 2: 2.854 mx=7 pen=None acc=1216 ro=1282 def=5 skip=False (60.1s)
Z12 regular_n316       plane-audit  seed 0: 2.687 mx=7 pen=None acc=3 ro=1847 def=4 skip=False (60.0s)
Z12 regular_n316       plane-audit  seed 1: 2.668 mx=6 pen=None acc=3 ro=925 def=4 skip=False (60.0s)
Z12 regular_n316       plane-audit  seed 2: 2.867 mx=7 pen=None acc=3 ro=1196 def=4 skip=False (60.0s)
Z12 regular_n316       plane-h      seed 0: 2.709 mx=6 pen=None acc=673 ro=674 def=3 skip=False (60.1s)
Z12 regular_n316       plane-h      seed 1: 2.712 mx=6 pen=None acc=1211 ro=1215 def=3 skip=False (60.0s)
Z12 regular_n316       plane-h      seed 2: 2.994 mx=7 pen=None acc=911 ro=912 def=3 skip=False (60.0s)
Z12 ws_n486            orders       seed 0: 2.494 mx=8 pen=67 acc=298 ro=299 def=24 skip=False (60.0s)
Z12 ws_n486            orders       seed 1: 2.837 mx=9 pen=67 acc=364 ro=365 def=24 skip=False (60.1s)
Z12 ws_n486            orders       seed 2: 2.648 mx=8 pen=67 acc=356 ro=357 def=24 skip=False (60.2s)
Z12 ws_n486            orders       seed 3: 2.595 mx=8 pen=67 acc=433 ro=434 def=24 skip=False (60.0s)
Z12 ws_n486            orders       seed 4: 2.529 mx=8 pen=67 acc=515 ro=516 def=24 skip=False (60.0s)
Z12 ws_n486            orders       seed 5: 2.521 mx=9 pen=67 acc=555 ro=556 def=24 skip=False (60.1s)
Z12 ws_n486            orders       seed 6: 2.547 mx=8 pen=67 acc=435 ro=436 def=24 skip=False (60.1s)
Z12 ws_n486            orders       seed 7: 2.681 mx=9 pen=67 acc=425 ro=426 def=24 skip=False (60.5s)
Z12 ws_n486            orders       seed 8: 2.572 mx=8 pen=67 acc=409 ro=410 def=24 skip=False (60.0s)
Z12 ws_n486            orders       seed 9: 2.516 mx=8 pen=67 acc=486 ro=487 def=24 skip=False (60.8s)
Z12 ws_n486            plane        seed 0: 2.605 mx=8 pen=None acc=456 ro=460 def=34 skip=False (60.1s)
Z12 ws_n486            plane        seed 1: 2.523 mx=7 pen=None acc=665 ro=687 def=34 skip=False (60.1s)
Z12 ws_n486            plane        seed 2: 2.749 mx=9 pen=None acc=535 ro=546 def=34 skip=False (60.3s)
Z12 ws_n486            plane        seed 3: 2.469 mx=8 pen=None acc=687 ro=709 def=34 skip=False (60.1s)
Z12 ws_n486            plane        seed 4: 2.414 mx=7 pen=None acc=740 ro=763 def=34 skip=False (61.3s)
Z12 ws_n486            plane        seed 5: 2.747 mx=9 pen=None acc=715 ro=737 def=34 skip=False (60.9s)
Z12 ws_n486            plane        seed 6: 2.733 mx=8 pen=None acc=706 ro=728 def=34 skip=False (60.1s)
Z12 ws_n486            plane        seed 7: 2.57 mx=8 pen=None acc=784 ro=828 def=34 skip=False (60.0s)
Z12 ws_n486            plane        seed 8: 2.397 mx=7 pen=None acc=771 ro=809 def=34 skip=False (60.1s)
Z12 ws_n486            plane        seed 9: 2.582 mx=8 pen=None acc=741 ro=765 def=34 skip=False (60.1s)
Z12 ws_n486            plane-audit  seed 0: 2.733 mx=8 pen=None acc=16 ro=420 def=49 skip=False (60.0s)
Z12 ws_n486            plane-audit  seed 1: 2.535 mx=8 pen=None acc=17 ro=586 def=47 skip=False (60.0s)
Z12 ws_n486            plane-audit  seed 2: 2.576 mx=7 pen=None acc=17 ro=597 def=47 skip=False (60.1s)
Z12 ws_n486            plane-audit  seed 3: 2.58 mx=9 pen=None acc=16 ro=422 def=49 skip=False (60.1s)
Z12 ws_n486            plane-audit  seed 4: 2.689 mx=9 pen=None acc=17 ro=515 def=47 skip=False (60.1s)
Z12 ws_n486            plane-audit  seed 5: 2.975 mx=9 pen=None acc=17 ro=663 def=47 skip=False (60.0s)
Z12 ws_n486            plane-audit  seed 6: 2.595 mx=8 pen=None acc=17 ro=601 def=47 skip=False (60.1s)
Z12 ws_n486            plane-audit  seed 7: 2.444 mx=7 pen=None acc=17 ro=727 def=47 skip=False (60.1s)
Z12 ws_n486            plane-audit  seed 8: 2.409 mx=7 pen=None acc=17 ro=705 def=47 skip=False (60.1s)
Z12 ws_n486            plane-audit  seed 9: 2.549 mx=8 pen=None acc=18 ro=844 def=46 skip=False (60.1s)
Z12 ws_n486            plane-h      seed 0: 2.597 mx=8 pen=None acc=550 ro=551 def=17 skip=False (60.1s)
Z12 ws_n486            plane-h      seed 1: 2.558 mx=9 pen=None acc=538 ro=539 def=17 skip=False (60.0s)
Z12 ws_n486            plane-h      seed 2: 2.883 mx=10 pen=None acc=707 ro=708 def=17 skip=False (60.0s)
Z12 ws_n486            plane-h      seed 3: 2.784 mx=9 pen=None acc=547 ro=548 def=17 skip=False (60.1s)
Z12 ws_n486            plane-h      seed 4: 2.726 mx=9 pen=None acc=816 ro=817 def=17 skip=False (60.1s)
Z12 ws_n486            plane-h      seed 5: 2.593 mx=9 pen=None acc=683 ro=684 def=17 skip=False (60.3s)
Z12 ws_n486            plane-h      seed 6: 2.556 mx=8 pen=None acc=690 ro=691 def=17 skip=False (60.0s)
Z12 ws_n486            plane-h      seed 7: 2.539 mx=8 pen=None acc=1008 ro=1025 def=17 skip=False (60.1s)
Z12 ws_n486            plane-h      seed 8: 2.78 mx=9 pen=None acc=967 ro=983 def=17 skip=False (60.1s)
Z12 ws_n486            plane-h      seed 9: 2.708 mx=8 pen=None acc=933 ro=939 def=17 skip=False (60.1s)
Z12 grid_200           orders       seed 0: 1.885 mx=4 pen=12 acc=1002 ro=1053 def=0 skip=True (60.0s)
Z12 grid_200           orders       seed 1: 1.43 mx=3 pen=12 acc=1041 ro=1093 def=0 skip=True (60.2s)
Z12 grid_200           orders       seed 2: 1.37 mx=3 pen=12 acc=1103 ro=1158 def=0 skip=True (60.1s)
Z12 grid_200           plane        seed 0: 1.27 mx=3 pen=None acc=1408 ro=1532 def=1 skip=False (60.0s)
Z12 grid_200           plane        seed 1: 1.335 mx=3 pen=None acc=1112 ro=1211 def=1 skip=False (60.0s)
Z12 grid_200           plane        seed 2: 1.085 mx=2 pen=None acc=1112 ro=1211 def=1 skip=False (60.0s)
Z12 grid_200           plane-audit  seed 0: 1.205 mx=3 pen=None acc=9 ro=811 def=2 skip=False (60.0s)
Z12 grid_200           plane-audit  seed 1: 1.09 mx=2 pen=None acc=9 ro=811 def=2 skip=False (60.0s)
Z12 grid_200           plane-audit  seed 2: 1.295 mx=3 pen=None acc=9 ro=811 def=2 skip=False (60.1s)
Z12 grid_200           plane-h      seed 0: 1.35 mx=3 pen=None acc=1234 ro=1285 def=0 skip=False (60.0s)
Z12 grid_200           plane-h      seed 1: 1.215 mx=3 pen=None acc=1336 ro=1392 def=0 skip=False (60.0s)
Z12 grid_200           plane-h      seed 2: 1.32 mx=3 pen=None acc=1367 ro=1424 def=0 skip=False (60.0s)
Z12 honeycomb_200      orders       seed 0: 1.185 mx=2 pen=44 acc=1117 ro=1388 def=2 skip=False (60.1s)
Z12 honeycomb_200      orders       seed 1: 1.16 mx=2 pen=44 acc=1262 ro=1577 def=2 skip=False (60.1s)
Z12 honeycomb_200      orders       seed 2: 1.175 mx=2 pen=44 acc=1194 ro=1477 def=2 skip=False (60.0s)
Z12 honeycomb_200      plane        seed 0: 1.155 mx=2 pen=None acc=1622 ro=1899 def=3 skip=False (60.0s)
Z12 honeycomb_200      plane        seed 1: 1.125 mx=2 pen=None acc=1054 ro=1233 def=3 skip=False (60.0s)
Z12 honeycomb_200      plane        seed 2: 1.22 mx=2 pen=None acc=1203 ro=1407 def=3 skip=False (60.0s)
Z12 honeycomb_200      plane-audit  seed 0: 1.3 mx=3 pen=None acc=18 ro=1608 def=5 skip=False (60.1s)
Z12 honeycomb_200      plane-audit  seed 1: 1.115 mx=2 pen=None acc=18 ro=1608 def=5 skip=False (60.1s)
Z12 honeycomb_200      plane-audit  seed 2: 1.145 mx=2 pen=None acc=18 ro=1608 def=5 skip=False (60.0s)
Z12 honeycomb_200      plane-h      seed 0: 1.24 mx=2 pen=None acc=1964 ro=2292 def=4 skip=False (60.1s)
Z12 honeycomb_200      plane-h      seed 1: 1.35 mx=3 pen=None acc=1532 ro=1767 def=4 skip=False (60.0s)
Z12 honeycomb_200      plane-h      seed 2: 1.21 mx=2 pen=None acc=1248 ro=1439 def=4 skip=False (60.0s)
Z12 king_graph_196     orders       seed 0: 3.316 mx=6 pen=18 acc=459 ro=500 def=0 skip=True (60.0s)
Z12 king_graph_196     orders       seed 1: 2.531 mx=5 pen=18 acc=374 ro=407 def=0 skip=True (60.1s)
Z12 king_graph_196     orders       seed 2: 3.352 mx=6 pen=18 acc=713 ro=778 def=0 skip=True (60.1s)
Z12 king_graph_196     plane        seed 0: 1.893 mx=4 pen=None acc=295 ro=414 def=1 skip=False (60.0s)
Z12 king_graph_196     plane        seed 1: 1.551 mx=3 pen=None acc=91 ro=116 def=1 skip=False (60.0s)
Z12 king_graph_196     plane        seed 2: 1.842 mx=4 pen=None acc=369 ro=538 def=1 skip=False (60.0s)
Z12 king_graph_196     plane-audit  seed 0: 1.842 mx=4 pen=None acc=16 ro=972 def=0 skip=False (60.0s)
Z12 king_graph_196     plane-audit  seed 1: 1.607 mx=3 pen=None acc=16 ro=972 def=0 skip=False (60.0s)
Z12 king_graph_196     plane-audit  seed 2: 1.939 mx=4 pen=None acc=16 ro=972 def=0 skip=False (60.1s)
Z12 king_graph_196     plane-h      seed 0: 1.964 mx=4 pen=None acc=446 ro=560 def=0 skip=False (60.0s)
Z12 king_graph_196     plane-h      seed 1: 1.827 mx=4 pen=None acc=550 ro=702 def=0 skip=False (60.0s)
Z12 king_graph_196     plane-h      seed 2: 1.811 mx=4 pen=None acc=621 ro=830 def=0 skip=False (60.0s)

summary (mean ACL; d = arm - orders, negative = wins):
Z12 K100               orders=7.397(3) mx=9.0 | plane=18.757(3) mx=34.667 mes=23.0 d=+11.360 | plane-audit=10.177(3) mx=19.0 mes=24.0 d=+2.780 | plane-h=18.073(3) mx=37.0 mes=21.333 d=+10.676
Z12 K140               orders=9.926(3) mx=11.0 | plane=None(0) mx=None mes=None | plane-audit=None(0) mx=None mes=None | plane-h=None(0) mx=None mes=None
Z12 ER100_d10          orders=5.62(3) mx=8.0 | plane=4.513(3) mx=8.333 mes=20.0 d=-1.107 | plane-audit=4.69(3) mx=8.667 mes=19.0 d=-0.930 | plane-h=4.94(3) mx=9.0 mes=19.0 d=-0.680
Z12 turan_n162         orders=6.0(10) mx=6.0 | plane=17.798(9) mx=40.667 mes=27.0 d=+11.798 | plane-audit=7.806(10) mx=10.8 mes=26.8 d=+1.806 | plane-h=17.591(6) mx=44.0 mes=27.333 d=+11.591
Z12 spin_glass_n163    orders=11.096(3) mx=12.667 | plane=None(0) mx=None mes=None | plane-audit=None(0) mx=None mes=None | plane-h=None(0) mx=None mes=None
Z12 regular_n316       orders=2.845(3) mx=6.667 | plane=2.79(3) mx=6.667 mes=23.0 d=-0.055 | plane-audit=2.741(3) mx=6.667 mes=23.0 d=-0.104 | plane-h=2.805(3) mx=6.333 mes=21.0 d=-0.040
Z12 ws_n486            orders=2.594(10) mx=8.3 | plane=2.579(10) mx=7.9 mes=25.0 d=-0.015 | plane-audit=2.608(10) mx=8.0 mes=30.1 d=+0.014 | plane-h=2.672(10) mx=8.7 mes=23.0 d=+0.078
Z12 grid_200           orders=1.562(3) mx=3.333 | plane=1.23(3) mx=2.667 mes=9.0 d=-0.332 | plane-audit=1.197(3) mx=2.667 mes=9.0 d=-0.365 | plane-h=1.295(3) mx=3.0 mes=9.0 d=-0.267
Z12 honeycomb_200      orders=1.173(3) mx=2.0 | plane=1.167(3) mx=2.0 mes=22.0 d=-0.006 | plane-audit=1.187(3) mx=2.333 mes=21.0 d=+0.014 | plane-h=1.267(3) mx=2.333 mes=18.0 d=+0.094
Z12 king_graph_196     orders=3.066(3) mx=5.667 | plane=1.762(3) mx=3.667 mes=11.0 d=-1.304 | plane-audit=1.796(3) mx=3.667 mes=10.0 d=-1.270 | plane-h=1.867(3) mx=4.0 mes=12.0 d=-1.199

BAR turan_n162/Z12: acl {'orders': 6.0, 'plane': 17.798, 'plane-audit': 7.806, 'plane-h': 17.591} mx {'orders': 6.0, 'plane': 40.667, 'plane-audit': 10.8, 'plane-h': 44.0}

BAR ws_n486/Z12: acl {'orders': 2.594, 'plane': 2.579, 'plane-audit': 2.608, 'plane-h': 2.672} mx {'orders': 8.3, 'plane': 7.9, 'plane-audit': 8.0, 'plane-h': 8.7}
BAR board: FAIL [('Z12', 'K100', 'plane', 11.36), ('Z12', 'K100', 'plane-audit', 2.78), ('Z12', 'K100', 'plane-h', 10.676), ('Z12', 'turan_n162', 'plane', 11.798), ('Z12', 'turan_n162', 'plane-audit', 1.806), ('Z12', 'turan_n162', 'plane-h', 11.591), ('Z12', 'spin_glass_n163', 'plane', 'wall 61.667->69.033'), ('Z12', 'spin_glass_n163', 'plane-audit', 'wall 61.667->69.033'), ('Z12', 'spin_glass_n163', 'plane-h', 'wall 61.667->72.733')]
load at end: (127.193359375, 127.95703125, 106.23876953125)
done-probe
