board old: arms ('old',), 58 jobs; load (162.90087890625, 163.7001953125, 156.45458984375)
/data/max/ember/docs/paper2/data/rewrite_board.py:69: DeprecationWarning: dwave-networkx is deprecated and will be replaced by dwave-graphs in Ocean 10. Most functionality previously provided by dwave-networkx is now available as part of dwave-graphs under the 'dwave.graphs' namespace.
  import dwave_networkx as dnx
/data/max/ember/docs/paper2/data/rewrite_board.py:69: DeprecationWarning: dwave-networkx is deprecated and will be replaced by dwave-graphs in Ocean 10. Most functionality previously provided by dwave-networkx is now available as part of dwave-graphs under the 'dwave.graphs' namespace.
  import dwave_networkx as dnx
/data/max/ember/docs/paper2/data/rewrite_board.py:69: DeprecationWarning: dwave-networkx is deprecated and will be replaced by dwave-graphs in Ocean 10. Most functionality previously provided by dwave-networkx is now available as part of dwave-graphs under the 'dwave.graphs' namespace.
  import dwave_networkx as dnx
/data/max/ember/docs/paper2/data/rewrite_board.py:69: DeprecationWarning: dwave-networkx is deprecated and will be replaced by dwave-graphs in Ocean 10. Most functionality previously provided by dwave-networkx is now available as part of dwave-graphs under the 'dwave.graphs' namespace.
  import dwave_networkx as dnx
/data/max/ember/docs/paper2/data/rewrite_board.py:69: DeprecationWarning: dwave-networkx is deprecated and will be replaced by dwave-graphs in Ocean 10. Most functionality previously provided by dwave-networkx is now available as part of dwave-graphs under the 'dwave.graphs' namespace.
  import dwave_networkx as dnx
/data/max/ember/docs/paper2/data/rewrite_board.py:69: DeprecationWarning: dwave-networkx is deprecated and will be replaced by dwave-graphs in Ocean 10. Most functionality previously provided by dwave-networkx is now available as part of dwave-graphs under the 'dwave.graphs' namespace.
  import dwave_networkx as dnx
/data/max/ember/docs/paper2/data/rewrite_board.py:69: DeprecationWarning: dwave-networkx is deprecated and will be replaced by dwave-graphs in Ocean 10. Most functionality previously provided by dwave-networkx is now available as part of dwave-graphs under the 'dwave.graphs' namespace.
  import dwave_networkx as dnx
/data/max/ember/docs/paper2/data/rewrite_board.py:69: DeprecationWarning: dwave-networkx is deprecated and will be replaced by dwave-graphs in Ocean 10. Most functionality previously provided by dwave-networkx is now available as part of dwave-graphs under the 'dwave.graphs' namespace.
  import dwave_networkx as dnx
/data/max/ember/docs/paper2/data/rewrite_board.py:69: DeprecationWarning: dwave-networkx is deprecated and will be replaced by dwave-graphs in Ocean 10. Most functionality previously provided by dwave-networkx is now available as part of dwave-graphs under the 'dwave.graphs' namespace.
  import dwave_networkx as dnx
/data/max/ember/docs/paper2/data/rewrite_board.py:69: DeprecationWarning: dwave-networkx is deprecated and will be replaced by dwave-graphs in Ocean 10. Most functionality previously provided by dwave-networkx is now available as part of dwave-graphs under the 'dwave.graphs' namespace.
  import dwave_networkx as dnx
/data/max/ember/docs/paper2/data/rewrite_board.py:69: DeprecationWarning: dwave-networkx is deprecated and will be replaced by dwave-graphs in Ocean 10. Most functionality previously provided by dwave-networkx is now available as part of dwave-graphs under the 'dwave.graphs' namespace.
  import dwave_networkx as dnx
/data/max/ember/docs/paper2/data/rewrite_board.py:69: DeprecationWarning: dwave-networkx is deprecated and will be replaced by dwave-graphs in Ocean 10. Most functionality previously provided by dwave-networkx is now available as part of dwave-graphs under the 'dwave.graphs' namespace.
  import dwave_networkx as dnx
/data/max/ember/docs/paper2/data/rewrite_board.py:69: DeprecationWarning: dwave-networkx is deprecated and will be replaced by dwave-graphs in Ocean 10. Most functionality previously provided by dwave-networkx is now available as part of dwave-graphs under the 'dwave.graphs' namespace.
  import dwave_networkx as dnx
/data/max/ember/docs/paper2/data/rewrite_board.py:69: DeprecationWarning: dwave-networkx is deprecated and will be replaced by dwave-graphs in Ocean 10. Most functionality previously provided by dwave-networkx is now available as part of dwave-graphs under the 'dwave.graphs' namespace.
  import dwave_networkx as dnx
/data/max/ember/docs/paper2/data/rewrite_board.py:69: DeprecationWarning: dwave-networkx is deprecated and will be replaced by dwave-graphs in Ocean 10. Most functionality previously provided by dwave-networkx is now available as part of dwave-graphs under the 'dwave.graphs' namespace.
  import dwave_networkx as dnx
/data/max/ember/docs/paper2/data/rewrite_board.py:69: DeprecationWarning: dwave-networkx is deprecated and will be replaced by dwave-graphs in Ocean 10. Most functionality previously provided by dwave-networkx is now available as part of dwave-graphs under the 'dwave.graphs' namespace.
  import dwave_networkx as dnx
/data/max/ember/docs/paper2/data/rewrite_board.py:69: DeprecationWarning: dwave-networkx is deprecated and will be replaced by dwave-graphs in Ocean 10. Most functionality previously provided by dwave-networkx is now available as part of dwave-graphs under the 'dwave.graphs' namespace.
  import dwave_networkx as dnx
/data/max/ember/docs/paper2/data/rewrite_board.py:69: DeprecationWarning: dwave-networkx is deprecated and will be replaced by dwave-graphs in Ocean 10. Most functionality previously provided by dwave-networkx is now available as part of dwave-graphs under the 'dwave.graphs' namespace.
  import dwave_networkx as dnx
/data/max/ember/docs/paper2/data/rewrite_board.py:69: DeprecationWarning: dwave-networkx is deprecated and will be replaced by dwave-graphs in Ocean 10. Most functionality previously provided by dwave-networkx is now available as part of dwave-graphs under the 'dwave.graphs' namespace.
  import dwave_networkx as dnx
/data/max/ember/docs/paper2/data/rewrite_board.py:69: DeprecationWarning: dwave-networkx is deprecated and will be replaced by dwave-graphs in Ocean 10. Most functionality previously provided by dwave-networkx is now available as part of dwave-graphs under the 'dwave.graphs' namespace.
  import dwave_networkx as dnx
/data/max/ember/docs/paper2/data/rewrite_board.py:69: DeprecationWarning: dwave-networkx is deprecated and will be replaced by dwave-graphs in Ocean 10. Most functionality previously provided by dwave-networkx is now available as part of dwave-graphs under the 'dwave.graphs' namespace.
  import dwave_networkx as dnx
/data/max/ember/docs/paper2/data/rewrite_board.py:69: DeprecationWarning: dwave-networkx is deprecated and will be replaced by dwave-graphs in Ocean 10. Most functionality previously provided by dwave-networkx is now available as part of dwave-graphs under the 'dwave.graphs' namespace.
  import dwave_networkx as dnx
/data/max/ember/docs/paper2/data/rewrite_board.py:69: DeprecationWarning: dwave-networkx is deprecated and will be replaced by dwave-graphs in Ocean 10. Most functionality previously provided by dwave-networkx is now available as part of dwave-graphs under the 'dwave.graphs' namespace.
  import dwave_networkx as dnx
/data/max/ember/docs/paper2/data/rewrite_board.py:69: DeprecationWarning: dwave-networkx is deprecated and will be replaced by dwave-graphs in Ocean 10. Most functionality previously provided by dwave-networkx is now available as part of dwave-graphs under the 'dwave.graphs' namespace.
  import dwave_networkx as dnx
K100             old     s0: acl=7.26 mx=8 lacl=7.26 stop=deadline bm=213/4265 pen=None cert=True mmskip=True err=None (69.8s)
K100             old     s1: acl=7.26 mx=8 lacl=7.26 stop=deadline bm=213/4059 pen=None cert=True mmskip=True err=None (68.7s)
K100             old     s2: acl=7.26 mx=8 lacl=7.26 stop=deadline bm=213/4138 pen=None cert=True mmskip=True err=None (60.6s)
K140             old     s0: acl=9.757 mx=10 lacl=9.757 stop=deadline bm=273/2332 pen=None cert=True mmskip=True err=None (72.6s)
K140             old     s1: acl=9.757 mx=10 lacl=9.757 stop=deadline bm=273/2459 pen=None cert=True mmskip=True err=None (70.7s)
K140             old     s2: acl=9.757 mx=10 lacl=9.757 stop=deadline bm=273/2299 pen=None cert=True mmskip=True err=None (71.5s)
ER100_d10        old     s0: acl=4.56 mx=8 lacl=4.95 stop=deadline bm=2639/7538 pen=None cert=True mmskip=True err=None (60.3s)
ER100_d10        old     s1: acl=4.43 mx=8 lacl=4.95 stop=deadline bm=2639/7419 pen=None cert=True mmskip=True err=None (60.4s)
ER100_d10        old     s2: acl=4.27 mx=7 lacl=4.95 stop=deadline bm=2639/7241 pen=None cert=True mmskip=True err=None (60.4s)
ER100_d10        old     s3: acl=4.95 mx=8 lacl=4.95 stop=deadline bm=2639/7323 pen=None cert=True mmskip=True err=None (60.3s)
ER100_d10        old     s4: acl=4.6 mx=8 lacl=4.95 stop=deadline bm=2639/7373 pen=None cert=True mmskip=True err=None (60.5s)
ER100_d10        old     s5: acl=4.55 mx=8 lacl=4.95 stop=deadline bm=2639/7303 pen=None cert=True mmskip=True err=None (60.5s)
ER100_d10        old     s6: acl=4.3 mx=7 lacl=4.95 stop=deadline bm=2639/7186 pen=None cert=True mmskip=True err=None (60.4s)
ER100_d10        old     s7: acl=4.95 mx=8 lacl=4.95 stop=deadline bm=2639/7749 pen=None cert=True mmskip=True err=None (60.4s)
ER100_d10        old     s8: acl=4.95 mx=8 lacl=4.95 stop=deadline bm=2639/7626 pen=None cert=True mmskip=True err=None (60.3s)
ER100_d10        old     s9: acl=4.96 mx=8 lacl=4.95 stop=deadline bm=2639/7484 pen=None cert=True mmskip=True err=None (60.4s)
turan_n162       old     s0: acl=9.253 mx=12 lacl=9.253 stop=deadline bm=726/3070 pen=None cert=True mmskip=True err=None (68.4s)
turan_n162       old     s1: acl=9.593 mx=13 lacl=9.611 stop=deadline bm=429/2886 pen=None cert=True mmskip=True err=None (77.4s)
turan_n162       old     s2: acl=9.253 mx=12 lacl=9.253 stop=deadline bm=726/2869 pen=None cert=True mmskip=True err=None (70.0s)
turan_n162       old     s3: acl=9.253 mx=12 lacl=9.253 stop=deadline bm=726/3034 pen=None cert=True mmskip=True err=None (66.2s)
turan_n162       old     s4: acl=9.222 mx=12 lacl=9.253 stop=deadline bm=726/3080 pen=None cert=True mmskip=True err=None (66.8s)
turan_n162       old     s5: acl=9.611 mx=13 lacl=9.611 stop=deadline bm=429/2965 pen=None cert=True mmskip=True err=None (74.3s)
turan_n162       old     s6: acl=9.253 mx=12 lacl=9.253 stop=deadline bm=726/3231 pen=None cert=True mmskip=True err=None (60.5s)
turan_n162       old     s7: acl=9.611 mx=13 lacl=9.611 stop=deadline bm=429/2797 pen=None cert=True mmskip=True err=None (76.5s)
turan_n162       old     s8: acl=9.623 mx=13 lacl=9.623 stop=deadline bm=410/424 pen=None cert=True mmskip=True err=None (64.5s)
turan_n162       old     s9: acl=9.895 mx=13 lacl=9.901 stop=deadline bm=187/187 pen=None cert=True mmskip=True err=None (69.1s)
spin_glass_n163  old     s0: acl=10.92 mx=12 lacl=10.92 stop=deadline bm=860/909 pen=None cert=True mmskip=True err=None (67.2s)
spin_glass_n163  old     s1: acl=11.19 mx=13 lacl=11.19 stop=deadline bm=150/150 pen=None cert=True mmskip=True err=None (63.2s)
spin_glass_n163  old     s2: acl=11.012 mx=13 lacl=11.012 stop=deadline bm=300/307 pen=None cert=True mmskip=True err=None (68.9s)
regular_n316     old     s0: acl=2.684 mx=6 lacl=4.763 stop=deadline bm=137/205 pen=None cert=True mmskip=True err=None (60.0s)
regular_n316     old     s1: acl=2.842 mx=6 lacl=5.117 stop=deadline bm=19/33 pen=None cert=True mmskip=True err=None (60.1s)
regular_n316     old     s2: acl=2.861 mx=7 lacl=5.019 stop=deadline bm=73/73 pen=None cert=True mmskip=True err=None (60.0s)
regular_n316     old     s3: acl=2.601 mx=6 lacl=4.75 stop=deadline bm=128/128 pen=None cert=True mmskip=True err=None (60.1s)
regular_n316     old     s4: acl=2.753 mx=7 lacl=4.949 stop=deadline bm=47/68 pen=None cert=True mmskip=True err=None (60.4s)
regular_n316     old     s5: acl=2.835 mx=7 lacl=4.949 stop=deadline bm=47/61 pen=None cert=True mmskip=True err=None (60.1s)
regular_n316     old     s6: acl=2.671 mx=6 lacl=4.908 stop=deadline bm=78/78 pen=None cert=True mmskip=True err=None (60.0s)
regular_n316     old     s7: acl=2.75 mx=6 lacl=4.652 stop=deadline bm=325/331 pen=None cert=True mmskip=True err=None (60.1s)
regular_n316     old     s8: acl=2.873 mx=7 lacl=4.652 stop=deadline bm=325/442 pen=None cert=True mmskip=True err=None (60.1s)
regular_n316     old     s9: acl=2.962 mx=7 lacl=4.658 stop=deadline bm=743/765 pen=None cert=True mmskip=True err=None (60.1s)
ws_n486          old     s0: acl=2.516 mx=8 lacl=3.84 stop=deadline bm=370/418 pen=None cert=False mmskip=False err=None (60.0s)
ws_n486          old     s1: acl=2.854 mx=9 lacl=3.751 stop=deadline bm=435/435 pen=None cert=False mmskip=False err=None (60.1s)
ws_n486          old     s2: acl=2.424 mx=7 lacl=3.788 stop=deadline bm=370/415 pen=None cert=False mmskip=False err=None (60.0s)
ws_n486          old     s3: acl=2.494 mx=7 lacl=3.658 stop=deadline bm=370/419 pen=None cert=False mmskip=False err=None (60.0s)
ws_n486          old     s4: acl=2.496 mx=8 lacl=3.786 stop=deadline bm=481/481 pen=None cert=False mmskip=False err=None (60.1s)
ws_n486          old     s5: acl=2.609 mx=9 lacl=3.704 stop=deadline bm=458/463 pen=None cert=False mmskip=False err=None (60.0s)
ws_n486          old     s6: acl=2.58 mx=9 lacl=3.726 stop=deadline bm=370/416 pen=None cert=False mmskip=False err=None (60.0s)
ws_n486          old     s7: acl=2.514 mx=7 lacl=3.827 stop=deadline bm=468/470 pen=None cert=False mmskip=False err=None (60.0s)
ws_n486          old     s8: acl=2.553 mx=8 lacl=3.887 stop=deadline bm=481/585 pen=None cert=False mmskip=False err=None (60.1s)
ws_n486          old     s9: acl=2.529 mx=8 lacl=3.695 stop=deadline bm=481/645 pen=None cert=False mmskip=False err=None (60.1s)
grid_200         old     s0: acl=1.165 mx=2 lacl=2.045 stop=deadline bm=2125/2678 pen=None cert=True mmskip=True err=None (60.0s)
grid_200         old     s1: acl=1.285 mx=3 lacl=2.045 stop=deadline bm=2125/3023 pen=None cert=True mmskip=True err=None (60.1s)
grid_200         old     s2: acl=1.345 mx=4 lacl=2.03 stop=deadline bm=3240/3388 pen=None cert=True mmskip=True err=None (60.0s)
honeycomb_200    old     s0: acl=1.335 mx=3 lacl=2.165 stop=deadline bm=1545/3933 pen=None cert=True mmskip=True err=None (60.0s)
honeycomb_200    old     s1: acl=1.43 mx=3 lacl=2.165 stop=deadline bm=1545/3996 pen=None cert=True mmskip=True err=None (60.0s)
honeycomb_200    old     s2: acl=1.23 mx=2 lacl=2.165 stop=deadline bm=1545/4241 pen=None cert=True mmskip=True err=None (60.0s)
king_graph_196   old     s0: acl=1.791 mx=4 lacl=2.388 stop=deadline bm=1638/3834 pen=None cert=True mmskip=True err=None (60.1s)
king_graph_196   old     s1: acl=1.74 mx=4 lacl=2.388 stop=deadline bm=1638/3943 pen=None cert=True mmskip=True err=None (60.1s)
king_graph_196   old     s2: acl=1.964 mx=4 lacl=2.388 stop=deadline bm=1638/4035 pen=None cert=True mmskip=True err=None (60.0s)
wrote /data/max/ember/docs/paper2/data/rewrite_board_old.csv
paired board — mean ACL (successes) / mean max chain; d = arm − mm on the seeds both have
K100             | mm=10.467(3/3) mx=15.0 | old=7.26(3/3) mx=8.0 d=-3.207 | new=7.26(3/3) mx=8.0 d=-3.207 | new+mm=7.26(3/3) mx=8.0 d=-3.207
K140             | mm=20.286(2/3) mx=40.5 | old=9.757(3/3) mx=10.0 d=-10.529 | new=9.766(3/3) mx=10.667 d=-10.522 | new+mm=9.766(3/3) mx=10.667 d=-10.522
ER100_d10        | mm=4.818(10/10) mx=8.8 | old=4.652(10/10) mx=7.8 d=-0.166 | new=4.619(10/10) mx=8.0 d=-0.199 | new+mm=4.452(10/10) mx=7.5 d=-0.366
turan_n162       | mm=11.304(10/10) mx=18.9 | old=9.457(10/10) mx=12.5 d=-1.847 | new=6.0(10/10) mx=6.0 d=-5.304 | new+mm=6.0(10/10) mx=6.0 d=-5.304
spin_glass_n163  | mm=20.564(3/3) mx=35.333 | old=11.041(3/3) mx=12.667 d=-9.524 | new=10.849(3/3) mx=12.333 d=-9.716 | new+mm=10.842(3/3) mx=12.0 d=-9.722
regular_n316     | mm=3.59(10/10) mx=9.6 | old=2.783(10/10) mx=6.5 d=-0.807 | new=5.993(10/10) mx=30.7 d=+2.403 | new+mm=3.782(10/10) mx=9.7 d=+0.191
ws_n486          | mm=3.144(10/10) mx=11.7 | old=2.557(10/10) mx=8.0 d=-0.587 | new=4.9(10/10) mx=35.7 d=+1.755 | new+mm=3.354(10/10) mx=12.3 d=+0.210
grid_200         | mm=1.082(3/3) mx=2.0 | old=1.265(3/3) mx=3.0 d=+0.183 | new=1.573(3/3) mx=5.333 d=+0.492 | new+mm=1.297(3/3) mx=2.667 d=+0.215
honeycomb_200    | mm=1.16(3/3) mx=2.333 | old=1.332(3/3) mx=2.667 d=+0.172 | new=1.918(3/3) mx=7.667 d=+0.758 | new+mm=1.182(3/3) mx=2.0 d=+0.022
king_graph_196   | mm=1.76(3/3) mx=3.667 | old=1.832(3/3) mx=4.0 d=+0.072 | new=2.689(3/3) mx=8.333 d=+0.929 | new+mm=2.027(3/3) mx=4.333 d=+0.267
load at end: (182.20703125, 183.7216796875, 166.2568359375)
done-board
