13 cells, 106 jobs; load (8.39501953125, 7.79736328125, 8.7841796875)
/data/max/ember/docs/paper2/data/seat_probe.py:63: DeprecationWarning: dwave-networkx is deprecated and will be replaced by dwave-graphs in Ocean 10. Most functionality previously provided by dwave-networkx is now available as part of dwave-graphs under the 'dwave.graphs' namespace.
  import dwave_networkx as dnx
/data/max/ember/docs/paper2/data/seat_probe.py:63: DeprecationWarning: dwave-networkx is deprecated and will be replaced by dwave-graphs in Ocean 10. Most functionality previously provided by dwave-networkx is now available as part of dwave-graphs under the 'dwave.graphs' namespace.
  import dwave_networkx as dnx
/data/max/ember/docs/paper2/data/seat_probe.py:63: DeprecationWarning: dwave-networkx is deprecated and will be replaced by dwave-graphs in Ocean 10. Most functionality previously provided by dwave-networkx is now available as part of dwave-graphs under the 'dwave.graphs' namespace.
  import dwave_networkx as dnx
/data/max/ember/docs/paper2/data/seat_probe.py:63: DeprecationWarning: dwave-networkx is deprecated and will be replaced by dwave-graphs in Ocean 10. Most functionality previously provided by dwave-networkx is now available as part of dwave-graphs under the 'dwave.graphs' namespace.
  import dwave_networkx as dnx
/data/max/ember/docs/paper2/data/seat_probe.py:63: DeprecationWarning: dwave-networkx is deprecated and will be replaced by dwave-graphs in Ocean 10. Most functionality previously provided by dwave-networkx is now available as part of dwave-graphs under the 'dwave.graphs' namespace.
  import dwave_networkx as dnx
/data/max/ember/docs/paper2/data/seat_probe.py:63: DeprecationWarning: dwave-networkx is deprecated and will be replaced by dwave-graphs in Ocean 10. Most functionality previously provided by dwave-networkx is now available as part of dwave-graphs under the 'dwave.graphs' namespace.
  import dwave_networkx as dnx
/data/max/ember/docs/paper2/data/seat_probe.py:63: DeprecationWarning: dwave-networkx is deprecated and will be replaced by dwave-graphs in Ocean 10. Most functionality previously provided by dwave-networkx is now available as part of dwave-graphs under the 'dwave.graphs' namespace.
  import dwave_networkx as dnx
/data/max/ember/docs/paper2/data/seat_probe.py:63: DeprecationWarning: dwave-networkx is deprecated and will be replaced by dwave-graphs in Ocean 10. Most functionality previously provided by dwave-networkx is now available as part of dwave-graphs under the 'dwave.graphs' namespace.
  import dwave_networkx as dnx
/data/max/ember/docs/paper2/data/seat_probe.py:63: DeprecationWarning: dwave-networkx is deprecated and will be replaced by dwave-graphs in Ocean 10. Most functionality previously provided by dwave-networkx is now available as part of dwave-graphs under the 'dwave.graphs' namespace.
  import dwave_networkx as dnx
/data/max/ember/docs/paper2/data/seat_probe.py:63: DeprecationWarning: dwave-networkx is deprecated and will be replaced by dwave-graphs in Ocean 10. Most functionality previously provided by dwave-networkx is now available as part of dwave-graphs under the 'dwave.graphs' namespace.
  import dwave_networkx as dnx
/data/max/ember/docs/paper2/data/seat_probe.py:63: DeprecationWarning: dwave-networkx is deprecated and will be replaced by dwave-graphs in Ocean 10. Most functionality previously provided by dwave-networkx is now available as part of dwave-graphs under the 'dwave.graphs' namespace.
  import dwave_networkx as dnx
/data/max/ember/docs/paper2/data/seat_probe.py:63: DeprecationWarning: dwave-networkx is deprecated and will be replaced by dwave-graphs in Ocean 10. Most functionality previously provided by dwave-networkx is now available as part of dwave-graphs under the 'dwave.graphs' namespace.
  import dwave_networkx as dnx
/data/max/ember/docs/paper2/data/seat_probe.py:63: DeprecationWarning: dwave-networkx is deprecated and will be replaced by dwave-graphs in Ocean 10. Most functionality previously provided by dwave-networkx is now available as part of dwave-graphs under the 'dwave.graphs' namespace.
  import dwave_networkx as dnx
/data/max/ember/docs/paper2/data/seat_probe.py:63: DeprecationWarning: dwave-networkx is deprecated and will be replaced by dwave-graphs in Ocean 10. Most functionality previously provided by dwave-networkx is now available as part of dwave-graphs under the 'dwave.graphs' namespace.
  import dwave_networkx as dnx
/data/max/ember/docs/paper2/data/seat_probe.py:63: DeprecationWarning: dwave-networkx is deprecated and will be replaced by dwave-graphs in Ocean 10. Most functionality previously provided by dwave-networkx is now available as part of dwave-graphs under the 'dwave.graphs' namespace.
  import dwave_networkx as dnx
/data/max/ember/docs/paper2/data/seat_probe.py:63: DeprecationWarning: dwave-networkx is deprecated and will be replaced by dwave-graphs in Ocean 10. Most functionality previously provided by dwave-networkx is now available as part of dwave-graphs under the 'dwave.graphs' namespace.
  import dwave_networkx as dnx
/data/max/ember/docs/paper2/data/seat_probe.py:63: DeprecationWarning: dwave-networkx is deprecated and will be replaced by dwave-graphs in Ocean 10. Most functionality previously provided by dwave-networkx is now available as part of dwave-graphs under the 'dwave.graphs' namespace.
  import dwave_networkx as dnx
/data/max/ember/docs/paper2/data/seat_probe.py:63: DeprecationWarning: dwave-networkx is deprecated and will be replaced by dwave-graphs in Ocean 10. Most functionality previously provided by dwave-networkx is now available as part of dwave-graphs under the 'dwave.graphs' namespace.
  import dwave_networkx as dnx
/data/max/ember/docs/paper2/data/seat_probe.py:63: DeprecationWarning: dwave-networkx is deprecated and will be replaced by dwave-graphs in Ocean 10. Most functionality previously provided by dwave-networkx is now available as part of dwave-graphs under the 'dwave.graphs' namespace.
  import dwave_networkx as dnx
/data/max/ember/docs/paper2/data/seat_probe.py:63: DeprecationWarning: dwave-networkx is deprecated and will be replaced by dwave-graphs in Ocean 10. Most functionality previously provided by dwave-networkx is now available as part of dwave-graphs under the 'dwave.graphs' namespace.
  import dwave_networkx as dnx
/data/max/ember/docs/paper2/data/seat_probe.py:63: DeprecationWarning: dwave-networkx is deprecated and will be replaced by dwave-graphs in Ocean 10. Most functionality previously provided by dwave-networkx is now available as part of dwave-graphs under the 'dwave.graphs' namespace.
  import dwave_networkx as dnx
/data/max/ember/docs/paper2/data/seat_probe.py:63: DeprecationWarning: dwave-networkx is deprecated and will be replaced by dwave-graphs in Ocean 10. Most functionality previously provided by dwave-networkx is now available as part of dwave-graphs under the 'dwave.graphs' namespace.
  import dwave_networkx as dnx
/data/max/ember/docs/paper2/data/seat_probe.py:63: DeprecationWarning: dwave-networkx is deprecated and will be replaced by dwave-graphs in Ocean 10. Most functionality previously provided by dwave-networkx is now available as part of dwave-graphs under the 'dwave.graphs' namespace.
  import dwave_networkx as dnx
/data/max/ember/docs/paper2/data/seat_probe.py:63: DeprecationWarning: dwave-networkx is deprecated and will be replaced by dwave-graphs in Ocean 10. Most functionality previously provided by dwave-networkx is now available as part of dwave-graphs under the 'dwave.graphs' namespace.
  import dwave_networkx as dnx
Z12 K100               default  seed 0: 7.52 mx=8 align=79 skip=True (32.1s)
Z12 K100               default  seed 1: 7.52 mx=8 align=79 skip=True (28.7s)
Z12 K100               default  seed 2: 7.52 mx=8 align=79 skip=True (24.8s)
Z12 K100               seats    seed 0: 7.35 mx=8 align=0 skip=True (48.0s)
Z12 K100               seats    seed 1: 7.35 mx=8 align=0 skip=True (45.1s)
Z12 K100               seats    seed 2: 7.35 mx=8 align=0 skip=True (46.6s)
Z12 K140               default  seed 0: 9.85 mx=11 align=151 skip=True (60.3s)
Z12 K140               default  seed 1: 9.85 mx=11 align=151 skip=True (64.9s)
Z12 K140               default  seed 2: 9.85 mx=11 align=151 skip=True (63.8s)
Z12 K140               seats    seed 0: 9.957 mx=11 align=0 skip=True (64.0s)
Z12 K140               seats    seed 1: 9.957 mx=11 align=0 skip=True (66.8s)
Z12 K140               seats    seed 2: 9.957 mx=11 align=0 skip=True (66.8s)
Z12 ER100_d10          default  seed 0: 5.42 mx=8 align=364 skip=True (60.0s)
Z12 ER100_d10          default  seed 1: 4.6 mx=8 align=364 skip=True (60.0s)
Z12 ER100_d10          default  seed 2: 4.57 mx=8 align=364 skip=True (60.1s)
Z12 ER100_d10          seats    seed 0: 4.77 mx=8 align=0 skip=True (60.0s)
Z12 ER100_d10          seats    seed 1: 4.79 mx=8 align=0 skip=True (60.0s)
Z12 ER100_d10          seats    seed 2: 4.97 mx=8 align=0 skip=True (60.0s)
Z12 turan_n162         default  seed 0: 6.0 mx=6 align=153 skip=True (60.2s)
Z12 turan_n162         default  seed 1: 6.0 mx=6 align=144 skip=True (60.3s)
Z12 turan_n162         default  seed 2: 6.0 mx=6 align=151 skip=True (60.1s)
Z12 turan_n162         default  seed 3: 6.0 mx=6 align=154 skip=True (60.4s)
Z12 turan_n162         default  seed 4: 6.0 mx=6 align=152 skip=True (60.2s)
Z12 turan_n162         default  seed 5: 6.0 mx=6 align=144 skip=True (60.4s)
Z12 turan_n162         default  seed 6: 6.0 mx=6 align=153 skip=True (60.3s)
Z12 turan_n162         default  seed 7: 6.0 mx=6 align=144 skip=True (60.0s)
Z12 turan_n162         default  seed 8: 6.0 mx=6 align=144 skip=True (60.1s)
Z12 turan_n162         default  seed 9: 6.0 mx=6 align=148 skip=True (60.2s)
Z12 turan_n162         seats    seed 0: 6.0 mx=6 align=0 skip=True (60.3s)
Z12 turan_n162         seats    seed 1: 6.228 mx=7 align=0 skip=True (60.4s)
Z12 turan_n162         seats    seed 2: 6.0 mx=6 align=0 skip=True (60.4s)
Z12 turan_n162         seats    seed 3: 6.0 mx=6 align=0 skip=True (60.4s)
Z12 turan_n162         seats    seed 4: 6.0 mx=6 align=0 skip=True (60.2s)
Z12 turan_n162         seats    seed 5: None mx=None align=None skip=None (72.0s)
Z12 turan_n162         seats    seed 6: 6.0 mx=6 align=0 skip=True (60.1s)
Z12 turan_n162         seats    seed 7: 6.228 mx=7 align=0 skip=True (60.3s)
Z12 turan_n162         seats    seed 8: 6.228 mx=7 align=0 skip=True (60.4s)
Z12 turan_n162         seats    seed 9: 6.0 mx=6 align=0 skip=True (60.3s)
Z12 spin_glass_n163    default  seed 0: 10.896 mx=13 align=417 skip=True (56.3s)
Z12 spin_glass_n163    default  seed 1: 10.896 mx=13 align=417 skip=True (52.7s)
Z12 spin_glass_n163    default  seed 2: 10.896 mx=13 align=417 skip=True (55.8s)
Z12 spin_glass_n163    seats    seed 0: 10.939 mx=13 align=0 skip=True (60.1s)
Z12 spin_glass_n163    seats    seed 1: 10.939 mx=13 align=0 skip=True (60.3s)
Z12 spin_glass_n163    seats    seed 2: 10.933 mx=13 align=0 skip=True (60.2s)
Z12 regular_n316       default  seed 0: 2.845 mx=7 align=739 skip=False (60.2s)
Z12 regular_n316       default  seed 1: 2.769 mx=6 align=739 skip=False (60.7s)
Z12 regular_n316       default  seed 2: 2.93 mx=7 align=739 skip=False (60.1s)
Z12 regular_n316       seats    seed 0: 2.778 mx=7 align=0 skip=False (60.3s)
Z12 regular_n316       seats    seed 1: 2.88 mx=7 align=0 skip=False (60.0s)
Z12 regular_n316       seats    seed 2: 2.658 mx=6 align=0 skip=False (60.0s)
Z12 ws_n486            default  seed 0: 2.537 mx=8 align=508 skip=False (60.0s)
Z12 ws_n486            default  seed 1: 2.453 mx=8 align=390 skip=False (60.0s)
Z12 ws_n486            default  seed 2: 2.568 mx=8 align=403 skip=False (60.0s)
Z12 ws_n486            default  seed 3: 2.531 mx=8 align=425 skip=False (60.0s)
Z12 ws_n486            default  seed 4: 2.586 mx=8 align=412 skip=False (60.0s)
Z12 ws_n486            default  seed 5: 2.597 mx=8 align=388 skip=False (60.0s)
Z12 ws_n486            default  seed 6: 2.599 mx=9 align=397 skip=False (60.0s)
Z12 ws_n486            default  seed 7: 2.549 mx=7 align=389 skip=False (60.0s)
Z12 ws_n486            default  seed 8: 2.626 mx=9 align=341 skip=False (60.0s)
Z12 ws_n486            default  seed 9: 2.584 mx=9 align=398 skip=False (60.0s)
Z12 ws_n486            seats    seed 0: 2.776 mx=9 align=0 skip=False (60.0s)
Z12 ws_n486            seats    seed 1: 2.519 mx=8 align=0 skip=False (60.0s)
Z12 ws_n486            seats    seed 2: 2.586 mx=8 align=0 skip=False (60.0s)
Z12 ws_n486            seats    seed 3: 2.418 mx=7 align=0 skip=False (60.0s)
Z12 ws_n486            seats    seed 4: 2.597 mx=8 align=0 skip=False (60.0s)
Z12 ws_n486            seats    seed 5: 2.473 mx=8 align=0 skip=False (60.0s)
Z12 ws_n486            seats    seed 6: 2.601 mx=8 align=0 skip=False (60.0s)
Z12 ws_n486            seats    seed 7: 2.566 mx=9 align=0 skip=False (60.0s)
Z12 ws_n486            seats    seed 8: 2.533 mx=8 align=0 skip=False (60.0s)
Z12 ws_n486            seats    seed 9: 2.63 mx=8 align=0 skip=False (60.0s)
Z12 grid_200           default  seed 0: 1.055 mx=2 align=518 skip=False (27.0s)
Z12 grid_200           default  seed 1: 1.02 mx=2 align=518 skip=False (29.1s)
Z12 grid_200           default  seed 2: 1.02 mx=2 align=518 skip=False (27.4s)
Z12 grid_200           seats    seed 0: 1.05 mx=2 align=0 skip=False (35.3s)
Z12 grid_200           seats    seed 1: 1.055 mx=2 align=0 skip=False (35.8s)
Z12 grid_200           seats    seed 2: 1.01 mx=2 align=0 skip=False (28.1s)
Z12 honeycomb_200      default  seed 0: 1.06 mx=2 align=759 skip=False (33.2s)
Z12 honeycomb_200      default  seed 1: 1.04 mx=2 align=759 skip=False (31.1s)
Z12 honeycomb_200      default  seed 2: 1.08 mx=2 align=759 skip=False (33.7s)
Z12 honeycomb_200      seats    seed 0: 1.08 mx=2 align=0 skip=False (39.1s)
Z12 honeycomb_200      seats    seed 1: 1.08 mx=2 align=0 skip=False (39.8s)
Z12 honeycomb_200      seats    seed 2: 1.1 mx=2 align=0 skip=False (40.2s)
Z12 king_graph_196     default  seed 0: 1.439 mx=2 align=841 skip=False (60.0s)
Z12 king_graph_196     default  seed 1: 1.592 mx=3 align=841 skip=False (60.0s)
Z12 king_graph_196     default  seed 2: 1.633 mx=3 align=841 skip=False (60.0s)
Z12 king_graph_196     seats    seed 0: 1.536 mx=3 align=0 skip=False (60.0s)
Z12 king_graph_196     seats    seed 1: 1.622 mx=3 align=0 skip=False (60.0s)
Z12 king_graph_196     seats    seed 2: 1.653 mx=3 align=0 skip=False (60.0s)
P16 K100               default  seed 0: 11.63 mx=16 align=115 skip=None (27.2s)
P16 K100               default  seed 1: 12.14 mx=16 align=115 skip=None (35.4s)
P16 K100               default  seed 2: 11.7 mx=17 align=115 skip=None (26.2s)
P16 K100               seats    seed 0: 12.34 mx=19 align=0 skip=None (60.3s)
P16 K100               seats    seed 1: 11.76 mx=20 align=0 skip=None (59.9s)
P16 K100               seats    seed 2: 12.63 mx=18 align=0 skip=None (61.4s)
P16 turan_n162         default  seed 0: 7.815 mx=8 align=73 skip=None (60.2s)
P16 turan_n162         default  seed 1: 7.654 mx=8 align=73 skip=None (60.4s)
P16 turan_n162         default  seed 2: 7.815 mx=8 align=73 skip=None (60.2s)
P16 turan_n162         seats    seed 0: 13.019 mx=15 align=0 skip=None (61.2s)
P16 turan_n162         seats    seed 1: 29.895 mx=77 align=0 skip=None (60.4s)
P16 turan_n162         seats    seed 2: 21.525 mx=47 align=0 skip=None (61.8s)
P16 ws_n486            default  seed 0: 3.158 mx=11 align=695 skip=None (60.0s)
P16 ws_n486            default  seed 1: 3.193 mx=11 align=715 skip=None (60.0s)
P16 ws_n486            default  seed 2: 3.13 mx=11 align=685 skip=None (60.0s)
P16 ws_n486            seats    seed 0: 3.245 mx=12 align=0 skip=None (60.0s)
P16 ws_n486            seats    seed 1: 3.73 mx=15 align=0 skip=None (60.0s)
P16 ws_n486            seats    seed 2: 3.198 mx=11 align=0 skip=None (60.0s)

summary (mean ACL; d = arm - default, negative = wins):
Z12 K100               default=7.52(3) mx=8.0 | seats=7.35(3) mx=8.0 align=0.0 d=-0.170
Z12 K140               default=9.85(3) mx=11.0 | seats=9.957(3) mx=11.0 align=0.0 d=+0.107
Z12 ER100_d10          default=4.863(3) mx=8.0 | seats=4.843(3) mx=8.0 align=0.0 d=-0.020
Z12 turan_n162         default=6.0(10) mx=6.0 | seats=6.076(9) mx=6.333 align=0.0 d=+0.076
Z12 spin_glass_n163    default=10.896(3) mx=13.0 | seats=10.937(3) mx=13.0 align=0.0 d=+0.041
Z12 regular_n316       default=2.848(3) mx=6.667 | seats=2.772(3) mx=6.667 align=0.0 d=-0.076
Z12 ws_n486            default=2.563(10) mx=8.2 | seats=2.57(10) mx=8.1 align=0.0 d=+0.007
Z12 grid_200           default=1.032(3) mx=2.0 | seats=1.038(3) mx=2.0 align=0.0 d=+0.006
Z12 honeycomb_200      default=1.06(3) mx=2.0 | seats=1.087(3) mx=2.0 align=0.0 d=+0.027
Z12 king_graph_196     default=1.555(3) mx=2.667 | seats=1.604(3) mx=3.0 align=0.0 d=+0.049
P16 K100               default=11.823(3) mx=16.333 | seats=12.243(3) mx=19.0 align=0.0 d=+0.420
P16 turan_n162         default=7.761(3) mx=8.0 | seats=21.48(3) mx=46.333 align=0.0 d=+13.719
P16 ws_n486            default=3.16(3) mx=11.0 | seats=3.391(3) mx=12.667 align=0.0 d=+0.231

BAR ws_n486/Z12: acl {'default': 2.563, 'seats': 2.57} mx {'default': 8.2, 'seats': 8.1}
BAR board: FAIL [('Z12', 'K100', 'seats', 'wall 28.533->46.567'), ('Z12', 'turan_n162', 'seats', 0.076), ('Z12', 'grid_200', 'seats', 'wall 27.833->33.067'), ('Z12', 'honeycomb_200', 'seats', 'wall 32.667->39.7'), ('P16', 'K100', 'seats', 'wall 29.6->60.533'), ('P16', 'turan_n162', 'seats', 13.719)]
load at end: (27.79638671875, 25.23974609375, 16.18017578125)
done-probe
