10 cells, 406 jobs; load (23.048828125, 46.24853515625, 59.330078125)
/data/max/ember/docs/paper2/data/sound_probe.py:80: DeprecationWarning: dwave-networkx is deprecated and will be replaced by dwave-graphs in Ocean 10. Most functionality previously provided by dwave-networkx is now available as part of dwave-graphs under the 'dwave.graphs' namespace.
  import dwave_networkx as dnx
/data/max/ember/docs/paper2/data/sound_probe.py:80: DeprecationWarning: dwave-networkx is deprecated and will be replaced by dwave-graphs in Ocean 10. Most functionality previously provided by dwave-networkx is now available as part of dwave-graphs under the 'dwave.graphs' namespace.
  import dwave_networkx as dnx
/data/max/ember/docs/paper2/data/sound_probe.py:80: DeprecationWarning: dwave-networkx is deprecated and will be replaced by dwave-graphs in Ocean 10. Most functionality previously provided by dwave-networkx is now available as part of dwave-graphs under the 'dwave.graphs' namespace.
  import dwave_networkx as dnx
/data/max/ember/docs/paper2/data/sound_probe.py:80: DeprecationWarning: dwave-networkx is deprecated and will be replaced by dwave-graphs in Ocean 10. Most functionality previously provided by dwave-networkx is now available as part of dwave-graphs under the 'dwave.graphs' namespace.
  import dwave_networkx as dnx
/data/max/ember/docs/paper2/data/sound_probe.py:80: DeprecationWarning: dwave-networkx is deprecated and will be replaced by dwave-graphs in Ocean 10. Most functionality previously provided by dwave-networkx is now available as part of dwave-graphs under the 'dwave.graphs' namespace.
  import dwave_networkx as dnx
/data/max/ember/docs/paper2/data/sound_probe.py:80: DeprecationWarning: dwave-networkx is deprecated and will be replaced by dwave-graphs in Ocean 10. Most functionality previously provided by dwave-networkx is now available as part of dwave-graphs under the 'dwave.graphs' namespace.
  import dwave_networkx as dnx
/data/max/ember/docs/paper2/data/sound_probe.py:80: DeprecationWarning: dwave-networkx is deprecated and will be replaced by dwave-graphs in Ocean 10. Most functionality previously provided by dwave-networkx is now available as part of dwave-graphs under the 'dwave.graphs' namespace.
  import dwave_networkx as dnx
/data/max/ember/docs/paper2/data/sound_probe.py:80: DeprecationWarning: dwave-networkx is deprecated and will be replaced by dwave-graphs in Ocean 10. Most functionality previously provided by dwave-networkx is now available as part of dwave-graphs under the 'dwave.graphs' namespace.
  import dwave_networkx as dnx
/data/max/ember/docs/paper2/data/sound_probe.py:80: DeprecationWarning: dwave-networkx is deprecated and will be replaced by dwave-graphs in Ocean 10. Most functionality previously provided by dwave-networkx is now available as part of dwave-graphs under the 'dwave.graphs' namespace.
  import dwave_networkx as dnx
/data/max/ember/docs/paper2/data/sound_probe.py:80: DeprecationWarning: dwave-networkx is deprecated and will be replaced by dwave-graphs in Ocean 10. Most functionality previously provided by dwave-networkx is now available as part of dwave-graphs under the 'dwave.graphs' namespace.
  import dwave_networkx as dnx
/data/max/ember/docs/paper2/data/sound_probe.py:80: DeprecationWarning: dwave-networkx is deprecated and will be replaced by dwave-graphs in Ocean 10. Most functionality previously provided by dwave-networkx is now available as part of dwave-graphs under the 'dwave.graphs' namespace.
  import dwave_networkx as dnx
/data/max/ember/docs/paper2/data/sound_probe.py:80: DeprecationWarning: dwave-networkx is deprecated and will be replaced by dwave-graphs in Ocean 10. Most functionality previously provided by dwave-networkx is now available as part of dwave-graphs under the 'dwave.graphs' namespace.
  import dwave_networkx as dnx
/data/max/ember/docs/paper2/data/sound_probe.py:80: DeprecationWarning: dwave-networkx is deprecated and will be replaced by dwave-graphs in Ocean 10. Most functionality previously provided by dwave-networkx is now available as part of dwave-graphs under the 'dwave.graphs' namespace.
  import dwave_networkx as dnx
/data/max/ember/docs/paper2/data/sound_probe.py:80: DeprecationWarning: dwave-networkx is deprecated and will be replaced by dwave-graphs in Ocean 10. Most functionality previously provided by dwave-networkx is now available as part of dwave-graphs under the 'dwave.graphs' namespace.
  import dwave_networkx as dnx
/data/max/ember/docs/paper2/data/sound_probe.py:80: DeprecationWarning: dwave-networkx is deprecated and will be replaced by dwave-graphs in Ocean 10. Most functionality previously provided by dwave-networkx is now available as part of dwave-graphs under the 'dwave.graphs' namespace.
  import dwave_networkx as dnx
/data/max/ember/docs/paper2/data/sound_probe.py:80: DeprecationWarning: dwave-networkx is deprecated and will be replaced by dwave-graphs in Ocean 10. Most functionality previously provided by dwave-networkx is now available as part of dwave-graphs under the 'dwave.graphs' namespace.
  import dwave_networkx as dnx
/data/max/ember/docs/paper2/data/sound_probe.py:80: DeprecationWarning: dwave-networkx is deprecated and will be replaced by dwave-graphs in Ocean 10. Most functionality previously provided by dwave-networkx is now available as part of dwave-graphs under the 'dwave.graphs' namespace.
  import dwave_networkx as dnx
/data/max/ember/docs/paper2/data/sound_probe.py:80: DeprecationWarning: dwave-networkx is deprecated and will be replaced by dwave-graphs in Ocean 10. Most functionality previously provided by dwave-networkx is now available as part of dwave-graphs under the 'dwave.graphs' namespace.
  import dwave_networkx as dnx
/data/max/ember/docs/paper2/data/sound_probe.py:80: DeprecationWarning: dwave-networkx is deprecated and will be replaced by dwave-graphs in Ocean 10. Most functionality previously provided by dwave-networkx is now available as part of dwave-graphs under the 'dwave.graphs' namespace.
  import dwave_networkx as dnx
/data/max/ember/docs/paper2/data/sound_probe.py:80: DeprecationWarning: dwave-networkx is deprecated and will be replaced by dwave-graphs in Ocean 10. Most functionality previously provided by dwave-networkx is now available as part of dwave-graphs under the 'dwave.graphs' namespace.
  import dwave_networkx as dnx
/data/max/ember/docs/paper2/data/sound_probe.py:80: DeprecationWarning: dwave-networkx is deprecated and will be replaced by dwave-graphs in Ocean 10. Most functionality previously provided by dwave-networkx is now available as part of dwave-graphs under the 'dwave.graphs' namespace.
  import dwave_networkx as dnx
/data/max/ember/docs/paper2/data/sound_probe.py:80: DeprecationWarning: dwave-networkx is deprecated and will be replaced by dwave-graphs in Ocean 10. Most functionality previously provided by dwave-networkx is now available as part of dwave-graphs under the 'dwave.graphs' namespace.
  import dwave_networkx as dnx
/data/max/ember/docs/paper2/data/sound_probe.py:80: DeprecationWarning: dwave-networkx is deprecated and will be replaced by dwave-graphs in Ocean 10. Most functionality previously provided by dwave-networkx is now available as part of dwave-graphs under the 'dwave.graphs' namespace.
  import dwave_networkx as dnx
/data/max/ember/docs/paper2/data/sound_probe.py:80: DeprecationWarning: dwave-networkx is deprecated and will be replaced by dwave-graphs in Ocean 10. Most functionality previously provided by dwave-networkx is now available as part of dwave-graphs under the 'dwave.graphs' namespace.
  import dwave_networkx as dnx
Z12 K100               plane     seed 0: 7.26 mx=8 lacl=7.26 lmx=8 pen=None skip=False strips=0 cert=True mmskip=True aw=0 (60.4s)
Z12 K100               plane     seed 1: 7.26 mx=8 lacl=7.26 lmx=8 pen=None skip=False strips=0 cert=True mmskip=True aw=0 (60.5s)
Z12 K100               plane     seed 2: 7.26 mx=8 lacl=7.26 lmx=8 pen=None skip=False strips=0 cert=True mmskip=True aw=0 (63.2s)
Z12 K100               single    seed 0: 7.26 mx=8 lacl=7.26 lmx=8 pen=None skip=False strips=0 cert=True mmskip=True aw=0 (64.1s)
Z12 K100               single    seed 1: 7.26 mx=8 lacl=7.26 lmx=8 pen=None skip=False strips=0 cert=True mmskip=True aw=0 (59.8s)
Z12 K100               single    seed 2: 7.26 mx=8 lacl=7.26 lmx=8 pen=None skip=False strips=0 cert=True mmskip=True aw=0 (60.8s)
Z12 K100               wrap      seed 0: 7.26 mx=8 lacl=7.26 lmx=8 pen=0 skip=True strips=1 cert=True mmskip=True aw=3 (61.9s)
Z12 K100               wrap      seed 1: 7.26 mx=8 lacl=7.26 lmx=8 pen=0 skip=True strips=1 cert=True mmskip=True aw=3 (60.2s)
Z12 K100               wrap      seed 2: 7.26 mx=8 lacl=7.26 lmx=8 pen=0 skip=True strips=1 cert=True mmskip=True aw=3 (63.3s)
Z12 K100               wrap+single seed 0: 7.26 mx=8 lacl=7.26 lmx=8 pen=0 skip=True strips=1 cert=True mmskip=True aw=3 (63.4s)
Z12 K100               wrap+single seed 1: 7.26 mx=8 lacl=7.26 lmx=8 pen=0 skip=True strips=1 cert=True mmskip=True aw=3 (61.7s)
Z12 K100               wrap+single seed 2: 7.26 mx=8 lacl=7.26 lmx=8 pen=0 skip=True strips=1 cert=True mmskip=True aw=3 (61.0s)
Z12 K100               plane-nt  seed 0: 7.26 mx=8 lacl=7.26 lmx=8 pen=None skip=False strips=0 cert=True mmskip=True aw=0 (30.1s)
Z12 K100               plane-nt  seed 1: 7.26 mx=8 lacl=7.26 lmx=8 pen=None skip=False strips=0 cert=True mmskip=True aw=0 (30.1s)
Z12 K100               plane-nt  seed 2: 7.26 mx=8 lacl=7.26 lmx=8 pen=None skip=False strips=0 cert=True mmskip=True aw=0 (30.1s)
Z12 K100               wrap-nt   seed 0: 7.26 mx=8 lacl=7.26 lmx=8 pen=0 skip=True strips=1 cert=True mmskip=True aw=3 (30.1s)
Z12 K100               wrap-nt   seed 1: 7.26 mx=8 lacl=7.26 lmx=8 pen=0 skip=True strips=1 cert=True mmskip=True aw=3 (30.1s)
Z12 K100               wrap-nt   seed 2: 7.26 mx=8 lacl=7.26 lmx=8 pen=0 skip=True strips=1 cert=True mmskip=True aw=3 (30.1s)
Z12 K100               wrap+single-nt seed 0: 7.26 mx=8 lacl=7.26 lmx=8 pen=0 skip=True strips=1 cert=True mmskip=True aw=3 (30.1s)
Z12 K100               wrap+single-nt seed 1: 7.26 mx=8 lacl=7.26 lmx=8 pen=0 skip=True strips=1 cert=True mmskip=True aw=3 (30.1s)
Z12 K100               wrap+single-nt seed 2: 7.26 mx=8 lacl=7.26 lmx=8 pen=0 skip=True strips=1 cert=True mmskip=True aw=3 (30.1s)
Z12 K140               plane     seed 0: 9.757 mx=10 lacl=9.757 lmx=10 pen=None skip=False strips=0 cert=True mmskip=True aw=0 (63.2s)
Z12 K140               plane     seed 1: 9.757 mx=10 lacl=9.757 lmx=10 pen=None skip=False strips=0 cert=True mmskip=True aw=0 (62.5s)
Z12 K140               plane     seed 2: 9.757 mx=10 lacl=9.757 lmx=10 pen=None skip=False strips=0 cert=True mmskip=True aw=0 (63.2s)
Z12 K140               single    seed 0: 9.757 mx=10 lacl=9.757 lmx=10 pen=None skip=False strips=0 cert=True mmskip=True aw=0 (68.2s)
Z12 K140               single    seed 1: 9.757 mx=10 lacl=9.757 lmx=10 pen=None skip=False strips=0 cert=True mmskip=True aw=0 (60.9s)
Z12 K140               single    seed 2: 9.757 mx=10 lacl=9.757 lmx=10 pen=None skip=False strips=0 cert=True mmskip=True aw=0 (61.7s)
Z12 K140               wrap      seed 0: 9.757 mx=10 lacl=9.757 lmx=10 pen=0 skip=True strips=1 cert=True mmskip=True aw=6 (70.1s)
Z12 K140               wrap      seed 1: 9.757 mx=10 lacl=9.757 lmx=10 pen=0 skip=True strips=1 cert=True mmskip=True aw=6 (66.2s)
Z12 K140               wrap      seed 2: 9.757 mx=10 lacl=9.757 lmx=10 pen=0 skip=True strips=1 cert=True mmskip=True aw=6 (67.2s)
Z12 K140               wrap+single seed 0: 9.757 mx=10 lacl=9.757 lmx=10 pen=0 skip=True strips=1 cert=True mmskip=True aw=6 (60.4s)
Z12 K140               wrap+single seed 1: 9.757 mx=10 lacl=9.757 lmx=10 pen=0 skip=True strips=1 cert=True mmskip=True aw=6 (66.9s)
Z12 K140               wrap+single seed 2: 9.757 mx=10 lacl=9.757 lmx=10 pen=0 skip=True strips=1 cert=True mmskip=True aw=6 (69.6s)
Z12 K140               plane-nt  seed 0: 9.757 mx=10 lacl=9.757 lmx=10 pen=None skip=False strips=0 cert=True mmskip=True aw=0 (30.1s)
Z12 K140               plane-nt  seed 1: 9.757 mx=10 lacl=9.757 lmx=10 pen=None skip=False strips=0 cert=True mmskip=True aw=0 (30.2s)
Z12 K140               plane-nt  seed 2: 9.757 mx=10 lacl=9.757 lmx=10 pen=None skip=False strips=0 cert=True mmskip=True aw=0 (30.1s)
Z12 K140               wrap-nt   seed 0: 9.757 mx=10 lacl=9.757 lmx=10 pen=0 skip=True strips=1 cert=True mmskip=True aw=6 (30.1s)
Z12 K140               wrap-nt   seed 1: 9.757 mx=10 lacl=9.757 lmx=10 pen=0 skip=True strips=1 cert=True mmskip=True aw=6 (30.1s)
Z12 K140               wrap-nt   seed 2: 9.757 mx=10 lacl=9.757 lmx=10 pen=0 skip=True strips=1 cert=True mmskip=True aw=6 (30.1s)
Z12 K140               wrap+single-nt seed 0: 9.757 mx=10 lacl=9.757 lmx=10 pen=0 skip=True strips=1 cert=True mmskip=True aw=6 (30.1s)
Z12 K140               wrap+single-nt seed 1: 9.757 mx=10 lacl=9.757 lmx=10 pen=0 skip=True strips=1 cert=True mmskip=True aw=6 (30.1s)
Z12 K140               wrap+single-nt seed 2: 9.757 mx=10 lacl=9.757 lmx=10 pen=0 skip=True strips=1 cert=True mmskip=True aw=6 (30.1s)
Z12 ER100_d10          plane     seed 0: 4.56 mx=8 lacl=4.95 lmx=8 pen=None skip=False strips=0 cert=True mmskip=True aw=166 (60.1s)
Z12 ER100_d10          plane     seed 1: 4.43 mx=8 lacl=4.95 lmx=8 pen=None skip=False strips=0 cert=True mmskip=True aw=166 (60.0s)
Z12 ER100_d10          plane     seed 2: 4.27 mx=7 lacl=4.95 lmx=8 pen=None skip=False strips=0 cert=True mmskip=True aw=166 (60.0s)
Z12 ER100_d10          plane     seed 3: 4.95 mx=8 lacl=4.95 lmx=8 pen=None skip=False strips=0 cert=True mmskip=True aw=166 (60.0s)
Z12 ER100_d10          plane     seed 4: 4.6 mx=8 lacl=4.95 lmx=8 pen=None skip=False strips=0 cert=True mmskip=True aw=166 (60.1s)
Z12 ER100_d10          plane     seed 5: 4.55 mx=8 lacl=4.95 lmx=8 pen=None skip=False strips=0 cert=True mmskip=True aw=166 (60.0s)
Z12 ER100_d10          plane     seed 6: 4.3 mx=7 lacl=4.95 lmx=8 pen=None skip=False strips=0 cert=True mmskip=True aw=166 (60.0s)
Z12 ER100_d10          plane     seed 7: 4.95 mx=8 lacl=4.95 lmx=8 pen=None skip=False strips=0 cert=True mmskip=True aw=166 (60.0s)
Z12 ER100_d10          plane     seed 8: 4.95 mx=8 lacl=4.95 lmx=8 pen=None skip=False strips=0 cert=True mmskip=True aw=166 (60.0s)
Z12 ER100_d10          plane     seed 9: 4.96 mx=8 lacl=4.95 lmx=8 pen=None skip=False strips=0 cert=True mmskip=True aw=166 (60.0s)
Z12 ER100_d10          single    seed 0: 4.85 mx=8 lacl=4.85 lmx=8 pen=None skip=False strips=0 cert=True mmskip=True aw=160 (60.0s)
Z12 ER100_d10          single    seed 1: 4.85 mx=8 lacl=4.85 lmx=8 pen=None skip=False strips=0 cert=True mmskip=True aw=167 (60.0s)
Z12 ER100_d10          single    seed 2: 4.85 mx=8 lacl=4.85 lmx=8 pen=None skip=False strips=0 cert=True mmskip=True aw=160 (60.0s)
Z12 ER100_d10          single    seed 3: 4.31 mx=8 lacl=4.85 lmx=8 pen=None skip=False strips=0 cert=True mmskip=True aw=161 (60.0s)
Z12 ER100_d10          single    seed 4: 4.85 mx=8 lacl=4.85 lmx=8 pen=None skip=False strips=0 cert=True mmskip=True aw=158 (60.0s)
Z12 ER100_d10          single    seed 5: 4.84 mx=8 lacl=4.85 lmx=8 pen=None skip=False strips=0 cert=True mmskip=True aw=161 (60.0s)
Z12 ER100_d10          single    seed 6: 4.45 mx=8 lacl=4.85 lmx=8 pen=None skip=False strips=0 cert=True mmskip=True aw=160 (60.0s)
Z12 ER100_d10          single    seed 7: 4.45 mx=7 lacl=4.85 lmx=8 pen=None skip=False strips=0 cert=True mmskip=True aw=165 (60.0s)
Z12 ER100_d10          single    seed 8: 4.85 mx=8 lacl=4.85 lmx=8 pen=None skip=False strips=0 cert=True mmskip=True aw=158 (60.0s)
Z12 ER100_d10          single    seed 9: 4.85 mx=8 lacl=4.85 lmx=8 pen=None skip=False strips=0 cert=True mmskip=True aw=158 (60.0s)
Z12 ER100_d10          wrap      seed 0: 4.38 mx=8 lacl=4.95 lmx=8 pen=0 skip=True strips=1 cert=True mmskip=True aw=182 (60.0s)
Z12 ER100_d10          wrap      seed 1: 4.95 mx=8 lacl=4.95 lmx=8 pen=0 skip=True strips=1 cert=True mmskip=True aw=182 (60.1s)
Z12 ER100_d10          wrap      seed 2: 4.49 mx=8 lacl=4.95 lmx=8 pen=0 skip=True strips=1 cert=True mmskip=True aw=182 (60.0s)
Z12 ER100_d10          wrap      seed 3: 4.36 mx=7 lacl=4.95 lmx=8 pen=0 skip=True strips=1 cert=True mmskip=True aw=182 (60.0s)
Z12 ER100_d10          wrap      seed 4: 4.42 mx=8 lacl=4.95 lmx=8 pen=0 skip=True strips=1 cert=True mmskip=True aw=182 (60.0s)
Z12 ER100_d10          wrap      seed 5: 4.37 mx=8 lacl=4.95 lmx=8 pen=0 skip=True strips=1 cert=True mmskip=True aw=182 (60.0s)
Z12 ER100_d10          wrap      seed 6: 4.53 mx=8 lacl=4.95 lmx=8 pen=0 skip=True strips=1 cert=True mmskip=True aw=182 (60.0s)
Z12 ER100_d10          wrap      seed 7: 4.39 mx=8 lacl=4.95 lmx=8 pen=0 skip=True strips=1 cert=True mmskip=True aw=182 (60.1s)
Z12 ER100_d10          wrap      seed 8: 4.41 mx=7 lacl=4.95 lmx=8 pen=0 skip=True strips=1 cert=True mmskip=True aw=182 (60.0s)
Z12 ER100_d10          wrap      seed 9: 4.95 mx=8 lacl=4.95 lmx=8 pen=0 skip=True strips=1 cert=True mmskip=True aw=182 (60.0s)
Z12 ER100_d10          wrap+single seed 0: 4.56 mx=8 lacl=4.9 lmx=8 pen=0 skip=True strips=1 cert=True mmskip=True aw=169 (60.0s)
Z12 ER100_d10          wrap+single seed 1: 4.9 mx=8 lacl=4.9 lmx=8 pen=0 skip=True strips=1 cert=True mmskip=True aw=169 (60.0s)
Z12 ER100_d10          wrap+single seed 2: 4.24 mx=7 lacl=4.9 lmx=8 pen=0 skip=True strips=1 cert=True mmskip=True aw=171 (60.0s)
Z12 ER100_d10          wrap+single seed 3: 5.0 mx=8 lacl=4.9 lmx=8 pen=0 skip=True strips=1 cert=True mmskip=True aw=169 (60.0s)
Z12 ER100_d10          wrap+single seed 4: 4.46 mx=8 lacl=4.9 lmx=8 pen=0 skip=True strips=1 cert=True mmskip=True aw=169 (60.0s)
Z12 ER100_d10          wrap+single seed 5: 4.9 mx=8 lacl=4.9 lmx=8 pen=0 skip=True strips=1 cert=True mmskip=True aw=170 (60.0s)
Z12 ER100_d10          wrap+single seed 6: 4.42 mx=8 lacl=4.9 lmx=8 pen=0 skip=True strips=1 cert=True mmskip=True aw=170 (60.0s)
Z12 ER100_d10          wrap+single seed 7: 4.5 mx=8 lacl=4.9 lmx=8 pen=0 skip=True strips=1 cert=True mmskip=True aw=170 (60.0s)
Z12 ER100_d10          wrap+single seed 8: 4.9 mx=8 lacl=4.9 lmx=8 pen=0 skip=True strips=1 cert=True mmskip=True aw=169 (60.0s)
Z12 ER100_d10          wrap+single seed 9: 4.9 mx=8 lacl=4.9 lmx=8 pen=0 skip=True strips=1 cert=True mmskip=True aw=171 (60.0s)
Z12 ER100_d10          plane-nt  seed 0: 4.95 mx=8 lacl=4.95 lmx=8 pen=None skip=False strips=0 cert=True mmskip=True aw=166 (14.5s)
Z12 ER100_d10          plane-nt  seed 1: 4.95 mx=8 lacl=4.95 lmx=8 pen=None skip=False strips=0 cert=True mmskip=True aw=166 (14.6s)
Z12 ER100_d10          plane-nt  seed 2: 4.95 mx=8 lacl=4.95 lmx=8 pen=None skip=False strips=0 cert=True mmskip=True aw=166 (14.4s)
Z12 ER100_d10          plane-nt  seed 3: 4.95 mx=8 lacl=4.95 lmx=8 pen=None skip=False strips=0 cert=True mmskip=True aw=166 (14.3s)
Z12 ER100_d10          plane-nt  seed 4: 4.95 mx=8 lacl=4.95 lmx=8 pen=None skip=False strips=0 cert=True mmskip=True aw=166 (14.5s)
Z12 ER100_d10          plane-nt  seed 5: 4.95 mx=8 lacl=4.95 lmx=8 pen=None skip=False strips=0 cert=True mmskip=True aw=166 (14.3s)
Z12 ER100_d10          plane-nt  seed 6: 4.95 mx=8 lacl=4.95 lmx=8 pen=None skip=False strips=0 cert=True mmskip=True aw=166 (14.3s)
Z12 ER100_d10          plane-nt  seed 7: 4.95 mx=8 lacl=4.95 lmx=8 pen=None skip=False strips=0 cert=True mmskip=True aw=166 (14.2s)
Z12 ER100_d10          plane-nt  seed 8: 4.95 mx=8 lacl=4.95 lmx=8 pen=None skip=False strips=0 cert=True mmskip=True aw=166 (14.4s)
Z12 ER100_d10          plane-nt  seed 9: 4.95 mx=8 lacl=4.95 lmx=8 pen=None skip=False strips=0 cert=True mmskip=True aw=166 (13.9s)
Z12 ER100_d10          wrap-nt   seed 0: 4.95 mx=8 lacl=4.95 lmx=8 pen=0 skip=True strips=1 cert=True mmskip=True aw=182 (17.9s)
Z12 ER100_d10          wrap-nt   seed 1: 4.95 mx=8 lacl=4.95 lmx=8 pen=0 skip=True strips=1 cert=True mmskip=True aw=182 (18.1s)
Z12 ER100_d10          wrap-nt   seed 2: 4.95 mx=8 lacl=4.95 lmx=8 pen=0 skip=True strips=1 cert=True mmskip=True aw=182 (18.0s)
Z12 ER100_d10          wrap-nt   seed 3: 4.95 mx=8 lacl=4.95 lmx=8 pen=0 skip=True strips=1 cert=True mmskip=True aw=182 (18.1s)
Z12 ER100_d10          wrap-nt   seed 4: 4.95 mx=8 lacl=4.95 lmx=8 pen=0 skip=True strips=1 cert=True mmskip=True aw=182 (18.1s)
Z12 ER100_d10          wrap-nt   seed 5: 4.95 mx=8 lacl=4.95 lmx=8 pen=0 skip=True strips=1 cert=True mmskip=True aw=182 (17.6s)
Z12 ER100_d10          wrap-nt   seed 6: 4.95 mx=8 lacl=4.95 lmx=8 pen=0 skip=True strips=1 cert=True mmskip=True aw=182 (18.0s)
Z12 ER100_d10          wrap-nt   seed 7: 4.95 mx=8 lacl=4.95 lmx=8 pen=0 skip=True strips=1 cert=True mmskip=True aw=182 (17.5s)
Z12 ER100_d10          wrap-nt   seed 8: 4.95 mx=8 lacl=4.95 lmx=8 pen=0 skip=True strips=1 cert=True mmskip=True aw=182 (17.9s)
Z12 ER100_d10          wrap-nt   seed 9: 4.95 mx=8 lacl=4.95 lmx=8 pen=0 skip=True strips=1 cert=True mmskip=True aw=182 (17.9s)
Z12 ER100_d10          wrap+single-nt seed 0: 4.9 mx=8 lacl=4.9 lmx=8 pen=0 skip=True strips=1 cert=True mmskip=True aw=172 (30.0s)
Z12 ER100_d10          wrap+single-nt seed 1: 4.9 mx=8 lacl=4.9 lmx=8 pen=0 skip=True strips=1 cert=True mmskip=True aw=171 (30.0s)
Z12 ER100_d10          wrap+single-nt seed 2: 4.9 mx=8 lacl=4.9 lmx=8 pen=0 skip=True strips=1 cert=True mmskip=True aw=170 (30.0s)
Z12 ER100_d10          wrap+single-nt seed 3: 4.9 mx=8 lacl=4.9 lmx=8 pen=0 skip=True strips=1 cert=True mmskip=True aw=172 (30.0s)
Z12 ER100_d10          wrap+single-nt seed 4: 4.9 mx=8 lacl=4.9 lmx=8 pen=0 skip=True strips=1 cert=True mmskip=True aw=170 (30.0s)
Z12 ER100_d10          wrap+single-nt seed 5: 4.9 mx=8 lacl=4.9 lmx=8 pen=0 skip=True strips=1 cert=True mmskip=True aw=171 (30.0s)
Z12 ER100_d10          wrap+single-nt seed 6: 4.9 mx=8 lacl=4.9 lmx=8 pen=0 skip=True strips=1 cert=True mmskip=True aw=170 (30.0s)
Z12 ER100_d10          wrap+single-nt seed 7: 4.9 mx=8 lacl=4.9 lmx=8 pen=0 skip=True strips=1 cert=True mmskip=True aw=170 (30.0s)
Z12 ER100_d10          wrap+single-nt seed 8: 4.9 mx=8 lacl=4.9 lmx=8 pen=0 skip=True strips=1 cert=True mmskip=True aw=172 (30.0s)
Z12 ER100_d10          wrap+single-nt seed 9: 4.9 mx=8 lacl=4.9 lmx=8 pen=0 skip=True strips=1 cert=True mmskip=True aw=170 (30.0s)
Z12 turan_n162         plane     seed 0: 9.253 mx=12 lacl=9.253 lmx=12 pen=None skip=False strips=0 cert=True mmskip=True aw=14 (54.7s)
Z12 turan_n162         plane     seed 1: 9.593 mx=13 lacl=9.611 lmx=13 pen=None skip=False strips=0 cert=True mmskip=True aw=14 (60.5s)
Z12 turan_n162         plane     seed 2: 9.253 mx=12 lacl=9.253 lmx=12 pen=None skip=False strips=0 cert=True mmskip=True aw=14 (58.8s)
Z12 turan_n162         plane     seed 3: 9.253 mx=12 lacl=9.253 lmx=12 pen=None skip=False strips=0 cert=True mmskip=True aw=14 (53.9s)
Z12 turan_n162         plane     seed 4: 9.222 mx=12 lacl=9.253 lmx=12 pen=None skip=False strips=0 cert=True mmskip=True aw=14 (60.1s)
Z12 turan_n162         plane     seed 5: 9.611 mx=13 lacl=9.611 lmx=13 pen=None skip=False strips=0 cert=True mmskip=True aw=14 (60.7s)
Z12 turan_n162         plane     seed 6: 9.253 mx=12 lacl=9.253 lmx=12 pen=None skip=False strips=0 cert=True mmskip=True aw=14 (57.1s)
Z12 turan_n162         plane     seed 7: 9.611 mx=13 lacl=9.611 lmx=13 pen=None skip=False strips=0 cert=True mmskip=True aw=14 (61.0s)
Z12 turan_n162         plane     seed 8: 9.611 mx=13 lacl=9.611 lmx=13 pen=None skip=False strips=0 cert=True mmskip=True aw=14 (61.5s)
Z12 turan_n162         plane     seed 9: 9.253 mx=12 lacl=9.253 lmx=12 pen=None skip=False strips=0 cert=True mmskip=True aw=14 (56.0s)
Z12 turan_n162         single    seed 0: 8.815 mx=12 lacl=8.815 lmx=12 pen=None skip=False strips=0 cert=True mmskip=True aw=8 (52.1s)
Z12 turan_n162         single    seed 1: 9.617 mx=13 lacl=9.617 lmx=13 pen=None skip=False strips=0 cert=True mmskip=True aw=9 (60.2s)
Z12 turan_n162         single    seed 2: 8.815 mx=12 lacl=8.815 lmx=12 pen=None skip=False strips=0 cert=True mmskip=True aw=8 (54.9s)
Z12 turan_n162         single    seed 3: 8.815 mx=12 lacl=8.815 lmx=12 pen=None skip=False strips=0 cert=True mmskip=True aw=8 (53.1s)
Z12 turan_n162         single    seed 4: 8.815 mx=12 lacl=8.815 lmx=12 pen=None skip=False strips=0 cert=True mmskip=True aw=8 (54.6s)
Z12 turan_n162         single    seed 5: 9.617 mx=13 lacl=9.617 lmx=13 pen=None skip=False strips=0 cert=True mmskip=True aw=9 (60.1s)
Z12 turan_n162         single    seed 6: 8.815 mx=12 lacl=8.815 lmx=12 pen=None skip=False strips=0 cert=True mmskip=True aw=8 (54.4s)
Z12 turan_n162         single    seed 7: 9.617 mx=13 lacl=9.617 lmx=13 pen=None skip=False strips=0 cert=True mmskip=True aw=9 (60.2s)
Z12 turan_n162         single    seed 8: 9.617 mx=13 lacl=9.617 lmx=13 pen=None skip=False strips=0 cert=True mmskip=True aw=9 (60.2s)
Z12 turan_n162         single    seed 9: 8.815 mx=12 lacl=8.815 lmx=12 pen=None skip=False strips=0 cert=True mmskip=True aw=8 (55.1s)
Z12 turan_n162         wrap      seed 0: 9.253 mx=12 lacl=9.253 lmx=12 pen=0 skip=True strips=1 cert=True mmskip=True aw=24 (55.5s)
Z12 turan_n162         wrap      seed 1: 10.426 mx=14 lacl=10.451 lmx=14 pen=0 skip=True strips=1 cert=True mmskip=True aw=26 (60.1s)
Z12 turan_n162         wrap      seed 2: 9.253 mx=12 lacl=9.253 lmx=12 pen=0 skip=True strips=1 cert=True mmskip=True aw=24 (58.7s)
Z12 turan_n162         wrap      seed 3: 9.253 mx=12 lacl=9.253 lmx=12 pen=0 skip=True strips=1 cert=True mmskip=True aw=24 (54.5s)
Z12 turan_n162         wrap      seed 4: 9.222 mx=12 lacl=9.253 lmx=12 pen=0 skip=True strips=1 cert=True mmskip=True aw=24 (60.0s)
Z12 turan_n162         wrap      seed 5: 10.426 mx=14 lacl=10.451 lmx=14 pen=0 skip=True strips=1 cert=True mmskip=True aw=26 (60.2s)
Z12 turan_n162         wrap      seed 6: 9.253 mx=12 lacl=9.253 lmx=12 pen=0 skip=True strips=1 cert=True mmskip=True aw=24 (56.2s)
Z12 turan_n162         wrap      seed 7: 10.426 mx=14 lacl=10.451 lmx=14 pen=0 skip=True strips=1 cert=True mmskip=True aw=26 (60.2s)
Z12 turan_n162         wrap      seed 8: 10.426 mx=14 lacl=10.451 lmx=14 pen=0 skip=True strips=1 cert=True mmskip=True aw=26 (60.2s)
Z12 turan_n162         wrap      seed 9: 9.253 mx=12 lacl=9.253 lmx=12 pen=0 skip=True strips=1 cert=True mmskip=True aw=24 (54.9s)
Z12 turan_n162         wrap+single seed 0: 8.815 mx=12 lacl=8.815 lmx=12 pen=0 skip=True strips=1 cert=True mmskip=True aw=26 (51.7s)
Z12 turan_n162         wrap+single seed 1: 11.031 mx=14 lacl=11.031 lmx=14 pen=0 skip=True strips=1 cert=True mmskip=True aw=24 (60.2s)
Z12 turan_n162         wrap+single seed 2: 8.815 mx=12 lacl=8.815 lmx=12 pen=0 skip=True strips=1 cert=True mmskip=True aw=26 (54.0s)
Z12 turan_n162         wrap+single seed 3: 8.815 mx=12 lacl=8.815 lmx=12 pen=0 skip=True strips=1 cert=True mmskip=True aw=26 (54.9s)
Z12 turan_n162         wrap+single seed 4: 8.815 mx=12 lacl=8.815 lmx=12 pen=0 skip=True strips=1 cert=True mmskip=True aw=26 (53.1s)
Z12 turan_n162         wrap+single seed 5: 11.031 mx=14 lacl=11.031 lmx=14 pen=0 skip=True strips=1 cert=True mmskip=True aw=24 (61.5s)
Z12 turan_n162         wrap+single seed 6: 8.815 mx=12 lacl=8.815 lmx=12 pen=0 skip=True strips=1 cert=True mmskip=True aw=26 (53.4s)
Z12 turan_n162         wrap+single seed 7: 11.031 mx=14 lacl=11.031 lmx=14 pen=0 skip=True strips=1 cert=True mmskip=True aw=24 (60.1s)
Z12 turan_n162         wrap+single seed 8: 11.031 mx=14 lacl=11.031 lmx=14 pen=0 skip=True strips=1 cert=True mmskip=True aw=24 (60.1s)
Z12 turan_n162         wrap+single seed 9: 8.815 mx=12 lacl=8.815 lmx=12 pen=0 skip=True strips=1 cert=True mmskip=True aw=26 (55.3s)
Z12 turan_n162         plane-nt  seed 0: 9.253 mx=12 lacl=9.253 lmx=12 pen=None skip=False strips=0 cert=True mmskip=True aw=14 (30.2s)
Z12 turan_n162         plane-nt  seed 1: 9.611 mx=13 lacl=9.611 lmx=13 pen=None skip=False strips=0 cert=True mmskip=True aw=14 (30.1s)
Z12 turan_n162         plane-nt  seed 2: 9.253 mx=12 lacl=9.253 lmx=12 pen=None skip=False strips=0 cert=True mmskip=True aw=14 (30.1s)
Z12 turan_n162         plane-nt  seed 3: 9.253 mx=12 lacl=9.253 lmx=12 pen=None skip=False strips=0 cert=True mmskip=True aw=14 (30.2s)
Z12 turan_n162         plane-nt  seed 4: 9.253 mx=12 lacl=9.253 lmx=12 pen=None skip=False strips=0 cert=True mmskip=True aw=14 (30.1s)
Z12 turan_n162         plane-nt  seed 5: 9.611 mx=13 lacl=9.611 lmx=13 pen=None skip=False strips=0 cert=True mmskip=True aw=14 (30.1s)
Z12 turan_n162         plane-nt  seed 6: 9.253 mx=12 lacl=9.253 lmx=12 pen=None skip=False strips=0 cert=True mmskip=True aw=14 (30.2s)
Z12 turan_n162         plane-nt  seed 7: 9.611 mx=13 lacl=9.611 lmx=13 pen=None skip=False strips=0 cert=True mmskip=True aw=14 (30.1s)
Z12 turan_n162         plane-nt  seed 8: 9.611 mx=13 lacl=9.611 lmx=13 pen=None skip=False strips=0 cert=True mmskip=True aw=14 (30.1s)
Z12 turan_n162         plane-nt  seed 9: 9.253 mx=12 lacl=9.253 lmx=12 pen=None skip=False strips=0 cert=True mmskip=True aw=14 (30.2s)
Z12 turan_n162         wrap-nt   seed 0: 9.253 mx=12 lacl=9.253 lmx=12 pen=0 skip=True strips=1 cert=True mmskip=True aw=24 (30.1s)
Z12 turan_n162         wrap-nt   seed 1: 10.451 mx=14 lacl=10.451 lmx=14 pen=0 skip=True strips=1 cert=True mmskip=True aw=26 (30.2s)
Z12 turan_n162         wrap-nt   seed 2: 9.253 mx=12 lacl=9.253 lmx=12 pen=0 skip=True strips=1 cert=True mmskip=True aw=24 (30.1s)
Z12 turan_n162         wrap-nt   seed 3: 9.253 mx=12 lacl=9.253 lmx=12 pen=0 skip=True strips=1 cert=True mmskip=True aw=24 (30.1s)
Z12 turan_n162         wrap-nt   seed 4: 9.253 mx=12 lacl=9.253 lmx=12 pen=0 skip=True strips=1 cert=True mmskip=True aw=24 (30.1s)
Z12 turan_n162         wrap-nt   seed 5: 10.451 mx=14 lacl=10.451 lmx=14 pen=0 skip=True strips=1 cert=True mmskip=True aw=26 (30.2s)
Z12 turan_n162         wrap-nt   seed 6: 9.253 mx=12 lacl=9.253 lmx=12 pen=0 skip=True strips=1 cert=True mmskip=True aw=24 (30.1s)
Z12 turan_n162         wrap-nt   seed 7: 10.451 mx=14 lacl=10.451 lmx=14 pen=0 skip=True strips=1 cert=True mmskip=True aw=26 (30.2s)
Z12 turan_n162         wrap-nt   seed 8: 10.451 mx=14 lacl=10.451 lmx=14 pen=0 skip=True strips=1 cert=True mmskip=True aw=26 (30.2s)
Z12 turan_n162         wrap-nt   seed 9: 9.253 mx=12 lacl=9.253 lmx=12 pen=0 skip=True strips=1 cert=True mmskip=True aw=24 (30.1s)
Z12 turan_n162         wrap+single-nt seed 0: 8.815 mx=12 lacl=8.815 lmx=12 pen=0 skip=True strips=1 cert=True mmskip=True aw=26 (30.1s)
Z12 turan_n162         wrap+single-nt seed 1: 11.031 mx=14 lacl=11.031 lmx=14 pen=0 skip=True strips=1 cert=True mmskip=True aw=24 (30.2s)
Z12 turan_n162         wrap+single-nt seed 2: 8.815 mx=12 lacl=8.815 lmx=12 pen=0 skip=True strips=1 cert=True mmskip=True aw=26 (30.2s)
Z12 turan_n162         wrap+single-nt seed 3: 8.815 mx=12 lacl=8.815 lmx=12 pen=0 skip=True strips=1 cert=True mmskip=True aw=26 (30.1s)
Z12 turan_n162         wrap+single-nt seed 4: 8.815 mx=12 lacl=8.815 lmx=12 pen=0 skip=True strips=1 cert=True mmskip=True aw=26 (30.2s)
Z12 turan_n162         wrap+single-nt seed 5: 11.031 mx=14 lacl=11.031 lmx=14 pen=0 skip=True strips=1 cert=True mmskip=True aw=24 (30.2s)
Z12 turan_n162         wrap+single-nt seed 6: 8.815 mx=12 lacl=8.815 lmx=12 pen=0 skip=True strips=1 cert=True mmskip=True aw=26 (30.1s)
Z12 turan_n162         wrap+single-nt seed 7: 11.031 mx=14 lacl=11.031 lmx=14 pen=0 skip=True strips=1 cert=True mmskip=True aw=24 (30.2s)
Z12 turan_n162         wrap+single-nt seed 8: 11.031 mx=14 lacl=11.031 lmx=14 pen=0 skip=True strips=1 cert=True mmskip=True aw=24 (30.2s)
Z12 turan_n162         wrap+single-nt seed 9: 8.815 mx=12 lacl=8.815 lmx=12 pen=0 skip=True strips=1 cert=True mmskip=True aw=26 (30.1s)
Z12 spin_glass_n163    plane     seed 0: 10.859 mx=12 lacl=10.865 lmx=12 pen=None skip=False strips=0 cert=True mmskip=True aw=13 (54.3s)
Z12 spin_glass_n163    plane     seed 1: 10.859 mx=12 lacl=10.865 lmx=12 pen=None skip=False strips=0 cert=True mmskip=True aw=13 (59.5s)
Z12 spin_glass_n163    plane     seed 2: 10.859 mx=12 lacl=10.865 lmx=12 pen=None skip=False strips=0 cert=True mmskip=True aw=13 (57.7s)
Z12 spin_glass_n163    single    seed 0: 10.908 mx=12 lacl=10.908 lmx=12 pen=None skip=False strips=0 cert=True mmskip=True aw=6 (60.2s)
Z12 spin_glass_n163    single    seed 1: 10.908 mx=12 lacl=10.908 lmx=12 pen=None skip=False strips=0 cert=True mmskip=True aw=6 (60.1s)
Z12 spin_glass_n163    single    seed 2: 10.908 mx=12 lacl=10.908 lmx=12 pen=None skip=False strips=0 cert=True mmskip=True aw=6 (60.3s)
Z12 spin_glass_n163    wrap      seed 0: 10.877 mx=12 lacl=10.883 lmx=12 pen=0 skip=True strips=1 cert=True mmskip=True aw=23 (57.5s)
Z12 spin_glass_n163    wrap      seed 1: 10.877 mx=12 lacl=10.883 lmx=12 pen=0 skip=True strips=1 cert=True mmskip=True aw=23 (58.1s)
Z12 spin_glass_n163    wrap      seed 2: 10.877 mx=12 lacl=10.883 lmx=12 pen=0 skip=True strips=1 cert=True mmskip=True aw=23 (56.2s)
Z12 spin_glass_n163    wrap+single seed 0: 10.902 mx=12 lacl=10.902 lmx=12 pen=0 skip=True strips=1 cert=True mmskip=True aw=19 (60.4s)
Z12 spin_glass_n163    wrap+single seed 1: 10.902 mx=12 lacl=10.902 lmx=12 pen=0 skip=True strips=1 cert=True mmskip=True aw=19 (60.1s)
Z12 spin_glass_n163    wrap+single seed 2: 10.902 mx=12 lacl=10.902 lmx=12 pen=0 skip=True strips=1 cert=True mmskip=True aw=19 (61.3s)
Z12 spin_glass_n163    plane-nt  seed 0: 10.865 mx=12 lacl=10.865 lmx=12 pen=None skip=False strips=0 cert=True mmskip=True aw=13 (30.1s)
Z12 spin_glass_n163    plane-nt  seed 1: 10.865 mx=12 lacl=10.865 lmx=12 pen=None skip=False strips=0 cert=True mmskip=True aw=13 (30.1s)
Z12 spin_glass_n163    plane-nt  seed 2: 10.865 mx=12 lacl=10.865 lmx=12 pen=None skip=False strips=0 cert=True mmskip=True aw=13 (30.1s)
Z12 spin_glass_n163    wrap-nt   seed 0: 10.883 mx=12 lacl=10.883 lmx=12 pen=0 skip=True strips=1 cert=True mmskip=True aw=23 (30.1s)
Z12 spin_glass_n163    wrap-nt   seed 1: 10.871 mx=12 lacl=10.871 lmx=12 pen=0 skip=True strips=1 cert=True mmskip=True aw=23 (30.1s)
Z12 spin_glass_n163    wrap-nt   seed 2: 10.883 mx=12 lacl=10.883 lmx=12 pen=0 skip=True strips=1 cert=True mmskip=True aw=23 (30.9s)
Z12 spin_glass_n163    wrap+single-nt seed 0: 10.902 mx=12 lacl=10.902 lmx=12 pen=0 skip=True strips=1 cert=True mmskip=True aw=19 (30.2s)
Z12 spin_glass_n163    wrap+single-nt seed 1: 10.902 mx=12 lacl=10.902 lmx=12 pen=0 skip=True strips=1 cert=True mmskip=True aw=19 (30.6s)
Z12 spin_glass_n163    wrap+single-nt seed 2: 10.902 mx=12 lacl=10.902 lmx=12 pen=0 skip=True strips=1 cert=True mmskip=True aw=19 (31.0s)
Z12 regular_n316       plane     seed 0: 2.867 mx=7 lacl=4.513 lmx=11 pen=None skip=False strips=0 cert=False mmskip=True aw=392 (60.0s)
Z12 regular_n316       plane     seed 1: 2.687 mx=6 lacl=4.513 lmx=11 pen=None skip=False strips=0 cert=False mmskip=True aw=382 (60.0s)
Z12 regular_n316       plane     seed 2: 2.734 mx=6 lacl=4.513 lmx=11 pen=None skip=False strips=0 cert=False mmskip=True aw=355 (60.0s)
Z12 regular_n316       plane     seed 3: 2.623 mx=6 lacl=4.513 lmx=11 pen=None skip=False strips=0 cert=False mmskip=True aw=354 (60.0s)
Z12 regular_n316       plane     seed 4: 2.687 mx=6 lacl=4.513 lmx=11 pen=None skip=False strips=0 cert=False mmskip=True aw=365 (60.0s)
Z12 regular_n316       plane     seed 5: 2.687 mx=6 lacl=4.513 lmx=11 pen=None skip=False strips=0 cert=False mmskip=True aw=371 (60.0s)
Z12 regular_n316       plane     seed 6: 2.633 mx=6 lacl=4.513 lmx=11 pen=None skip=False strips=0 cert=False mmskip=True aw=342 (60.0s)
Z12 regular_n316       plane     seed 7: 2.804 mx=7 lacl=4.513 lmx=11 pen=None skip=False strips=0 cert=False mmskip=True aw=336 (60.0s)
Z12 regular_n316       plane     seed 8: 2.636 mx=6 lacl=4.513 lmx=11 pen=None skip=False strips=0 cert=False mmskip=True aw=339 (60.0s)
Z12 regular_n316       plane     seed 9: 2.772 mx=6 lacl=4.513 lmx=11 pen=None skip=False strips=0 cert=False mmskip=True aw=359 (60.0s)
Z12 regular_n316       single    seed 0: 2.627 mx=6 lacl=4.405 lmx=15 pen=None skip=False strips=0 cert=False mmskip=True aw=304 (60.0s)
Z12 regular_n316       single    seed 1: 2.775 mx=6 lacl=4.405 lmx=15 pen=None skip=False strips=0 cert=False mmskip=True aw=311 (60.0s)
Z12 regular_n316       single    seed 2: 2.946 mx=7 lacl=4.405 lmx=15 pen=None skip=False strips=0 cert=False mmskip=True aw=311 (60.0s)
Z12 regular_n316       single    seed 3: 2.775 mx=7 lacl=4.405 lmx=15 pen=None skip=False strips=0 cert=False mmskip=True aw=322 (60.0s)
Z12 regular_n316       single    seed 4: 2.813 mx=7 lacl=4.405 lmx=15 pen=None skip=False strips=0 cert=False mmskip=True aw=322 (60.0s)
Z12 regular_n316       single    seed 5: 2.709 mx=6 lacl=4.405 lmx=15 pen=None skip=False strips=0 cert=False mmskip=True aw=322 (60.0s)
Z12 regular_n316       single    seed 6: 2.639 mx=6 lacl=4.405 lmx=15 pen=None skip=False strips=0 cert=False mmskip=True aw=322 (60.0s)
Z12 regular_n316       single    seed 7: 3.041 mx=7 lacl=4.405 lmx=15 pen=None skip=False strips=0 cert=False mmskip=True aw=322 (60.0s)
Z12 regular_n316       single    seed 8: 2.722 mx=6 lacl=4.405 lmx=15 pen=None skip=False strips=0 cert=False mmskip=True aw=322 (60.0s)
Z12 regular_n316       single    seed 9: 3.114 mx=9 lacl=4.405 lmx=15 pen=None skip=False strips=0 cert=False mmskip=True aw=322 (60.0s)
Z12 regular_n316       wrap      seed 0: 2.699 mx=6 lacl=4.712 lmx=12 pen=0 skip=True strips=1 cert=True mmskip=True aw=270 (60.0s)
Z12 regular_n316       wrap      seed 1: 2.693 mx=6 lacl=4.712 lmx=12 pen=0 skip=True strips=1 cert=True mmskip=True aw=280 (60.0s)
Z12 regular_n316       wrap      seed 2: 2.794 mx=7 lacl=4.712 lmx=12 pen=0 skip=True strips=1 cert=True mmskip=True aw=281 (60.0s)
Z12 regular_n316       wrap      seed 3: 2.782 mx=6 lacl=4.712 lmx=12 pen=0 skip=True strips=1 cert=True mmskip=True aw=282 (60.0s)
Z12 regular_n316       wrap      seed 4: 3.092 mx=7 lacl=4.712 lmx=12 pen=0 skip=True strips=1 cert=True mmskip=True aw=283 (60.0s)
Z12 regular_n316       wrap      seed 5: 2.892 mx=7 lacl=4.712 lmx=12 pen=0 skip=True strips=1 cert=True mmskip=True aw=283 (60.0s)
Z12 regular_n316       wrap      seed 6: 2.703 mx=7 lacl=4.712 lmx=12 pen=0 skip=True strips=1 cert=True mmskip=True aw=283 (60.0s)
Z12 regular_n316       wrap      seed 7: 2.959 mx=7 lacl=4.712 lmx=12 pen=0 skip=True strips=1 cert=True mmskip=True aw=283 (60.0s)
Z12 regular_n316       wrap      seed 8: 2.848 mx=7 lacl=4.712 lmx=12 pen=0 skip=True strips=1 cert=True mmskip=True aw=282 (60.0s)
Z12 regular_n316       wrap      seed 9: 2.791 mx=7 lacl=4.712 lmx=12 pen=0 skip=True strips=1 cert=True mmskip=True aw=283 (60.0s)
Z12 regular_n316       wrap+single seed 0: 2.911 mx=7 lacl=4.886 lmx=15 pen=0 skip=True strips=1 cert=True mmskip=True aw=266 (60.0s)
Z12 regular_n316       wrap+single seed 1: 2.797 mx=6 lacl=4.886 lmx=15 pen=0 skip=True strips=1 cert=True mmskip=True aw=268 (60.0s)
Z12 regular_n316       wrap+single seed 2: 2.972 mx=7 lacl=4.886 lmx=15 pen=0 skip=True strips=1 cert=True mmskip=True aw=266 (60.0s)
Z12 regular_n316       wrap+single seed 3: 2.785 mx=6 lacl=4.886 lmx=15 pen=0 skip=True strips=1 cert=True mmskip=True aw=272 (60.0s)
Z12 regular_n316       wrap+single seed 4: 2.823 mx=7 lacl=4.886 lmx=15 pen=0 skip=True strips=1 cert=True mmskip=True aw=269 (60.0s)
Z12 regular_n316       wrap+single seed 5: 2.968 mx=8 lacl=4.886 lmx=15 pen=0 skip=True strips=1 cert=True mmskip=True aw=271 (60.0s)
Z12 regular_n316       wrap+single seed 6: 2.639 mx=6 lacl=4.886 lmx=15 pen=0 skip=True strips=1 cert=True mmskip=True aw=269 (60.0s)
Z12 regular_n316       wrap+single seed 7: 2.75 mx=6 lacl=4.886 lmx=15 pen=0 skip=True strips=1 cert=True mmskip=True aw=270 (60.0s)
Z12 regular_n316       wrap+single seed 8: 2.684 mx=6 lacl=4.886 lmx=15 pen=0 skip=True strips=1 cert=True mmskip=True aw=268 (60.0s)
Z12 regular_n316       wrap+single seed 9: 2.725 mx=6 lacl=4.886 lmx=15 pen=0 skip=True strips=1 cert=True mmskip=True aw=269 (60.0s)
Z12 regular_n316       plane-nt  seed 0: 4.513 mx=11 lacl=4.513 lmx=11 pen=None skip=False strips=0 cert=False mmskip=True aw=397 (30.1s)
Z12 regular_n316       plane-nt  seed 1: 4.513 mx=11 lacl=4.513 lmx=11 pen=None skip=False strips=0 cert=False mmskip=True aw=397 (30.1s)
Z12 regular_n316       plane-nt  seed 2: 4.513 mx=11 lacl=4.513 lmx=11 pen=None skip=False strips=0 cert=False mmskip=True aw=397 (30.1s)
Z12 regular_n316       plane-nt  seed 3: 4.513 mx=11 lacl=4.513 lmx=11 pen=None skip=False strips=0 cert=False mmskip=True aw=397 (30.1s)
Z12 regular_n316       plane-nt  seed 4: 4.513 mx=11 lacl=4.513 lmx=11 pen=None skip=False strips=0 cert=False mmskip=True aw=397 (30.1s)
Z12 regular_n316       plane-nt  seed 5: 4.513 mx=11 lacl=4.513 lmx=11 pen=None skip=False strips=0 cert=False mmskip=True aw=397 (30.1s)
Z12 regular_n316       plane-nt  seed 6: 4.513 mx=11 lacl=4.513 lmx=11 pen=None skip=False strips=0 cert=False mmskip=True aw=397 (30.1s)
Z12 regular_n316       plane-nt  seed 7: 4.513 mx=11 lacl=4.513 lmx=11 pen=None skip=False strips=0 cert=False mmskip=True aw=397 (30.1s)
Z12 regular_n316       plane-nt  seed 8: 4.513 mx=11 lacl=4.513 lmx=11 pen=None skip=False strips=0 cert=False mmskip=True aw=397 (30.1s)
Z12 regular_n316       plane-nt  seed 9: 4.513 mx=11 lacl=4.513 lmx=11 pen=None skip=False strips=0 cert=False mmskip=True aw=397 (30.1s)
Z12 regular_n316       wrap-nt   seed 0: 4.712 mx=12 lacl=4.712 lmx=12 pen=0 skip=True strips=1 cert=True mmskip=True aw=284 (30.1s)
Z12 regular_n316       wrap-nt   seed 1: 4.712 mx=12 lacl=4.712 lmx=12 pen=0 skip=True strips=1 cert=True mmskip=True aw=282 (30.1s)
Z12 regular_n316       wrap-nt   seed 2: 4.712 mx=12 lacl=4.712 lmx=12 pen=0 skip=True strips=1 cert=True mmskip=True aw=285 (30.1s)
Z12 regular_n316       wrap-nt   seed 3: 4.712 mx=12 lacl=4.712 lmx=12 pen=0 skip=True strips=1 cert=True mmskip=True aw=283 (30.1s)
Z12 regular_n316       wrap-nt   seed 4: 4.712 mx=12 lacl=4.712 lmx=12 pen=0 skip=True strips=1 cert=True mmskip=True aw=286 (30.1s)
Z12 regular_n316       wrap-nt   seed 5: 4.712 mx=12 lacl=4.712 lmx=12 pen=0 skip=True strips=1 cert=True mmskip=True aw=283 (30.1s)
Z12 regular_n316       wrap-nt   seed 6: 4.712 mx=12 lacl=4.712 lmx=12 pen=0 skip=True strips=1 cert=True mmskip=True aw=284 (30.1s)
Z12 regular_n316       wrap-nt   seed 7: 4.712 mx=12 lacl=4.712 lmx=12 pen=0 skip=True strips=1 cert=True mmskip=True aw=283 (30.1s)
Z12 regular_n316       wrap-nt   seed 8: 4.712 mx=12 lacl=4.712 lmx=12 pen=0 skip=True strips=1 cert=True mmskip=True aw=286 (30.1s)
Z12 regular_n316       wrap-nt   seed 9: 4.712 mx=12 lacl=4.712 lmx=12 pen=0 skip=True strips=1 cert=True mmskip=True aw=284 (30.1s)
Z12 regular_n316       wrap+single-nt seed 0: 4.886 mx=15 lacl=4.886 lmx=15 pen=0 skip=True strips=1 cert=True mmskip=True aw=268 (30.1s)
Z12 regular_n316       wrap+single-nt seed 1: 4.886 mx=15 lacl=4.886 lmx=15 pen=0 skip=True strips=1 cert=True mmskip=True aw=271 (30.1s)
Z12 regular_n316       wrap+single-nt seed 2: 4.886 mx=15 lacl=4.886 lmx=15 pen=0 skip=True strips=1 cert=True mmskip=True aw=269 (30.1s)
Z12 regular_n316       wrap+single-nt seed 3: 4.886 mx=15 lacl=4.886 lmx=15 pen=0 skip=True strips=1 cert=True mmskip=True aw=266 (30.1s)
Z12 regular_n316       wrap+single-nt seed 4: 4.886 mx=15 lacl=4.886 lmx=15 pen=0 skip=True strips=1 cert=True mmskip=True aw=273 (30.1s)
Z12 regular_n316       wrap+single-nt seed 5: 4.886 mx=15 lacl=4.886 lmx=15 pen=0 skip=True strips=1 cert=True mmskip=True aw=268 (30.1s)
Z12 regular_n316       wrap+single-nt seed 6: 4.886 mx=15 lacl=4.886 lmx=15 pen=0 skip=True strips=1 cert=True mmskip=True aw=268 (30.1s)
Z12 regular_n316       wrap+single-nt seed 7: 4.886 mx=15 lacl=4.886 lmx=15 pen=0 skip=True strips=1 cert=True mmskip=True aw=270 (30.1s)
Z12 regular_n316       wrap+single-nt seed 8: 4.886 mx=15 lacl=4.886 lmx=15 pen=0 skip=True strips=1 cert=True mmskip=True aw=269 (30.1s)
Z12 regular_n316       wrap+single-nt seed 9: 4.886 mx=15 lacl=4.886 lmx=15 pen=0 skip=True strips=1 cert=True mmskip=True aw=268 (30.1s)
Z12 ws_n486            plane     seed 0: 2.523 mx=8 lacl=3.747 lmx=19 pen=None skip=False strips=0 cert=False mmskip=False aw=500 (60.0s)
Z12 ws_n486            plane     seed 1: 2.665 mx=9 lacl=3.71 lmx=19 pen=None skip=False strips=0 cert=False mmskip=False aw=501 (60.0s)
Z12 ws_n486            plane     seed 2: 2.42 mx=8 lacl=3.749 lmx=16 pen=None skip=False strips=0 cert=False mmskip=False aw=499 (60.0s)
Z12 ws_n486            plane     seed 3: 2.422 mx=8 lacl=3.652 lmx=17 pen=None skip=False strips=0 cert=False mmskip=False aw=500 (60.0s)
Z12 ws_n486            plane     seed 4: 2.57 mx=8 lacl=3.71 lmx=17 pen=None skip=False strips=0 cert=False mmskip=False aw=501 (60.0s)
Z12 ws_n486            plane     seed 5: 2.597 mx=9 lacl=3.815 lmx=17 pen=None skip=False strips=0 cert=False mmskip=False aw=501 (60.1s)
Z12 ws_n486            plane     seed 6: 2.784 mx=9 lacl=3.772 lmx=18 pen=None skip=False strips=0 cert=False mmskip=False aw=501 (60.1s)
Z12 ws_n486            plane     seed 7: 2.543 mx=8 lacl=3.685 lmx=21 pen=None skip=False strips=0 cert=False mmskip=False aw=501 (60.1s)
Z12 ws_n486            plane     seed 8: 2.401 mx=7 lacl=3.807 lmx=17 pen=None skip=False strips=0 cert=False mmskip=False aw=503 (60.2s)
Z12 ws_n486            plane     seed 9: 2.613 mx=9 lacl=3.747 lmx=17 pen=None skip=False strips=0 cert=False mmskip=False aw=502 (60.0s)
Z12 ws_n486            single    seed 0: 2.591 mx=8 lacl=3.566 lmx=18 pen=None skip=False strips=0 cert=False mmskip=False aw=233 (60.7s)
Z12 ws_n486            single    seed 1: 2.506 mx=8 lacl=3.837 lmx=19 pen=None skip=False strips=0 cert=False mmskip=False aw=234 (60.1s)
Z12 ws_n486            single    seed 2: 2.51 mx=7 lacl=3.628 lmx=15 pen=None skip=False strips=0 cert=False mmskip=False aw=236 (60.1s)
Z12 ws_n486            single    seed 3: 2.527 mx=8 lacl=3.737 lmx=17 pen=None skip=False strips=0 cert=False mmskip=False aw=237 (60.2s)
Z12 ws_n486            single    seed 4: 2.564 mx=8 lacl=3.617 lmx=20 pen=None skip=False strips=0 cert=False mmskip=False aw=236 (60.0s)
Z12 ws_n486            single    seed 5: 2.414 mx=7 lacl=3.751 lmx=14 pen=None skip=False strips=0 cert=False mmskip=False aw=235 (60.2s)
Z12 ws_n486            single    seed 6: 2.547 mx=8 lacl=3.675 lmx=18 pen=None skip=False strips=0 cert=False mmskip=False aw=234 (60.1s)
Z12 ws_n486            single    seed 7: 2.444 mx=7 lacl=3.751 lmx=20 pen=None skip=False strips=0 cert=False mmskip=False aw=233 (60.0s)
Z12 ws_n486            single    seed 8: 2.605 mx=8 lacl=3.749 lmx=17 pen=None skip=False strips=0 cert=False mmskip=False aw=235 (60.3s)
Z12 ws_n486            single    seed 9: 2.593 mx=8 lacl=3.669 lmx=16 pen=None skip=False strips=0 cert=False mmskip=False aw=233 (60.1s)
Z12 ws_n486            wrap      seed 0: 2.784 mx=9 lacl=3.802 lmx=20 pen=213 skip=True strips=1 cert=False mmskip=False aw=222 (60.2s)
Z12 ws_n486            wrap      seed 1: 2.7 mx=9 lacl=3.724 lmx=20 pen=213 skip=True strips=1 cert=False mmskip=False aw=221 (60.1s)
Z12 ws_n486            wrap      seed 2: 2.535 mx=8 lacl=3.827 lmx=14 pen=213 skip=True strips=1 cert=False mmskip=False aw=222 (60.0s)
Z12 ws_n486            wrap      seed 3: 2.63 mx=8 lacl=3.79 lmx=18 pen=213 skip=True strips=1 cert=False mmskip=False aw=217 (60.6s)
Z12 ws_n486            wrap      seed 4: 2.728 mx=8 lacl=3.805 lmx=18 pen=213 skip=True strips=1 cert=False mmskip=False aw=71 (60.0s)
Z12 ws_n486            wrap      seed 5: 2.897 mx=10 lacl=3.733 lmx=15 pen=213 skip=True strips=1 cert=False mmskip=False aw=80 (60.0s)
Z12 ws_n486            wrap      seed 6: 2.574 mx=8 lacl=3.792 lmx=17 pen=213 skip=True strips=1 cert=False mmskip=False aw=91 (60.3s)
Z12 ws_n486            wrap      seed 7: 2.8 mx=9 lacl=3.885 lmx=21 pen=213 skip=True strips=1 cert=False mmskip=False aw=93 (60.0s)
Z12 ws_n486            wrap      seed 8: 2.595 mx=8 lacl=3.796 lmx=14 pen=362 skip=True strips=1 cert=False mmskip=False aw=14 (60.0s)
Z12 ws_n486            wrap      seed 9: 2.428 mx=8 lacl=3.813 lmx=18 pen=362 skip=True strips=1 cert=False mmskip=False aw=8 (60.1s)
Z12 ws_n486            wrap+single seed 0: 2.671 mx=8 lacl=3.716 lmx=20 pen=412 skip=True strips=1 cert=False mmskip=False aw=11 (60.1s)
Z12 ws_n486            wrap+single seed 1: 2.644 mx=8 lacl=3.79 lmx=20 pen=412 skip=True strips=1 cert=False mmskip=False aw=12 (60.7s)
Z12 ws_n486            wrap+single seed 2: 2.632 mx=8 lacl=3.813 lmx=16 pen=411 skip=True strips=1 cert=False mmskip=False aw=14 (60.0s)
Z12 ws_n486            wrap+single seed 3: 2.609 mx=8 lacl=3.951 lmx=23 pen=412 skip=True strips=1 cert=False mmskip=False aw=10 (60.0s)
Z12 ws_n486            wrap+single seed 4: 2.574 mx=8 lacl=3.879 lmx=21 pen=412 skip=True strips=1 cert=False mmskip=False aw=13 (60.1s)
Z12 ws_n486            wrap+single seed 5: 2.537 mx=7 lacl=3.842 lmx=13 pen=411 skip=True strips=1 cert=False mmskip=False aw=14 (60.0s)
Z12 ws_n486            wrap+single seed 6: 2.512 mx=8 lacl=3.85 lmx=19 pen=318 skip=True strips=1 cert=False mmskip=False aw=30 (60.8s)
Z12 ws_n486            wrap+single seed 7: 2.556 mx=7 lacl=3.85 lmx=17 pen=314 skip=True strips=1 cert=False mmskip=False aw=47 (60.1s)
Z12 ws_n486            wrap+single seed 8: 2.486 mx=8 lacl=3.874 lmx=19 pen=314 skip=True strips=1 cert=False mmskip=False aw=53 (60.5s)
Z12 ws_n486            wrap+single seed 9: 2.576 mx=7 lacl=3.872 lmx=17 pen=314 skip=True strips=1 cert=False mmskip=False aw=61 (60.0s)
Z12 ws_n486            plane-nt  seed 0: 3.745 mx=17 lacl=3.745 lmx=17 pen=None skip=False strips=0 cert=False mmskip=False aw=185 (31.0s)
Z12 ws_n486            plane-nt  seed 1: 3.689 mx=18 lacl=3.689 lmx=18 pen=None skip=False strips=0 cert=False mmskip=False aw=174 (31.0s)
Z12 ws_n486            plane-nt  seed 2: 3.735 mx=17 lacl=3.735 lmx=17 pen=None skip=False strips=0 cert=False mmskip=False aw=207 (31.8s)
Z12 ws_n486            plane-nt  seed 3: 3.735 mx=17 lacl=3.735 lmx=17 pen=None skip=False strips=0 cert=False mmskip=False aw=203 (33.6s)
Z12 ws_n486            plane-nt  seed 4: 3.807 mx=18 lacl=3.807 lmx=18 pen=None skip=False strips=0 cert=False mmskip=False aw=215 (31.2s)
Z12 ws_n486            plane-nt  seed 5: 3.805 mx=15 lacl=3.805 lmx=15 pen=None skip=False strips=0 cert=False mmskip=False aw=259 (32.7s)
Z12 ws_n486            plane-nt  seed 6: 3.695 mx=17 lacl=3.695 lmx=17 pen=None skip=False strips=0 cert=False mmskip=False aw=240 (31.1s)
Z12 ws_n486            plane-nt  seed 7: 3.817 mx=19 lacl=3.817 lmx=19 pen=None skip=False strips=0 cert=False mmskip=False aw=242 (40.9s)
Z12 ws_n486            plane-nt  seed 8: 3.817 mx=16 lacl=3.817 lmx=16 pen=None skip=False strips=0 cert=False mmskip=False aw=121 (39.3s)
Z12 ws_n486            plane-nt  seed 9: 3.757 mx=22 lacl=3.757 lmx=22 pen=None skip=False strips=0 cert=False mmskip=False aw=71 (36.3s)
Z12 ws_n486            wrap-nt   seed 0: 3.807 mx=20 lacl=3.807 lmx=20 pen=306 skip=True strips=1 cert=False mmskip=False aw=15 (34.4s)
Z12 ws_n486            wrap-nt   seed 1: 3.77 mx=18 lacl=3.77 lmx=18 pen=362 skip=True strips=1 cert=False mmskip=False aw=10 (36.5s)
Z12 ws_n486            wrap-nt   seed 2: 3.827 mx=14 lacl=3.827 lmx=14 pen=213 skip=True strips=1 cert=False mmskip=False aw=65 (31.2s)
Z12 ws_n486            wrap-nt   seed 3: 3.786 mx=15 lacl=3.786 lmx=15 pen=213 skip=True strips=1 cert=False mmskip=False aw=26 (31.2s)
Z12 ws_n486            wrap-nt   seed 4: 3.844 mx=19 lacl=3.844 lmx=19 pen=362 skip=True strips=1 cert=False mmskip=False aw=12 (34.3s)
Z12 ws_n486            wrap-nt   seed 5: 3.767 mx=18 lacl=3.767 lmx=18 pen=785 skip=True strips=1 cert=False mmskip=False aw=4 (32.8s)
Z12 ws_n486            wrap-nt   seed 6: 3.798 mx=19 lacl=3.798 lmx=19 pen=213 skip=True strips=1 cert=False mmskip=False aw=23 (31.9s)
Z12 ws_n486            wrap-nt   seed 7: 3.833 mx=18 lacl=3.833 lmx=18 pen=785 skip=True strips=1 cert=False mmskip=False aw=6 (31.5s)
Z12 ws_n486            wrap-nt   seed 8: 3.895 mx=14 lacl=3.895 lmx=14 pen=306 skip=True strips=1 cert=False mmskip=False aw=18 (31.2s)
Z12 ws_n486            wrap-nt   seed 9: 3.85 mx=17 lacl=3.85 lmx=17 pen=213 skip=True strips=1 cert=False mmskip=False aw=38 (31.2s)
Z12 ws_n486            wrap+single-nt seed 0: 3.813 mx=17 lacl=3.813 lmx=17 pen=318 skip=True strips=1 cert=False mmskip=False aw=21 (31.1s)
Z12 ws_n486            wrap+single-nt seed 1: 3.823 mx=16 lacl=3.823 lmx=16 pen=318 skip=True strips=1 cert=False mmskip=False aw=27 (31.1s)
Z12 ws_n486            wrap+single-nt seed 2: 3.864 mx=17 lacl=3.864 lmx=17 pen=245 skip=True strips=1 cert=False mmskip=False aw=77 (31.0s)
Z12 ws_n486            wrap+single-nt seed 3: 3.877 mx=19 lacl=3.877 lmx=19 pen=314 skip=True strips=1 cert=False mmskip=False aw=39 (31.0s)
Z12 ws_n486            wrap+single-nt seed 4: 3.813 mx=21 lacl=3.813 lmx=21 pen=314 skip=True strips=1 cert=False mmskip=False aw=43 (31.0s)
Z12 ws_n486            wrap+single-nt seed 5: 3.864 mx=16 lacl=3.864 lmx=16 pen=314 skip=True strips=1 cert=False mmskip=False aw=49 (31.0s)
Z12 ws_n486            wrap+single-nt seed 6: 3.784 mx=16 lacl=3.784 lmx=16 pen=245 skip=True strips=1 cert=False mmskip=False aw=114 (31.0s)
Z12 ws_n486            wrap+single-nt seed 7: 3.829 mx=18 lacl=3.829 lmx=18 pen=245 skip=True strips=1 cert=False mmskip=False aw=85 (31.1s)
Z12 ws_n486            wrap+single-nt seed 8: 3.743 mx=18 lacl=3.743 lmx=18 pen=245 skip=True strips=1 cert=False mmskip=False aw=102 (31.0s)
Z12 ws_n486            wrap+single-nt seed 9: 3.767 mx=18 lacl=3.767 lmx=18 pen=245 skip=True strips=1 cert=False mmskip=False aw=110 (31.3s)
Z12 grid_200           plane     seed 0: 1.325 mx=3 lacl=1.965 lmx=5 pen=None skip=False strips=0 cert=True mmskip=True aw=389 (60.0s)
Z12 grid_200           plane     seed 1: 1.43 mx=3 lacl=1.965 lmx=5 pen=None skip=False strips=0 cert=True mmskip=True aw=389 (60.0s)
Z12 grid_200           plane     seed 2: 1.35 mx=3 lacl=1.965 lmx=5 pen=None skip=False strips=0 cert=True mmskip=True aw=389 (60.0s)
Z12 grid_200           single    seed 0: 1.375 mx=3 lacl=2.16 lmx=7 pen=None skip=False strips=0 cert=True mmskip=True aw=83 (59.6s)
Z12 grid_200           single    seed 1: 1.32 mx=3 lacl=2.16 lmx=7 pen=None skip=False strips=0 cert=True mmskip=True aw=83 (60.0s)
Z12 grid_200           single    seed 2: 1.375 mx=3 lacl=2.16 lmx=7 pen=None skip=False strips=0 cert=True mmskip=True aw=83 (60.2s)
Z12 grid_200           wrap      seed 0: 1.435 mx=3 lacl=2.245 lmx=5 pen=0 skip=True strips=1 cert=True mmskip=True aw=395 (60.0s)
Z12 grid_200           wrap      seed 1: 1.35 mx=3 lacl=2.245 lmx=5 pen=0 skip=True strips=1 cert=True mmskip=True aw=395 (60.0s)
Z12 grid_200           wrap      seed 2: 1.48 mx=3 lacl=2.245 lmx=5 pen=0 skip=True strips=1 cert=True mmskip=True aw=395 (60.2s)
Z12 grid_200           wrap+single seed 0: 1.32 mx=3 lacl=2.205 lmx=6 pen=0 skip=True strips=1 cert=True mmskip=True aw=200 (56.5s)
Z12 grid_200           wrap+single seed 1: 1.36 mx=3 lacl=2.205 lmx=6 pen=0 skip=True strips=1 cert=True mmskip=True aw=200 (60.0s)
Z12 grid_200           wrap+single seed 2: 1.29 mx=3 lacl=2.205 lmx=6 pen=0 skip=True strips=1 cert=True mmskip=True aw=200 (60.0s)
Z12 grid_200           plane-nt  seed 0: 1.965 mx=5 lacl=1.965 lmx=5 pen=None skip=False strips=0 cert=True mmskip=True aw=389 (30.0s)
Z12 grid_200           plane-nt  seed 1: 1.965 mx=5 lacl=1.965 lmx=5 pen=None skip=False strips=0 cert=True mmskip=True aw=389 (28.0s)
Z12 grid_200           plane-nt  seed 2: 1.965 mx=5 lacl=1.965 lmx=5 pen=None skip=False strips=0 cert=True mmskip=True aw=389 (30.0s)
Z12 grid_200           wrap-nt   seed 0: 2.245 mx=5 lacl=2.245 lmx=5 pen=0 skip=True strips=1 cert=True mmskip=True aw=394 (30.0s)
Z12 grid_200           wrap-nt   seed 1: 2.245 mx=5 lacl=2.245 lmx=5 pen=0 skip=True strips=1 cert=True mmskip=True aw=395 (30.0s)
Z12 grid_200           wrap-nt   seed 2: 2.245 mx=5 lacl=2.245 lmx=5 pen=0 skip=True strips=1 cert=True mmskip=True aw=394 (30.0s)
Z12 grid_200           wrap+single-nt seed 0: 2.205 mx=6 lacl=2.205 lmx=6 pen=0 skip=True strips=1 cert=True mmskip=True aw=200 (25.1s)
Z12 grid_200           wrap+single-nt seed 1: 2.205 mx=6 lacl=2.205 lmx=6 pen=0 skip=True strips=1 cert=True mmskip=True aw=200 (26.2s)
Z12 grid_200           wrap+single-nt seed 2: 2.205 mx=6 lacl=2.205 lmx=6 pen=0 skip=True strips=1 cert=True mmskip=True aw=200 (27.9s)
Z12 honeycomb_200      plane     seed 0: 1.335 mx=3 lacl=2.165 lmx=6 pen=None skip=False strips=0 cert=True mmskip=True aw=141 (40.5s)
Z12 honeycomb_200      plane     seed 1: 1.43 mx=3 lacl=2.165 lmx=6 pen=None skip=False strips=0 cert=True mmskip=True aw=141 (46.7s)
Z12 honeycomb_200      plane     seed 2: 1.23 mx=2 lacl=2.165 lmx=6 pen=None skip=False strips=0 cert=True mmskip=True aw=141 (36.1s)
Z12 honeycomb_200      single    seed 0: 1.155 mx=2 lacl=2.11 lmx=7 pen=None skip=False strips=0 cert=True mmskip=True aw=84 (52.9s)
Z12 honeycomb_200      single    seed 1: 1.195 mx=2 lacl=2.11 lmx=7 pen=None skip=False strips=0 cert=True mmskip=True aw=84 (48.3s)
Z12 honeycomb_200      single    seed 2: 1.27 mx=2 lacl=2.11 lmx=7 pen=None skip=False strips=0 cert=True mmskip=True aw=84 (52.8s)
Z12 honeycomb_200      wrap      seed 0: 1.295 mx=3 lacl=2.12 lmx=5 pen=0 skip=True strips=1 cert=True mmskip=True aw=160 (42.7s)
Z12 honeycomb_200      wrap      seed 1: 1.37 mx=3 lacl=2.12 lmx=5 pen=0 skip=True strips=1 cert=True mmskip=True aw=160 (60.0s)
Z12 honeycomb_200      wrap      seed 2: 1.39 mx=3 lacl=2.12 lmx=5 pen=0 skip=True strips=1 cert=True mmskip=True aw=160 (43.7s)
Z12 honeycomb_200      wrap+single seed 0: 1.26 mx=2 lacl=2.045 lmx=6 pen=0 skip=True strips=1 cert=True mmskip=True aw=149 (51.4s)
Z12 honeycomb_200      wrap+single seed 1: 1.325 mx=3 lacl=2.045 lmx=6 pen=0 skip=True strips=1 cert=True mmskip=True aw=149 (51.1s)
Z12 honeycomb_200      wrap+single seed 2: 1.275 mx=3 lacl=2.045 lmx=6 pen=0 skip=True strips=1 cert=True mmskip=True aw=149 (47.6s)
Z12 honeycomb_200      plane-nt  seed 0: 2.165 mx=6 lacl=2.165 lmx=6 pen=None skip=False strips=0 cert=True mmskip=True aw=141 (21.2s)
Z12 honeycomb_200      plane-nt  seed 1: 2.165 mx=6 lacl=2.165 lmx=6 pen=None skip=False strips=0 cert=True mmskip=True aw=141 (21.4s)
Z12 honeycomb_200      plane-nt  seed 2: 2.165 mx=6 lacl=2.165 lmx=6 pen=None skip=False strips=0 cert=True mmskip=True aw=141 (20.9s)
Z12 honeycomb_200      wrap-nt   seed 0: 2.12 mx=5 lacl=2.12 lmx=5 pen=0 skip=True strips=1 cert=True mmskip=True aw=160 (23.3s)
Z12 honeycomb_200      wrap-nt   seed 1: 2.12 mx=5 lacl=2.12 lmx=5 pen=0 skip=True strips=1 cert=True mmskip=True aw=160 (22.5s)
Z12 honeycomb_200      wrap-nt   seed 2: 2.12 mx=5 lacl=2.12 lmx=5 pen=0 skip=True strips=1 cert=True mmskip=True aw=160 (23.2s)
Z12 honeycomb_200      wrap+single-nt seed 0: 2.045 mx=6 lacl=2.045 lmx=6 pen=0 skip=True strips=1 cert=True mmskip=True aw=149 (30.0s)
Z12 honeycomb_200      wrap+single-nt seed 1: 2.045 mx=6 lacl=2.045 lmx=6 pen=0 skip=True strips=1 cert=True mmskip=True aw=149 (30.0s)
Z12 honeycomb_200      wrap+single-nt seed 2: 2.045 mx=6 lacl=2.045 lmx=6 pen=0 skip=True strips=1 cert=True mmskip=True aw=149 (30.0s)
Z12 king_graph_196     plane     seed 0: 1.781 mx=4 lacl=2.388 lmx=6 pen=None skip=False strips=0 cert=True mmskip=True aw=387 (60.0s)
Z12 king_graph_196     plane     seed 1: 1.735 mx=4 lacl=2.388 lmx=6 pen=None skip=False strips=0 cert=True mmskip=True aw=387 (60.0s)
Z12 king_graph_196     plane     seed 2: 1.954 mx=4 lacl=2.388 lmx=6 pen=None skip=False strips=0 cert=True mmskip=True aw=388 (60.0s)
Z12 king_graph_196     single    seed 0: 1.735 mx=4 lacl=2.551 lmx=5 pen=None skip=False strips=0 cert=True mmskip=True aw=218 (60.0s)
Z12 king_graph_196     single    seed 1: 1.985 mx=4 lacl=2.551 lmx=5 pen=None skip=False strips=0 cert=True mmskip=True aw=218 (60.0s)
Z12 king_graph_196     single    seed 2: 1.852 mx=4 lacl=2.551 lmx=5 pen=None skip=False strips=0 cert=True mmskip=True aw=218 (60.0s)
Z12 king_graph_196     wrap      seed 0: 1.857 mx=4 lacl=2.408 lmx=6 pen=0 skip=True strips=1 cert=True mmskip=True aw=353 (60.0s)
Z12 king_graph_196     wrap      seed 1: 1.75 mx=4 lacl=2.408 lmx=6 pen=0 skip=True strips=1 cert=True mmskip=True aw=354 (60.0s)
Z12 king_graph_196     wrap      seed 2: 1.974 mx=4 lacl=2.408 lmx=6 pen=0 skip=True strips=1 cert=True mmskip=True aw=353 (60.0s)
Z12 king_graph_196     wrap+single seed 0: 1.556 mx=3 lacl=2.429 lmx=5 pen=0 skip=True strips=1 cert=True mmskip=True aw=240 (60.0s)
Z12 king_graph_196     wrap+single seed 1: 1.862 mx=4 lacl=2.429 lmx=5 pen=0 skip=True strips=1 cert=True mmskip=True aw=241 (60.0s)
Z12 king_graph_196     wrap+single seed 2: 2.286 mx=5 lacl=2.429 lmx=5 pen=0 skip=True strips=1 cert=True mmskip=True aw=241 (60.0s)
Z12 king_graph_196     plane-nt  seed 0: 2.388 mx=6 lacl=2.388 lmx=6 pen=None skip=False strips=0 cert=True mmskip=True aw=388 (30.0s)
Z12 king_graph_196     plane-nt  seed 1: 2.388 mx=6 lacl=2.388 lmx=6 pen=None skip=False strips=0 cert=True mmskip=True aw=388 (30.0s)
Z12 king_graph_196     plane-nt  seed 2: 2.388 mx=6 lacl=2.388 lmx=6 pen=None skip=False strips=0 cert=True mmskip=True aw=388 (30.0s)
Z12 king_graph_196     wrap-nt   seed 0: 2.408 mx=6 lacl=2.408 lmx=6 pen=0 skip=True strips=1 cert=True mmskip=True aw=355 (30.0s)
Z12 king_graph_196     wrap-nt   seed 1: 2.408 mx=6 lacl=2.408 lmx=6 pen=0 skip=True strips=1 cert=True mmskip=True aw=354 (30.0s)
Z12 king_graph_196     wrap-nt   seed 2: 2.408 mx=6 lacl=2.408 lmx=6 pen=0 skip=True strips=1 cert=True mmskip=True aw=354 (30.0s)
Z12 king_graph_196     wrap+single-nt seed 0: 2.429 mx=5 lacl=2.429 lmx=5 pen=0 skip=True strips=1 cert=True mmskip=True aw=241 (30.0s)
Z12 king_graph_196     wrap+single-nt seed 1: 2.429 mx=5 lacl=2.429 lmx=5 pen=0 skip=True strips=1 cert=True mmskip=True aw=241 (30.0s)
Z12 king_graph_196     wrap+single-nt seed 2: 2.429 mx=5 lacl=2.429 lmx=5 pen=0 skip=True strips=1 cert=True mmskip=True aw=241 (30.0s)

summary (mean ACL; d = arm - plane, negative = wins):
Z12 K100               plane=7.26(3) mx=8.0 | single=7.26(3) mx=8.0 lmx=8.0 cert=3 d=+0.000 | wrap=7.26(3) mx=8.0 lmx=8.0 cert=3 d=+0.000 | wrap+single=7.26(3) mx=8.0 lmx=8.0 cert=3 d=+0.000 | plane-nt=7.26(3) mx=8.0 lmx=8.0 cert=3 d=+0.000 | wrap-nt=7.26(3) mx=8.0 lmx=8.0 cert=3 d=+0.000 | wrap+single-nt=7.26(3) mx=8.0 lmx=8.0 cert=3 d=+0.000
Z12 K140               plane=9.757(3) mx=10.0 | single=9.757(3) mx=10.0 lmx=10.0 cert=3 d=+0.000 | wrap=9.757(3) mx=10.0 lmx=10.0 cert=3 d=+0.000 | wrap+single=9.757(3) mx=10.0 lmx=10.0 cert=3 d=+0.000 | plane-nt=9.757(3) mx=10.0 lmx=10.0 cert=3 d=+0.000 | wrap-nt=9.757(3) mx=10.0 lmx=10.0 cert=3 d=+0.000 | wrap+single-nt=9.757(3) mx=10.0 lmx=10.0 cert=3 d=+0.000
Z12 ER100_d10          plane=4.652(10) mx=7.8 | single=4.715(10) mx=7.9 lmx=8.0 cert=10 d=+0.063 | wrap=4.525(10) mx=7.8 lmx=8.0 cert=10 d=-0.127 | wrap+single=4.678(10) mx=7.9 lmx=8.0 cert=10 d=+0.026 | plane-nt=4.95(10) mx=8.0 lmx=8.0 cert=10 d=+0.298 | wrap-nt=4.95(10) mx=8.0 lmx=8.0 cert=10 d=+0.298 | wrap+single-nt=4.9(10) mx=8.0 lmx=8.0 cert=10 d=+0.248
Z12 turan_n162         plane=9.391(10) mx=12.4 | single=9.136(10) mx=12.4 lmx=12.4 cert=10 d=-0.255 | wrap=9.719(10) mx=12.8 lmx=12.8 cert=10 d=+0.328 | wrap+single=9.701(10) mx=12.8 lmx=12.8 cert=10 d=+0.310 | plane-nt=9.396(10) mx=12.4 lmx=12.4 cert=10 d=+0.005 | wrap-nt=9.732(10) mx=12.8 lmx=12.8 cert=10 d=+0.341 | wrap+single-nt=9.701(10) mx=12.8 lmx=12.8 cert=10 d=+0.310
Z12 spin_glass_n163    plane=10.859(3) mx=12.0 | single=10.908(3) mx=12.0 lmx=12.0 cert=3 d=+0.049 | wrap=10.877(3) mx=12.0 lmx=12.0 cert=3 d=+0.018 | wrap+single=10.902(3) mx=12.0 lmx=12.0 cert=3 d=+0.043 | plane-nt=10.865(3) mx=12.0 lmx=12.0 cert=3 d=+0.006 | wrap-nt=10.879(3) mx=12.0 lmx=12.0 cert=3 d=+0.020 | wrap+single-nt=10.902(3) mx=12.0 lmx=12.0 cert=3 d=+0.043
Z12 regular_n316       plane=2.713(10) mx=6.2 | single=2.816(10) mx=6.7 lmx=15.0 cert=0 d=+0.103 | wrap=2.825(10) mx=6.7 lmx=12.0 cert=10 d=+0.112 | wrap+single=2.805(10) mx=6.5 lmx=15.0 cert=10 d=+0.092 | plane-nt=4.513(10) mx=11.0 lmx=11.0 cert=0 d=+1.800 | wrap-nt=4.712(10) mx=12.0 lmx=12.0 cert=10 d=+1.999 | wrap+single-nt=4.886(10) mx=15.0 lmx=15.0 cert=10 d=+2.173
Z12 ws_n486            plane=2.554(10) mx=8.3 | single=2.53(10) mx=7.7 lmx=17.4 cert=0 d=-0.024 | wrap=2.667(10) mx=8.5 lmx=17.5 cert=0 d=+0.113 | wrap+single=2.58(10) mx=7.7 lmx=18.5 cert=0 d=+0.026 | plane-nt=3.76(10) mx=17.6 lmx=17.6 cert=0 d=+1.206 | wrap-nt=3.818(10) mx=17.2 lmx=17.2 cert=0 d=+1.264 | wrap+single-nt=3.818(10) mx=17.6 lmx=17.6 cert=0 d=+1.264
Z12 grid_200           plane=1.368(3) mx=3.0 | single=1.357(3) mx=3.0 lmx=7.0 cert=3 d=-0.011 | wrap=1.422(3) mx=3.0 lmx=5.0 cert=3 d=+0.054 | wrap+single=1.323(3) mx=3.0 lmx=6.0 cert=3 d=-0.045 | plane-nt=1.965(3) mx=5.0 lmx=5.0 cert=3 d=+0.597 | wrap-nt=2.245(3) mx=5.0 lmx=5.0 cert=3 d=+0.877 | wrap+single-nt=2.205(3) mx=6.0 lmx=6.0 cert=3 d=+0.837
Z12 honeycomb_200      plane=1.332(3) mx=2.667 | single=1.207(3) mx=2.0 lmx=7.0 cert=3 d=-0.125 | wrap=1.352(3) mx=3.0 lmx=5.0 cert=3 d=+0.020 | wrap+single=1.287(3) mx=2.667 lmx=6.0 cert=3 d=-0.045 | plane-nt=2.165(3) mx=6.0 lmx=6.0 cert=3 d=+0.833 | wrap-nt=2.12(3) mx=5.0 lmx=5.0 cert=3 d=+0.788 | wrap+single-nt=2.045(3) mx=6.0 lmx=6.0 cert=3 d=+0.713
Z12 king_graph_196     plane=1.823(3) mx=4.0 | single=1.857(3) mx=4.0 lmx=5.0 cert=3 d=+0.034 | wrap=1.86(3) mx=4.0 lmx=6.0 cert=3 d=+0.037 | wrap+single=1.901(3) mx=4.0 lmx=5.0 cert=3 d=+0.078 | plane-nt=2.388(3) mx=6.0 lmx=6.0 cert=3 d=+0.565 | wrap-nt=2.408(3) mx=6.0 lmx=6.0 cert=3 d=+0.585 | wrap+single-nt=2.429(3) mx=5.0 lmx=5.0 cert=3 d=+0.606

BAR turan_n162/Z12: acl {'plane': 9.391, 'single': 9.136, 'wrap': 9.719, 'wrap+single': 9.701, 'plane-nt': 9.396, 'wrap-nt': 9.732, 'wrap+single-nt': 9.701} mx {'plane': 12.4, 'single': 12.4, 'wrap': 12.8, 'wrap+single': 12.8, 'plane-nt': 12.4, 'wrap-nt': 12.8, 'wrap+single-nt': 12.8}

BAR ws_n486/Z12: acl {'plane': 2.554, 'single': 2.53, 'wrap': 2.667, 'wrap+single': 2.58, 'plane-nt': 3.76, 'wrap-nt': 3.818, 'wrap+single-nt': 3.818} mx {'plane': 8.3, 'single': 7.7, 'wrap': 8.5, 'wrap+single': 7.7, 'plane-nt': 17.6, 'wrap-nt': 17.2, 'wrap+single-nt': 17.6}

BAR regular_n316/Z12: acl {'plane': 2.713, 'single': 2.816, 'wrap': 2.825, 'wrap+single': 2.805, 'plane-nt': 4.513, 'wrap-nt': 4.712, 'wrap+single-nt': 4.886} mx {'plane': 6.2, 'single': 6.7, 'wrap': 6.7, 'wrap+single': 6.5, 'plane-nt': 11.0, 'wrap-nt': 12.0, 'wrap+single-nt': 15.0}

BAR ER100_d10/Z12: acl {'plane': 4.652, 'single': 4.715, 'wrap': 4.525, 'wrap+single': 4.678, 'plane-nt': 4.95, 'wrap-nt': 4.95, 'wrap+single-nt': 4.9} mx {'plane': 7.8, 'single': 7.9, 'wrap': 7.8, 'wrap+single': 7.9, 'plane-nt': 8.0, 'wrap-nt': 8.0, 'wrap+single-nt': 8.0}
BAR board: FAIL [('Z12', 'honeycomb_200', 'single', 'wall 41.1->51.333'), ('Z12', 'honeycomb_200', 'wrap', 'wall 41.1->48.8'), ('Z12', 'honeycomb_200', 'wrap+single', 'wall 41.1->50.033')]
load at end: (90.89208984375, 112.8212890625, 86.33349609375)
done-probe
