3 cells, 21 jobs; load (60.466796875, 75.61083984375, 82.9306640625)
/data/max/ember/docs/paper2/data/sound_probe.py:78: DeprecationWarning: dwave-networkx is deprecated and will be replaced by dwave-graphs in Ocean 10. Most functionality previously provided by dwave-networkx is now available as part of dwave-graphs under the 'dwave.graphs' namespace.
  import dwave_networkx as dnx
/data/max/ember/docs/paper2/data/sound_probe.py:78: DeprecationWarning: dwave-networkx is deprecated and will be replaced by dwave-graphs in Ocean 10. Most functionality previously provided by dwave-networkx is now available as part of dwave-graphs under the 'dwave.graphs' namespace.
  import dwave_networkx as dnx
/data/max/ember/docs/paper2/data/sound_probe.py:78: DeprecationWarning: dwave-networkx is deprecated and will be replaced by dwave-graphs in Ocean 10. Most functionality previously provided by dwave-networkx is now available as part of dwave-graphs under the 'dwave.graphs' namespace.
  import dwave_networkx as dnx
/data/max/ember/docs/paper2/data/sound_probe.py:78: DeprecationWarning: dwave-networkx is deprecated and will be replaced by dwave-graphs in Ocean 10. Most functionality previously provided by dwave-networkx is now available as part of dwave-graphs under the 'dwave.graphs' namespace.
  import dwave_networkx as dnx
/data/max/ember/docs/paper2/data/sound_probe.py:78: DeprecationWarning: dwave-networkx is deprecated and will be replaced by dwave-graphs in Ocean 10. Most functionality previously provided by dwave-networkx is now available as part of dwave-graphs under the 'dwave.graphs' namespace.
  import dwave_networkx as dnx
/data/max/ember/docs/paper2/data/sound_probe.py:78: DeprecationWarning: dwave-networkx is deprecated and will be replaced by dwave-graphs in Ocean 10. Most functionality previously provided by dwave-networkx is now available as part of dwave-graphs under the 'dwave.graphs' namespace.
  import dwave_networkx as dnx
/data/max/ember/docs/paper2/data/sound_probe.py:78: DeprecationWarning: dwave-networkx is deprecated and will be replaced by dwave-graphs in Ocean 10. Most functionality previously provided by dwave-networkx is now available as part of dwave-graphs under the 'dwave.graphs' namespace.
  import dwave_networkx as dnx
/data/max/ember/docs/paper2/data/sound_probe.py:78: DeprecationWarning: dwave-networkx is deprecated and will be replaced by dwave-graphs in Ocean 10. Most functionality previously provided by dwave-networkx is now available as part of dwave-graphs under the 'dwave.graphs' namespace.
  import dwave_networkx as dnx
/data/max/ember/docs/paper2/data/sound_probe.py:78: DeprecationWarning: dwave-networkx is deprecated and will be replaced by dwave-graphs in Ocean 10. Most functionality previously provided by dwave-networkx is now available as part of dwave-graphs under the 'dwave.graphs' namespace.
  import dwave_networkx as dnx
/data/max/ember/docs/paper2/data/sound_probe.py:78: DeprecationWarning: dwave-networkx is deprecated and will be replaced by dwave-graphs in Ocean 10. Most functionality previously provided by dwave-networkx is now available as part of dwave-graphs under the 'dwave.graphs' namespace.
  import dwave_networkx as dnx
/data/max/ember/docs/paper2/data/sound_probe.py:78: DeprecationWarning: dwave-networkx is deprecated and will be replaced by dwave-graphs in Ocean 10. Most functionality previously provided by dwave-networkx is now available as part of dwave-graphs under the 'dwave.graphs' namespace.
  import dwave_networkx as dnx
/data/max/ember/docs/paper2/data/sound_probe.py:78: DeprecationWarning: dwave-networkx is deprecated and will be replaced by dwave-graphs in Ocean 10. Most functionality previously provided by dwave-networkx is now available as part of dwave-graphs under the 'dwave.graphs' namespace.
  import dwave_networkx as dnx
/data/max/ember/docs/paper2/data/sound_probe.py:78: DeprecationWarning: dwave-networkx is deprecated and will be replaced by dwave-graphs in Ocean 10. Most functionality previously provided by dwave-networkx is now available as part of dwave-graphs under the 'dwave.graphs' namespace.
  import dwave_networkx as dnx
/data/max/ember/docs/paper2/data/sound_probe.py:78: DeprecationWarning: dwave-networkx is deprecated and will be replaced by dwave-graphs in Ocean 10. Most functionality previously provided by dwave-networkx is now available as part of dwave-graphs under the 'dwave.graphs' namespace.
  import dwave_networkx as dnx
/data/max/ember/docs/paper2/data/sound_probe.py:78: DeprecationWarning: dwave-networkx is deprecated and will be replaced by dwave-graphs in Ocean 10. Most functionality previously provided by dwave-networkx is now available as part of dwave-graphs under the 'dwave.graphs' namespace.
  import dwave_networkx as dnx
/data/max/ember/docs/paper2/data/sound_probe.py:78: DeprecationWarning: dwave-networkx is deprecated and will be replaced by dwave-graphs in Ocean 10. Most functionality previously provided by dwave-networkx is now available as part of dwave-graphs under the 'dwave.graphs' namespace.
  import dwave_networkx as dnx
/data/max/ember/docs/paper2/data/sound_probe.py:78: DeprecationWarning: dwave-networkx is deprecated and will be replaced by dwave-graphs in Ocean 10. Most functionality previously provided by dwave-networkx is now available as part of dwave-graphs under the 'dwave.graphs' namespace.
  import dwave_networkx as dnx
/data/max/ember/docs/paper2/data/sound_probe.py:78: DeprecationWarning: dwave-networkx is deprecated and will be replaced by dwave-graphs in Ocean 10. Most functionality previously provided by dwave-networkx is now available as part of dwave-graphs under the 'dwave.graphs' namespace.
  import dwave_networkx as dnx
/data/max/ember/docs/paper2/data/sound_probe.py:78: DeprecationWarning: dwave-networkx is deprecated and will be replaced by dwave-graphs in Ocean 10. Most functionality previously provided by dwave-networkx is now available as part of dwave-graphs under the 'dwave.graphs' namespace.
  import dwave_networkx as dnx
/data/max/ember/docs/paper2/data/sound_probe.py:78: DeprecationWarning: dwave-networkx is deprecated and will be replaced by dwave-graphs in Ocean 10. Most functionality previously provided by dwave-networkx is now available as part of dwave-graphs under the 'dwave.graphs' namespace.
  import dwave_networkx as dnx
/data/max/ember/docs/paper2/data/sound_probe.py:78: DeprecationWarning: dwave-networkx is deprecated and will be replaced by dwave-graphs in Ocean 10. Most functionality previously provided by dwave-networkx is now available as part of dwave-graphs under the 'dwave.graphs' namespace.
  import dwave_networkx as dnx
Z12 ER100_d10          plane     seed 0: 4.56 mx=8 lacl=4.95 lmx=8 pen=None skip=False strips=0 cert=True mmskip=True aw=166 (60.1s)
Z12 ER100_d10          single    seed 0: 4.85 mx=8 lacl=4.85 lmx=8 pen=None skip=False strips=0 cert=True mmskip=True aw=131 (60.0s)
Z12 ER100_d10          wrap      seed 0: 4.38 mx=8 lacl=4.95 lmx=8 pen=0 skip=True strips=1 cert=True mmskip=True aw=182 (60.0s)
Z12 ER100_d10          wrap+single seed 0: 4.56 mx=8 lacl=4.9 lmx=8 pen=0 skip=True strips=1 cert=True mmskip=True aw=161 (60.0s)
Z12 ER100_d10          plane-nt  seed 0: 4.95 mx=8 lacl=4.95 lmx=8 pen=None skip=False strips=0 cert=True mmskip=True aw=166 (21.2s)
Z12 ER100_d10          wrap-nt   seed 0: 4.95 mx=8 lacl=4.95 lmx=8 pen=0 skip=True strips=1 cert=True mmskip=True aw=182 (30.0s)
Z12 ER100_d10          wrap+single-nt seed 0: 4.9 mx=8 lacl=4.9 lmx=8 pen=0 skip=True strips=1 cert=True mmskip=True aw=155 (30.0s)
Z12 turan_n162         plane     seed 0: 9.253 mx=12 lacl=9.253 lmx=12 pen=None skip=False strips=0 cert=True mmskip=True aw=14 (60.5s)
Z12 turan_n162         single    seed 0: 8.815 mx=12 lacl=8.815 lmx=12 pen=None skip=False strips=0 cert=True mmskip=True aw=8 (60.1s)
Z12 turan_n162         wrap      seed 0: 9.253 mx=12 lacl=9.253 lmx=12 pen=0 skip=True strips=1 cert=True mmskip=True aw=24 (61.7s)
Z12 turan_n162         wrap+single seed 0: 8.815 mx=12 lacl=8.815 lmx=12 pen=0 skip=True strips=1 cert=True mmskip=True aw=26 (61.3s)
Z12 turan_n162         plane-nt  seed 0: 9.253 mx=12 lacl=9.253 lmx=12 pen=None skip=False strips=0 cert=True mmskip=True aw=14 (30.2s)
Z12 turan_n162         wrap-nt   seed 0: 9.253 mx=12 lacl=9.253 lmx=12 pen=0 skip=True strips=1 cert=True mmskip=True aw=24 (30.3s)
Z12 turan_n162         wrap+single-nt seed 0: 8.815 mx=12 lacl=8.815 lmx=12 pen=0 skip=True strips=1 cert=True mmskip=True aw=26 (30.2s)
Z12 ws_n486            plane     seed 0: 2.57 mx=9 lacl=3.774 lmx=21 pen=None skip=False strips=0 cert=False mmskip=False aw=419 (60.0s)
Z12 ws_n486            single    seed 0: 2.609 mx=8 lacl=3.743 lmx=21 pen=None skip=False strips=0 cert=False mmskip=False aw=189 (60.0s)
Z12 ws_n486            wrap      seed 0: 2.784 mx=9 lacl=3.802 lmx=20 pen=213 skip=True strips=1 cert=False mmskip=False aw=136 (60.0s)
Z12 ws_n486            wrap+single seed 0: 2.671 mx=9 lacl=3.757 lmx=16 pen=245 skip=True strips=1 cert=False mmskip=False aw=143 (60.0s)
Z12 ws_n486            plane-nt  seed 0: 3.774 mx=21 lacl=3.774 lmx=21 pen=None skip=False strips=0 cert=False mmskip=False aw=419 (31.0s)
Z12 ws_n486            wrap-nt   seed 0: 3.802 mx=20 lacl=3.802 lmx=20 pen=213 skip=True strips=1 cert=False mmskip=False aw=106 (31.2s)
Z12 ws_n486            wrap+single-nt seed 0: 3.757 mx=16 lacl=3.757 lmx=16 pen=245 skip=True strips=1 cert=False mmskip=False aw=105 (31.4s)

summary (mean ACL; d = arm - plane, negative = wins):
Z12 ER100_d10          plane=4.56(1) mx=8.0 | single=4.85(1) mx=8.0 lmx=8.0 cert=1 d=+0.290 | wrap=4.38(1) mx=8.0 lmx=8.0 cert=1 d=-0.180 | wrap+single=4.56(1) mx=8.0 lmx=8.0 cert=1 d=+0.000 | plane-nt=4.95(1) mx=8.0 lmx=8.0 cert=1 d=+0.390 | wrap-nt=4.95(1) mx=8.0 lmx=8.0 cert=1 d=+0.390 | wrap+single-nt=4.9(1) mx=8.0 lmx=8.0 cert=1 d=+0.340
Z12 turan_n162         plane=9.253(1) mx=12.0 | single=8.815(1) mx=12.0 lmx=12.0 cert=1 d=-0.438 | wrap=9.253(1) mx=12.0 lmx=12.0 cert=1 d=+0.000 | wrap+single=8.815(1) mx=12.0 lmx=12.0 cert=1 d=-0.438 | plane-nt=9.253(1) mx=12.0 lmx=12.0 cert=1 d=+0.000 | wrap-nt=9.253(1) mx=12.0 lmx=12.0 cert=1 d=+0.000 | wrap+single-nt=8.815(1) mx=12.0 lmx=12.0 cert=1 d=-0.438
Z12 ws_n486            plane=2.57(1) mx=9.0 | single=2.609(1) mx=8.0 lmx=21.0 cert=0 d=+0.039 | wrap=2.784(1) mx=9.0 lmx=20.0 cert=0 d=+0.214 | wrap+single=2.671(1) mx=9.0 lmx=16.0 cert=0 d=+0.101 | plane-nt=3.774(1) mx=21.0 lmx=21.0 cert=0 d=+1.204 | wrap-nt=3.802(1) mx=20.0 lmx=20.0 cert=0 d=+1.232 | wrap+single-nt=3.757(1) mx=16.0 lmx=16.0 cert=0 d=+1.187

BAR turan_n162/Z12: acl {'plane': 9.253, 'single': 8.815, 'wrap': 9.253, 'wrap+single': 8.815, 'plane-nt': 9.253, 'wrap-nt': 9.253, 'wrap+single-nt': 8.815} mx {'plane': 12.0, 'single': 12.0, 'wrap': 12.0, 'wrap+single': 12.0, 'plane-nt': 12.0, 'wrap-nt': 12.0, 'wrap+single-nt': 12.0}

BAR ws_n486/Z12: acl {'plane': 2.57, 'single': 2.609, 'wrap': 2.784, 'wrap+single': 2.671, 'plane-nt': 3.774, 'wrap-nt': 3.802, 'wrap+single-nt': 3.757} mx {'plane': 9.0, 'single': 8.0, 'wrap': 9.0, 'wrap+single': 9.0, 'plane-nt': 21.0, 'wrap-nt': 20.0, 'wrap+single-nt': 16.0}

BAR regular_n316/Z12: acl {'plane': None, 'single': None, 'wrap': None, 'wrap+single': None, 'plane-nt': None, 'wrap-nt': None, 'wrap+single-nt': None} mx {'plane': None, 'single': None, 'wrap': None, 'wrap+single': None, 'plane-nt': None, 'wrap-nt': None, 'wrap+single-nt': None}

BAR ER100_d10/Z12: acl {'plane': 4.56, 'single': 4.85, 'wrap': 4.38, 'wrap+single': 4.56, 'plane-nt': 4.95, 'wrap-nt': 4.95, 'wrap+single-nt': 4.9} mx {'plane': 8.0, 'single': 8.0, 'wrap': 8.0, 'wrap+single': 8.0, 'plane-nt': 8.0, 'wrap-nt': 8.0, 'wrap+single-nt': 8.0}
BAR board: PASS
load at end: (89.08203125, 83.81298828125, 85.4697265625)
done-probe
