13 cells, 212 jobs; load (29.56396484375, 30.38916015625, 26.6728515625)
/data/max/ember/docs/paper2/data/strain_probe.py:76: DeprecationWarning: dwave-networkx is deprecated and will be replaced by dwave-graphs in Ocean 10. Most functionality previously provided by dwave-networkx is now available as part of dwave-graphs under the 'dwave.graphs' namespace.
  import dwave_networkx as dnx
/data/max/ember/docs/paper2/data/strain_probe.py:76: DeprecationWarning: dwave-networkx is deprecated and will be replaced by dwave-graphs in Ocean 10. Most functionality previously provided by dwave-networkx is now available as part of dwave-graphs under the 'dwave.graphs' namespace.
  import dwave_networkx as dnx
/data/max/ember/docs/paper2/data/strain_probe.py:76: DeprecationWarning: dwave-networkx is deprecated and will be replaced by dwave-graphs in Ocean 10. Most functionality previously provided by dwave-networkx is now available as part of dwave-graphs under the 'dwave.graphs' namespace.
  import dwave_networkx as dnx
/data/max/ember/docs/paper2/data/strain_probe.py:76: DeprecationWarning: dwave-networkx is deprecated and will be replaced by dwave-graphs in Ocean 10. Most functionality previously provided by dwave-networkx is now available as part of dwave-graphs under the 'dwave.graphs' namespace.
  import dwave_networkx as dnx
/data/max/ember/docs/paper2/data/strain_probe.py:76: DeprecationWarning: dwave-networkx is deprecated and will be replaced by dwave-graphs in Ocean 10. Most functionality previously provided by dwave-networkx is now available as part of dwave-graphs under the 'dwave.graphs' namespace.
  import dwave_networkx as dnx
/data/max/ember/docs/paper2/data/strain_probe.py:76: DeprecationWarning: dwave-networkx is deprecated and will be replaced by dwave-graphs in Ocean 10. Most functionality previously provided by dwave-networkx is now available as part of dwave-graphs under the 'dwave.graphs' namespace.
  import dwave_networkx as dnx
/data/max/ember/docs/paper2/data/strain_probe.py:76: DeprecationWarning: dwave-networkx is deprecated and will be replaced by dwave-graphs in Ocean 10. Most functionality previously provided by dwave-networkx is now available as part of dwave-graphs under the 'dwave.graphs' namespace.
  import dwave_networkx as dnx
/data/max/ember/docs/paper2/data/strain_probe.py:76: DeprecationWarning: dwave-networkx is deprecated and will be replaced by dwave-graphs in Ocean 10. Most functionality previously provided by dwave-networkx is now available as part of dwave-graphs under the 'dwave.graphs' namespace.
  import dwave_networkx as dnx
/data/max/ember/docs/paper2/data/strain_probe.py:76: DeprecationWarning: dwave-networkx is deprecated and will be replaced by dwave-graphs in Ocean 10. Most functionality previously provided by dwave-networkx is now available as part of dwave-graphs under the 'dwave.graphs' namespace.
  import dwave_networkx as dnx
/data/max/ember/docs/paper2/data/strain_probe.py:76: DeprecationWarning: dwave-networkx is deprecated and will be replaced by dwave-graphs in Ocean 10. Most functionality previously provided by dwave-networkx is now available as part of dwave-graphs under the 'dwave.graphs' namespace.
  import dwave_networkx as dnx
/data/max/ember/docs/paper2/data/strain_probe.py:76: DeprecationWarning: dwave-networkx is deprecated and will be replaced by dwave-graphs in Ocean 10. Most functionality previously provided by dwave-networkx is now available as part of dwave-graphs under the 'dwave.graphs' namespace.
  import dwave_networkx as dnx
/data/max/ember/docs/paper2/data/strain_probe.py:76: DeprecationWarning: dwave-networkx is deprecated and will be replaced by dwave-graphs in Ocean 10. Most functionality previously provided by dwave-networkx is now available as part of dwave-graphs under the 'dwave.graphs' namespace.
  import dwave_networkx as dnx
/data/max/ember/docs/paper2/data/strain_probe.py:76: DeprecationWarning: dwave-networkx is deprecated and will be replaced by dwave-graphs in Ocean 10. Most functionality previously provided by dwave-networkx is now available as part of dwave-graphs under the 'dwave.graphs' namespace.
  import dwave_networkx as dnx
/data/max/ember/docs/paper2/data/strain_probe.py:76: DeprecationWarning: dwave-networkx is deprecated and will be replaced by dwave-graphs in Ocean 10. Most functionality previously provided by dwave-networkx is now available as part of dwave-graphs under the 'dwave.graphs' namespace.
  import dwave_networkx as dnx
/data/max/ember/docs/paper2/data/strain_probe.py:76: DeprecationWarning: dwave-networkx is deprecated and will be replaced by dwave-graphs in Ocean 10. Most functionality previously provided by dwave-networkx is now available as part of dwave-graphs under the 'dwave.graphs' namespace.
  import dwave_networkx as dnx
/data/max/ember/docs/paper2/data/strain_probe.py:76: DeprecationWarning: dwave-networkx is deprecated and will be replaced by dwave-graphs in Ocean 10. Most functionality previously provided by dwave-networkx is now available as part of dwave-graphs under the 'dwave.graphs' namespace.
  import dwave_networkx as dnx
/data/max/ember/docs/paper2/data/strain_probe.py:76: DeprecationWarning: dwave-networkx is deprecated and will be replaced by dwave-graphs in Ocean 10. Most functionality previously provided by dwave-networkx is now available as part of dwave-graphs under the 'dwave.graphs' namespace.
  import dwave_networkx as dnx
/data/max/ember/docs/paper2/data/strain_probe.py:76: DeprecationWarning: dwave-networkx is deprecated and will be replaced by dwave-graphs in Ocean 10. Most functionality previously provided by dwave-networkx is now available as part of dwave-graphs under the 'dwave.graphs' namespace.
  import dwave_networkx as dnx
/data/max/ember/docs/paper2/data/strain_probe.py:76: DeprecationWarning: dwave-networkx is deprecated and will be replaced by dwave-graphs in Ocean 10. Most functionality previously provided by dwave-networkx is now available as part of dwave-graphs under the 'dwave.graphs' namespace.
  import dwave_networkx as dnx
/data/max/ember/docs/paper2/data/strain_probe.py:76: DeprecationWarning: dwave-networkx is deprecated and will be replaced by dwave-graphs in Ocean 10. Most functionality previously provided by dwave-networkx is now available as part of dwave-graphs under the 'dwave.graphs' namespace.
  import dwave_networkx as dnx
/data/max/ember/docs/paper2/data/strain_probe.py:76: DeprecationWarning: dwave-networkx is deprecated and will be replaced by dwave-graphs in Ocean 10. Most functionality previously provided by dwave-networkx is now available as part of dwave-graphs under the 'dwave.graphs' namespace.
  import dwave_networkx as dnx
/data/max/ember/docs/paper2/data/strain_probe.py:76: DeprecationWarning: dwave-networkx is deprecated and will be replaced by dwave-graphs in Ocean 10. Most functionality previously provided by dwave-networkx is now available as part of dwave-graphs under the 'dwave.graphs' namespace.
  import dwave_networkx as dnx
/data/max/ember/docs/paper2/data/strain_probe.py:76: DeprecationWarning: dwave-networkx is deprecated and will be replaced by dwave-graphs in Ocean 10. Most functionality previously provided by dwave-networkx is now available as part of dwave-graphs under the 'dwave.graphs' namespace.
  import dwave_networkx as dnx
/data/max/ember/docs/paper2/data/strain_probe.py:76: DeprecationWarning: dwave-networkx is deprecated and will be replaced by dwave-graphs in Ocean 10. Most functionality previously provided by dwave-networkx is now available as part of dwave-graphs under the 'dwave.graphs' namespace.
  import dwave_networkx as dnx
Z12 K100               default  seed 0: 7.84 mx=9 span=23.0 fold=0/0 oacc=0 (24.2s)
Z12 K100               default  seed 1: 7.84 mx=9 span=23.0 fold=0/0 oacc=0 (25.6s)
Z12 K100               default  seed 2: 7.84 mx=9 span=23.0 fold=0/0 oacc=0 (24.3s)
Z12 K100               orient   seed 0: 7.84 mx=9 span=23.0 fold=0/0 oacc=0 (23.6s)
Z12 K100               orient   seed 1: 7.84 mx=9 span=23.0 fold=0/0 oacc=0 (23.7s)
Z12 K100               orient   seed 2: 7.84 mx=9 span=23.0 fold=0/0 oacc=0 (26.4s)
Z12 K100               fold     seed 0: 7.8 mx=9 span=23.0 fold=2/4 oacc=0 (25.8s)
Z12 K100               fold     seed 1: 7.8 mx=9 span=23.0 fold=2/4 oacc=0 (29.3s)
Z12 K100               fold     seed 2: 7.8 mx=9 span=23.0 fold=2/4 oacc=0 (24.2s)
Z12 K100               strain   seed 0: 7.8 mx=9 span=23.0 fold=2/4 oacc=0 (26.3s)
Z12 K100               strain   seed 1: 7.8 mx=9 span=23.0 fold=2/4 oacc=0 (28.3s)
Z12 K100               strain   seed 2: 7.8 mx=9 span=23.0 fold=2/4 oacc=0 (25.6s)
Z12 K140               default  seed 0: 10.229 mx=11 span=31.0 fold=0/0 oacc=0 (62.1s)
Z12 K140               default  seed 1: 10.229 mx=11 span=31.0 fold=0/0 oacc=0 (65.4s)
Z12 K140               default  seed 2: 10.229 mx=11 span=31.0 fold=0/0 oacc=0 (67.2s)
Z12 K140               orient   seed 0: 10.229 mx=11 span=31.0 fold=0/0 oacc=0 (68.0s)
Z12 K140               orient   seed 1: 10.229 mx=11 span=31.0 fold=0/0 oacc=0 (66.4s)
Z12 K140               orient   seed 2: 10.229 mx=11 span=31.0 fold=0/0 oacc=0 (62.2s)
Z12 K140               fold     seed 0: 10.229 mx=11 span=31.0 fold=0/3 oacc=0 (64.4s)
Z12 K140               fold     seed 1: 10.229 mx=11 span=31.0 fold=0/3 oacc=0 (60.9s)
Z12 K140               fold     seed 2: 10.229 mx=11 span=31.0 fold=0/3 oacc=0 (64.3s)
Z12 K140               strain   seed 0: 10.229 mx=11 span=31.0 fold=0/3 oacc=0 (67.4s)
Z12 K140               strain   seed 1: 10.229 mx=11 span=31.0 fold=0/3 oacc=0 (63.6s)
Z12 K140               strain   seed 2: 10.229 mx=11 span=31.0 fold=0/3 oacc=0 (64.1s)
Z12 ER100_d10          default  seed 0: 4.66 mx=8 span=17.0 fold=0/0 oacc=0 (60.0s)
Z12 ER100_d10          default  seed 1: 5.06 mx=9 span=17.0 fold=0/0 oacc=0 (60.0s)
Z12 ER100_d10          default  seed 2: 4.75 mx=8 span=17.0 fold=0/0 oacc=0 (60.0s)
Z12 ER100_d10          orient   seed 0: 4.66 mx=8 span=17.0 fold=0/0 oacc=1 (60.0s)
Z12 ER100_d10          orient   seed 1: 5.06 mx=9 span=17.0 fold=0/0 oacc=1 (60.0s)
Z12 ER100_d10          orient   seed 2: 4.75 mx=8 span=17.0 fold=0/0 oacc=1 (60.0s)
Z12 ER100_d10          fold     seed 0: 4.66 mx=8 span=17.0 fold=0/3 oacc=1 (60.0s)
Z12 ER100_d10          fold     seed 1: 5.06 mx=9 span=17.0 fold=0/3 oacc=1 (60.0s)
Z12 ER100_d10          fold     seed 2: 4.75 mx=8 span=17.0 fold=0/3 oacc=1 (60.0s)
Z12 ER100_d10          strain   seed 0: 4.97 mx=9 span=17.0 fold=1/3 oacc=0 (60.0s)
Z12 ER100_d10          strain   seed 1: 4.97 mx=9 span=17.0 fold=1/3 oacc=0 (60.0s)
Z12 ER100_d10          strain   seed 2: 4.78 mx=9 span=17.0 fold=1/3 oacc=0 (60.0s)
Z12 turan_n162         default  seed 0: 6.0 mx=6 span=22.0 fold=0/0 oacc=0 (60.2s)
Z12 turan_n162         default  seed 1: 6.0 mx=6 span=28.0 fold=0/0 oacc=0 (60.3s)
Z12 turan_n162         default  seed 2: 6.0 mx=6 span=22.0 fold=0/0 oacc=0 (60.2s)
Z12 turan_n162         default  seed 3: 6.0 mx=6 span=22.0 fold=0/0 oacc=0 (60.1s)
Z12 turan_n162         default  seed 4: 6.0 mx=6 span=22.0 fold=0/0 oacc=0 (60.3s)
Z12 turan_n162         default  seed 5: 6.0 mx=6 span=28.0 fold=0/0 oacc=0 (60.1s)
Z12 turan_n162         default  seed 6: 6.0 mx=6 span=22.0 fold=0/0 oacc=0 (60.0s)
Z12 turan_n162         default  seed 7: 6.0 mx=6 span=28.0 fold=0/0 oacc=0 (60.4s)
Z12 turan_n162         default  seed 8: 6.228 mx=7 span=28.0 fold=0/0 oacc=0 (60.3s)
Z12 turan_n162         default  seed 9: 6.0 mx=6 span=22.0 fold=0/0 oacc=0 (60.1s)
Z12 turan_n162         orient   seed 0: 6.0 mx=6 span=22.0 fold=0/0 oacc=1 (60.4s)
Z12 turan_n162         orient   seed 1: 6.228 mx=7 span=28.0 fold=0/0 oacc=3 (60.3s)
Z12 turan_n162         orient   seed 2: 6.0 mx=6 span=22.0 fold=0/0 oacc=1 (60.1s)
Z12 turan_n162         orient   seed 3: 6.0 mx=6 span=22.0 fold=0/0 oacc=1 (60.4s)
Z12 turan_n162         orient   seed 4: 6.0 mx=6 span=22.0 fold=0/0 oacc=1 (60.4s)
Z12 turan_n162         orient   seed 5: 6.0 mx=6 span=28.0 fold=0/0 oacc=3 (60.1s)
Z12 turan_n162         orient   seed 6: 6.0 mx=6 span=22.0 fold=0/0 oacc=1 (60.4s)
Z12 turan_n162         orient   seed 7: 6.0 mx=6 span=28.0 fold=0/0 oacc=3 (60.2s)
Z12 turan_n162         orient   seed 8: 6.228 mx=7 span=28.0 fold=0/0 oacc=3 (60.2s)
Z12 turan_n162         orient   seed 9: 6.0 mx=6 span=22.0 fold=0/0 oacc=1 (60.2s)
Z12 turan_n162         fold     seed 0: 6.0 mx=6 span=22.0 fold=0/3 oacc=1 (60.2s)
Z12 turan_n162         fold     seed 1: 6.228 mx=7 span=28.0 fold=0/3 oacc=3 (60.0s)
Z12 turan_n162         fold     seed 2: 6.0 mx=6 span=22.0 fold=0/3 oacc=1 (60.2s)
Z12 turan_n162         fold     seed 3: 6.0 mx=6 span=22.0 fold=0/3 oacc=1 (60.3s)
Z12 turan_n162         fold     seed 4: 6.0 mx=6 span=22.0 fold=0/3 oacc=1 (60.1s)
Z12 turan_n162         fold     seed 5: 6.0 mx=6 span=28.0 fold=0/3 oacc=3 (60.5s)
Z12 turan_n162         fold     seed 6: 6.0 mx=6 span=22.0 fold=0/3 oacc=1 (60.1s)
Z12 turan_n162         fold     seed 7: 6.0 mx=6 span=28.0 fold=0/3 oacc=3 (60.7s)
Z12 turan_n162         fold     seed 8: 6.228 mx=7 span=28.0 fold=0/3 oacc=3 (60.8s)
Z12 turan_n162         fold     seed 9: 6.0 mx=6 span=22.0 fold=0/3 oacc=1 (61.6s)
Z12 turan_n162         strain   seed 0: 6.0 mx=6 span=23.0 fold=0/4 oacc=1 (64.5s)
Z12 turan_n162         strain   seed 1: 6.0 mx=6 span=30.0 fold=0/3 oacc=1 (61.3s)
Z12 turan_n162         strain   seed 2: 6.0 mx=6 span=23.0 fold=0/4 oacc=1 (65.0s)
Z12 turan_n162         strain   seed 3: 6.0 mx=6 span=23.0 fold=0/4 oacc=1 (62.4s)
Z12 turan_n162         strain   seed 4: 6.0 mx=6 span=23.0 fold=0/4 oacc=1 (60.1s)
Z12 turan_n162         strain   seed 5: 6.0 mx=6 span=30.0 fold=0/3 oacc=1 (63.8s)
Z12 turan_n162         strain   seed 6: 6.0 mx=6 span=23.0 fold=0/4 oacc=1 (60.4s)
Z12 turan_n162         strain   seed 7: 6.0 mx=6 span=30.0 fold=0/3 oacc=1 (60.5s)
Z12 turan_n162         strain   seed 8: 6.0 mx=6 span=30.0 fold=0/3 oacc=1 (60.4s)
Z12 turan_n162         strain   seed 9: 6.0 mx=6 span=23.0 fold=0/4 oacc=1 (60.1s)
Z12 spin_glass_n163    default  seed 0: 11.417 mx=13 span=37.0 fold=0/0 oacc=0 (36.6s)
Z12 spin_glass_n163    default  seed 1: 11.417 mx=13 span=37.0 fold=0/0 oacc=0 (37.8s)
Z12 spin_glass_n163    default  seed 2: 11.417 mx=13 span=37.0 fold=0/0 oacc=0 (37.0s)
Z12 spin_glass_n163    orient   seed 0: 11.417 mx=13 span=37.0 fold=0/0 oacc=1 (37.4s)
Z12 spin_glass_n163    orient   seed 1: 11.417 mx=13 span=37.0 fold=0/0 oacc=1 (37.9s)
Z12 spin_glass_n163    orient   seed 2: 11.417 mx=13 span=37.0 fold=0/0 oacc=1 (38.9s)
Z12 spin_glass_n163    fold     seed 0: 11.417 mx=13 span=37.0 fold=0/3 oacc=1 (50.6s)
Z12 spin_glass_n163    fold     seed 1: 11.417 mx=13 span=37.0 fold=0/3 oacc=1 (50.0s)
Z12 spin_glass_n163    fold     seed 2: 11.417 mx=13 span=37.0 fold=0/3 oacc=1 (52.8s)
Z12 spin_glass_n163    strain   seed 0: 11.521 mx=13 span=37.0 fold=0/3 oacc=2 (54.1s)
Z12 spin_glass_n163    strain   seed 1: 11.521 mx=13 span=37.0 fold=0/3 oacc=2 (53.8s)
Z12 spin_glass_n163    strain   seed 2: 11.521 mx=13 span=37.0 fold=0/3 oacc=2 (55.1s)
Z12 regular_n316       default  seed 0: 2.924 mx=7 span=15.0 fold=0/0 oacc=0 (60.0s)
Z12 regular_n316       default  seed 1: 2.769 mx=6 span=15.0 fold=0/0 oacc=0 (60.0s)
Z12 regular_n316       default  seed 2: 2.842 mx=7 span=15.0 fold=0/0 oacc=0 (60.0s)
Z12 regular_n316       orient   seed 0: 2.845 mx=7 span=23.0 fold=0/0 oacc=3 (60.0s)
Z12 regular_n316       orient   seed 1: 2.595 mx=6 span=23.0 fold=0/0 oacc=3 (60.0s)
Z12 regular_n316       orient   seed 2: 3.0 mx=7 span=23.0 fold=0/0 oacc=3 (60.0s)
Z12 regular_n316       fold     seed 0: 2.845 mx=7 span=23.0 fold=0/3 oacc=3 (60.1s)
Z12 regular_n316       fold     seed 1: 2.595 mx=6 span=23.0 fold=0/3 oacc=3 (60.3s)
Z12 regular_n316       fold     seed 2: 3.0 mx=7 span=23.0 fold=0/3 oacc=3 (60.1s)
Z12 regular_n316       strain   seed 0: 2.978 mx=8 span=19.0 fold=0/3 oacc=5 (60.5s)
Z12 regular_n316       strain   seed 1: 2.797 mx=6 span=19.0 fold=0/3 oacc=5 (60.1s)
Z12 regular_n316       strain   seed 2: 2.804 mx=7 span=19.0 fold=0/3 oacc=5 (60.3s)
Z12 ws_n486            default  seed 0: 3.337 mx=11 span=435.0 fold=0/0 oacc=0 (60.0s)
Z12 ws_n486            default  seed 1: 3.381 mx=12 span=435.0 fold=0/0 oacc=0 (60.1s)
Z12 ws_n486            default  seed 2: 2.883 mx=10 span=435.0 fold=0/0 oacc=0 (60.0s)
Z12 ws_n486            default  seed 3: 3.016 mx=10 span=435.0 fold=0/0 oacc=0 (60.0s)
Z12 ws_n486            default  seed 4: 2.706 mx=9 span=435.0 fold=0/0 oacc=0 (60.0s)
Z12 ws_n486            default  seed 5: 3.239 mx=12 span=435.0 fold=0/0 oacc=0 (60.0s)
Z12 ws_n486            default  seed 6: 2.698 mx=9 span=435.0 fold=0/0 oacc=0 (60.0s)
Z12 ws_n486            default  seed 7: 2.815 mx=10 span=435.0 fold=0/0 oacc=0 (60.0s)
Z12 ws_n486            default  seed 8: 2.883 mx=10 span=435.0 fold=0/0 oacc=0 (60.0s)
Z12 ws_n486            default  seed 9: 3.027 mx=11 span=435.0 fold=0/0 oacc=0 (60.0s)
Z12 ws_n486            orient   seed 0: 2.986 mx=11 span=34.0 fold=0/0 oacc=8 (60.0s)
Z12 ws_n486            orient   seed 1: 3.105 mx=10 span=34.0 fold=0/0 oacc=7 (60.0s)
Z12 ws_n486            orient   seed 2: 2.833 mx=9 span=34.0 fold=0/0 oacc=8 (60.0s)
Z12 ws_n486            orient   seed 3: 2.926 mx=10 span=34.0 fold=0/0 oacc=8 (60.0s)
Z12 ws_n486            orient   seed 4: 2.772 mx=9 span=34.0 fold=0/0 oacc=7 (60.0s)
Z12 ws_n486            orient   seed 5: 3.093 mx=11 span=34.0 fold=0/0 oacc=8 (60.3s)
Z12 ws_n486            orient   seed 6: 2.831 mx=10 span=34.0 fold=0/0 oacc=6 (60.1s)
Z12 ws_n486            orient   seed 7: 2.823 mx=10 span=34.0 fold=0/0 oacc=8 (60.1s)
Z12 ws_n486            orient   seed 8: 2.673 mx=9 span=34.0 fold=0/0 oacc=8 (60.0s)
Z12 ws_n486            orient   seed 9: 2.813 mx=9 span=34.0 fold=0/0 oacc=8 (60.0s)
Z12 ws_n486            fold     seed 0: 2.986 mx=11 span=34.0 fold=0/0 oacc=8 (60.0s)
Z12 ws_n486            fold     seed 1: 2.728 mx=9 span=34.0 fold=0/0 oacc=8 (60.0s)
Z12 ws_n486            fold     seed 2: 2.833 mx=9 span=34.0 fold=0/0 oacc=8 (60.0s)
Z12 ws_n486            fold     seed 3: 2.786 mx=9 span=34.0 fold=0/1 oacc=11 (60.0s)
Z12 ws_n486            fold     seed 4: 3.019 mx=10 span=34.0 fold=0/0 oacc=9 (60.0s)
Z12 ws_n486            fold     seed 5: 2.788 mx=9 span=34.0 fold=0/0 oacc=9 (60.0s)
Z12 ws_n486            fold     seed 6: 2.646 mx=9 span=34.0 fold=0/1 oacc=11 (60.0s)
Z12 ws_n486            fold     seed 7: 2.809 mx=10 span=34.0 fold=0/1 oacc=11 (60.0s)
Z12 ws_n486            fold     seed 8: 2.772 mx=9 span=34.0 fold=0/1 oacc=12 (60.0s)
Z12 ws_n486            fold     seed 9: 2.772 mx=9 span=34.0 fold=0/1 oacc=11 (60.0s)
Z12 ws_n486            strain   seed 0: 2.817 mx=9 span=33.0 fold=1/1 oacc=4 (60.0s)
Z12 ws_n486            strain   seed 1: 2.914 mx=10 span=33.0 fold=1/1 oacc=4 (60.0s)
Z12 ws_n486            strain   seed 2: 2.663 mx=9 span=33.0 fold=1/1 oacc=4 (60.0s)
Z12 ws_n486            strain   seed 3: 2.593 mx=8 span=33.0 fold=1/1 oacc=4 (60.0s)
Z12 ws_n486            strain   seed 4: 2.778 mx=9 span=33.0 fold=1/1 oacc=4 (60.0s)
Z12 ws_n486            strain   seed 5: 3.352 mx=12 span=33.0 fold=1/1 oacc=4 (60.0s)
Z12 ws_n486            strain   seed 6: 3.016 mx=10 span=33.0 fold=1/1 oacc=6 (60.0s)
Z12 ws_n486            strain   seed 7: 2.621 mx=9 span=33.0 fold=1/1 oacc=4 (60.0s)
Z12 ws_n486            strain   seed 8: 2.967 mx=10 span=33.0 fold=1/1 oacc=4 (60.0s)
Z12 ws_n486            strain   seed 9: 2.695 mx=9 span=33.0 fold=1/1 oacc=4 (60.0s)
Z12 grid_200           default  seed 0: 1.09 mx=2 span=7.0 fold=0/0 oacc=0 (34.0s)
Z12 grid_200           default  seed 1: 1.145 mx=2 span=7.0 fold=0/0 oacc=0 (38.9s)
Z12 grid_200           default  seed 2: 1.13 mx=2 span=7.0 fold=0/0 oacc=0 (37.3s)
Z12 grid_200           orient   seed 0: 1.03 mx=2 span=3.0 fold=0/0 oacc=1 (23.7s)
Z12 grid_200           orient   seed 1: 1.03 mx=2 span=3.0 fold=0/0 oacc=1 (23.8s)
Z12 grid_200           orient   seed 2: 1.035 mx=2 span=3.0 fold=0/0 oacc=1 (23.3s)
Z12 grid_200           fold     seed 0: 1.03 mx=2 span=3.0 fold=0/4 oacc=1 (24.2s)
Z12 grid_200           fold     seed 1: 1.03 mx=2 span=3.0 fold=0/4 oacc=1 (24.7s)
Z12 grid_200           fold     seed 2: 1.035 mx=2 span=3.0 fold=0/4 oacc=1 (23.3s)
Z12 grid_200           strain   seed 0: 1.065 mx=2 span=2.0 fold=0/5 oacc=3 (26.3s)
Z12 grid_200           strain   seed 1: 1.045 mx=2 span=2.0 fold=0/5 oacc=3 (25.8s)
Z12 grid_200           strain   seed 2: 1.04 mx=2 span=2.0 fold=0/5 oacc=3 (24.5s)
Z12 honeycomb_200      default  seed 0: 1.085 mx=2 span=7.0 fold=0/0 oacc=0 (25.0s)
Z12 honeycomb_200      default  seed 1: 1.09 mx=2 span=7.0 fold=0/0 oacc=0 (29.1s)
Z12 honeycomb_200      default  seed 2: 1.095 mx=2 span=7.0 fold=0/0 oacc=0 (28.9s)
Z12 honeycomb_200      orient   seed 0: 1.055 mx=2 span=8.0 fold=0/0 oacc=2 (22.6s)
Z12 honeycomb_200      orient   seed 1: 1.09 mx=2 span=8.0 fold=0/0 oacc=2 (28.8s)
Z12 honeycomb_200      orient   seed 2: 1.085 mx=2 span=8.0 fold=0/0 oacc=2 (24.7s)
Z12 honeycomb_200      fold     seed 0: 1.055 mx=2 span=8.0 fold=0/5 oacc=2 (21.4s)
Z12 honeycomb_200      fold     seed 1: 1.09 mx=2 span=8.0 fold=0/5 oacc=2 (28.8s)
Z12 honeycomb_200      fold     seed 2: 1.085 mx=2 span=8.0 fold=0/5 oacc=2 (24.7s)
Z12 honeycomb_200      strain   seed 0: 1.11 mx=2 span=9.0 fold=0/5 oacc=1 (28.2s)
Z12 honeycomb_200      strain   seed 1: 1.055 mx=2 span=9.0 fold=0/5 oacc=1 (24.8s)
Z12 honeycomb_200      strain   seed 2: 1.07 mx=2 span=9.0 fold=0/5 oacc=1 (23.7s)
Z12 king_graph_196     default  seed 0: 1.561 mx=3 span=6.0 fold=0/0 oacc=0 (60.0s)
Z12 king_graph_196     default  seed 1: 1.531 mx=3 span=6.0 fold=0/0 oacc=0 (60.0s)
Z12 king_graph_196     default  seed 2: 1.49 mx=2 span=6.0 fold=0/0 oacc=0 (60.0s)
Z12 king_graph_196     orient   seed 0: 1.51 mx=3 span=6.0 fold=0/0 oacc=3 (60.0s)
Z12 king_graph_196     orient   seed 1: 1.52 mx=3 span=6.0 fold=0/0 oacc=3 (60.0s)
Z12 king_graph_196     orient   seed 2: 1.52 mx=3 span=6.0 fold=0/0 oacc=3 (60.0s)
Z12 king_graph_196     fold     seed 0: 1.51 mx=3 span=6.0 fold=0/3 oacc=3 (60.0s)
Z12 king_graph_196     fold     seed 1: 1.52 mx=3 span=6.0 fold=0/3 oacc=3 (60.0s)
Z12 king_graph_196     fold     seed 2: 1.52 mx=3 span=6.0 fold=0/3 oacc=3 (60.0s)
Z12 king_graph_196     strain   seed 0: 1.561 mx=3 span=5.0 fold=0/5 oacc=5 (60.0s)
Z12 king_graph_196     strain   seed 1: 1.597 mx=3 span=5.0 fold=0/5 oacc=5 (60.0s)
Z12 king_graph_196     strain   seed 2: 1.51 mx=3 span=5.0 fold=0/5 oacc=5 (60.1s)
P16 K100               default  seed 0: 11.23 mx=16 span=15.0 fold=0/0 oacc=0 (30.5s)
P16 K100               default  seed 1: 11.51 mx=17 span=15.0 fold=0/0 oacc=0 (29.1s)
P16 K100               default  seed 2: 11.65 mx=17 span=15.0 fold=0/0 oacc=0 (56.5s)
P16 K100               orient   seed 0: 11.23 mx=16 span=15.0 fold=0/0 oacc=0 (30.0s)
P16 K100               orient   seed 1: 11.51 mx=17 span=15.0 fold=0/0 oacc=0 (30.1s)
P16 K100               orient   seed 2: 11.65 mx=17 span=15.0 fold=0/0 oacc=0 (57.1s)
P16 K100               fold     seed 0: 12.23 mx=19 span=15.0 fold=2/3 oacc=0 (40.0s)
P16 K100               fold     seed 1: 12.29 mx=16 span=15.0 fold=2/3 oacc=0 (36.3s)
P16 K100               fold     seed 2: 13.02 mx=19 span=15.0 fold=2/3 oacc=0 (48.7s)
P16 K100               strain   seed 0: 12.23 mx=19 span=15.0 fold=2/3 oacc=0 (38.1s)
P16 K100               strain   seed 1: 12.29 mx=16 span=15.0 fold=2/3 oacc=0 (36.7s)
P16 K100               strain   seed 2: 13.02 mx=19 span=15.0 fold=2/3 oacc=0 (51.9s)
P16 turan_n162         default  seed 0: 7.654 mx=8 span=14.0 fold=0/0 oacc=0 (60.2s)
P16 turan_n162         default  seed 1: 7.654 mx=8 span=14.0 fold=0/0 oacc=0 (60.1s)
P16 turan_n162         default  seed 2: 7.654 mx=8 span=14.0 fold=0/0 oacc=0 (60.5s)
P16 turan_n162         orient   seed 0: 7.654 mx=8 span=14.0 fold=0/0 oacc=0 (60.3s)
P16 turan_n162         orient   seed 1: 7.654 mx=8 span=14.0 fold=0/0 oacc=0 (60.2s)
P16 turan_n162         orient   seed 2: 7.654 mx=8 span=14.0 fold=0/0 oacc=0 (60.5s)
P16 turan_n162         fold     seed 0: 7.654 mx=8 span=14.0 fold=0/3 oacc=0 (60.4s)
P16 turan_n162         fold     seed 1: 7.654 mx=8 span=14.0 fold=0/3 oacc=0 (62.3s)
P16 turan_n162         fold     seed 2: 7.654 mx=8 span=14.0 fold=0/3 oacc=0 (60.2s)
P16 turan_n162         strain   seed 0: 7.654 mx=8 span=14.0 fold=0/4 oacc=0 (61.9s)
P16 turan_n162         strain   seed 1: 7.654 mx=8 span=14.0 fold=0/4 oacc=0 (61.5s)
P16 turan_n162         strain   seed 2: 7.654 mx=8 span=14.0 fold=0/4 oacc=0 (62.7s)
P16 ws_n486            default  seed 0: 3.658 mx=14 span=426.0 fold=0/0 oacc=0 (60.0s)
P16 ws_n486            default  seed 1: 3.7 mx=13 span=22.0 fold=0/0 oacc=0 (60.0s)
P16 ws_n486            default  seed 2: 3.309 mx=13 span=22.0 fold=0/0 oacc=0 (60.0s)
P16 ws_n486            orient   seed 0: 3.796 mx=14 span=22.0 fold=0/0 oacc=5 (60.0s)
P16 ws_n486            orient   seed 1: 3.514 mx=13 span=22.0 fold=0/0 oacc=5 (60.0s)
P16 ws_n486            orient   seed 2: 3.095 mx=11 span=19.0 fold=0/0 oacc=6 (60.0s)
P16 ws_n486            fold     seed 0: 3.245 mx=11 span=19.0 fold=0/2 oacc=6 (60.0s)
P16 ws_n486            fold     seed 1: 3.514 mx=13 span=22.0 fold=0/1 oacc=5 (60.0s)
P16 ws_n486            fold     seed 2: 3.095 mx=11 span=19.0 fold=0/2 oacc=6 (60.0s)
P16 ws_n486            strain   seed 0: 3.823 mx=14 span=21.0 fold=1/1 oacc=5 (60.0s)
P16 ws_n486            strain   seed 1: 3.652 mx=13 span=21.0 fold=1/1 oacc=8 (60.0s)
P16 ws_n486            strain   seed 2: 3.586 mx=12 span=21.0 fold=1/1 oacc=8 (60.0s)

summary (mean ACL; d = arm - default, negative = wins):
Z12 K100               default=7.84(3) mx=9.0 | orient=7.84(3) mx=9.0 d=+0.000 | fold=7.8(3) mx=9.0 d=-0.040 | strain=7.8(3) mx=9.0 d=-0.040
Z12 K140               default=10.229(3) mx=11.0 | orient=10.229(3) mx=11.0 d=+0.000 | fold=10.229(3) mx=11.0 d=+0.000 | strain=10.229(3) mx=11.0 d=+0.000
Z12 ER100_d10          default=4.823(3) mx=8.333 | orient=4.823(3) mx=8.333 d=+0.000 | fold=4.823(3) mx=8.333 d=+0.000 | strain=4.907(3) mx=9.0 d=+0.084
Z12 turan_n162         default=6.023(10) mx=6.1 | orient=6.046(10) mx=6.2 d=+0.023 | fold=6.046(10) mx=6.2 d=+0.023 | strain=6.0(10) mx=6.0 d=-0.023
Z12 spin_glass_n163    default=11.417(3) mx=13.0 | orient=11.417(3) mx=13.0 d=+0.000 | fold=11.417(3) mx=13.0 d=+0.000 | strain=11.521(3) mx=13.0 d=+0.104
Z12 regular_n316       default=2.845(3) mx=6.667 | orient=2.813(3) mx=6.667 d=-0.032 | fold=2.813(3) mx=6.667 d=-0.032 | strain=2.86(3) mx=7.0 d=+0.015
Z12 ws_n486            default=2.998(10) mx=10.4 | orient=2.885(10) mx=9.8 d=-0.113 | fold=2.814(10) mx=9.4 d=-0.184 | strain=2.842(10) mx=9.5 d=-0.156
Z12 grid_200           default=1.122(3) mx=2.0 | orient=1.032(3) mx=2.0 d=-0.090 | fold=1.032(3) mx=2.0 d=-0.090 | strain=1.05(3) mx=2.0 d=-0.072
Z12 honeycomb_200      default=1.09(3) mx=2.0 | orient=1.077(3) mx=2.0 d=-0.013 | fold=1.077(3) mx=2.0 d=-0.013 | strain=1.078(3) mx=2.0 d=-0.012
Z12 king_graph_196     default=1.527(3) mx=2.667 | orient=1.517(3) mx=3.0 d=-0.010 | fold=1.517(3) mx=3.0 d=-0.010 | strain=1.556(3) mx=3.0 d=+0.029
P16 K100               default=11.463(3) mx=16.667 | orient=11.463(3) mx=16.667 d=+0.000 | fold=12.513(3) mx=18.0 d=+1.050 | strain=12.513(3) mx=18.0 d=+1.050
P16 turan_n162         default=7.654(3) mx=8.0 | orient=7.654(3) mx=8.0 d=+0.000 | fold=7.654(3) mx=8.0 d=+0.000 | strain=7.654(3) mx=8.0 d=+0.000
P16 ws_n486            default=3.556(3) mx=13.333 | orient=3.468(3) mx=12.667 d=-0.088 | fold=3.285(3) mx=11.667 d=-0.271 | strain=3.687(3) mx=13.0 d=+0.131

BAR ws_n486/Z12: acl {'default': 2.998, 'orient': 2.885, 'fold': 2.814, 'strain': 2.842} mx {'default': 10.4, 'orient': 9.8, 'fold': 9.4, 'strain': 9.5}
BAR board: FAIL [('Z12', 'spin_glass_n163', 'fold', 'wall 37.133->51.133'), ('Z12', 'spin_glass_n163', 'strain', 'wall 37.133->54.333'), ('P16', 'K100', 'fold', 1.05), ('P16', 'K100', 'strain', 1.05)]
load at end: (57.93896484375, 56.4033203125, 40.8212890625)
done-probe
