13 cells, 106 jobs; load (62.36767578125, 59.73779296875, 62.2998046875)
/data/max/ember/docs/paper2/data/tail_probe5.py:57: DeprecationWarning: dwave-networkx is deprecated and will be replaced by dwave-graphs in Ocean 10. Most functionality previously provided by dwave-networkx is now available as part of dwave-graphs under the 'dwave.graphs' namespace.
  import dwave_networkx as dnx
/data/max/ember/docs/paper2/data/tail_probe5.py:57: DeprecationWarning: dwave-networkx is deprecated and will be replaced by dwave-graphs in Ocean 10. Most functionality previously provided by dwave-networkx is now available as part of dwave-graphs under the 'dwave.graphs' namespace.
  import dwave_networkx as dnx
/data/max/ember/docs/paper2/data/tail_probe5.py:57: DeprecationWarning: dwave-networkx is deprecated and will be replaced by dwave-graphs in Ocean 10. Most functionality previously provided by dwave-networkx is now available as part of dwave-graphs under the 'dwave.graphs' namespace.
  import dwave_networkx as dnx
/data/max/ember/docs/paper2/data/tail_probe5.py:57: DeprecationWarning: dwave-networkx is deprecated and will be replaced by dwave-graphs in Ocean 10. Most functionality previously provided by dwave-networkx is now available as part of dwave-graphs under the 'dwave.graphs' namespace.
  import dwave_networkx as dnx
/data/max/ember/docs/paper2/data/tail_probe5.py:57: DeprecationWarning: dwave-networkx is deprecated and will be replaced by dwave-graphs in Ocean 10. Most functionality previously provided by dwave-networkx is now available as part of dwave-graphs under the 'dwave.graphs' namespace.
  import dwave_networkx as dnx
/data/max/ember/docs/paper2/data/tail_probe5.py:57: DeprecationWarning: dwave-networkx is deprecated and will be replaced by dwave-graphs in Ocean 10. Most functionality previously provided by dwave-networkx is now available as part of dwave-graphs under the 'dwave.graphs' namespace.
  import dwave_networkx as dnx
/data/max/ember/docs/paper2/data/tail_probe5.py:57: DeprecationWarning: dwave-networkx is deprecated and will be replaced by dwave-graphs in Ocean 10. Most functionality previously provided by dwave-networkx is now available as part of dwave-graphs under the 'dwave.graphs' namespace.
  import dwave_networkx as dnx
/data/max/ember/docs/paper2/data/tail_probe5.py:57: DeprecationWarning: dwave-networkx is deprecated and will be replaced by dwave-graphs in Ocean 10. Most functionality previously provided by dwave-networkx is now available as part of dwave-graphs under the 'dwave.graphs' namespace.
  import dwave_networkx as dnx
/data/max/ember/docs/paper2/data/tail_probe5.py:57: DeprecationWarning: dwave-networkx is deprecated and will be replaced by dwave-graphs in Ocean 10. Most functionality previously provided by dwave-networkx is now available as part of dwave-graphs under the 'dwave.graphs' namespace.
  import dwave_networkx as dnx
/data/max/ember/docs/paper2/data/tail_probe5.py:57: DeprecationWarning: dwave-networkx is deprecated and will be replaced by dwave-graphs in Ocean 10. Most functionality previously provided by dwave-networkx is now available as part of dwave-graphs under the 'dwave.graphs' namespace.
  import dwave_networkx as dnx
/data/max/ember/docs/paper2/data/tail_probe5.py:57: DeprecationWarning: dwave-networkx is deprecated and will be replaced by dwave-graphs in Ocean 10. Most functionality previously provided by dwave-networkx is now available as part of dwave-graphs under the 'dwave.graphs' namespace.
  import dwave_networkx as dnx
/data/max/ember/docs/paper2/data/tail_probe5.py:57: DeprecationWarning: dwave-networkx is deprecated and will be replaced by dwave-graphs in Ocean 10. Most functionality previously provided by dwave-networkx is now available as part of dwave-graphs under the 'dwave.graphs' namespace.
  import dwave_networkx as dnx
/data/max/ember/docs/paper2/data/tail_probe5.py:57: DeprecationWarning: dwave-networkx is deprecated and will be replaced by dwave-graphs in Ocean 10. Most functionality previously provided by dwave-networkx is now available as part of dwave-graphs under the 'dwave.graphs' namespace.
  import dwave_networkx as dnx
/data/max/ember/docs/paper2/data/tail_probe5.py:57: DeprecationWarning: dwave-networkx is deprecated and will be replaced by dwave-graphs in Ocean 10. Most functionality previously provided by dwave-networkx is now available as part of dwave-graphs under the 'dwave.graphs' namespace.
  import dwave_networkx as dnx
/data/max/ember/docs/paper2/data/tail_probe5.py:57: DeprecationWarning: dwave-networkx is deprecated and will be replaced by dwave-graphs in Ocean 10. Most functionality previously provided by dwave-networkx is now available as part of dwave-graphs under the 'dwave.graphs' namespace.
  import dwave_networkx as dnx
/data/max/ember/docs/paper2/data/tail_probe5.py:57: DeprecationWarning: dwave-networkx is deprecated and will be replaced by dwave-graphs in Ocean 10. Most functionality previously provided by dwave-networkx is now available as part of dwave-graphs under the 'dwave.graphs' namespace.
  import dwave_networkx as dnx
/data/max/ember/docs/paper2/data/tail_probe5.py:57: DeprecationWarning: dwave-networkx is deprecated and will be replaced by dwave-graphs in Ocean 10. Most functionality previously provided by dwave-networkx is now available as part of dwave-graphs under the 'dwave.graphs' namespace.
  import dwave_networkx as dnx
/data/max/ember/docs/paper2/data/tail_probe5.py:57: DeprecationWarning: dwave-networkx is deprecated and will be replaced by dwave-graphs in Ocean 10. Most functionality previously provided by dwave-networkx is now available as part of dwave-graphs under the 'dwave.graphs' namespace.
  import dwave_networkx as dnx
/data/max/ember/docs/paper2/data/tail_probe5.py:57: DeprecationWarning: dwave-networkx is deprecated and will be replaced by dwave-graphs in Ocean 10. Most functionality previously provided by dwave-networkx is now available as part of dwave-graphs under the 'dwave.graphs' namespace.
  import dwave_networkx as dnx
/data/max/ember/docs/paper2/data/tail_probe5.py:57: DeprecationWarning: dwave-networkx is deprecated and will be replaced by dwave-graphs in Ocean 10. Most functionality previously provided by dwave-networkx is now available as part of dwave-graphs under the 'dwave.graphs' namespace.
  import dwave_networkx as dnx
/data/max/ember/docs/paper2/data/tail_probe5.py:57: DeprecationWarning: dwave-networkx is deprecated and will be replaced by dwave-graphs in Ocean 10. Most functionality previously provided by dwave-networkx is now available as part of dwave-graphs under the 'dwave.graphs' namespace.
  import dwave_networkx as dnx
/data/max/ember/docs/paper2/data/tail_probe5.py:57: DeprecationWarning: dwave-networkx is deprecated and will be replaced by dwave-graphs in Ocean 10. Most functionality previously provided by dwave-networkx is now available as part of dwave-graphs under the 'dwave.graphs' namespace.
  import dwave_networkx as dnx
/data/max/ember/docs/paper2/data/tail_probe5.py:57: DeprecationWarning: dwave-networkx is deprecated and will be replaced by dwave-graphs in Ocean 10. Most functionality previously provided by dwave-networkx is now available as part of dwave-graphs under the 'dwave.graphs' namespace.
  import dwave_networkx as dnx
/data/max/ember/docs/paper2/data/tail_probe5.py:57: DeprecationWarning: dwave-networkx is deprecated and will be replaced by dwave-graphs in Ocean 10. Most functionality previously provided by dwave-networkx is now available as part of dwave-graphs under the 'dwave.graphs' namespace.
  import dwave_networkx as dnx
Z12 K100               mm+ball  seed 0: 7.84 mx=9 skip=True bacc=0 q=0 (30.9s)
Z12 K100               mm+ball  seed 1: 7.84 mx=9 skip=True bacc=0 q=0 (31.6s)
Z12 K100               mm+ball  seed 2: 7.84 mx=9 skip=True bacc=0 q=0 (36.3s)
Z12 K100               shorten+ball seed 0: 7.78 mx=9 skip=True bacc=0 q=0 (60.3s)
Z12 K100               shorten+ball seed 1: 7.78 mx=9 skip=True bacc=0 q=0 (60.2s)
Z12 K100               shorten+ball seed 2: 7.78 mx=9 skip=True bacc=0 q=0 (60.7s)
Z12 K140               mm+ball  seed 0: 10.229 mx=11 skip=True bacc=0 q=0 (63.6s)
Z12 K140               mm+ball  seed 1: 10.229 mx=11 skip=True bacc=0 q=0 (64.8s)
Z12 K140               mm+ball  seed 2: 10.229 mx=11 skip=True bacc=0 q=0 (65.7s)
Z12 K140               shorten+ball seed 0: 10.229 mx=11 skip=True bacc=0 q=0 (60.2s)
Z12 K140               shorten+ball seed 1: 10.229 mx=11 skip=True bacc=0 q=0 (61.0s)
Z12 K140               shorten+ball seed 2: 10.229 mx=11 skip=True bacc=0 q=0 (60.8s)
Z12 ER100_d10          mm+ball  seed 0: 4.66 mx=8 skip=False bacc=0 q=61 (60.0s)
Z12 ER100_d10          mm+ball  seed 1: 5.06 mx=9 skip=False bacc=0 q=49 (60.1s)
Z12 ER100_d10          mm+ball  seed 2: 4.75 mx=8 skip=False bacc=0 q=62 (60.0s)
Z12 ER100_d10          shorten+ball seed 0: 5.48 mx=10 skip=False bacc=0 q=42 (60.1s)
Z12 ER100_d10          shorten+ball seed 1: 5.49 mx=10 skip=False bacc=0 q=45 (60.0s)
Z12 ER100_d10          shorten+ball seed 2: 5.48 mx=10 skip=False bacc=0 q=42 (60.1s)
Z12 turan_n162         mm+ball  seed 0: 6.0 mx=6 skip=True bacc=0 q=22 (60.5s)
Z12 turan_n162         mm+ball  seed 1: 6.0 mx=6 skip=True bacc=0 q=22 (60.1s)
Z12 turan_n162         mm+ball  seed 2: 6.0 mx=6 skip=True bacc=0 q=22 (60.2s)
Z12 turan_n162         mm+ball  seed 3: 6.0 mx=6 skip=True bacc=0 q=22 (60.1s)
Z12 turan_n162         mm+ball  seed 4: 6.0 mx=6 skip=True bacc=0 q=22 (60.1s)
Z12 turan_n162         mm+ball  seed 5: 6.0 mx=6 skip=True bacc=0 q=22 (60.3s)
Z12 turan_n162         mm+ball  seed 6: 6.0 mx=6 skip=True bacc=0 q=22 (60.3s)
Z12 turan_n162         mm+ball  seed 7: 6.0 mx=6 skip=True bacc=0 q=22 (60.2s)
Z12 turan_n162         mm+ball  seed 8: 6.228 mx=7 skip=True bacc=0 q=23 (60.5s)
Z12 turan_n162         mm+ball  seed 9: 6.0 mx=6 skip=True bacc=0 q=22 (61.9s)
Z12 turan_n162         shorten+ball seed 0: 6.0 mx=6 skip=True bacc=0 q=22 (61.4s)
Z12 turan_n162         shorten+ball seed 1: 7.568 mx=12 skip=True bacc=0 q=20 (64.1s)
Z12 turan_n162         shorten+ball seed 2: 6.0 mx=6 skip=True bacc=0 q=22 (62.3s)
Z12 turan_n162         shorten+ball seed 3: 6.0 mx=6 skip=True bacc=0 q=22 (63.1s)
Z12 turan_n162         shorten+ball seed 4: 6.0 mx=6 skip=True bacc=0 q=22 (62.0s)
Z12 turan_n162         shorten+ball seed 5: 7.568 mx=12 skip=True bacc=0 q=20 (61.6s)
Z12 turan_n162         shorten+ball seed 6: 6.0 mx=6 skip=True bacc=0 q=22 (62.9s)
Z12 turan_n162         shorten+ball seed 7: 7.568 mx=12 skip=True bacc=0 q=20 (61.2s)
Z12 turan_n162         shorten+ball seed 8: 7.568 mx=12 skip=True bacc=0 q=20 (66.8s)
Z12 turan_n162         shorten+ball seed 9: 6.0 mx=6 skip=True bacc=0 q=22 (62.6s)
Z12 spin_glass_n163    mm+ball  seed 0: 11.417 mx=13 skip=True bacc=0 q=7 (58.1s)
Z12 spin_glass_n163    mm+ball  seed 1: 11.417 mx=13 skip=True bacc=0 q=7 (50.9s)
Z12 spin_glass_n163    mm+ball  seed 2: 11.417 mx=13 skip=True bacc=0 q=7 (58.9s)
Z12 spin_glass_n163    shorten+ball seed 0: 11.356 mx=13 skip=True bacc=0 q=7 (61.9s)
Z12 spin_glass_n163    shorten+ball seed 1: 11.356 mx=13 skip=True bacc=0 q=7 (63.5s)
Z12 spin_glass_n163    shorten+ball seed 2: 11.356 mx=13 skip=True bacc=0 q=7 (61.5s)
Z12 regular_n316       mm+ball  seed 0: 2.924 mx=7 skip=False bacc=1 q=305 (60.0s)
Z12 regular_n316       mm+ball  seed 1: 2.769 mx=6 skip=False bacc=0 q=305 (60.4s)
Z12 regular_n316       mm+ball  seed 2: 2.861 mx=7 skip=False bacc=1 q=309 (60.4s)
Z12 regular_n316       shorten+ball seed 0: 4.139 mx=12 skip=False bacc=0 q=311 (60.0s)
Z12 regular_n316       shorten+ball seed 1: 4.089 mx=15 skip=False bacc=0 q=313 (60.1s)
Z12 regular_n316       shorten+ball seed 2: 4.025 mx=13 skip=False bacc=0 q=314 (60.1s)
Z12 ws_n486            mm+ball  seed 0: 2.862 mx=9 skip=False bacc=0 q=458 (60.0s)
Z12 ws_n486            mm+ball  seed 1: 3.218 mx=11 skip=False bacc=0 q=475 (60.0s)
Z12 ws_n486            mm+ball  seed 2: 3.259 mx=11 skip=False bacc=0 q=471 (60.0s)
Z12 ws_n486            mm+ball  seed 3: 2.887 mx=10 skip=False bacc=0 q=465 (60.0s)
Z12 ws_n486            mm+ball  seed 4: 3.119 mx=11 skip=False bacc=0 q=467 (60.0s)
Z12 ws_n486            mm+ball  seed 5: 2.829 mx=9 skip=False bacc=0 q=458 (60.0s)
Z12 ws_n486            mm+ball  seed 6: 3.025 mx=10 skip=False bacc=0 q=466 (60.0s)
Z12 ws_n486            mm+ball  seed 7: 3.016 mx=10 skip=False bacc=0 q=470 (60.2s)
Z12 ws_n486            mm+ball  seed 8: 3.099 mx=10 skip=False bacc=0 q=477 (60.0s)
Z12 ws_n486            mm+ball  seed 9: 3.354 mx=12 skip=False bacc=0 q=471 (60.0s)
Z12 ws_n486            shorten+ball seed 0: 4.035 mx=26 skip=False bacc=0 q=474 (60.1s)
Z12 ws_n486            shorten+ball seed 1: 4.296 mx=21 skip=False bacc=0 q=472 (60.3s)
Z12 ws_n486            shorten+ball seed 2: 4.173 mx=20 skip=False bacc=0 q=475 (60.3s)
Z12 ws_n486            shorten+ball seed 3: 4.049 mx=21 skip=False bacc=0 q=475 (60.2s)
Z12 ws_n486            shorten+ball seed 4: 4.117 mx=21 skip=False bacc=0 q=479 (60.2s)
Z12 ws_n486            shorten+ball seed 5: 4.305 mx=20 skip=False bacc=0 q=474 (60.1s)
Z12 ws_n486            shorten+ball seed 6: 4.068 mx=23 skip=False bacc=0 q=473 (60.2s)
Z12 ws_n486            shorten+ball seed 7: 4.165 mx=19 skip=False bacc=0 q=477 (60.2s)
Z12 ws_n486            shorten+ball seed 8: 4.475 mx=26 skip=False bacc=0 q=474 (60.2s)
Z12 ws_n486            shorten+ball seed 9: 4.093 mx=19 skip=False bacc=0 q=466 (60.2s)
Z12 grid_200           mm+ball  seed 0: 1.09 mx=2 skip=False bacc=0 q=128 (46.9s)
Z12 grid_200           mm+ball  seed 1: 1.145 mx=2 skip=False bacc=0 q=134 (51.2s)
Z12 grid_200           mm+ball  seed 2: 1.13 mx=2 skip=False bacc=0 q=147 (42.3s)
Z12 grid_200           shorten+ball seed 0: 1.515 mx=5 skip=False bacc=8 q=155 (60.1s)
Z12 grid_200           shorten+ball seed 1: 1.54 mx=5 skip=False bacc=8 q=152 (60.0s)
Z12 grid_200           shorten+ball seed 2: 1.535 mx=5 skip=False bacc=11 q=171 (60.0s)
Z12 honeycomb_200      mm+ball  seed 0: 1.085 mx=2 skip=False bacc=0 q=129 (32.7s)
Z12 honeycomb_200      mm+ball  seed 1: 1.09 mx=2 skip=False bacc=0 q=139 (36.9s)
Z12 honeycomb_200      mm+ball  seed 2: 1.095 mx=2 skip=False bacc=0 q=139 (38.9s)
Z12 honeycomb_200      shorten+ball seed 0: 1.37 mx=4 skip=False bacc=14 q=149 (60.0s)
Z12 honeycomb_200      shorten+ball seed 1: 1.39 mx=4 skip=False bacc=9 q=166 (60.0s)
Z12 honeycomb_200      shorten+ball seed 2: 1.385 mx=4 skip=False bacc=14 q=173 (60.0s)
Z12 king_graph_196     mm+ball  seed 0: 1.561 mx=3 skip=False bacc=0 q=125 (60.0s)
Z12 king_graph_196     mm+ball  seed 1: 1.531 mx=3 skip=False bacc=0 q=141 (60.0s)
Z12 king_graph_196     mm+ball  seed 2: 1.49 mx=2 skip=False bacc=1 q=125 (60.0s)
Z12 king_graph_196     shorten+ball seed 0: 2.056 mx=4 skip=False bacc=5 q=153 (60.0s)
Z12 king_graph_196     shorten+ball seed 1: 1.964 mx=5 skip=False bacc=2 q=136 (60.0s)
Z12 king_graph_196     shorten+ball seed 2: 1.878 mx=4 skip=False bacc=5 q=142 (60.0s)
P16 K100               mm+ball  seed 0: 11.23 mx=16 skip=None bacc=0 q=0 (31.9s)
P16 K100               mm+ball  seed 1: 11.51 mx=17 skip=None bacc=0 q=0 (35.6s)
P16 K100               mm+ball  seed 2: 11.65 mx=17 skip=None bacc=0 q=0 (62.0s)
P16 K100               shorten+ball seed 0: 11.2 mx=16 skip=None bacc=0 q=0 (60.8s)
P16 K100               shorten+ball seed 1: 11.44 mx=14 skip=None bacc=0 q=0 (60.4s)
P16 K100               shorten+ball seed 2: 11.59 mx=19 skip=None bacc=0 q=0 (60.8s)
P16 turan_n162         mm+ball  seed 0: 7.654 mx=8 skip=None bacc=0 q=16 (61.6s)
P16 turan_n162         mm+ball  seed 1: 7.654 mx=8 skip=None bacc=0 q=16 (61.3s)
P16 turan_n162         mm+ball  seed 2: 7.654 mx=8 skip=None bacc=0 q=16 (60.4s)
P16 turan_n162         shorten+ball seed 0: 7.654 mx=8 skip=None bacc=0 q=16 (60.1s)
P16 turan_n162         shorten+ball seed 1: 7.654 mx=16 skip=None bacc=0 q=15 (60.2s)
P16 turan_n162         shorten+ball seed 2: 7.654 mx=8 skip=None bacc=0 q=16 (60.4s)
P16 ws_n486            mm+ball  seed 0: 3.584 mx=13 skip=None bacc=1 q=423 (60.0s)
P16 ws_n486            mm+ball  seed 1: 3.798 mx=14 skip=None bacc=0 q=424 (60.0s)
P16 ws_n486            mm+ball  seed 2: 3.309 mx=13 skip=None bacc=0 q=417 (60.0s)
P16 ws_n486            shorten+ball seed 0: 5.023 mx=23 skip=None bacc=0 q=452 (60.1s)
P16 ws_n486            shorten+ball seed 1: 4.932 mx=23 skip=None bacc=0 q=450 (60.1s)
P16 ws_n486            shorten+ball seed 2: 4.5 mx=25 skip=None bacc=0 q=433 (60.1s)

summary (mean ACL; d = shorten+ball - mm+ball, negative = wins):
Z12 K100               mm+ball=7.84(3) shorten+ball=7.78(3) mx 9.0->9.0 t 32.933->60.4s d=-0.060
Z12 K140               mm+ball=10.229(3) shorten+ball=10.229(3) mx 11.0->11.0 t 64.7->60.667s d=+0.000
Z12 ER100_d10          mm+ball=4.823(3) shorten+ball=5.483(3) mx 8.333->10.0 t 60.033->60.067s d=+0.660
Z12 turan_n162         mm+ball=6.023(10) shorten+ball=6.627(10) mx 6.1->8.4 t 60.42->62.8s d=+0.604
Z12 spin_glass_n163    mm+ball=11.417(3) shorten+ball=11.356(3) mx 13.0->13.0 t 55.967->62.3s d=-0.061
Z12 regular_n316       mm+ball=2.851(3) shorten+ball=4.084(3) mx 6.667->13.333 t 60.267->60.067s d=+1.233
Z12 ws_n486            mm+ball=3.067(10) shorten+ball=4.178(10) mx 10.3->21.6 t 60.02->60.2s d=+1.111
Z12 grid_200           mm+ball=1.122(3) shorten+ball=1.53(3) mx 2.0->5.0 t 46.8->60.033s d=+0.408
Z12 honeycomb_200      mm+ball=1.09(3) shorten+ball=1.382(3) mx 2.0->4.0 t 36.167->60.0s d=+0.292
Z12 king_graph_196     mm+ball=1.527(3) shorten+ball=1.966(3) mx 2.667->4.333 t 60.0->60.0s d=+0.439
P16 K100               mm+ball=11.463(3) shorten+ball=11.41(3) mx 16.667->16.333 t 43.167->60.667s d=-0.053
P16 turan_n162         mm+ball=7.654(3) shorten+ball=7.654(3) mx 8.0->10.667 t 61.1->60.233s d=+0.000
P16 ws_n486            mm+ball=3.564(3) shorten+ball=4.818(3) mx 13.333->23.667 t 60.0->60.1s d=+1.254
load at end: (66.08544921875, 87.28564453125, 75.9775390625)
done-probe
