13 cells, 159 jobs; load (46.400390625, 45.107421875, 46.376953125)
/data/max/ember/docs/paper2/data/tail_probe3.py:57: DeprecationWarning: dwave-networkx is deprecated and will be replaced by dwave-graphs in Ocean 10. Most functionality previously provided by dwave-networkx is now available as part of dwave-graphs under the 'dwave.graphs' namespace.
  import dwave_networkx as dnx
/data/max/ember/docs/paper2/data/tail_probe3.py:57: DeprecationWarning: dwave-networkx is deprecated and will be replaced by dwave-graphs in Ocean 10. Most functionality previously provided by dwave-networkx is now available as part of dwave-graphs under the 'dwave.graphs' namespace.
  import dwave_networkx as dnx
/data/max/ember/docs/paper2/data/tail_probe3.py:57: DeprecationWarning: dwave-networkx is deprecated and will be replaced by dwave-graphs in Ocean 10. Most functionality previously provided by dwave-networkx is now available as part of dwave-graphs under the 'dwave.graphs' namespace.
  import dwave_networkx as dnx
/data/max/ember/docs/paper2/data/tail_probe3.py:57: DeprecationWarning: dwave-networkx is deprecated and will be replaced by dwave-graphs in Ocean 10. Most functionality previously provided by dwave-networkx is now available as part of dwave-graphs under the 'dwave.graphs' namespace.
  import dwave_networkx as dnx
/data/max/ember/docs/paper2/data/tail_probe3.py:57: DeprecationWarning: dwave-networkx is deprecated and will be replaced by dwave-graphs in Ocean 10. Most functionality previously provided by dwave-networkx is now available as part of dwave-graphs under the 'dwave.graphs' namespace.
  import dwave_networkx as dnx
/data/max/ember/docs/paper2/data/tail_probe3.py:57: DeprecationWarning: dwave-networkx is deprecated and will be replaced by dwave-graphs in Ocean 10. Most functionality previously provided by dwave-networkx is now available as part of dwave-graphs under the 'dwave.graphs' namespace.
  import dwave_networkx as dnx
/data/max/ember/docs/paper2/data/tail_probe3.py:57: DeprecationWarning: dwave-networkx is deprecated and will be replaced by dwave-graphs in Ocean 10. Most functionality previously provided by dwave-networkx is now available as part of dwave-graphs under the 'dwave.graphs' namespace.
  import dwave_networkx as dnx
/data/max/ember/docs/paper2/data/tail_probe3.py:57: DeprecationWarning: dwave-networkx is deprecated and will be replaced by dwave-graphs in Ocean 10. Most functionality previously provided by dwave-networkx is now available as part of dwave-graphs under the 'dwave.graphs' namespace.
  import dwave_networkx as dnx
/data/max/ember/docs/paper2/data/tail_probe3.py:57: DeprecationWarning: dwave-networkx is deprecated and will be replaced by dwave-graphs in Ocean 10. Most functionality previously provided by dwave-networkx is now available as part of dwave-graphs under the 'dwave.graphs' namespace.
  import dwave_networkx as dnx
/data/max/ember/docs/paper2/data/tail_probe3.py:57: DeprecationWarning: dwave-networkx is deprecated and will be replaced by dwave-graphs in Ocean 10. Most functionality previously provided by dwave-networkx is now available as part of dwave-graphs under the 'dwave.graphs' namespace.
  import dwave_networkx as dnx
/data/max/ember/docs/paper2/data/tail_probe3.py:57: DeprecationWarning: dwave-networkx is deprecated and will be replaced by dwave-graphs in Ocean 10. Most functionality previously provided by dwave-networkx is now available as part of dwave-graphs under the 'dwave.graphs' namespace.
  import dwave_networkx as dnx
/data/max/ember/docs/paper2/data/tail_probe3.py:57: DeprecationWarning: dwave-networkx is deprecated and will be replaced by dwave-graphs in Ocean 10. Most functionality previously provided by dwave-networkx is now available as part of dwave-graphs under the 'dwave.graphs' namespace.
  import dwave_networkx as dnx
/data/max/ember/docs/paper2/data/tail_probe3.py:57: DeprecationWarning: dwave-networkx is deprecated and will be replaced by dwave-graphs in Ocean 10. Most functionality previously provided by dwave-networkx is now available as part of dwave-graphs under the 'dwave.graphs' namespace.
  import dwave_networkx as dnx
/data/max/ember/docs/paper2/data/tail_probe3.py:57: DeprecationWarning: dwave-networkx is deprecated and will be replaced by dwave-graphs in Ocean 10. Most functionality previously provided by dwave-networkx is now available as part of dwave-graphs under the 'dwave.graphs' namespace.
  import dwave_networkx as dnx
/data/max/ember/docs/paper2/data/tail_probe3.py:57: DeprecationWarning: dwave-networkx is deprecated and will be replaced by dwave-graphs in Ocean 10. Most functionality previously provided by dwave-networkx is now available as part of dwave-graphs under the 'dwave.graphs' namespace.
  import dwave_networkx as dnx
/data/max/ember/docs/paper2/data/tail_probe3.py:57: DeprecationWarning: dwave-networkx is deprecated and will be replaced by dwave-graphs in Ocean 10. Most functionality previously provided by dwave-networkx is now available as part of dwave-graphs under the 'dwave.graphs' namespace.
  import dwave_networkx as dnx
/data/max/ember/docs/paper2/data/tail_probe3.py:57: DeprecationWarning: dwave-networkx is deprecated and will be replaced by dwave-graphs in Ocean 10. Most functionality previously provided by dwave-networkx is now available as part of dwave-graphs under the 'dwave.graphs' namespace.
  import dwave_networkx as dnx
/data/max/ember/docs/paper2/data/tail_probe3.py:57: DeprecationWarning: dwave-networkx is deprecated and will be replaced by dwave-graphs in Ocean 10. Most functionality previously provided by dwave-networkx is now available as part of dwave-graphs under the 'dwave.graphs' namespace.
  import dwave_networkx as dnx
/data/max/ember/docs/paper2/data/tail_probe3.py:57: DeprecationWarning: dwave-networkx is deprecated and will be replaced by dwave-graphs in Ocean 10. Most functionality previously provided by dwave-networkx is now available as part of dwave-graphs under the 'dwave.graphs' namespace.
  import dwave_networkx as dnx
/data/max/ember/docs/paper2/data/tail_probe3.py:57: DeprecationWarning: dwave-networkx is deprecated and will be replaced by dwave-graphs in Ocean 10. Most functionality previously provided by dwave-networkx is now available as part of dwave-graphs under the 'dwave.graphs' namespace.
  import dwave_networkx as dnx
/data/max/ember/docs/paper2/data/tail_probe3.py:57: DeprecationWarning: dwave-networkx is deprecated and will be replaced by dwave-graphs in Ocean 10. Most functionality previously provided by dwave-networkx is now available as part of dwave-graphs under the 'dwave.graphs' namespace.
  import dwave_networkx as dnx
/data/max/ember/docs/paper2/data/tail_probe3.py:57: DeprecationWarning: dwave-networkx is deprecated and will be replaced by dwave-graphs in Ocean 10. Most functionality previously provided by dwave-networkx is now available as part of dwave-graphs under the 'dwave.graphs' namespace.
  import dwave_networkx as dnx
/data/max/ember/docs/paper2/data/tail_probe3.py:57: DeprecationWarning: dwave-networkx is deprecated and will be replaced by dwave-graphs in Ocean 10. Most functionality previously provided by dwave-networkx is now available as part of dwave-graphs under the 'dwave.graphs' namespace.
  import dwave_networkx as dnx
/data/max/ember/docs/paper2/data/tail_probe3.py:57: DeprecationWarning: dwave-networkx is deprecated and will be replaced by dwave-graphs in Ocean 10. Most functionality previously provided by dwave-networkx is now available as part of dwave-graphs under the 'dwave.graphs' namespace.
  import dwave_networkx as dnx
Z12 K100               mm+ball  seed 0: 7.79 mx=9 skip=True bacc=2 (60.7s)
Z12 K100               mm+ball  seed 1: 7.79 mx=9 skip=True bacc=2 (60.2s)
Z12 K100               mm+ball  seed 2: 7.79 mx=9 skip=True bacc=2 (60.4s)
Z12 K100               ball     seed 0: 7.78 mx=9 skip=True bacc=3 (60.2s)
Z12 K100               ball     seed 1: 7.78 mx=9 skip=True bacc=3 (60.8s)
Z12 K100               ball     seed 2: 7.78 mx=9 skip=True bacc=3 (60.6s)
Z12 K100               ball-rng seed 0: 7.84 mx=9 skip=True bacc=0 (60.5s)
Z12 K100               ball-rng seed 1: 7.84 mx=9 skip=True bacc=0 (60.7s)
Z12 K100               ball-rng seed 2: 7.84 mx=9 skip=True bacc=0 (60.2s)
Z12 K140               mm+ball  seed 0: 10.229 mx=11 skip=True bacc=0 (68.6s)
Z12 K140               mm+ball  seed 1: 10.229 mx=11 skip=True bacc=0 (62.0s)
Z12 K140               mm+ball  seed 2: 10.229 mx=11 skip=True bacc=0 (68.7s)
Z12 K140               ball     seed 0: 10.229 mx=11 skip=True bacc=0 (60.8s)
Z12 K140               ball     seed 1: 10.229 mx=11 skip=True bacc=0 (60.8s)
Z12 K140               ball     seed 2: 10.229 mx=11 skip=True bacc=0 (60.7s)
Z12 K140               ball-rng seed 0: 10.229 mx=11 skip=True bacc=0 (60.5s)
Z12 K140               ball-rng seed 1: 10.229 mx=11 skip=True bacc=0 (60.8s)
Z12 K140               ball-rng seed 2: 10.229 mx=11 skip=True bacc=0 (60.6s)
Z12 ER100_d10          mm+ball  seed 0: 4.4 mx=8 skip=False bacc=15 (60.0s)
Z12 ER100_d10          mm+ball  seed 1: 4.91 mx=9 skip=False bacc=9 (59.8s)
Z12 ER100_d10          mm+ball  seed 2: 4.66 mx=8 skip=False bacc=6 (60.1s)
Z12 ER100_d10          ball     seed 0: 5.31 mx=10 skip=False bacc=44 (60.1s)
Z12 ER100_d10          ball     seed 1: 5.48 mx=11 skip=False bacc=38 (60.0s)
Z12 ER100_d10          ball     seed 2: 5.26 mx=10 skip=False bacc=47 (60.0s)
Z12 ER100_d10          ball-rng seed 0: 5.4 mx=10 skip=False bacc=37 (60.0s)
Z12 ER100_d10          ball-rng seed 1: 5.35 mx=11 skip=False bacc=45 (60.1s)
Z12 ER100_d10          ball-rng seed 2: 5.44 mx=10 skip=False bacc=33 (60.1s)
Z12 turan_n162         mm+ball  seed 0: 6.0 mx=6 skip=True bacc=0 (60.3s)
Z12 turan_n162         mm+ball  seed 1: 6.0 mx=6 skip=True bacc=0 (60.3s)
Z12 turan_n162         mm+ball  seed 2: 6.0 mx=6 skip=True bacc=0 (60.1s)
Z12 turan_n162         mm+ball  seed 3: 6.0 mx=6 skip=True bacc=0 (60.3s)
Z12 turan_n162         mm+ball  seed 4: 6.0 mx=6 skip=True bacc=0 (60.1s)
Z12 turan_n162         mm+ball  seed 5: 6.0 mx=6 skip=True bacc=0 (60.1s)
Z12 turan_n162         mm+ball  seed 6: 6.0 mx=6 skip=True bacc=0 (60.4s)
Z12 turan_n162         mm+ball  seed 7: 6.0 mx=6 skip=True bacc=0 (60.5s)
Z12 turan_n162         mm+ball  seed 8: 6.228 mx=7 skip=True bacc=0 (60.4s)
Z12 turan_n162         mm+ball  seed 9: 6.0 mx=6 skip=True bacc=0 (60.1s)
Z12 turan_n162         ball     seed 0: 6.0 mx=6 skip=True bacc=0 (60.1s)
Z12 turan_n162         ball     seed 1: 7.531 mx=10 skip=True bacc=8 (60.4s)
Z12 turan_n162         ball     seed 2: 6.0 mx=6 skip=True bacc=0 (60.1s)
Z12 turan_n162         ball     seed 3: 6.0 mx=6 skip=True bacc=0 (60.0s)
Z12 turan_n162         ball     seed 4: 6.0 mx=6 skip=True bacc=0 (60.2s)
Z12 turan_n162         ball     seed 5: 7.531 mx=10 skip=True bacc=8 (60.3s)
Z12 turan_n162         ball     seed 6: 6.0 mx=6 skip=True bacc=0 (60.3s)
Z12 turan_n162         ball     seed 7: 7.531 mx=10 skip=True bacc=8 (60.1s)
Z12 turan_n162         ball     seed 8: 7.531 mx=10 skip=True bacc=8 (60.8s)
Z12 turan_n162         ball     seed 9: 6.0 mx=6 skip=True bacc=0 (60.1s)
Z12 turan_n162         ball-rng seed 0: 6.0 mx=6 skip=True bacc=0 (60.8s)
Z12 turan_n162         ball-rng seed 1: 7.593 mx=12 skip=True bacc=2 (60.3s)
Z12 turan_n162         ball-rng seed 2: 6.0 mx=6 skip=True bacc=0 (60.4s)
Z12 turan_n162         ball-rng seed 3: 6.0 mx=6 skip=True bacc=0 (61.8s)
Z12 turan_n162         ball-rng seed 4: 6.0 mx=6 skip=True bacc=0 (60.4s)
Z12 turan_n162         ball-rng seed 5: 7.568 mx=12 skip=True bacc=4 (60.4s)
Z12 turan_n162         ball-rng seed 6: 6.0 mx=6 skip=True bacc=0 (60.9s)
Z12 turan_n162         ball-rng seed 7: 7.586 mx=12 skip=True bacc=4 (62.0s)
Z12 turan_n162         ball-rng seed 8: 7.586 mx=12 skip=True bacc=4 (61.4s)
Z12 turan_n162         ball-rng seed 9: 6.0 mx=6 skip=True bacc=0 (68.7s)
Z12 spin_glass_n163    mm+ball  seed 0: 11.356 mx=13 skip=True bacc=7 (60.0s)
Z12 spin_glass_n163    mm+ball  seed 1: 11.356 mx=13 skip=True bacc=7 (60.9s)
Z12 spin_glass_n163    mm+ball  seed 2: 11.356 mx=13 skip=True bacc=7 (60.2s)
Z12 spin_glass_n163    ball     seed 0: 11.356 mx=13 skip=True bacc=7 (60.2s)
Z12 spin_glass_n163    ball     seed 1: 11.356 mx=13 skip=True bacc=7 (60.4s)
Z12 spin_glass_n163    ball     seed 2: 11.356 mx=13 skip=True bacc=7 (61.2s)
Z12 spin_glass_n163    ball-rng seed 0: 11.393 mx=13 skip=True bacc=3 (61.0s)
Z12 spin_glass_n163    ball-rng seed 1: 11.399 mx=13 skip=True bacc=2 (62.8s)
Z12 spin_glass_n163    ball-rng seed 2: 11.405 mx=13 skip=True bacc=1 (61.2s)
Z12 regular_n316       mm+ball  seed 0: 2.848 mx=8 skip=False bacc=22 (60.5s)
Z12 regular_n316       mm+ball  seed 1: 2.734 mx=6 skip=False bacc=11 (60.0s)
Z12 regular_n316       mm+ball  seed 2: 2.785 mx=7 skip=False bacc=21 (60.1s)
Z12 regular_n316       ball     seed 0: 3.801 mx=10 skip=False bacc=166 (60.1s)
Z12 regular_n316       ball     seed 1: 3.782 mx=11 skip=False bacc=165 (60.4s)
Z12 regular_n316       ball     seed 2: 3.706 mx=11 skip=False bacc=187 (60.7s)
Z12 regular_n316       ball-rng seed 0: 3.816 mx=13 skip=False bacc=144 (60.0s)
Z12 regular_n316       ball-rng seed 1: 3.623 mx=13 skip=False bacc=56 (60.0s)
Z12 regular_n316       ball-rng seed 2: 3.766 mx=13 skip=False bacc=77 (60.0s)
Z12 ws_n486            mm+ball  seed 0: 2.702 mx=11 skip=False bacc=30 (60.0s)
Z12 ws_n486            mm+ball  seed 1: 2.753 mx=13 skip=False bacc=36 (60.0s)
Z12 ws_n486            mm+ball  seed 2: 2.805 mx=9 skip=False bacc=30 (60.1s)
Z12 ws_n486            mm+ball  seed 3: 2.802 mx=9 skip=False bacc=33 (60.2s)
Z12 ws_n486            mm+ball  seed 4: 2.823 mx=10 skip=False bacc=39 (60.0s)
Z12 ws_n486            mm+ball  seed 5: 2.726 mx=9 skip=False bacc=29 (60.1s)
Z12 ws_n486            mm+ball  seed 6: 2.757 mx=9 skip=False bacc=38 (60.1s)
Z12 ws_n486            mm+ball  seed 7: 2.698 mx=10 skip=False bacc=36 (60.0s)
Z12 ws_n486            mm+ball  seed 8: 2.778 mx=9 skip=False bacc=29 (60.1s)
Z12 ws_n486            mm+ball  seed 9: 2.784 mx=9 skip=False bacc=26 (60.2s)
Z12 ws_n486            ball     seed 0: 4.21 mx=22 skip=False bacc=119 (60.0s)
Z12 ws_n486            ball     seed 1: 4.043 mx=22 skip=False bacc=121 (60.0s)
Z12 ws_n486            ball     seed 2: 4.175 mx=21 skip=False bacc=157 (60.2s)
Z12 ws_n486            ball     seed 3: 4.023 mx=20 skip=False bacc=153 (60.3s)
Z12 ws_n486            ball     seed 4: 4.105 mx=22 skip=False bacc=111 (60.1s)
Z12 ws_n486            ball     seed 5: 4.165 mx=19 skip=False bacc=115 (60.3s)
Z12 ws_n486            ball     seed 6: 4.123 mx=22 skip=False bacc=118 (60.1s)
Z12 ws_n486            ball     seed 7: 4.084 mx=20 skip=False bacc=144 (60.0s)
Z12 ws_n486            ball     seed 8: 4.294 mx=26 skip=False bacc=144 (60.1s)
Z12 ws_n486            ball     seed 9: 4.043 mx=18 skip=False bacc=94 (60.0s)
Z12 ws_n486            ball-rng seed 0: 4.21 mx=18 skip=False bacc=79 (60.1s)
Z12 ws_n486            ball-rng seed 1: 4.198 mx=22 skip=False bacc=84 (60.0s)
Z12 ws_n486            ball-rng seed 2: 4.259 mx=18 skip=False bacc=121 (60.0s)
Z12 ws_n486            ball-rng seed 3: 4.056 mx=21 skip=False bacc=141 (60.0s)
Z12 ws_n486            ball-rng seed 4: 4.142 mx=26 skip=False bacc=99 (60.0s)
Z12 ws_n486            ball-rng seed 5: 4.107 mx=18 skip=False bacc=124 (60.0s)
Z12 ws_n486            ball-rng seed 6: 4.27 mx=20 skip=False bacc=118 (60.0s)
Z12 ws_n486            ball-rng seed 7: 3.967 mx=24 skip=False bacc=100 (60.0s)
Z12 ws_n486            ball-rng seed 8: 4.177 mx=20 skip=False bacc=111 (60.0s)
Z12 ws_n486            ball-rng seed 9: 4.027 mx=19 skip=False bacc=110 (60.0s)
Z12 grid_200           mm+ball  seed 0: 1.09 mx=2 skip=False bacc=0 (27.0s)
Z12 grid_200           mm+ball  seed 1: 1.145 mx=2 skip=False bacc=0 (34.8s)
Z12 grid_200           mm+ball  seed 2: 1.125 mx=2 skip=False bacc=1 (42.3s)
Z12 grid_200           ball     seed 0: 1.49 mx=4 skip=False bacc=66 (60.0s)
Z12 grid_200           ball     seed 1: 1.38 mx=4 skip=False bacc=86 (60.0s)
Z12 grid_200           ball     seed 2: 1.435 mx=4 skip=False bacc=84 (60.0s)
Z12 grid_200           ball-rng seed 0: 1.36 mx=4 skip=False bacc=67 (60.0s)
Z12 grid_200           ball-rng seed 1: 1.375 mx=4 skip=False bacc=73 (60.0s)
Z12 grid_200           ball-rng seed 2: 1.32 mx=4 skip=False bacc=83 (60.0s)
Z12 honeycomb_200      mm+ball  seed 0: 1.085 mx=2 skip=False bacc=0 (28.6s)
Z12 honeycomb_200      mm+ball  seed 1: 1.09 mx=2 skip=False bacc=0 (24.6s)
Z12 honeycomb_200      mm+ball  seed 2: 1.095 mx=2 skip=False bacc=0 (20.7s)
Z12 honeycomb_200      ball     seed 0: 1.405 mx=5 skip=False bacc=41 (50.1s)
Z12 honeycomb_200      ball     seed 1: 1.445 mx=4 skip=False bacc=17 (53.3s)
Z12 honeycomb_200      ball     seed 2: 1.495 mx=5 skip=False bacc=28 (46.0s)
Z12 honeycomb_200      ball-rng seed 0: 1.38 mx=4 skip=False bacc=44 (60.0s)
Z12 honeycomb_200      ball-rng seed 1: 1.34 mx=4 skip=False bacc=29 (60.0s)
Z12 honeycomb_200      ball-rng seed 2: 1.415 mx=5 skip=False bacc=42 (60.0s)
Z12 king_graph_196     mm+ball  seed 0: 1.561 mx=3 skip=False bacc=0 (34.9s)
Z12 king_graph_196     mm+ball  seed 1: 1.51 mx=3 skip=False bacc=3 (60.0s)
Z12 king_graph_196     mm+ball  seed 2: 1.48 mx=2 skip=False bacc=3 (60.0s)
Z12 king_graph_196     ball     seed 0: 1.821 mx=5 skip=False bacc=56 (60.0s)
Z12 king_graph_196     ball     seed 1: 1.806 mx=4 skip=False bacc=60 (60.0s)
Z12 king_graph_196     ball     seed 2: 1.898 mx=5 skip=False bacc=33 (60.0s)
Z12 king_graph_196     ball-rng seed 0: 1.913 mx=5 skip=False bacc=43 (60.0s)
Z12 king_graph_196     ball-rng seed 1: 1.821 mx=4 skip=False bacc=57 (60.0s)
Z12 king_graph_196     ball-rng seed 2: 1.811 mx=4 skip=False bacc=32 (60.0s)
P16 K100               mm+ball  seed 0: 11.22 mx=16 skip=None bacc=1 (60.3s)
P16 K100               mm+ball  seed 1: 11.42 mx=14 skip=None bacc=3 (60.3s)
P16 K100               mm+ball  seed 2: 11.65 mx=17 skip=None bacc=0 (60.7s)
P16 K100               ball     seed 0: 11.22 mx=16 skip=None bacc=1 (60.5s)
P16 K100               ball     seed 1: 11.41 mx=14 skip=None bacc=4 (60.5s)
P16 K100               ball     seed 2: 11.6 mx=19 skip=None bacc=3 (60.2s)
P16 K100               ball-rng seed 0: 11.21 mx=16 skip=None bacc=2 (60.7s)
P16 K100               ball-rng seed 1: 11.49 mx=17 skip=None bacc=2 (60.1s)
P16 K100               ball-rng seed 2: 11.64 mx=19 skip=None bacc=3 (60.6s)
P16 turan_n162         mm+ball  seed 0: 7.654 mx=8 skip=None bacc=0 (60.8s)
P16 turan_n162         mm+ball  seed 1: 7.654 mx=8 skip=None bacc=0 (61.4s)
P16 turan_n162         mm+ball  seed 2: 7.654 mx=8 skip=None bacc=0 (62.4s)
P16 turan_n162         ball     seed 0: 7.654 mx=8 skip=None bacc=0 (60.5s)
P16 turan_n162         ball     seed 1: 7.654 mx=16 skip=None bacc=3 (60.5s)
P16 turan_n162         ball     seed 2: 7.654 mx=8 skip=None bacc=0 (60.4s)
P16 turan_n162         ball-rng seed 0: 7.654 mx=8 skip=None bacc=0 (60.1s)
P16 turan_n162         ball-rng seed 1: 7.685 mx=16 skip=None bacc=2 (60.5s)
P16 turan_n162         ball-rng seed 2: 7.654 mx=8 skip=None bacc=0 (60.1s)
P16 ws_n486            mm+ball  seed 0: 3.352 mx=13 skip=None bacc=37 (60.0s)
P16 ws_n486            mm+ball  seed 1: 3.381 mx=13 skip=None bacc=46 (60.0s)
P16 ws_n486            mm+ball  seed 2: 3.364 mx=13 skip=None bacc=41 (60.0s)
P16 ws_n486            ball     seed 0: 4.798 mx=32 skip=None bacc=129 (60.0s)
P16 ws_n486            ball     seed 1: 4.722 mx=21 skip=None bacc=129 (60.0s)
P16 ws_n486            ball     seed 2: 4.955 mx=34 skip=None bacc=118 (60.0s)
P16 ws_n486            ball-rng seed 0: 4.652 mx=23 skip=None bacc=140 (60.0s)
P16 ws_n486            ball-rng seed 1: 4.636 mx=29 skip=None bacc=114 (60.0s)
P16 ws_n486            ball-rng seed 2: 4.593 mx=24 skip=None bacc=114 (60.0s)

summary (mean ACL; d = ball-rng - mm+ball, negative = wins):
Z12 K100               mm+ball=7.79(3) ball=7.78(3) ball-rng=7.84(3) mx 9.0->9.0 t 60.433->60.467s d=+0.050
Z12 K140               mm+ball=10.229(3) ball=10.229(3) ball-rng=10.229(3) mx 11.0->11.0 t 66.433->60.633s d=+0.000
Z12 ER100_d10          mm+ball=4.657(3) ball=5.35(3) ball-rng=5.397(3) mx 8.333->10.333 t 59.967->60.067s d=+0.740
Z12 turan_n162         mm+ball=6.023(10) ball=6.612(10) ball-rng=6.633(10) mx 6.1->8.4 t 60.26->61.71s d=+0.610
Z12 spin_glass_n163    mm+ball=11.356(3) ball=11.356(3) ball-rng=11.399(3) mx 13.0->13.0 t 60.367->61.667s d=+0.043
Z12 regular_n316       mm+ball=2.789(3) ball=3.763(3) ball-rng=3.735(3) mx 7.0->13.0 t 60.2->60.0s d=+0.946
Z12 ws_n486            mm+ball=2.763(10) ball=4.126(10) ball-rng=4.141(10) mx 9.8->20.6 t 60.08->60.01s d=+1.378
Z12 grid_200           mm+ball=1.12(3) ball=1.435(3) ball-rng=1.352(3) mx 2.0->4.0 t 34.7->60.0s d=+0.232
Z12 honeycomb_200      mm+ball=1.09(3) ball=1.448(3) ball-rng=1.378(3) mx 2.0->4.333 t 24.633->60.0s d=+0.288
Z12 king_graph_196     mm+ball=1.517(3) ball=1.842(3) ball-rng=1.848(3) mx 2.667->4.333 t 51.633->60.0s d=+0.331
P16 K100               mm+ball=11.43(3) ball=11.41(3) ball-rng=11.447(3) mx 15.667->17.333 t 60.433->60.467s d=+0.017
P16 turan_n162         mm+ball=7.654(3) ball=7.654(3) ball-rng=7.664(3) mx 8.0->10.667 t 61.533->60.233s d=+0.010
P16 ws_n486            mm+ball=3.366(3) ball=4.825(3) ball-rng=4.627(3) mx 13.0->25.333 t 60.0->60.0s d=+1.261
load at end: (62.98583984375, 80.3564453125, 64.4443359375)
done-probe
