13 cells, 106 jobs; load (62.576171875, 65.09765625, 69.05859375)
/data/max/ember/docs/paper2/data/tail_probe6.py:59: DeprecationWarning: dwave-networkx is deprecated and will be replaced by dwave-graphs in Ocean 10. Most functionality previously provided by dwave-networkx is now available as part of dwave-graphs under the 'dwave.graphs' namespace.
  import dwave_networkx as dnx
/data/max/ember/docs/paper2/data/tail_probe6.py:59: DeprecationWarning: dwave-networkx is deprecated and will be replaced by dwave-graphs in Ocean 10. Most functionality previously provided by dwave-networkx is now available as part of dwave-graphs under the 'dwave.graphs' namespace.
  import dwave_networkx as dnx
/data/max/ember/docs/paper2/data/tail_probe6.py:59: DeprecationWarning: dwave-networkx is deprecated and will be replaced by dwave-graphs in Ocean 10. Most functionality previously provided by dwave-networkx is now available as part of dwave-graphs under the 'dwave.graphs' namespace.
  import dwave_networkx as dnx
/data/max/ember/docs/paper2/data/tail_probe6.py:59: DeprecationWarning: dwave-networkx is deprecated and will be replaced by dwave-graphs in Ocean 10. Most functionality previously provided by dwave-networkx is now available as part of dwave-graphs under the 'dwave.graphs' namespace.
  import dwave_networkx as dnx
/data/max/ember/docs/paper2/data/tail_probe6.py:59: DeprecationWarning: dwave-networkx is deprecated and will be replaced by dwave-graphs in Ocean 10. Most functionality previously provided by dwave-networkx is now available as part of dwave-graphs under the 'dwave.graphs' namespace.
  import dwave_networkx as dnx
/data/max/ember/docs/paper2/data/tail_probe6.py:59: DeprecationWarning: dwave-networkx is deprecated and will be replaced by dwave-graphs in Ocean 10. Most functionality previously provided by dwave-networkx is now available as part of dwave-graphs under the 'dwave.graphs' namespace.
  import dwave_networkx as dnx
/data/max/ember/docs/paper2/data/tail_probe6.py:59: DeprecationWarning: dwave-networkx is deprecated and will be replaced by dwave-graphs in Ocean 10. Most functionality previously provided by dwave-networkx is now available as part of dwave-graphs under the 'dwave.graphs' namespace.
  import dwave_networkx as dnx
/data/max/ember/docs/paper2/data/tail_probe6.py:59: DeprecationWarning: dwave-networkx is deprecated and will be replaced by dwave-graphs in Ocean 10. Most functionality previously provided by dwave-networkx is now available as part of dwave-graphs under the 'dwave.graphs' namespace.
  import dwave_networkx as dnx
/data/max/ember/docs/paper2/data/tail_probe6.py:59: DeprecationWarning: dwave-networkx is deprecated and will be replaced by dwave-graphs in Ocean 10. Most functionality previously provided by dwave-networkx is now available as part of dwave-graphs under the 'dwave.graphs' namespace.
  import dwave_networkx as dnx
/data/max/ember/docs/paper2/data/tail_probe6.py:59: DeprecationWarning: dwave-networkx is deprecated and will be replaced by dwave-graphs in Ocean 10. Most functionality previously provided by dwave-networkx is now available as part of dwave-graphs under the 'dwave.graphs' namespace.
  import dwave_networkx as dnx
/data/max/ember/docs/paper2/data/tail_probe6.py:59: DeprecationWarning: dwave-networkx is deprecated and will be replaced by dwave-graphs in Ocean 10. Most functionality previously provided by dwave-networkx is now available as part of dwave-graphs under the 'dwave.graphs' namespace.
  import dwave_networkx as dnx
/data/max/ember/docs/paper2/data/tail_probe6.py:59: DeprecationWarning: dwave-networkx is deprecated and will be replaced by dwave-graphs in Ocean 10. Most functionality previously provided by dwave-networkx is now available as part of dwave-graphs under the 'dwave.graphs' namespace.
  import dwave_networkx as dnx
/data/max/ember/docs/paper2/data/tail_probe6.py:59: DeprecationWarning: dwave-networkx is deprecated and will be replaced by dwave-graphs in Ocean 10. Most functionality previously provided by dwave-networkx is now available as part of dwave-graphs under the 'dwave.graphs' namespace.
  import dwave_networkx as dnx
/data/max/ember/docs/paper2/data/tail_probe6.py:59: DeprecationWarning: dwave-networkx is deprecated and will be replaced by dwave-graphs in Ocean 10. Most functionality previously provided by dwave-networkx is now available as part of dwave-graphs under the 'dwave.graphs' namespace.
  import dwave_networkx as dnx
/data/max/ember/docs/paper2/data/tail_probe6.py:59: DeprecationWarning: dwave-networkx is deprecated and will be replaced by dwave-graphs in Ocean 10. Most functionality previously provided by dwave-networkx is now available as part of dwave-graphs under the 'dwave.graphs' namespace.
  import dwave_networkx as dnx
/data/max/ember/docs/paper2/data/tail_probe6.py:59: DeprecationWarning: dwave-networkx is deprecated and will be replaced by dwave-graphs in Ocean 10. Most functionality previously provided by dwave-networkx is now available as part of dwave-graphs under the 'dwave.graphs' namespace.
  import dwave_networkx as dnx
/data/max/ember/docs/paper2/data/tail_probe6.py:59: DeprecationWarning: dwave-networkx is deprecated and will be replaced by dwave-graphs in Ocean 10. Most functionality previously provided by dwave-networkx is now available as part of dwave-graphs under the 'dwave.graphs' namespace.
  import dwave_networkx as dnx
/data/max/ember/docs/paper2/data/tail_probe6.py:59: DeprecationWarning: dwave-networkx is deprecated and will be replaced by dwave-graphs in Ocean 10. Most functionality previously provided by dwave-networkx is now available as part of dwave-graphs under the 'dwave.graphs' namespace.
  import dwave_networkx as dnx
/data/max/ember/docs/paper2/data/tail_probe6.py:59: DeprecationWarning: dwave-networkx is deprecated and will be replaced by dwave-graphs in Ocean 10. Most functionality previously provided by dwave-networkx is now available as part of dwave-graphs under the 'dwave.graphs' namespace.
  import dwave_networkx as dnx
/data/max/ember/docs/paper2/data/tail_probe6.py:59: DeprecationWarning: dwave-networkx is deprecated and will be replaced by dwave-graphs in Ocean 10. Most functionality previously provided by dwave-networkx is now available as part of dwave-graphs under the 'dwave.graphs' namespace.
  import dwave_networkx as dnx
/data/max/ember/docs/paper2/data/tail_probe6.py:59: DeprecationWarning: dwave-networkx is deprecated and will be replaced by dwave-graphs in Ocean 10. Most functionality previously provided by dwave-networkx is now available as part of dwave-graphs under the 'dwave.graphs' namespace.
  import dwave_networkx as dnx
/data/max/ember/docs/paper2/data/tail_probe6.py:59: DeprecationWarning: dwave-networkx is deprecated and will be replaced by dwave-graphs in Ocean 10. Most functionality previously provided by dwave-networkx is now available as part of dwave-graphs under the 'dwave.graphs' namespace.
  import dwave_networkx as dnx
/data/max/ember/docs/paper2/data/tail_probe6.py:59: DeprecationWarning: dwave-networkx is deprecated and will be replaced by dwave-graphs in Ocean 10. Most functionality previously provided by dwave-networkx is now available as part of dwave-graphs under the 'dwave.graphs' namespace.
  import dwave_networkx as dnx
/data/max/ember/docs/paper2/data/tail_probe6.py:59: DeprecationWarning: dwave-networkx is deprecated and will be replaced by dwave-graphs in Ocean 10. Most functionality previously provided by dwave-networkx is now available as part of dwave-graphs under the 'dwave.graphs' namespace.
  import dwave_networkx as dnx
Z12 K100               mm+ball  seed 0: 7.84 mx=9 skip=True bacc=0 q=0 (35.1s)
Z12 K100               mm+ball  seed 1: 7.84 mx=9 skip=True bacc=0 q=0 (39.7s)
Z12 K100               mm+ball  seed 2: 7.84 mx=9 skip=True bacc=0 q=0 (40.3s)
Z12 K100               rshorten+ball seed 0: 7.79 mx=9 skip=True bacc=0 q=0 (60.2s)
Z12 K100               rshorten+ball seed 1: 7.79 mx=9 skip=True bacc=0 q=0 (60.2s)
Z12 K100               rshorten+ball seed 2: 7.78 mx=9 skip=True bacc=0 q=0 (60.1s)
Z12 K140               mm+ball  seed 0: 10.229 mx=11 skip=True bacc=0 q=0 (63.5s)
Z12 K140               mm+ball  seed 1: 10.229 mx=11 skip=True bacc=0 q=0 (70.9s)
Z12 K140               mm+ball  seed 2: 10.229 mx=11 skip=True bacc=0 q=0 (60.7s)
Z12 K140               rshorten+ball seed 0: 10.229 mx=11 skip=True bacc=0 q=0 (61.0s)
Z12 K140               rshorten+ball seed 1: 10.229 mx=11 skip=True bacc=0 q=0 (60.8s)
Z12 K140               rshorten+ball seed 2: 10.229 mx=11 skip=True bacc=0 q=0 (60.9s)
Z12 ER100_d10          mm+ball  seed 0: 4.66 mx=8 skip=False bacc=0 q=61 (60.0s)
Z12 ER100_d10          mm+ball  seed 1: 5.06 mx=9 skip=False bacc=0 q=49 (60.0s)
Z12 ER100_d10          mm+ball  seed 2: 4.75 mx=8 skip=False bacc=0 q=62 (60.0s)
Z12 ER100_d10          rshorten+ball seed 0: 5.43 mx=10 skip=False bacc=0 q=45 (60.1s)
Z12 ER100_d10          rshorten+ball seed 1: 5.63 mx=11 skip=False bacc=0 q=51 (60.0s)
Z12 ER100_d10          rshorten+ball seed 2: 5.53 mx=10 skip=False bacc=0 q=46 (60.1s)
Z12 turan_n162         mm+ball  seed 0: 6.0 mx=6 skip=True bacc=0 q=22 (60.0s)
Z12 turan_n162         mm+ball  seed 1: 6.0 mx=6 skip=True bacc=0 q=22 (60.2s)
Z12 turan_n162         mm+ball  seed 2: 6.0 mx=6 skip=True bacc=0 q=22 (60.5s)
Z12 turan_n162         mm+ball  seed 3: 6.0 mx=6 skip=True bacc=0 q=22 (60.4s)
Z12 turan_n162         mm+ball  seed 4: 6.0 mx=6 skip=True bacc=0 q=22 (60.3s)
Z12 turan_n162         mm+ball  seed 5: 6.0 mx=6 skip=True bacc=0 q=22 (60.5s)
Z12 turan_n162         mm+ball  seed 6: 6.0 mx=6 skip=True bacc=0 q=22 (60.4s)
Z12 turan_n162         mm+ball  seed 7: 6.0 mx=6 skip=True bacc=0 q=22 (60.1s)
Z12 turan_n162         mm+ball  seed 8: 6.228 mx=7 skip=True bacc=0 q=23 (60.1s)
Z12 turan_n162         mm+ball  seed 9: 6.0 mx=6 skip=True bacc=0 q=22 (60.1s)
Z12 turan_n162         rshorten+ball seed 0: 6.0 mx=6 skip=True bacc=0 q=22 (61.3s)
Z12 turan_n162         rshorten+ball seed 1: 7.586 mx=12 skip=True bacc=0 q=21 (60.6s)
Z12 turan_n162         rshorten+ball seed 2: 6.0 mx=6 skip=True bacc=0 q=22 (60.1s)
Z12 turan_n162         rshorten+ball seed 3: 6.0 mx=6 skip=True bacc=0 q=22 (61.8s)
Z12 turan_n162         rshorten+ball seed 4: 6.0 mx=6 skip=True bacc=0 q=22 (60.3s)
Z12 turan_n162         rshorten+ball seed 5: 7.599 mx=12 skip=True bacc=0 q=20 (60.4s)
Z12 turan_n162         rshorten+ball seed 6: 6.0 mx=6 skip=True bacc=0 q=22 (60.1s)
Z12 turan_n162         rshorten+ball seed 7: 7.605 mx=12 skip=True bacc=0 q=21 (60.3s)
Z12 turan_n162         rshorten+ball seed 8: 7.63 mx=12 skip=True bacc=0 q=22 (63.1s)
Z12 turan_n162         rshorten+ball seed 9: 6.0 mx=6 skip=True bacc=0 q=22 (60.7s)
Z12 spin_glass_n163    mm+ball  seed 0: 11.417 mx=13 skip=True bacc=0 q=7 (52.6s)
Z12 spin_glass_n163    mm+ball  seed 1: 11.417 mx=13 skip=True bacc=0 q=7 (51.8s)
Z12 spin_glass_n163    mm+ball  seed 2: 11.417 mx=13 skip=True bacc=0 q=7 (57.3s)
Z12 spin_glass_n163    rshorten+ball seed 0: 11.368 mx=13 skip=True bacc=0 q=6 (60.2s)
Z12 spin_glass_n163    rshorten+ball seed 1: 11.362 mx=13 skip=True bacc=0 q=7 (60.8s)
Z12 spin_glass_n163    rshorten+ball seed 2: 11.368 mx=13 skip=True bacc=0 q=6 (60.8s)
Z12 regular_n316       mm+ball  seed 0: 2.924 mx=7 skip=False bacc=1 q=305 (60.2s)
Z12 regular_n316       mm+ball  seed 1: 2.769 mx=6 skip=False bacc=0 q=305 (60.3s)
Z12 regular_n316       mm+ball  seed 2: 2.861 mx=7 skip=False bacc=1 q=309 (60.1s)
Z12 regular_n316       rshorten+ball seed 0: 4.035 mx=12 skip=False bacc=0 q=313 (60.8s)
Z12 regular_n316       rshorten+ball seed 1: 4.022 mx=13 skip=False bacc=0 q=312 (60.1s)
Z12 regular_n316       rshorten+ball seed 2: 4.047 mx=13 skip=False bacc=0 q=313 (60.1s)
Z12 ws_n486            mm+ball  seed 0: 3.138 mx=10 skip=False bacc=2 q=467 (60.0s)
Z12 ws_n486            mm+ball  seed 1: 2.763 mx=10 skip=False bacc=0 q=466 (60.0s)
Z12 ws_n486            mm+ball  seed 2: 3.309 mx=13 skip=False bacc=0 q=470 (60.0s)
Z12 ws_n486            mm+ball  seed 3: 2.889 mx=9 skip=False bacc=1 q=464 (60.0s)
Z12 ws_n486            mm+ball  seed 4: 2.887 mx=10 skip=False bacc=0 q=460 (60.0s)
Z12 ws_n486            mm+ball  seed 5: 2.949 mx=9 skip=False bacc=0 q=475 (60.0s)
Z12 ws_n486            mm+ball  seed 6: 2.977 mx=11 skip=False bacc=0 q=464 (60.0s)
Z12 ws_n486            mm+ball  seed 7: 2.827 mx=9 skip=False bacc=0 q=466 (60.0s)
Z12 ws_n486            mm+ball  seed 8: 3.115 mx=11 skip=False bacc=0 q=467 (60.1s)
Z12 ws_n486            mm+ball  seed 9: 3.354 mx=12 skip=False bacc=0 q=471 (60.0s)
Z12 ws_n486            rshorten+ball seed 0: 4.414 mx=24 skip=False bacc=0 q=472 (60.2s)
Z12 ws_n486            rshorten+ball seed 1: 4.486 mx=23 skip=False bacc=0 q=470 (60.2s)
Z12 ws_n486            rshorten+ball seed 2: 4.097 mx=21 skip=False bacc=0 q=477 (60.3s)
Z12 ws_n486            rshorten+ball seed 3: 4.043 mx=21 skip=False bacc=0 q=472 (60.1s)
Z12 ws_n486            rshorten+ball seed 4: 4.307 mx=21 skip=False bacc=0 q=477 (60.1s)
Z12 ws_n486            rshorten+ball seed 5: 4.163 mx=21 skip=False bacc=0 q=470 (60.2s)
Z12 ws_n486            rshorten+ball seed 6: 4.066 mx=23 skip=False bacc=0 q=472 (60.2s)
Z12 ws_n486            rshorten+ball seed 7: 4.282 mx=20 skip=False bacc=0 q=476 (60.1s)
Z12 ws_n486            rshorten+ball seed 8: 4.457 mx=26 skip=False bacc=0 q=479 (60.1s)
Z12 ws_n486            rshorten+ball seed 9: 4.097 mx=19 skip=False bacc=0 q=467 (60.1s)
Z12 grid_200           mm+ball  seed 0: 1.09 mx=2 skip=False bacc=0 q=128 (51.5s)
Z12 grid_200           mm+ball  seed 1: 1.145 mx=2 skip=False bacc=0 q=134 (56.3s)
Z12 grid_200           mm+ball  seed 2: 1.13 mx=2 skip=False bacc=0 q=147 (43.1s)
Z12 grid_200           rshorten+ball seed 0: 1.435 mx=4 skip=False bacc=12 q=156 (60.0s)
Z12 grid_200           rshorten+ball seed 1: 1.515 mx=5 skip=False bacc=10 q=165 (60.0s)
Z12 grid_200           rshorten+ball seed 2: 1.55 mx=4 skip=False bacc=8 q=167 (60.0s)
Z12 honeycomb_200      mm+ball  seed 0: 1.085 mx=2 skip=False bacc=0 q=129 (27.1s)
Z12 honeycomb_200      mm+ball  seed 1: 1.09 mx=2 skip=False bacc=0 q=139 (27.5s)
Z12 honeycomb_200      mm+ball  seed 2: 1.095 mx=2 skip=False bacc=0 q=139 (29.0s)
Z12 honeycomb_200      rshorten+ball seed 0: 1.385 mx=4 skip=False bacc=10 q=163 (60.0s)
Z12 honeycomb_200      rshorten+ball seed 1: 1.365 mx=4 skip=False bacc=11 q=165 (60.0s)
Z12 honeycomb_200      rshorten+ball seed 2: 1.365 mx=4 skip=False bacc=12 q=170 (60.0s)
Z12 king_graph_196     mm+ball  seed 0: 1.561 mx=3 skip=False bacc=0 q=125 (60.0s)
Z12 king_graph_196     mm+ball  seed 1: 1.531 mx=3 skip=False bacc=0 q=141 (60.1s)
Z12 king_graph_196     mm+ball  seed 2: 1.49 mx=2 skip=False bacc=1 q=125 (60.0s)
Z12 king_graph_196     rshorten+ball seed 0: 2.066 mx=4 skip=False bacc=0 q=142 (60.1s)
Z12 king_graph_196     rshorten+ball seed 1: 1.959 mx=5 skip=False bacc=0 q=136 (60.2s)
Z12 king_graph_196     rshorten+ball seed 2: 1.929 mx=4 skip=False bacc=1 q=143 (60.0s)
P16 K100               mm+ball  seed 0: 11.23 mx=16 skip=None bacc=0 q=0 (29.4s)
P16 K100               mm+ball  seed 1: 11.51 mx=17 skip=None bacc=0 q=0 (28.1s)
P16 K100               mm+ball  seed 2: 11.65 mx=17 skip=None bacc=0 q=0 (60.4s)
P16 K100               rshorten+ball seed 0: 11.18 mx=16 skip=None bacc=0 q=0 (60.9s)
P16 K100               rshorten+ball seed 1: 11.44 mx=14 skip=None bacc=0 q=0 (60.3s)
P16 K100               rshorten+ball seed 2: 11.6 mx=19 skip=None bacc=0 q=0 (60.6s)
P16 turan_n162         mm+ball  seed 0: 7.654 mx=8 skip=None bacc=0 q=16 (60.5s)
P16 turan_n162         mm+ball  seed 1: 7.654 mx=8 skip=None bacc=0 q=16 (60.4s)
P16 turan_n162         mm+ball  seed 2: 7.654 mx=8 skip=None bacc=0 q=16 (60.2s)
P16 turan_n162         rshorten+ball seed 0: 7.654 mx=8 skip=None bacc=0 q=16 (60.4s)
P16 turan_n162         rshorten+ball seed 1: 7.691 mx=16 skip=None bacc=0 q=11 (60.3s)
P16 turan_n162         rshorten+ball seed 2: 7.654 mx=8 skip=None bacc=0 q=16 (60.5s)
P16 ws_n486            mm+ball  seed 0: 3.595 mx=13 skip=None bacc=0 q=423 (60.0s)
P16 ws_n486            mm+ball  seed 1: 3.502 mx=13 skip=None bacc=0 q=424 (60.0s)
P16 ws_n486            mm+ball  seed 2: 3.591 mx=13 skip=None bacc=0 q=423 (60.0s)
P16 ws_n486            rshorten+ball seed 0: 4.562 mx=23 skip=None bacc=0 q=453 (60.1s)
P16 ws_n486            rshorten+ball seed 1: 4.821 mx=27 skip=None bacc=0 q=445 (60.1s)
P16 ws_n486            rshorten+ball seed 2: 5.187 mx=27 skip=None bacc=0 q=453 (60.2s)

summary (mean ACL; d = rshorten+ball - mm+ball, negative = wins):
Z12 K100               mm+ball=7.84(3) rshorten+ball=7.787(3) mx 9.0->9.0 t 38.367->60.167s d=-0.053
Z12 K140               mm+ball=10.229(3) rshorten+ball=10.229(3) mx 11.0->11.0 t 65.033->60.9s d=+0.000
Z12 ER100_d10          mm+ball=4.823(3) rshorten+ball=5.53(3) mx 8.333->10.333 t 60.0->60.067s d=+0.707
Z12 turan_n162         mm+ball=6.023(10) rshorten+ball=6.642(10) mx 6.1->8.4 t 60.26->60.87s d=+0.619
Z12 spin_glass_n163    mm+ball=11.417(3) rshorten+ball=11.366(3) mx 13.0->13.0 t 53.9->60.6s d=-0.051
Z12 regular_n316       mm+ball=2.851(3) rshorten+ball=4.035(3) mx 6.667->12.667 t 60.2->60.333s d=+1.184
Z12 ws_n486            mm+ball=3.021(10) rshorten+ball=4.241(10) mx 10.4->21.9 t 60.01->60.16s d=+1.220
Z12 grid_200           mm+ball=1.122(3) rshorten+ball=1.5(3) mx 2.0->4.333 t 50.3->60.0s d=+0.378
Z12 honeycomb_200      mm+ball=1.09(3) rshorten+ball=1.372(3) mx 2.0->4.0 t 27.867->60.0s d=+0.282
Z12 king_graph_196     mm+ball=1.527(3) rshorten+ball=1.985(3) mx 2.667->4.333 t 60.033->60.1s d=+0.458
P16 K100               mm+ball=11.463(3) rshorten+ball=11.407(3) mx 16.667->16.333 t 39.3->60.6s d=-0.056
P16 turan_n162         mm+ball=7.654(3) rshorten+ball=7.666(3) mx 8.0->10.667 t 60.367->60.4s d=+0.012
P16 ws_n486            mm+ball=3.563(3) rshorten+ball=4.857(3) mx 13.0->25.667 t 60.0->60.133s d=+1.294
load at end: (79.89892578125, 85.982421875, 77.8408203125)
done-probe
