13 cells, 159 jobs; load (50.51171875, 52.728515625, 55.97412109375)
/data/max/ember/docs/paper2/data/tail_probe7.py:64: DeprecationWarning: dwave-networkx is deprecated and will be replaced by dwave-graphs in Ocean 10. Most functionality previously provided by dwave-networkx is now available as part of dwave-graphs under the 'dwave.graphs' namespace.
  import dwave_networkx as dnx
/data/max/ember/docs/paper2/data/tail_probe7.py:64: DeprecationWarning: dwave-networkx is deprecated and will be replaced by dwave-graphs in Ocean 10. Most functionality previously provided by dwave-networkx is now available as part of dwave-graphs under the 'dwave.graphs' namespace.
  import dwave_networkx as dnx
/data/max/ember/docs/paper2/data/tail_probe7.py:64: DeprecationWarning: dwave-networkx is deprecated and will be replaced by dwave-graphs in Ocean 10. Most functionality previously provided by dwave-networkx is now available as part of dwave-graphs under the 'dwave.graphs' namespace.
  import dwave_networkx as dnx
/data/max/ember/docs/paper2/data/tail_probe7.py:64: DeprecationWarning: dwave-networkx is deprecated and will be replaced by dwave-graphs in Ocean 10. Most functionality previously provided by dwave-networkx is now available as part of dwave-graphs under the 'dwave.graphs' namespace.
  import dwave_networkx as dnx
/data/max/ember/docs/paper2/data/tail_probe7.py:64: DeprecationWarning: dwave-networkx is deprecated and will be replaced by dwave-graphs in Ocean 10. Most functionality previously provided by dwave-networkx is now available as part of dwave-graphs under the 'dwave.graphs' namespace.
  import dwave_networkx as dnx
/data/max/ember/docs/paper2/data/tail_probe7.py:64: DeprecationWarning: dwave-networkx is deprecated and will be replaced by dwave-graphs in Ocean 10. Most functionality previously provided by dwave-networkx is now available as part of dwave-graphs under the 'dwave.graphs' namespace.
  import dwave_networkx as dnx
/data/max/ember/docs/paper2/data/tail_probe7.py:64: DeprecationWarning: dwave-networkx is deprecated and will be replaced by dwave-graphs in Ocean 10. Most functionality previously provided by dwave-networkx is now available as part of dwave-graphs under the 'dwave.graphs' namespace.
  import dwave_networkx as dnx
/data/max/ember/docs/paper2/data/tail_probe7.py:64: DeprecationWarning: dwave-networkx is deprecated and will be replaced by dwave-graphs in Ocean 10. Most functionality previously provided by dwave-networkx is now available as part of dwave-graphs under the 'dwave.graphs' namespace.
  import dwave_networkx as dnx
/data/max/ember/docs/paper2/data/tail_probe7.py:64: DeprecationWarning: dwave-networkx is deprecated and will be replaced by dwave-graphs in Ocean 10. Most functionality previously provided by dwave-networkx is now available as part of dwave-graphs under the 'dwave.graphs' namespace.
  import dwave_networkx as dnx
/data/max/ember/docs/paper2/data/tail_probe7.py:64: DeprecationWarning: dwave-networkx is deprecated and will be replaced by dwave-graphs in Ocean 10. Most functionality previously provided by dwave-networkx is now available as part of dwave-graphs under the 'dwave.graphs' namespace.
  import dwave_networkx as dnx
/data/max/ember/docs/paper2/data/tail_probe7.py:64: DeprecationWarning: dwave-networkx is deprecated and will be replaced by dwave-graphs in Ocean 10. Most functionality previously provided by dwave-networkx is now available as part of dwave-graphs under the 'dwave.graphs' namespace.
  import dwave_networkx as dnx
/data/max/ember/docs/paper2/data/tail_probe7.py:64: DeprecationWarning: dwave-networkx is deprecated and will be replaced by dwave-graphs in Ocean 10. Most functionality previously provided by dwave-networkx is now available as part of dwave-graphs under the 'dwave.graphs' namespace.
  import dwave_networkx as dnx
/data/max/ember/docs/paper2/data/tail_probe7.py:64: DeprecationWarning: dwave-networkx is deprecated and will be replaced by dwave-graphs in Ocean 10. Most functionality previously provided by dwave-networkx is now available as part of dwave-graphs under the 'dwave.graphs' namespace.
  import dwave_networkx as dnx
/data/max/ember/docs/paper2/data/tail_probe7.py:64: DeprecationWarning: dwave-networkx is deprecated and will be replaced by dwave-graphs in Ocean 10. Most functionality previously provided by dwave-networkx is now available as part of dwave-graphs under the 'dwave.graphs' namespace.
  import dwave_networkx as dnx
/data/max/ember/docs/paper2/data/tail_probe7.py:64: DeprecationWarning: dwave-networkx is deprecated and will be replaced by dwave-graphs in Ocean 10. Most functionality previously provided by dwave-networkx is now available as part of dwave-graphs under the 'dwave.graphs' namespace.
  import dwave_networkx as dnx
/data/max/ember/docs/paper2/data/tail_probe7.py:64: DeprecationWarning: dwave-networkx is deprecated and will be replaced by dwave-graphs in Ocean 10. Most functionality previously provided by dwave-networkx is now available as part of dwave-graphs under the 'dwave.graphs' namespace.
  import dwave_networkx as dnx
/data/max/ember/docs/paper2/data/tail_probe7.py:64: DeprecationWarning: dwave-networkx is deprecated and will be replaced by dwave-graphs in Ocean 10. Most functionality previously provided by dwave-networkx is now available as part of dwave-graphs under the 'dwave.graphs' namespace.
  import dwave_networkx as dnx
/data/max/ember/docs/paper2/data/tail_probe7.py:64: DeprecationWarning: dwave-networkx is deprecated and will be replaced by dwave-graphs in Ocean 10. Most functionality previously provided by dwave-networkx is now available as part of dwave-graphs under the 'dwave.graphs' namespace.
  import dwave_networkx as dnx
/data/max/ember/docs/paper2/data/tail_probe7.py:64: DeprecationWarning: dwave-networkx is deprecated and will be replaced by dwave-graphs in Ocean 10. Most functionality previously provided by dwave-networkx is now available as part of dwave-graphs under the 'dwave.graphs' namespace.
  import dwave_networkx as dnx
/data/max/ember/docs/paper2/data/tail_probe7.py:64: DeprecationWarning: dwave-networkx is deprecated and will be replaced by dwave-graphs in Ocean 10. Most functionality previously provided by dwave-networkx is now available as part of dwave-graphs under the 'dwave.graphs' namespace.
  import dwave_networkx as dnx
/data/max/ember/docs/paper2/data/tail_probe7.py:64: DeprecationWarning: dwave-networkx is deprecated and will be replaced by dwave-graphs in Ocean 10. Most functionality previously provided by dwave-networkx is now available as part of dwave-graphs under the 'dwave.graphs' namespace.
  import dwave_networkx as dnx
/data/max/ember/docs/paper2/data/tail_probe7.py:64: DeprecationWarning: dwave-networkx is deprecated and will be replaced by dwave-graphs in Ocean 10. Most functionality previously provided by dwave-networkx is now available as part of dwave-graphs under the 'dwave.graphs' namespace.
  import dwave_networkx as dnx
/data/max/ember/docs/paper2/data/tail_probe7.py:64: DeprecationWarning: dwave-networkx is deprecated and will be replaced by dwave-graphs in Ocean 10. Most functionality previously provided by dwave-networkx is now available as part of dwave-graphs under the 'dwave.graphs' namespace.
  import dwave_networkx as dnx
/data/max/ember/docs/paper2/data/tail_probe7.py:64: DeprecationWarning: dwave-networkx is deprecated and will be replaced by dwave-graphs in Ocean 10. Most functionality previously provided by dwave-networkx is now available as part of dwave-graphs under the 'dwave.graphs' namespace.
  import dwave_networkx as dnx
Z12 K100               mm+ball  seed 0: 7.84 mx=9 skip=True bacc=0 q=0 (29.2s)
Z12 K100               mm+ball  seed 1: 7.84 mx=9 skip=True bacc=0 q=0 (33.1s)
Z12 K100               mm+ball  seed 2: 7.84 mx=9 skip=True bacc=0 q=0 (31.6s)
Z12 K100               ball     seed 0: 7.84 mx=9 skip=True bacc=0 q=0 (1.4s)
Z12 K100               ball     seed 1: 7.84 mx=9 skip=True bacc=0 q=0 (1.3s)
Z12 K100               ball     seed 2: 7.84 mx=9 skip=True bacc=0 q=0 (1.3s)
Z12 K100               ball-rng seed 0: 7.84 mx=9 skip=True bacc=0 q=0 (2.0s)
Z12 K100               ball-rng seed 1: 7.84 mx=9 skip=True bacc=0 q=0 (1.8s)
Z12 K100               ball-rng seed 2: 7.84 mx=9 skip=True bacc=0 q=0 (2.0s)
Z12 K140               mm+ball  seed 0: 10.229 mx=11 skip=True bacc=0 q=0 (68.3s)
Z12 K140               mm+ball  seed 1: 10.229 mx=11 skip=True bacc=0 q=0 (63.3s)
Z12 K140               mm+ball  seed 2: 10.229 mx=11 skip=True bacc=0 q=0 (67.0s)
Z12 K140               ball     seed 0: 10.229 mx=11 skip=True bacc=0 q=0 (3.7s)
Z12 K140               ball     seed 1: 10.229 mx=11 skip=True bacc=0 q=0 (5.3s)
Z12 K140               ball     seed 2: 10.229 mx=11 skip=True bacc=0 q=0 (3.8s)
Z12 K140               ball-rng seed 0: 10.229 mx=11 skip=True bacc=0 q=0 (3.4s)
Z12 K140               ball-rng seed 1: 10.229 mx=11 skip=True bacc=0 q=0 (3.6s)
Z12 K140               ball-rng seed 2: 10.229 mx=11 skip=True bacc=0 q=0 (5.5s)
Z12 ER100_d10          mm+ball  seed 0: 4.66 mx=8 skip=False bacc=0 q=61 (60.1s)
Z12 ER100_d10          mm+ball  seed 1: 5.06 mx=9 skip=False bacc=0 q=49 (60.0s)
Z12 ER100_d10          mm+ball  seed 2: 4.75 mx=8 skip=False bacc=0 q=62 (60.1s)
Z12 ER100_d10          ball     seed 0: 5.94 mx=10 skip=False bacc=1 q=42 (60.0s)
Z12 ER100_d10          ball     seed 1: 5.99 mx=10 skip=False bacc=1 q=42 (60.1s)
Z12 ER100_d10          ball     seed 2: 5.94 mx=10 skip=False bacc=1 q=42 (60.0s)
Z12 ER100_d10          ball-rng seed 0: 5.9 mx=10 skip=False bacc=1 q=46 (60.0s)
Z12 ER100_d10          ball-rng seed 1: 6.01 mx=10 skip=False bacc=1 q=42 (60.1s)
Z12 ER100_d10          ball-rng seed 2: 5.96 mx=13 skip=False bacc=1 q=42 (60.0s)
Z12 turan_n162         mm+ball  seed 0: 6.0 mx=6 skip=True bacc=0 q=22 (60.4s)
Z12 turan_n162         mm+ball  seed 1: 6.0 mx=6 skip=True bacc=0 q=22 (60.6s)
Z12 turan_n162         mm+ball  seed 2: 6.0 mx=6 skip=True bacc=0 q=22 (60.2s)
Z12 turan_n162         mm+ball  seed 3: 6.0 mx=6 skip=True bacc=0 q=22 (60.7s)
Z12 turan_n162         mm+ball  seed 4: 6.0 mx=6 skip=True bacc=0 q=22 (60.3s)
Z12 turan_n162         mm+ball  seed 5: 6.0 mx=6 skip=True bacc=0 q=22 (60.3s)
Z12 turan_n162         mm+ball  seed 6: 6.0 mx=6 skip=True bacc=0 q=22 (60.2s)
Z12 turan_n162         mm+ball  seed 7: 6.0 mx=6 skip=True bacc=0 q=22 (60.4s)
Z12 turan_n162         mm+ball  seed 8: 6.228 mx=7 skip=True bacc=0 q=23 (60.3s)
Z12 turan_n162         mm+ball  seed 9: 6.0 mx=6 skip=True bacc=0 q=22 (60.4s)
Z12 turan_n162         ball     seed 0: 6.0 mx=6 skip=True bacc=0 q=22 (60.3s)
Z12 turan_n162         ball     seed 1: 7.63 mx=12 skip=True bacc=0 q=22 (60.2s)
Z12 turan_n162         ball     seed 2: 6.0 mx=6 skip=True bacc=0 q=22 (60.4s)
Z12 turan_n162         ball     seed 3: 6.0 mx=6 skip=True bacc=0 q=22 (60.0s)
Z12 turan_n162         ball     seed 4: 6.0 mx=6 skip=True bacc=0 q=22 (61.8s)
Z12 turan_n162         ball     seed 5: 7.63 mx=12 skip=True bacc=0 q=22 (60.2s)
Z12 turan_n162         ball     seed 6: 6.0 mx=6 skip=True bacc=0 q=22 (61.2s)
Z12 turan_n162         ball     seed 7: 7.63 mx=12 skip=True bacc=0 q=22 (60.2s)
Z12 turan_n162         ball     seed 8: 7.63 mx=12 skip=True bacc=0 q=22 (60.4s)
Z12 turan_n162         ball     seed 9: 6.0 mx=6 skip=True bacc=0 q=22 (61.8s)
Z12 turan_n162         ball-rng seed 0: 6.0 mx=6 skip=True bacc=0 q=22 (61.4s)
Z12 turan_n162         ball-rng seed 1: 7.63 mx=12 skip=True bacc=0 q=22 (61.5s)
Z12 turan_n162         ball-rng seed 2: 6.0 mx=6 skip=True bacc=0 q=22 (64.3s)
Z12 turan_n162         ball-rng seed 3: 6.0 mx=6 skip=True bacc=0 q=22 (62.7s)
Z12 turan_n162         ball-rng seed 4: 6.0 mx=6 skip=True bacc=0 q=22 (61.5s)
Z12 turan_n162         ball-rng seed 5: 7.63 mx=12 skip=True bacc=0 q=22 (60.4s)
Z12 turan_n162         ball-rng seed 6: 6.0 mx=6 skip=True bacc=0 q=22 (63.7s)
Z12 turan_n162         ball-rng seed 7: 7.63 mx=12 skip=True bacc=0 q=22 (62.8s)
Z12 turan_n162         ball-rng seed 8: 7.63 mx=12 skip=True bacc=0 q=22 (62.5s)
Z12 turan_n162         ball-rng seed 9: 6.0 mx=6 skip=True bacc=0 q=22 (63.6s)
Z12 spin_glass_n163    mm+ball  seed 0: 11.417 mx=13 skip=True bacc=0 q=7 (54.7s)
Z12 spin_glass_n163    mm+ball  seed 1: 11.417 mx=13 skip=True bacc=0 q=7 (49.5s)
Z12 spin_glass_n163    mm+ball  seed 2: 11.417 mx=13 skip=True bacc=0 q=7 (49.7s)
Z12 spin_glass_n163    ball     seed 0: 11.417 mx=13 skip=True bacc=0 q=7 (25.7s)
Z12 spin_glass_n163    ball     seed 1: 11.417 mx=13 skip=True bacc=0 q=7 (25.5s)
Z12 spin_glass_n163    ball     seed 2: 11.417 mx=13 skip=True bacc=0 q=7 (25.9s)
Z12 spin_glass_n163    ball-rng seed 0: 11.417 mx=13 skip=True bacc=0 q=7 (54.5s)
Z12 spin_glass_n163    ball-rng seed 1: 11.417 mx=13 skip=True bacc=0 q=7 (57.9s)
Z12 spin_glass_n163    ball-rng seed 2: 11.417 mx=13 skip=True bacc=0 q=7 (57.7s)
Z12 regular_n316       mm+ball  seed 0: 2.924 mx=7 skip=False bacc=1 q=305 (60.0s)
Z12 regular_n316       mm+ball  seed 1: 2.769 mx=6 skip=False bacc=0 q=305 (60.0s)
Z12 regular_n316       mm+ball  seed 2: 2.861 mx=7 skip=False bacc=1 q=309 (60.0s)
Z12 regular_n316       ball     seed 0: 4.225 mx=14 skip=False bacc=8 q=314 (60.0s)
Z12 regular_n316       ball     seed 1: 4.085 mx=13 skip=False bacc=6 q=310 (60.0s)
Z12 regular_n316       ball     seed 2: 4.351 mx=16 skip=False bacc=5 q=313 (60.0s)
Z12 regular_n316       ball-rng seed 0: 4.054 mx=13 skip=False bacc=9 q=314 (60.1s)
Z12 regular_n316       ball-rng seed 1: 4.019 mx=15 skip=False bacc=7 q=310 (60.4s)
Z12 regular_n316       ball-rng seed 2: 4.244 mx=13 skip=False bacc=6 q=313 (60.5s)
Z12 ws_n486            mm+ball  seed 0: 2.975 mx=10 skip=False bacc=0 q=465 (60.3s)
Z12 ws_n486            mm+ball  seed 1: 2.903 mx=10 skip=False bacc=0 q=458 (60.0s)
Z12 ws_n486            mm+ball  seed 2: 2.955 mx=10 skip=False bacc=0 q=463 (60.1s)
Z12 ws_n486            mm+ball  seed 3: 3.251 mx=10 skip=False bacc=0 q=475 (60.0s)
Z12 ws_n486            mm+ball  seed 4: 2.887 mx=10 skip=False bacc=0 q=460 (60.3s)
Z12 ws_n486            mm+ball  seed 5: 2.949 mx=9 skip=False bacc=0 q=475 (60.4s)
Z12 ws_n486            mm+ball  seed 6: 2.825 mx=10 skip=False bacc=0 q=466 (60.4s)
Z12 ws_n486            mm+ball  seed 7: 2.848 mx=10 skip=False bacc=0 q=466 (60.3s)
Z12 ws_n486            mm+ball  seed 8: 2.784 mx=9 skip=False bacc=0 q=464 (60.1s)
Z12 ws_n486            mm+ball  seed 9: 3.111 mx=10 skip=False bacc=0 q=468 (60.0s)
Z12 ws_n486            ball     seed 0: 4.523 mx=27 skip=False bacc=5 q=474 (60.5s)
Z12 ws_n486            ball     seed 1: 4.551 mx=23 skip=False bacc=4 q=469 (60.7s)
Z12 ws_n486            ball     seed 2: 4.726 mx=19 skip=False bacc=4 q=482 (60.0s)
Z12 ws_n486            ball     seed 3: 4.642 mx=24 skip=False bacc=5 q=475 (60.0s)
Z12 ws_n486            ball     seed 4: 4.677 mx=25 skip=False bacc=4 q=479 (60.0s)
Z12 ws_n486            ball     seed 5: 4.778 mx=27 skip=False bacc=3 q=475 (60.0s)
Z12 ws_n486            ball     seed 6: 4.467 mx=24 skip=False bacc=8 q=475 (60.0s)
Z12 ws_n486            ball     seed 7: 4.504 mx=21 skip=False bacc=7 q=475 (60.0s)
Z12 ws_n486            ball     seed 8: 4.811 mx=22 skip=False bacc=4 q=478 (60.0s)
Z12 ws_n486            ball     seed 9: 4.547 mx=19 skip=False bacc=2 q=474 (60.1s)
Z12 ws_n486            ball-rng seed 0: 4.426 mx=22 skip=False bacc=10 q=478 (60.0s)
Z12 ws_n486            ball-rng seed 1: 4.377 mx=18 skip=False bacc=10 q=474 (60.1s)
Z12 ws_n486            ball-rng seed 2: 4.611 mx=18 skip=False bacc=8 q=482 (60.1s)
Z12 ws_n486            ball-rng seed 3: 4.424 mx=22 skip=False bacc=5 q=474 (60.0s)
Z12 ws_n486            ball-rng seed 4: 4.539 mx=21 skip=False bacc=4 q=472 (60.0s)
Z12 ws_n486            ball-rng seed 5: 4.436 mx=22 skip=False bacc=7 q=469 (60.0s)
Z12 ws_n486            ball-rng seed 6: 4.556 mx=21 skip=False bacc=3 q=475 (60.0s)
Z12 ws_n486            ball-rng seed 7: 4.471 mx=23 skip=False bacc=3 q=478 (60.0s)
Z12 ws_n486            ball-rng seed 8: 4.274 mx=20 skip=False bacc=5 q=475 (60.0s)
Z12 ws_n486            ball-rng seed 9: 4.64 mx=19 skip=False bacc=5 q=470 (60.0s)
Z12 grid_200           mm+ball  seed 0: 1.09 mx=2 skip=False bacc=0 q=128 (49.6s)
Z12 grid_200           mm+ball  seed 1: 1.145 mx=2 skip=False bacc=0 q=134 (59.7s)
Z12 grid_200           mm+ball  seed 2: 1.13 mx=2 skip=False bacc=0 q=147 (49.3s)
Z12 grid_200           ball     seed 0: 1.635 mx=8 skip=False bacc=18 q=177 (60.0s)
Z12 grid_200           ball     seed 1: 1.695 mx=5 skip=False bacc=15 q=177 (60.0s)
Z12 grid_200           ball     seed 2: 1.565 mx=6 skip=False bacc=28 q=176 (60.0s)
Z12 grid_200           ball-rng seed 0: 1.345 mx=4 skip=False bacc=20 q=177 (60.0s)
Z12 grid_200           ball-rng seed 1: 1.39 mx=5 skip=False bacc=29 q=177 (60.0s)
Z12 grid_200           ball-rng seed 2: 1.425 mx=4 skip=False bacc=28 q=176 (60.0s)
Z12 honeycomb_200      mm+ball  seed 0: 1.085 mx=2 skip=False bacc=0 q=129 (40.9s)
Z12 honeycomb_200      mm+ball  seed 1: 1.09 mx=2 skip=False bacc=0 q=139 (33.8s)
Z12 honeycomb_200      mm+ball  seed 2: 1.095 mx=2 skip=False bacc=0 q=139 (39.7s)
Z12 honeycomb_200      ball     seed 0: 1.47 mx=4 skip=False bacc=17 q=168 (60.0s)
Z12 honeycomb_200      ball     seed 1: 1.405 mx=4 skip=False bacc=14 q=171 (60.0s)
Z12 honeycomb_200      ball     seed 2: 1.475 mx=4 skip=False bacc=24 q=178 (60.0s)
Z12 honeycomb_200      ball-rng seed 0: 1.44 mx=6 skip=False bacc=22 q=168 (60.0s)
Z12 honeycomb_200      ball-rng seed 1: 1.37 mx=4 skip=False bacc=17 q=171 (60.0s)
Z12 honeycomb_200      ball-rng seed 2: 1.36 mx=4 skip=False bacc=23 q=178 (60.0s)
Z12 king_graph_196     mm+ball  seed 0: 1.561 mx=3 skip=False bacc=0 q=125 (60.0s)
Z12 king_graph_196     mm+ball  seed 1: 1.531 mx=3 skip=False bacc=0 q=141 (60.0s)
Z12 king_graph_196     mm+ball  seed 2: 1.49 mx=2 skip=False bacc=1 q=125 (60.0s)
Z12 king_graph_196     ball     seed 0: 2.061 mx=7 skip=False bacc=17 q=157 (60.0s)
Z12 king_graph_196     ball     seed 1: 2.02 mx=5 skip=False bacc=15 q=131 (60.0s)
Z12 king_graph_196     ball     seed 2: 1.954 mx=11 skip=False bacc=8 q=145 (60.0s)
Z12 king_graph_196     ball-rng seed 0: 1.643 mx=4 skip=False bacc=16 q=157 (60.0s)
Z12 king_graph_196     ball-rng seed 1: 1.791 mx=5 skip=False bacc=18 q=131 (60.0s)
Z12 king_graph_196     ball-rng seed 2: 1.857 mx=5 skip=False bacc=13 q=145 (60.0s)
P16 K100               mm+ball  seed 0: 11.23 mx=16 skip=None bacc=0 q=0 (34.3s)
P16 K100               mm+ball  seed 1: 11.51 mx=17 skip=None bacc=0 q=0 (32.4s)
P16 K100               mm+ball  seed 2: 11.65 mx=17 skip=None bacc=0 q=0 (61.5s)
P16 K100               ball     seed 0: 11.23 mx=16 skip=None bacc=0 q=0 (5.1s)
P16 K100               ball     seed 1: 11.52 mx=17 skip=None bacc=0 q=0 (4.3s)
P16 K100               ball     seed 2: 11.71 mx=19 skip=None bacc=0 q=0 (3.4s)
P16 K100               ball-rng seed 0: 11.23 mx=16 skip=None bacc=0 q=0 (3.8s)
P16 K100               ball-rng seed 1: 11.52 mx=17 skip=None bacc=0 q=0 (4.3s)
P16 K100               ball-rng seed 2: 11.71 mx=19 skip=None bacc=0 q=0 (4.9s)
P16 turan_n162         mm+ball  seed 0: 7.654 mx=8 skip=None bacc=0 q=16 (60.6s)
P16 turan_n162         mm+ball  seed 1: 7.654 mx=8 skip=None bacc=0 q=16 (60.2s)
P16 turan_n162         mm+ball  seed 2: 7.654 mx=8 skip=None bacc=0 q=16 (60.2s)
P16 turan_n162         ball     seed 0: 7.654 mx=8 skip=None bacc=0 q=16 (60.4s)
P16 turan_n162         ball     seed 1: 7.698 mx=16 skip=None bacc=0 q=11 (60.5s)
P16 turan_n162         ball     seed 2: 7.654 mx=8 skip=None bacc=0 q=16 (60.1s)
P16 turan_n162         ball-rng seed 0: 7.654 mx=8 skip=None bacc=0 q=16 (60.5s)
P16 turan_n162         ball-rng seed 1: 7.698 mx=16 skip=None bacc=0 q=11 (60.2s)
P16 turan_n162         ball-rng seed 2: 7.654 mx=8 skip=None bacc=0 q=16 (60.5s)
P16 ws_n486            mm+ball  seed 0: 3.658 mx=14 skip=None bacc=0 q=428 (60.0s)
P16 ws_n486            mm+ball  seed 1: 3.798 mx=14 skip=None bacc=0 q=424 (60.0s)
P16 ws_n486            mm+ball  seed 2: 3.477 mx=13 skip=None bacc=0 q=439 (60.0s)
P16 ws_n486            ball     seed 0: 5.185 mx=23 skip=None bacc=2 q=454 (60.0s)
P16 ws_n486            ball     seed 1: 4.862 mx=27 skip=None bacc=2 q=438 (60.0s)
P16 ws_n486            ball     seed 2: 5.012 mx=29 skip=None bacc=5 q=441 (60.0s)
P16 ws_n486            ball-rng seed 0: 4.877 mx=22 skip=None bacc=3 q=450 (60.0s)
P16 ws_n486            ball-rng seed 1: 5.064 mx=27 skip=None bacc=5 q=450 (60.0s)
P16 ws_n486            ball-rng seed 2: 4.883 mx=29 skip=None bacc=5 q=441 (60.0s)

summary (mean ACL; d = ball - mm+ball, negative = wins):
Z12 K100               mm+ball=7.84(3) ball=7.84(3) ball-rng=7.84(3) mx 9.0->9.0 t 31.3->1.333s d=+0.000
Z12 K140               mm+ball=10.229(3) ball=10.229(3) ball-rng=10.229(3) mx 11.0->11.0 t 66.2->4.267s d=+0.000
Z12 ER100_d10          mm+ball=4.823(3) ball=5.957(3) ball-rng=5.957(3) mx 8.333->10.0 t 60.067->60.033s d=+1.134
Z12 turan_n162         mm+ball=6.023(10) ball=6.652(10) ball-rng=6.652(10) mx 6.1->8.4 t 60.38->60.65s d=+0.629
Z12 spin_glass_n163    mm+ball=11.417(3) ball=11.417(3) ball-rng=11.417(3) mx 13.0->13.0 t 51.3->25.7s d=+0.000
Z12 regular_n316       mm+ball=2.851(3) ball=4.22(3) ball-rng=4.106(3) mx 6.667->14.333 t 60.0->60.0s d=+1.369
Z12 ws_n486            mm+ball=2.949(10) ball=4.623(10) ball-rng=4.475(10) mx 9.8->23.1 t 60.19->60.13s d=+1.674
Z12 grid_200           mm+ball=1.122(3) ball=1.632(3) ball-rng=1.387(3) mx 2.0->6.333 t 52.867->60.0s d=+0.510
Z12 honeycomb_200      mm+ball=1.09(3) ball=1.45(3) ball-rng=1.39(3) mx 2.0->4.0 t 38.133->60.0s d=+0.360
Z12 king_graph_196     mm+ball=1.527(3) ball=2.012(3) ball-rng=1.764(3) mx 2.667->7.667 t 60.0->60.0s d=+0.485
P16 K100               mm+ball=11.463(3) ball=11.487(3) ball-rng=11.487(3) mx 16.667->17.333 t 42.733->4.267s d=+0.024
P16 turan_n162         mm+ball=7.654(3) ball=7.669(3) ball-rng=7.669(3) mx 8.0->10.667 t 60.333->60.333s d=+0.015
P16 ws_n486            mm+ball=3.644(3) ball=5.02(3) ball-rng=4.941(3) mx 13.667->26.333 t 60.0->60.0s d=+1.376
load at end: (69.64794921875, 85.02197265625, 71.31005859375)
done-probe
