13 cells, 138 jobs; load (46.18701171875, 45.71142578125, 44.7431640625)
/data/max/ember/docs/paper2/data/tail_probe.py:57: DeprecationWarning: dwave-networkx is deprecated and will be replaced by dwave-graphs in Ocean 10. Most functionality previously provided by dwave-networkx is now available as part of dwave-graphs under the 'dwave.graphs' namespace.
  import dwave_networkx as dnx
/data/max/ember/docs/paper2/data/tail_probe.py:57: DeprecationWarning: dwave-networkx is deprecated and will be replaced by dwave-graphs in Ocean 10. Most functionality previously provided by dwave-networkx is now available as part of dwave-graphs under the 'dwave.graphs' namespace.
  import dwave_networkx as dnx
/data/max/ember/docs/paper2/data/tail_probe.py:57: DeprecationWarning: dwave-networkx is deprecated and will be replaced by dwave-graphs in Ocean 10. Most functionality previously provided by dwave-networkx is now available as part of dwave-graphs under the 'dwave.graphs' namespace.
  import dwave_networkx as dnx
/data/max/ember/docs/paper2/data/tail_probe.py:57: DeprecationWarning: dwave-networkx is deprecated and will be replaced by dwave-graphs in Ocean 10. Most functionality previously provided by dwave-networkx is now available as part of dwave-graphs under the 'dwave.graphs' namespace.
  import dwave_networkx as dnx
/data/max/ember/docs/paper2/data/tail_probe.py:57: DeprecationWarning: dwave-networkx is deprecated and will be replaced by dwave-graphs in Ocean 10. Most functionality previously provided by dwave-networkx is now available as part of dwave-graphs under the 'dwave.graphs' namespace.
  import dwave_networkx as dnx
/data/max/ember/docs/paper2/data/tail_probe.py:57: DeprecationWarning: dwave-networkx is deprecated and will be replaced by dwave-graphs in Ocean 10. Most functionality previously provided by dwave-networkx is now available as part of dwave-graphs under the 'dwave.graphs' namespace.
  import dwave_networkx as dnx
/data/max/ember/docs/paper2/data/tail_probe.py:57: DeprecationWarning: dwave-networkx is deprecated and will be replaced by dwave-graphs in Ocean 10. Most functionality previously provided by dwave-networkx is now available as part of dwave-graphs under the 'dwave.graphs' namespace.
  import dwave_networkx as dnx
/data/max/ember/docs/paper2/data/tail_probe.py:57: DeprecationWarning: dwave-networkx is deprecated and will be replaced by dwave-graphs in Ocean 10. Most functionality previously provided by dwave-networkx is now available as part of dwave-graphs under the 'dwave.graphs' namespace.
  import dwave_networkx as dnx
/data/max/ember/docs/paper2/data/tail_probe.py:57: DeprecationWarning: dwave-networkx is deprecated and will be replaced by dwave-graphs in Ocean 10. Most functionality previously provided by dwave-networkx is now available as part of dwave-graphs under the 'dwave.graphs' namespace.
  import dwave_networkx as dnx
/data/max/ember/docs/paper2/data/tail_probe.py:57: DeprecationWarning: dwave-networkx is deprecated and will be replaced by dwave-graphs in Ocean 10. Most functionality previously provided by dwave-networkx is now available as part of dwave-graphs under the 'dwave.graphs' namespace.
  import dwave_networkx as dnx
/data/max/ember/docs/paper2/data/tail_probe.py:57: DeprecationWarning: dwave-networkx is deprecated and will be replaced by dwave-graphs in Ocean 10. Most functionality previously provided by dwave-networkx is now available as part of dwave-graphs under the 'dwave.graphs' namespace.
  import dwave_networkx as dnx
/data/max/ember/docs/paper2/data/tail_probe.py:57: DeprecationWarning: dwave-networkx is deprecated and will be replaced by dwave-graphs in Ocean 10. Most functionality previously provided by dwave-networkx is now available as part of dwave-graphs under the 'dwave.graphs' namespace.
  import dwave_networkx as dnx
/data/max/ember/docs/paper2/data/tail_probe.py:57: DeprecationWarning: dwave-networkx is deprecated and will be replaced by dwave-graphs in Ocean 10. Most functionality previously provided by dwave-networkx is now available as part of dwave-graphs under the 'dwave.graphs' namespace.
  import dwave_networkx as dnx
/data/max/ember/docs/paper2/data/tail_probe.py:57: DeprecationWarning: dwave-networkx is deprecated and will be replaced by dwave-graphs in Ocean 10. Most functionality previously provided by dwave-networkx is now available as part of dwave-graphs under the 'dwave.graphs' namespace.
  import dwave_networkx as dnx
/data/max/ember/docs/paper2/data/tail_probe.py:57: DeprecationWarning: dwave-networkx is deprecated and will be replaced by dwave-graphs in Ocean 10. Most functionality previously provided by dwave-networkx is now available as part of dwave-graphs under the 'dwave.graphs' namespace.
  import dwave_networkx as dnx
/data/max/ember/docs/paper2/data/tail_probe.py:57: DeprecationWarning: dwave-networkx is deprecated and will be replaced by dwave-graphs in Ocean 10. Most functionality previously provided by dwave-networkx is now available as part of dwave-graphs under the 'dwave.graphs' namespace.
  import dwave_networkx as dnx
/data/max/ember/docs/paper2/data/tail_probe.py:57: DeprecationWarning: dwave-networkx is deprecated and will be replaced by dwave-graphs in Ocean 10. Most functionality previously provided by dwave-networkx is now available as part of dwave-graphs under the 'dwave.graphs' namespace.
  import dwave_networkx as dnx
/data/max/ember/docs/paper2/data/tail_probe.py:57: DeprecationWarning: dwave-networkx is deprecated and will be replaced by dwave-graphs in Ocean 10. Most functionality previously provided by dwave-networkx is now available as part of dwave-graphs under the 'dwave.graphs' namespace.
  import dwave_networkx as dnx
/data/max/ember/docs/paper2/data/tail_probe.py:57: DeprecationWarning: dwave-networkx is deprecated and will be replaced by dwave-graphs in Ocean 10. Most functionality previously provided by dwave-networkx is now available as part of dwave-graphs under the 'dwave.graphs' namespace.
  import dwave_networkx as dnx
/data/max/ember/docs/paper2/data/tail_probe.py:57: DeprecationWarning: dwave-networkx is deprecated and will be replaced by dwave-graphs in Ocean 10. Most functionality previously provided by dwave-networkx is now available as part of dwave-graphs under the 'dwave.graphs' namespace.
  import dwave_networkx as dnx
/data/max/ember/docs/paper2/data/tail_probe.py:57: DeprecationWarning: dwave-networkx is deprecated and will be replaced by dwave-graphs in Ocean 10. Most functionality previously provided by dwave-networkx is now available as part of dwave-graphs under the 'dwave.graphs' namespace.
  import dwave_networkx as dnx
/data/max/ember/docs/paper2/data/tail_probe.py:57: DeprecationWarning: dwave-networkx is deprecated and will be replaced by dwave-graphs in Ocean 10. Most functionality previously provided by dwave-networkx is now available as part of dwave-graphs under the 'dwave.graphs' namespace.
  import dwave_networkx as dnx
/data/max/ember/docs/paper2/data/tail_probe.py:57: DeprecationWarning: dwave-networkx is deprecated and will be replaced by dwave-graphs in Ocean 10. Most functionality previously provided by dwave-networkx is now available as part of dwave-graphs under the 'dwave.graphs' namespace.
  import dwave_networkx as dnx
/data/max/ember/docs/paper2/data/tail_probe.py:57: DeprecationWarning: dwave-networkx is deprecated and will be replaced by dwave-graphs in Ocean 10. Most functionality previously provided by dwave-networkx is now available as part of dwave-graphs under the 'dwave.graphs' namespace.
  import dwave_networkx as dnx
Z12 K100               mm       seed 0: 7.84 mx=9 skip=True bacc=None (28.5s)
Z12 K100               mm       seed 1: 7.84 mx=9 skip=True bacc=None (27.9s)
Z12 K100               mm       seed 2: 7.84 mx=9 skip=True bacc=None (31.6s)
Z12 K100               ball+mm  seed 0: 7.78 mx=9 skip=True bacc=3 (60.6s)
Z12 K100               ball+mm  seed 1: 7.78 mx=9 skip=True bacc=3 (60.3s)
Z12 K100               ball+mm  seed 2: 7.78 mx=9 skip=True bacc=3 (60.7s)
Z12 K100               ball     seed 0: 7.78 mx=9 skip=True bacc=3 (60.6s)
Z12 K100               ball     seed 1: 7.78 mx=9 skip=True bacc=3 (60.2s)
Z12 K100               ball     seed 2: 7.78 mx=9 skip=True bacc=3 (60.3s)
Z12 K140               mm       seed 0: 10.229 mx=11 skip=True bacc=None (64.4s)
Z12 K140               mm       seed 1: 10.229 mx=11 skip=True bacc=None (61.4s)
Z12 K140               mm       seed 2: 10.229 mx=11 skip=True bacc=None (63.5s)
Z12 K140               ball+mm  seed 0: 10.229 mx=11 skip=True bacc=0 (60.2s)
Z12 K140               ball+mm  seed 1: 10.229 mx=11 skip=True bacc=0 (60.8s)
Z12 K140               ball+mm  seed 2: 10.229 mx=11 skip=True bacc=0 (60.3s)
Z12 K140               ball     seed 0: 10.229 mx=11 skip=True bacc=0 (60.2s)
Z12 K140               ball     seed 1: 10.229 mx=11 skip=True bacc=0 (60.6s)
Z12 K140               ball     seed 2: 10.229 mx=11 skip=True bacc=0 (60.1s)
Z12 ER100_d10          mm       seed 0: 4.66 mx=8 skip=False bacc=None (4.5s)
Z12 ER100_d10          mm       seed 1: 5.06 mx=9 skip=False bacc=None (2.9s)
Z12 ER100_d10          mm       seed 2: 4.75 mx=8 skip=False bacc=None (4.6s)
Z12 ER100_d10          ball+mm  seed 0: 4.47 mx=8 skip=False bacc=28 (31.5s)
Z12 ER100_d10          ball+mm  seed 1: 4.38 mx=8 skip=False bacc=30 (31.8s)
Z12 ER100_d10          ball+mm  seed 2: 4.63 mx=8 skip=False bacc=28 (27.5s)
Z12 ER100_d10          ball     seed 0: 5.26 mx=10 skip=False bacc=47 (60.0s)
Z12 ER100_d10          ball     seed 1: 5.48 mx=11 skip=False bacc=38 (60.1s)
Z12 ER100_d10          ball     seed 2: 5.27 mx=10 skip=False bacc=46 (60.0s)
Z12 turan_n162         mm       seed 0: 6.0 mx=6 skip=True bacc=None (35.8s)
Z12 turan_n162         mm       seed 1: 6.0 mx=6 skip=True bacc=None (39.7s)
Z12 turan_n162         mm       seed 2: 6.0 mx=6 skip=True bacc=None (35.2s)
Z12 turan_n162         mm       seed 3: 6.0 mx=6 skip=True bacc=None (36.8s)
Z12 turan_n162         mm       seed 4: 6.0 mx=6 skip=True bacc=None (35.9s)
Z12 turan_n162         mm       seed 5: 6.0 mx=6 skip=True bacc=None (40.2s)
Z12 turan_n162         mm       seed 6: 6.0 mx=6 skip=True bacc=None (36.5s)
Z12 turan_n162         mm       seed 7: 6.0 mx=6 skip=True bacc=None (44.3s)
Z12 turan_n162         mm       seed 8: 6.228 mx=7 skip=True bacc=None (38.5s)
Z12 turan_n162         mm       seed 9: 6.0 mx=6 skip=True bacc=None (36.5s)
Z12 turan_n162         ball+mm  seed 0: 6.0 mx=6 skip=True bacc=0 (60.5s)
Z12 turan_n162         ball+mm  seed 1: 7.531 mx=10 skip=True bacc=8 (60.3s)
Z12 turan_n162         ball+mm  seed 2: 6.0 mx=6 skip=True bacc=0 (60.5s)
Z12 turan_n162         ball+mm  seed 3: 6.0 mx=6 skip=True bacc=0 (60.4s)
Z12 turan_n162         ball+mm  seed 4: 6.0 mx=6 skip=True bacc=0 (60.1s)
Z12 turan_n162         ball+mm  seed 5: 7.531 mx=10 skip=True bacc=8 (60.1s)
Z12 turan_n162         ball+mm  seed 6: 6.0 mx=6 skip=True bacc=0 (60.4s)
Z12 turan_n162         ball+mm  seed 7: 7.531 mx=10 skip=True bacc=8 (60.6s)
Z12 turan_n162         ball+mm  seed 8: 7.531 mx=10 skip=True bacc=8 (60.2s)
Z12 turan_n162         ball+mm  seed 9: 6.0 mx=6 skip=True bacc=0 (61.8s)
Z12 turan_n162         ball     seed 0: 6.0 mx=6 skip=True bacc=0 (60.8s)
Z12 turan_n162         ball     seed 1: 7.531 mx=10 skip=True bacc=8 (62.6s)
Z12 turan_n162         ball     seed 2: 6.0 mx=6 skip=True bacc=0 (63.6s)
Z12 turan_n162         ball     seed 3: 6.0 mx=6 skip=True bacc=0 (60.2s)
Z12 turan_n162         ball     seed 4: 6.0 mx=6 skip=True bacc=0 (61.6s)
Z12 turan_n162         ball     seed 5: 7.568 mx=12 skip=True bacc=4 (61.5s)
Z12 turan_n162         ball     seed 6: 6.0 mx=6 skip=True bacc=0 (61.5s)
Z12 turan_n162         ball     seed 7: 7.531 mx=10 skip=True bacc=8 (64.0s)
Z12 turan_n162         ball     seed 8: 7.531 mx=10 skip=True bacc=8 (64.8s)
Z12 turan_n162         ball     seed 9: 6.0 mx=6 skip=True bacc=0 (60.8s)
Z12 spin_glass_n163    mm       seed 0: 11.417 mx=13 skip=True bacc=None (46.3s)
Z12 spin_glass_n163    mm       seed 1: 11.417 mx=13 skip=True bacc=None (55.1s)
Z12 spin_glass_n163    mm       seed 2: 11.417 mx=13 skip=True bacc=None (46.6s)
Z12 spin_glass_n163    ball+mm  seed 0: 11.356 mx=13 skip=True bacc=7 (60.1s)
Z12 spin_glass_n163    ball+mm  seed 1: 11.356 mx=13 skip=True bacc=7 (60.1s)
Z12 spin_glass_n163    ball+mm  seed 2: 11.356 mx=13 skip=True bacc=7 (60.1s)
Z12 spin_glass_n163    ball     seed 0: 11.356 mx=13 skip=True bacc=7 (60.1s)
Z12 spin_glass_n163    ball     seed 1: 11.356 mx=13 skip=True bacc=7 (60.1s)
Z12 spin_glass_n163    ball     seed 2: 11.356 mx=13 skip=True bacc=7 (60.1s)
Z12 regular_n316       mm       seed 0: 2.927 mx=8 skip=False bacc=None (28.7s)
Z12 regular_n316       mm       seed 1: 2.769 mx=6 skip=False bacc=None (28.1s)
Z12 regular_n316       mm       seed 2: 2.864 mx=7 skip=False bacc=None (24.3s)
Z12 regular_n316       ball+mm  seed 0: 2.918 mx=7 skip=False bacc=143 (51.2s)
Z12 regular_n316       ball+mm  seed 1: 2.88 mx=7 skip=False bacc=137 (51.4s)
Z12 regular_n316       ball+mm  seed 2: 2.949 mx=7 skip=False bacc=138 (52.1s)
Z12 regular_n316       ball     seed 0: 3.813 mx=10 skip=False bacc=162 (60.0s)
Z12 regular_n316       ball     seed 1: 3.816 mx=11 skip=False bacc=159 (60.0s)
Z12 regular_n316       ball     seed 2: 3.722 mx=11 skip=False bacc=183 (60.0s)
Z12 ws_n486            mm       seed 0: 3.146 mx=10 skip=False bacc=None (32.5s)
Z12 ws_n486            mm       seed 1: 3.381 mx=12 skip=False bacc=None (32.3s)
Z12 ws_n486            mm       seed 2: 3.117 mx=11 skip=False bacc=None (33.0s)
Z12 ws_n486            ball+mm  seed 0: 4.272 mx=21 skip=False bacc=140 (60.0s)
Z12 ws_n486            ball+mm  seed 1: 3.971 mx=22 skip=False bacc=136 (60.0s)
Z12 ws_n486            ball+mm  seed 2: 4.025 mx=23 skip=False bacc=130 (60.0s)
Z12 ws_n486            ball     seed 0: 4.235 mx=24 skip=False bacc=127 (60.0s)
Z12 ws_n486            ball     seed 1: 4.056 mx=20 skip=False bacc=160 (60.0s)
Z12 ws_n486            ball     seed 2: 4.253 mx=20 skip=False bacc=123 (60.0s)
Z12 grid_200           mm       seed 0: 1.09 mx=2 skip=False bacc=None (6.9s)
Z12 grid_200           mm       seed 1: 1.145 mx=2 skip=False bacc=None (6.8s)
Z12 grid_200           mm       seed 2: 1.13 mx=2 skip=False bacc=None (6.9s)
Z12 grid_200           ball+mm  seed 0: 1.07 mx=2 skip=False bacc=56 (21.7s)
Z12 grid_200           ball+mm  seed 1: 1.125 mx=2 skip=False bacc=66 (21.9s)
Z12 grid_200           ball+mm  seed 2: 1.135 mx=2 skip=False bacc=65 (22.0s)
Z12 grid_200           ball     seed 0: 1.49 mx=4 skip=False bacc=66 (60.0s)
Z12 grid_200           ball     seed 1: 1.36 mx=4 skip=False bacc=90 (60.0s)
Z12 grid_200           ball     seed 2: 1.43 mx=4 skip=False bacc=85 (60.0s)
Z12 honeycomb_200      mm       seed 0: 1.085 mx=2 skip=False bacc=None (4.3s)
Z12 honeycomb_200      mm       seed 1: 1.09 mx=2 skip=False bacc=None (4.4s)
Z12 honeycomb_200      mm       seed 2: 1.095 mx=2 skip=False bacc=None (4.6s)
Z12 honeycomb_200      ball+mm  seed 0: 1.105 mx=2 skip=False bacc=27 (12.7s)
Z12 honeycomb_200      ball+mm  seed 1: 1.06 mx=2 skip=False bacc=10 (14.6s)
Z12 honeycomb_200      ball+mm  seed 2: 1.125 mx=2 skip=False bacc=20 (12.3s)
Z12 honeycomb_200      ball     seed 0: 1.405 mx=5 skip=False bacc=41 (44.7s)
Z12 honeycomb_200      ball     seed 1: 1.445 mx=4 skip=False bacc=17 (50.6s)
Z12 honeycomb_200      ball     seed 2: 1.495 mx=5 skip=False bacc=28 (45.4s)
Z12 king_graph_196     mm       seed 0: 1.561 mx=3 skip=False bacc=None (7.2s)
Z12 king_graph_196     mm       seed 1: 1.531 mx=3 skip=False bacc=None (7.5s)
Z12 king_graph_196     mm       seed 2: 1.495 mx=2 skip=False bacc=None (7.8s)
Z12 king_graph_196     ball+mm  seed 0: 1.536 mx=3 skip=False bacc=42 (32.3s)
Z12 king_graph_196     ball+mm  seed 1: 1.602 mx=3 skip=False bacc=43 (28.5s)
Z12 king_graph_196     ball+mm  seed 2: 1.577 mx=3 skip=False bacc=30 (30.8s)
Z12 king_graph_196     ball     seed 0: 1.821 mx=5 skip=False bacc=56 (60.0s)
Z12 king_graph_196     ball     seed 1: 1.806 mx=4 skip=False bacc=60 (60.0s)
Z12 king_graph_196     ball     seed 2: 1.898 mx=5 skip=False bacc=33 (60.0s)
P16 K100               mm       seed 0: 11.23 mx=16 skip=None bacc=None (31.8s)
P16 K100               mm       seed 1: 11.51 mx=17 skip=None bacc=None (28.8s)
P16 K100               mm       seed 2: 11.65 mx=17 skip=None bacc=None (61.5s)
P16 K100               ball+mm  seed 0: 11.22 mx=16 skip=None bacc=1 (60.6s)
P16 K100               ball+mm  seed 1: 11.41 mx=14 skip=None bacc=4 (60.6s)
P16 K100               ball+mm  seed 2: 11.6 mx=19 skip=None bacc=3 (61.2s)
P16 K100               ball     seed 0: 11.22 mx=16 skip=None bacc=1 (60.6s)
P16 K100               ball     seed 1: 11.41 mx=14 skip=None bacc=4 (60.1s)
P16 K100               ball     seed 2: 11.6 mx=19 skip=None bacc=3 (60.6s)
P16 turan_n162         mm       seed 0: 7.654 mx=8 skip=None bacc=None (58.6s)
P16 turan_n162         mm       seed 1: 7.654 mx=8 skip=None bacc=None (60.1s)
P16 turan_n162         mm       seed 2: 7.654 mx=8 skip=None bacc=None (56.8s)
P16 turan_n162         ball+mm  seed 0: 7.654 mx=8 skip=None bacc=0 (60.3s)
P16 turan_n162         ball+mm  seed 1: 7.654 mx=16 skip=None bacc=3 (60.4s)
P16 turan_n162         ball+mm  seed 2: 7.654 mx=8 skip=None bacc=0 (60.3s)
P16 turan_n162         ball     seed 0: 7.654 mx=8 skip=None bacc=0 (60.1s)
P16 turan_n162         ball     seed 1: 7.66 mx=16 skip=None bacc=2 (60.2s)
P16 turan_n162         ball     seed 2: 7.654 mx=8 skip=None bacc=0 (60.2s)
P16 ws_n486            mm       seed 0: 3.658 mx=14 skip=None bacc=None (33.5s)
P16 ws_n486            mm       seed 1: 3.502 mx=13 skip=None bacc=None (33.3s)
P16 ws_n486            mm       seed 2: 3.309 mx=13 skip=None bacc=None (33.3s)
P16 ws_n486            ball+mm  seed 0: 3.473 mx=12 skip=None bacc=165 (58.4s)
P16 ws_n486            ball+mm  seed 1: 3.654 mx=13 skip=None bacc=97 (58.8s)
P16 ws_n486            ball+mm  seed 2: 3.407 mx=13 skip=None bacc=98 (58.4s)
P16 ws_n486            ball     seed 0: 4.654 mx=23 skip=None bacc=148 (60.0s)
P16 ws_n486            ball     seed 1: 4.704 mx=21 skip=None bacc=136 (60.1s)
P16 ws_n486            ball     seed 2: 4.872 mx=25 skip=None bacc=183 (60.0s)

summary (mean ACL; d = ball+mm - mm, negative = wins):
Z12 K100               mm=7.84(3) ball+mm=7.78(3) ball=7.78(3) mx 9.0->9.0 t 29.333->60.533s d=-0.060
Z12 K140               mm=10.229(3) ball+mm=10.229(3) ball=10.229(3) mx 11.0->11.0 t 63.1->60.433s d=+0.000
Z12 ER100_d10          mm=4.823(3) ball+mm=4.493(3) ball=5.337(3) mx 8.333->8.0 t 4.0->30.267s d=-0.330
Z12 turan_n162         mm=6.023(10) ball+mm=6.612(10) ball=6.616(10) mx 6.1->7.6 t 37.94->60.49s d=+0.589
Z12 spin_glass_n163    mm=11.417(3) ball+mm=11.356(3) ball=11.356(3) mx 13.0->13.0 t 49.333->60.1s d=-0.061
Z12 regular_n316       mm=2.853(3) ball+mm=2.916(3) ball=3.784(3) mx 7.0->7.0 t 27.033->51.567s d=+0.063
Z12 ws_n486            mm=3.215(3) ball+mm=4.089(3) ball=4.181(3) mx 11.0->22.0 t 32.6->60.0s d=+0.874
Z12 grid_200           mm=1.122(3) ball+mm=1.11(3) ball=1.427(3) mx 2.0->2.0 t 6.867->21.867s d=-0.012
Z12 honeycomb_200      mm=1.09(3) ball+mm=1.097(3) ball=1.448(3) mx 2.0->2.0 t 4.433->13.2s d=+0.007
Z12 king_graph_196     mm=1.529(3) ball+mm=1.572(3) ball=1.842(3) mx 2.667->3.0 t 7.5->30.533s d=+0.043
P16 K100               mm=11.463(3) ball+mm=11.41(3) ball=11.41(3) mx 16.667->16.333 t 40.7->60.8s d=-0.053
P16 turan_n162         mm=7.654(3) ball+mm=7.654(3) ball=7.656(3) mx 8.0->10.667 t 58.5->60.333s d=+0.000
P16 ws_n486            mm=3.49(3) ball+mm=3.511(3) ball=4.743(3) mx 13.333->12.667 t 33.367->58.533s d=+0.021
load at end: (58.11279296875, 64.71435546875, 54.06494140625)
done-probe
