13 cells, 92 jobs; load (43.7041015625, 47.8779296875, 49.8408203125)
/data/max/ember/docs/paper2/data/tail_probe2.py:57: DeprecationWarning: dwave-networkx is deprecated and will be replaced by dwave-graphs in Ocean 10. Most functionality previously provided by dwave-networkx is now available as part of dwave-graphs under the 'dwave.graphs' namespace.
  import dwave_networkx as dnx
/data/max/ember/docs/paper2/data/tail_probe2.py:57: DeprecationWarning: dwave-networkx is deprecated and will be replaced by dwave-graphs in Ocean 10. Most functionality previously provided by dwave-networkx is now available as part of dwave-graphs under the 'dwave.graphs' namespace.
  import dwave_networkx as dnx
/data/max/ember/docs/paper2/data/tail_probe2.py:57: DeprecationWarning: dwave-networkx is deprecated and will be replaced by dwave-graphs in Ocean 10. Most functionality previously provided by dwave-networkx is now available as part of dwave-graphs under the 'dwave.graphs' namespace.
  import dwave_networkx as dnx
/data/max/ember/docs/paper2/data/tail_probe2.py:57: DeprecationWarning: dwave-networkx is deprecated and will be replaced by dwave-graphs in Ocean 10. Most functionality previously provided by dwave-networkx is now available as part of dwave-graphs under the 'dwave.graphs' namespace.
  import dwave_networkx as dnx
/data/max/ember/docs/paper2/data/tail_probe2.py:57: DeprecationWarning: dwave-networkx is deprecated and will be replaced by dwave-graphs in Ocean 10. Most functionality previously provided by dwave-networkx is now available as part of dwave-graphs under the 'dwave.graphs' namespace.
  import dwave_networkx as dnx
/data/max/ember/docs/paper2/data/tail_probe2.py:57: DeprecationWarning: dwave-networkx is deprecated and will be replaced by dwave-graphs in Ocean 10. Most functionality previously provided by dwave-networkx is now available as part of dwave-graphs under the 'dwave.graphs' namespace.
  import dwave_networkx as dnx
/data/max/ember/docs/paper2/data/tail_probe2.py:57: DeprecationWarning: dwave-networkx is deprecated and will be replaced by dwave-graphs in Ocean 10. Most functionality previously provided by dwave-networkx is now available as part of dwave-graphs under the 'dwave.graphs' namespace.
  import dwave_networkx as dnx
/data/max/ember/docs/paper2/data/tail_probe2.py:57: DeprecationWarning: dwave-networkx is deprecated and will be replaced by dwave-graphs in Ocean 10. Most functionality previously provided by dwave-networkx is now available as part of dwave-graphs under the 'dwave.graphs' namespace.
  import dwave_networkx as dnx
/data/max/ember/docs/paper2/data/tail_probe2.py:57: DeprecationWarning: dwave-networkx is deprecated and will be replaced by dwave-graphs in Ocean 10. Most functionality previously provided by dwave-networkx is now available as part of dwave-graphs under the 'dwave.graphs' namespace.
  import dwave_networkx as dnx
/data/max/ember/docs/paper2/data/tail_probe2.py:57: DeprecationWarning: dwave-networkx is deprecated and will be replaced by dwave-graphs in Ocean 10. Most functionality previously provided by dwave-networkx is now available as part of dwave-graphs under the 'dwave.graphs' namespace.
  import dwave_networkx as dnx
/data/max/ember/docs/paper2/data/tail_probe2.py:57: DeprecationWarning: dwave-networkx is deprecated and will be replaced by dwave-graphs in Ocean 10. Most functionality previously provided by dwave-networkx is now available as part of dwave-graphs under the 'dwave.graphs' namespace.
  import dwave_networkx as dnx
/data/max/ember/docs/paper2/data/tail_probe2.py:57: DeprecationWarning: dwave-networkx is deprecated and will be replaced by dwave-graphs in Ocean 10. Most functionality previously provided by dwave-networkx is now available as part of dwave-graphs under the 'dwave.graphs' namespace.
  import dwave_networkx as dnx
/data/max/ember/docs/paper2/data/tail_probe2.py:57: DeprecationWarning: dwave-networkx is deprecated and will be replaced by dwave-graphs in Ocean 10. Most functionality previously provided by dwave-networkx is now available as part of dwave-graphs under the 'dwave.graphs' namespace.
  import dwave_networkx as dnx
/data/max/ember/docs/paper2/data/tail_probe2.py:57: DeprecationWarning: dwave-networkx is deprecated and will be replaced by dwave-graphs in Ocean 10. Most functionality previously provided by dwave-networkx is now available as part of dwave-graphs under the 'dwave.graphs' namespace.
  import dwave_networkx as dnx
/data/max/ember/docs/paper2/data/tail_probe2.py:57: DeprecationWarning: dwave-networkx is deprecated and will be replaced by dwave-graphs in Ocean 10. Most functionality previously provided by dwave-networkx is now available as part of dwave-graphs under the 'dwave.graphs' namespace.
  import dwave_networkx as dnx
/data/max/ember/docs/paper2/data/tail_probe2.py:57: DeprecationWarning: dwave-networkx is deprecated and will be replaced by dwave-graphs in Ocean 10. Most functionality previously provided by dwave-networkx is now available as part of dwave-graphs under the 'dwave.graphs' namespace.
  import dwave_networkx as dnx
/data/max/ember/docs/paper2/data/tail_probe2.py:57: DeprecationWarning: dwave-networkx is deprecated and will be replaced by dwave-graphs in Ocean 10. Most functionality previously provided by dwave-networkx is now available as part of dwave-graphs under the 'dwave.graphs' namespace.
  import dwave_networkx as dnx
/data/max/ember/docs/paper2/data/tail_probe2.py:57: DeprecationWarning: dwave-networkx is deprecated and will be replaced by dwave-graphs in Ocean 10. Most functionality previously provided by dwave-networkx is now available as part of dwave-graphs under the 'dwave.graphs' namespace.
  import dwave_networkx as dnx
/data/max/ember/docs/paper2/data/tail_probe2.py:57: DeprecationWarning: dwave-networkx is deprecated and will be replaced by dwave-graphs in Ocean 10. Most functionality previously provided by dwave-networkx is now available as part of dwave-graphs under the 'dwave.graphs' namespace.
  import dwave_networkx as dnx
/data/max/ember/docs/paper2/data/tail_probe2.py:57: DeprecationWarning: dwave-networkx is deprecated and will be replaced by dwave-graphs in Ocean 10. Most functionality previously provided by dwave-networkx is now available as part of dwave-graphs under the 'dwave.graphs' namespace.
  import dwave_networkx as dnx
/data/max/ember/docs/paper2/data/tail_probe2.py:57: DeprecationWarning: dwave-networkx is deprecated and will be replaced by dwave-graphs in Ocean 10. Most functionality previously provided by dwave-networkx is now available as part of dwave-graphs under the 'dwave.graphs' namespace.
  import dwave_networkx as dnx
/data/max/ember/docs/paper2/data/tail_probe2.py:57: DeprecationWarning: dwave-networkx is deprecated and will be replaced by dwave-graphs in Ocean 10. Most functionality previously provided by dwave-networkx is now available as part of dwave-graphs under the 'dwave.graphs' namespace.
  import dwave_networkx as dnx
/data/max/ember/docs/paper2/data/tail_probe2.py:57: DeprecationWarning: dwave-networkx is deprecated and will be replaced by dwave-graphs in Ocean 10. Most functionality previously provided by dwave-networkx is now available as part of dwave-graphs under the 'dwave.graphs' namespace.
  import dwave_networkx as dnx
/data/max/ember/docs/paper2/data/tail_probe2.py:57: DeprecationWarning: dwave-networkx is deprecated and will be replaced by dwave-graphs in Ocean 10. Most functionality previously provided by dwave-networkx is now available as part of dwave-graphs under the 'dwave.graphs' namespace.
  import dwave_networkx as dnx
Z12 K100               mm       seed 0: 7.84 mx=9 skip=True bacc=None (31.0s)
Z12 K100               mm       seed 1: 7.84 mx=9 skip=True bacc=None (25.8s)
Z12 K100               mm       seed 2: 7.84 mx=9 skip=True bacc=None (30.8s)
Z12 K100               mm+ball  seed 0: 7.79 mx=9 skip=True bacc=2 (60.2s)
Z12 K100               mm+ball  seed 1: 7.79 mx=9 skip=True bacc=2 (60.4s)
Z12 K100               mm+ball  seed 2: 7.79 mx=9 skip=True bacc=2 (60.2s)
Z12 K140               mm       seed 0: 10.229 mx=11 skip=True bacc=None (65.6s)
Z12 K140               mm       seed 1: 10.229 mx=11 skip=True bacc=None (68.6s)
Z12 K140               mm       seed 2: 10.229 mx=11 skip=True bacc=None (67.6s)
Z12 K140               mm+ball  seed 0: 10.229 mx=11 skip=True bacc=0 (64.8s)
Z12 K140               mm+ball  seed 1: 10.229 mx=11 skip=True bacc=0 (65.6s)
Z12 K140               mm+ball  seed 2: 10.229 mx=11 skip=True bacc=0 (67.2s)
Z12 ER100_d10          mm       seed 0: 4.66 mx=8 skip=False bacc=None (4.5s)
Z12 ER100_d10          mm       seed 1: 5.06 mx=9 skip=False bacc=None (2.7s)
Z12 ER100_d10          mm       seed 2: 4.75 mx=8 skip=False bacc=None (4.2s)
Z12 ER100_d10          mm+ball  seed 0: 4.4 mx=8 skip=False bacc=15 (60.0s)
Z12 ER100_d10          mm+ball  seed 1: 4.91 mx=9 skip=False bacc=9 (57.2s)
Z12 ER100_d10          mm+ball  seed 2: 4.66 mx=8 skip=False bacc=6 (60.0s)
Z12 turan_n162         mm       seed 0: 6.0 mx=6 skip=True bacc=None (37.1s)
Z12 turan_n162         mm       seed 1: 6.0 mx=6 skip=True bacc=None (52.7s)
Z12 turan_n162         mm       seed 2: 6.0 mx=6 skip=True bacc=None (45.2s)
Z12 turan_n162         mm       seed 3: 6.0 mx=6 skip=True bacc=None (44.5s)
Z12 turan_n162         mm       seed 4: 6.0 mx=6 skip=True bacc=None (36.6s)
Z12 turan_n162         mm       seed 5: 6.0 mx=6 skip=True bacc=None (43.1s)
Z12 turan_n162         mm       seed 6: 6.0 mx=6 skip=True bacc=None (47.7s)
Z12 turan_n162         mm       seed 7: 6.0 mx=6 skip=True bacc=None (44.6s)
Z12 turan_n162         mm       seed 8: 6.228 mx=7 skip=True bacc=None (38.5s)
Z12 turan_n162         mm       seed 9: 6.0 mx=6 skip=True bacc=None (40.1s)
Z12 turan_n162         mm+ball  seed 0: 6.0 mx=6 skip=True bacc=0 (60.1s)
Z12 turan_n162         mm+ball  seed 1: 6.0 mx=6 skip=True bacc=0 (60.4s)
Z12 turan_n162         mm+ball  seed 2: 6.0 mx=6 skip=True bacc=0 (60.5s)
Z12 turan_n162         mm+ball  seed 3: 6.0 mx=6 skip=True bacc=0 (60.5s)
Z12 turan_n162         mm+ball  seed 4: 6.0 mx=6 skip=True bacc=0 (60.7s)
Z12 turan_n162         mm+ball  seed 5: 6.0 mx=6 skip=True bacc=0 (60.8s)
Z12 turan_n162         mm+ball  seed 6: 6.0 mx=6 skip=True bacc=0 (60.6s)
Z12 turan_n162         mm+ball  seed 7: 6.0 mx=6 skip=True bacc=0 (60.5s)
Z12 turan_n162         mm+ball  seed 8: 6.228 mx=7 skip=True bacc=0 (60.6s)
Z12 turan_n162         mm+ball  seed 9: 6.0 mx=6 skip=True bacc=0 (60.4s)
Z12 spin_glass_n163    mm       seed 0: 11.417 mx=13 skip=True bacc=None (42.8s)
Z12 spin_glass_n163    mm       seed 1: 11.417 mx=13 skip=True bacc=None (42.1s)
Z12 spin_glass_n163    mm       seed 2: 11.417 mx=13 skip=True bacc=None (37.6s)
Z12 spin_glass_n163    mm+ball  seed 0: 11.374 mx=13 skip=True bacc=5 (60.3s)
Z12 spin_glass_n163    mm+ball  seed 1: 11.374 mx=13 skip=True bacc=5 (60.1s)
Z12 spin_glass_n163    mm+ball  seed 2: 11.368 mx=13 skip=True bacc=6 (60.1s)
Z12 regular_n316       mm       seed 0: 2.927 mx=8 skip=False bacc=None (16.7s)
Z12 regular_n316       mm       seed 1: 2.769 mx=6 skip=False bacc=None (20.6s)
Z12 regular_n316       mm       seed 2: 2.864 mx=7 skip=False bacc=None (18.2s)
Z12 regular_n316       mm+ball  seed 0: 2.848 mx=8 skip=False bacc=22 (60.0s)
Z12 regular_n316       mm+ball  seed 1: 2.734 mx=6 skip=False bacc=11 (60.0s)
Z12 regular_n316       mm+ball  seed 2: 2.785 mx=7 skip=False bacc=21 (60.0s)
Z12 ws_n486            mm       seed 0: 3.342 mx=11 skip=False bacc=None (32.7s)
Z12 ws_n486            mm       seed 1: 3.381 mx=12 skip=False bacc=None (32.2s)
Z12 ws_n486            mm       seed 2: 2.893 mx=10 skip=False bacc=None (34.2s)
Z12 ws_n486            mm+ball  seed 0: 2.776 mx=9 skip=False bacc=28 (60.0s)
Z12 ws_n486            mm+ball  seed 1: 2.969 mx=10 skip=False bacc=41 (60.0s)
Z12 ws_n486            mm+ball  seed 2: 2.809 mx=9 skip=False bacc=28 (60.0s)
Z12 grid_200           mm       seed 0: 1.09 mx=2 skip=False bacc=None (6.8s)
Z12 grid_200           mm       seed 1: 1.145 mx=2 skip=False bacc=None (7.4s)
Z12 grid_200           mm       seed 2: 1.13 mx=2 skip=False bacc=None (8.3s)
Z12 grid_200           mm+ball  seed 0: 1.09 mx=2 skip=False bacc=0 (19.7s)
Z12 grid_200           mm+ball  seed 1: 1.145 mx=2 skip=False bacc=0 (21.2s)
Z12 grid_200           mm+ball  seed 2: 1.125 mx=2 skip=False bacc=1 (32.5s)
Z12 honeycomb_200      mm       seed 0: 1.085 mx=2 skip=False bacc=None (6.0s)
Z12 honeycomb_200      mm       seed 1: 1.09 mx=2 skip=False bacc=None (4.8s)
Z12 honeycomb_200      mm       seed 2: 1.095 mx=2 skip=False bacc=None (5.7s)
Z12 honeycomb_200      mm+ball  seed 0: 1.085 mx=2 skip=False bacc=0 (13.7s)
Z12 honeycomb_200      mm+ball  seed 1: 1.09 mx=2 skip=False bacc=0 (14.3s)
Z12 honeycomb_200      mm+ball  seed 2: 1.095 mx=2 skip=False bacc=0 (16.8s)
Z12 king_graph_196     mm       seed 0: 1.561 mx=3 skip=False bacc=None (8.3s)
Z12 king_graph_196     mm       seed 1: 1.531 mx=3 skip=False bacc=None (8.2s)
Z12 king_graph_196     mm       seed 2: 1.495 mx=2 skip=False bacc=None (8.3s)
Z12 king_graph_196     mm+ball  seed 0: 1.561 mx=3 skip=False bacc=0 (34.1s)
Z12 king_graph_196     mm+ball  seed 1: 1.51 mx=3 skip=False bacc=3 (55.0s)
Z12 king_graph_196     mm+ball  seed 2: 1.48 mx=2 skip=False bacc=3 (60.1s)
P16 K100               mm       seed 0: 11.23 mx=16 skip=None bacc=None (29.8s)
P16 K100               mm       seed 1: 11.51 mx=17 skip=None bacc=None (29.8s)
P16 K100               mm       seed 2: 11.65 mx=17 skip=None bacc=None (60.3s)
P16 K100               mm+ball  seed 0: 11.22 mx=16 skip=None bacc=1 (60.5s)
P16 K100               mm+ball  seed 1: 11.42 mx=14 skip=None bacc=3 (60.2s)
P16 K100               mm+ball  seed 2: 11.65 mx=17 skip=None bacc=0 (60.1s)
P16 turan_n162         mm       seed 0: 7.654 mx=8 skip=None bacc=None (57.3s)
P16 turan_n162         mm       seed 1: 7.654 mx=8 skip=None bacc=None (57.2s)
P16 turan_n162         mm       seed 2: 7.654 mx=8 skip=None bacc=None (57.4s)
P16 turan_n162         mm+ball  seed 0: 7.654 mx=8 skip=None bacc=0 (60.1s)
P16 turan_n162         mm+ball  seed 1: 7.654 mx=8 skip=None bacc=0 (60.2s)
P16 turan_n162         mm+ball  seed 2: 7.654 mx=8 skip=None bacc=0 (60.5s)
P16 ws_n486            mm       seed 0: 3.595 mx=13 skip=None bacc=None (32.7s)
P16 ws_n486            mm       seed 1: 3.642 mx=12 skip=None bacc=None (34.4s)
P16 ws_n486            mm       seed 2: 3.477 mx=13 skip=None bacc=None (35.3s)
P16 ws_n486            mm+ball  seed 0: 3.105 mx=12 skip=None bacc=36 (60.0s)
P16 ws_n486            mm+ball  seed 1: 3.551 mx=12 skip=None bacc=38 (60.0s)
P16 ws_n486            mm+ball  seed 2: 3.409 mx=14 skip=None bacc=34 (60.0s)

summary (mean ACL; d = mm+ball - mm, negative = wins):
Z12 K100               mm=7.84(3) mm+ball=7.79(3) mx 9.0->9.0 t 29.2->60.267s d=-0.050
Z12 K140               mm=10.229(3) mm+ball=10.229(3) mx 11.0->11.0 t 67.267->65.867s d=+0.000
Z12 ER100_d10          mm=4.823(3) mm+ball=4.657(3) mx 8.333->8.333 t 3.8->59.067s d=-0.166
Z12 turan_n162         mm=6.023(10) mm+ball=6.023(10) mx 6.1->6.1 t 43.01->60.51s d=+0.000
Z12 spin_glass_n163    mm=11.417(3) mm+ball=11.372(3) mx 13.0->13.0 t 40.833->60.167s d=-0.045
Z12 regular_n316       mm=2.853(3) mm+ball=2.789(3) mx 7.0->7.0 t 18.5->60.0s d=-0.064
Z12 ws_n486            mm=3.205(3) mm+ball=2.851(3) mx 11.0->9.333 t 33.033->60.0s d=-0.354
Z12 grid_200           mm=1.122(3) mm+ball=1.12(3) mx 2.0->2.0 t 7.5->24.467s d=-0.002
Z12 honeycomb_200      mm=1.09(3) mm+ball=1.09(3) mx 2.0->2.0 t 5.5->14.933s d=+0.000
Z12 king_graph_196     mm=1.529(3) mm+ball=1.517(3) mx 2.667->2.667 t 8.267->49.733s d=-0.012
P16 K100               mm=11.463(3) mm+ball=11.43(3) mx 16.667->15.667 t 39.967->60.267s d=-0.033
P16 turan_n162         mm=7.654(3) mm+ball=7.654(3) mx 8.0->8.0 t 57.3->60.267s d=+0.000
P16 ws_n486            mm=3.571(3) mm+ball=3.355(3) mx 12.667->12.667 t 34.133->60.0s d=-0.216
load at end: (64.4326171875, 59.77294921875, 54.37841796875)
done-probe
