13 cells, 159 jobs; load (56.16845703125, 57.53564453125, 57.17578125)
/data/max/ember/docs/paper2/data/tail_probe4.py:59: DeprecationWarning: dwave-networkx is deprecated and will be replaced by dwave-graphs in Ocean 10. Most functionality previously provided by dwave-networkx is now available as part of dwave-graphs under the 'dwave.graphs' namespace.
  import dwave_networkx as dnx
/data/max/ember/docs/paper2/data/tail_probe4.py:59: DeprecationWarning: dwave-networkx is deprecated and will be replaced by dwave-graphs in Ocean 10. Most functionality previously provided by dwave-networkx is now available as part of dwave-graphs under the 'dwave.graphs' namespace.
  import dwave_networkx as dnx
/data/max/ember/docs/paper2/data/tail_probe4.py:59: DeprecationWarning: dwave-networkx is deprecated and will be replaced by dwave-graphs in Ocean 10. Most functionality previously provided by dwave-networkx is now available as part of dwave-graphs under the 'dwave.graphs' namespace.
  import dwave_networkx as dnx
/data/max/ember/docs/paper2/data/tail_probe4.py:59: DeprecationWarning: dwave-networkx is deprecated and will be replaced by dwave-graphs in Ocean 10. Most functionality previously provided by dwave-networkx is now available as part of dwave-graphs under the 'dwave.graphs' namespace.
  import dwave_networkx as dnx
/data/max/ember/docs/paper2/data/tail_probe4.py:59: DeprecationWarning: dwave-networkx is deprecated and will be replaced by dwave-graphs in Ocean 10. Most functionality previously provided by dwave-networkx is now available as part of dwave-graphs under the 'dwave.graphs' namespace.
  import dwave_networkx as dnx
/data/max/ember/docs/paper2/data/tail_probe4.py:59: DeprecationWarning: dwave-networkx is deprecated and will be replaced by dwave-graphs in Ocean 10. Most functionality previously provided by dwave-networkx is now available as part of dwave-graphs under the 'dwave.graphs' namespace.
  import dwave_networkx as dnx
/data/max/ember/docs/paper2/data/tail_probe4.py:59: DeprecationWarning: dwave-networkx is deprecated and will be replaced by dwave-graphs in Ocean 10. Most functionality previously provided by dwave-networkx is now available as part of dwave-graphs under the 'dwave.graphs' namespace.
  import dwave_networkx as dnx
/data/max/ember/docs/paper2/data/tail_probe4.py:59: DeprecationWarning: dwave-networkx is deprecated and will be replaced by dwave-graphs in Ocean 10. Most functionality previously provided by dwave-networkx is now available as part of dwave-graphs under the 'dwave.graphs' namespace.
  import dwave_networkx as dnx
/data/max/ember/docs/paper2/data/tail_probe4.py:59: DeprecationWarning: dwave-networkx is deprecated and will be replaced by dwave-graphs in Ocean 10. Most functionality previously provided by dwave-networkx is now available as part of dwave-graphs under the 'dwave.graphs' namespace.
  import dwave_networkx as dnx
/data/max/ember/docs/paper2/data/tail_probe4.py:59: DeprecationWarning: dwave-networkx is deprecated and will be replaced by dwave-graphs in Ocean 10. Most functionality previously provided by dwave-networkx is now available as part of dwave-graphs under the 'dwave.graphs' namespace.
  import dwave_networkx as dnx
/data/max/ember/docs/paper2/data/tail_probe4.py:59: DeprecationWarning: dwave-networkx is deprecated and will be replaced by dwave-graphs in Ocean 10. Most functionality previously provided by dwave-networkx is now available as part of dwave-graphs under the 'dwave.graphs' namespace.
  import dwave_networkx as dnx
/data/max/ember/docs/paper2/data/tail_probe4.py:59: DeprecationWarning: dwave-networkx is deprecated and will be replaced by dwave-graphs in Ocean 10. Most functionality previously provided by dwave-networkx is now available as part of dwave-graphs under the 'dwave.graphs' namespace.
  import dwave_networkx as dnx
/data/max/ember/docs/paper2/data/tail_probe4.py:59: DeprecationWarning: dwave-networkx is deprecated and will be replaced by dwave-graphs in Ocean 10. Most functionality previously provided by dwave-networkx is now available as part of dwave-graphs under the 'dwave.graphs' namespace.
  import dwave_networkx as dnx
/data/max/ember/docs/paper2/data/tail_probe4.py:59: DeprecationWarning: dwave-networkx is deprecated and will be replaced by dwave-graphs in Ocean 10. Most functionality previously provided by dwave-networkx is now available as part of dwave-graphs under the 'dwave.graphs' namespace.
  import dwave_networkx as dnx
/data/max/ember/docs/paper2/data/tail_probe4.py:59: DeprecationWarning: dwave-networkx is deprecated and will be replaced by dwave-graphs in Ocean 10. Most functionality previously provided by dwave-networkx is now available as part of dwave-graphs under the 'dwave.graphs' namespace.
  import dwave_networkx as dnx
/data/max/ember/docs/paper2/data/tail_probe4.py:59: DeprecationWarning: dwave-networkx is deprecated and will be replaced by dwave-graphs in Ocean 10. Most functionality previously provided by dwave-networkx is now available as part of dwave-graphs under the 'dwave.graphs' namespace.
  import dwave_networkx as dnx
/data/max/ember/docs/paper2/data/tail_probe4.py:59: DeprecationWarning: dwave-networkx is deprecated and will be replaced by dwave-graphs in Ocean 10. Most functionality previously provided by dwave-networkx is now available as part of dwave-graphs under the 'dwave.graphs' namespace.
  import dwave_networkx as dnx
/data/max/ember/docs/paper2/data/tail_probe4.py:59: DeprecationWarning: dwave-networkx is deprecated and will be replaced by dwave-graphs in Ocean 10. Most functionality previously provided by dwave-networkx is now available as part of dwave-graphs under the 'dwave.graphs' namespace.
  import dwave_networkx as dnx
/data/max/ember/docs/paper2/data/tail_probe4.py:59: DeprecationWarning: dwave-networkx is deprecated and will be replaced by dwave-graphs in Ocean 10. Most functionality previously provided by dwave-networkx is now available as part of dwave-graphs under the 'dwave.graphs' namespace.
  import dwave_networkx as dnx
/data/max/ember/docs/paper2/data/tail_probe4.py:59: DeprecationWarning: dwave-networkx is deprecated and will be replaced by dwave-graphs in Ocean 10. Most functionality previously provided by dwave-networkx is now available as part of dwave-graphs under the 'dwave.graphs' namespace.
  import dwave_networkx as dnx
/data/max/ember/docs/paper2/data/tail_probe4.py:59: DeprecationWarning: dwave-networkx is deprecated and will be replaced by dwave-graphs in Ocean 10. Most functionality previously provided by dwave-networkx is now available as part of dwave-graphs under the 'dwave.graphs' namespace.
  import dwave_networkx as dnx
/data/max/ember/docs/paper2/data/tail_probe4.py:59: DeprecationWarning: dwave-networkx is deprecated and will be replaced by dwave-graphs in Ocean 10. Most functionality previously provided by dwave-networkx is now available as part of dwave-graphs under the 'dwave.graphs' namespace.
  import dwave_networkx as dnx
/data/max/ember/docs/paper2/data/tail_probe4.py:59: DeprecationWarning: dwave-networkx is deprecated and will be replaced by dwave-graphs in Ocean 10. Most functionality previously provided by dwave-networkx is now available as part of dwave-graphs under the 'dwave.graphs' namespace.
  import dwave_networkx as dnx
/data/max/ember/docs/paper2/data/tail_probe4.py:59: DeprecationWarning: dwave-networkx is deprecated and will be replaced by dwave-graphs in Ocean 10. Most functionality previously provided by dwave-networkx is now available as part of dwave-graphs under the 'dwave.graphs' namespace.
  import dwave_networkx as dnx
Z12 K100               mm+ball  seed 0: 7.84 mx=9 skip=True bacc=0 q=0 (33.4s)
Z12 K100               mm+ball  seed 1: 7.84 mx=9 skip=True bacc=0 q=0 (36.8s)
Z12 K100               mm+ball  seed 2: 7.84 mx=9 skip=True bacc=0 q=0 (42.6s)
Z12 K100               ball     seed 0: 7.84 mx=9 skip=True bacc=0 q=0 (2.1s)
Z12 K100               ball     seed 1: 7.84 mx=9 skip=True bacc=0 q=0 (1.5s)
Z12 K100               ball     seed 2: 7.84 mx=9 skip=True bacc=0 q=0 (2.1s)
Z12 K100               ball+mm  seed 0: 7.84 mx=9 skip=True bacc=0 q=0 (34.2s)
Z12 K100               ball+mm  seed 1: 7.84 mx=9 skip=True bacc=0 q=0 (37.5s)
Z12 K100               ball+mm  seed 2: 7.84 mx=9 skip=True bacc=0 q=0 (34.5s)
Z12 K140               mm+ball  seed 0: 10.229 mx=11 skip=True bacc=0 q=0 (67.1s)
Z12 K140               mm+ball  seed 1: 10.229 mx=11 skip=True bacc=0 q=0 (72.7s)
Z12 K140               mm+ball  seed 2: 10.229 mx=11 skip=True bacc=0 q=0 (64.8s)
Z12 K140               ball     seed 0: 10.229 mx=11 skip=True bacc=0 q=0 (3.7s)
Z12 K140               ball     seed 1: 10.229 mx=11 skip=True bacc=0 q=0 (5.5s)
Z12 K140               ball     seed 2: 10.229 mx=11 skip=True bacc=0 q=0 (5.5s)
Z12 K140               ball+mm  seed 0: 10.229 mx=11 skip=True bacc=0 q=0 (69.7s)
Z12 K140               ball+mm  seed 1: 10.229 mx=11 skip=True bacc=0 q=0 (63.8s)
Z12 K140               ball+mm  seed 2: 10.229 mx=11 skip=True bacc=0 q=0 (66.7s)
Z12 ER100_d10          mm+ball  seed 0: 4.66 mx=8 skip=False bacc=0 q=61 (60.0s)
Z12 ER100_d10          mm+ball  seed 1: 5.06 mx=9 skip=False bacc=0 q=49 (60.0s)
Z12 ER100_d10          mm+ball  seed 2: 4.75 mx=8 skip=False bacc=0 q=62 (60.1s)
Z12 ER100_d10          ball     seed 0: 5.94 mx=10 skip=False bacc=1 q=42 (60.0s)
Z12 ER100_d10          ball     seed 1: 5.99 mx=10 skip=False bacc=1 q=42 (60.0s)
Z12 ER100_d10          ball     seed 2: 5.94 mx=10 skip=False bacc=1 q=42 (60.0s)
Z12 ER100_d10          ball+mm  seed 0: 5.94 mx=10 skip=False bacc=1 q=42 (60.0s)
Z12 ER100_d10          ball+mm  seed 1: 5.99 mx=10 skip=False bacc=1 q=42 (60.1s)
Z12 ER100_d10          ball+mm  seed 2: 5.94 mx=10 skip=False bacc=1 q=42 (60.1s)
Z12 turan_n162         mm+ball  seed 0: 6.0 mx=6 skip=True bacc=0 q=22 (60.2s)
Z12 turan_n162         mm+ball  seed 1: 6.0 mx=6 skip=True bacc=0 q=22 (60.2s)
Z12 turan_n162         mm+ball  seed 2: 6.0 mx=6 skip=True bacc=0 q=22 (60.2s)
Z12 turan_n162         mm+ball  seed 3: 6.0 mx=6 skip=True bacc=0 q=22 (60.3s)
Z12 turan_n162         mm+ball  seed 4: 6.0 mx=6 skip=True bacc=0 q=22 (60.1s)
Z12 turan_n162         mm+ball  seed 5: 6.0 mx=6 skip=True bacc=0 q=22 (60.5s)
Z12 turan_n162         mm+ball  seed 6: 6.0 mx=6 skip=True bacc=0 q=22 (60.1s)
Z12 turan_n162         mm+ball  seed 7: 6.0 mx=6 skip=True bacc=0 q=22 (60.1s)
Z12 turan_n162         mm+ball  seed 8: 6.228 mx=7 skip=True bacc=0 q=23 (60.4s)
Z12 turan_n162         mm+ball  seed 9: 6.0 mx=6 skip=True bacc=0 q=22 (60.2s)
Z12 turan_n162         ball     seed 0: 6.0 mx=6 skip=True bacc=0 q=22 (60.4s)
Z12 turan_n162         ball     seed 1: 7.63 mx=12 skip=True bacc=0 q=22 (60.1s)
Z12 turan_n162         ball     seed 2: 6.0 mx=6 skip=True bacc=0 q=22 (60.1s)
Z12 turan_n162         ball     seed 3: 6.0 mx=6 skip=True bacc=0 q=22 (60.5s)
Z12 turan_n162         ball     seed 4: 6.0 mx=6 skip=True bacc=0 q=22 (60.5s)
Z12 turan_n162         ball     seed 5: 7.63 mx=12 skip=True bacc=0 q=22 (60.2s)
Z12 turan_n162         ball     seed 6: 6.0 mx=6 skip=True bacc=0 q=22 (60.2s)
Z12 turan_n162         ball     seed 7: 7.63 mx=12 skip=True bacc=0 q=22 (60.3s)
Z12 turan_n162         ball     seed 8: 7.63 mx=12 skip=True bacc=0 q=22 (61.7s)
Z12 turan_n162         ball     seed 9: 6.0 mx=6 skip=True bacc=0 q=22 (65.0s)
Z12 turan_n162         ball+mm  seed 0: 6.0 mx=6 skip=True bacc=0 q=22 (62.5s)
Z12 turan_n162         ball+mm  seed 1: 7.63 mx=12 skip=True bacc=0 q=22 (63.1s)
Z12 turan_n162         ball+mm  seed 2: 6.0 mx=6 skip=True bacc=0 q=22 (62.2s)
Z12 turan_n162         ball+mm  seed 3: 6.0 mx=6 skip=True bacc=0 q=22 (61.7s)
Z12 turan_n162         ball+mm  seed 4: 6.0 mx=6 skip=True bacc=0 q=22 (60.7s)
Z12 turan_n162         ball+mm  seed 5: 7.63 mx=12 skip=True bacc=0 q=22 (62.6s)
Z12 turan_n162         ball+mm  seed 6: 6.0 mx=6 skip=True bacc=0 q=22 (60.9s)
Z12 turan_n162         ball+mm  seed 7: 7.63 mx=12 skip=True bacc=0 q=22 (60.1s)
Z12 turan_n162         ball+mm  seed 8: 7.63 mx=12 skip=True bacc=0 q=22 (60.6s)
Z12 turan_n162         ball+mm  seed 9: 6.0 mx=6 skip=True bacc=0 q=22 (60.1s)
Z12 spin_glass_n163    mm+ball  seed 0: 11.417 mx=13 skip=True bacc=0 q=7 (60.2s)
Z12 spin_glass_n163    mm+ball  seed 1: 11.417 mx=13 skip=True bacc=0 q=7 (60.3s)
Z12 spin_glass_n163    mm+ball  seed 2: 11.417 mx=13 skip=True bacc=0 q=7 (60.1s)
Z12 spin_glass_n163    ball     seed 0: 11.417 mx=13 skip=True bacc=0 q=7 (49.2s)
Z12 spin_glass_n163    ball     seed 1: 11.417 mx=13 skip=True bacc=0 q=7 (49.9s)
Z12 spin_glass_n163    ball     seed 2: 11.417 mx=13 skip=True bacc=0 q=7 (53.9s)
Z12 spin_glass_n163    ball+mm  seed 0: 11.417 mx=13 skip=True bacc=0 q=7 (61.4s)
Z12 spin_glass_n163    ball+mm  seed 1: 11.417 mx=13 skip=True bacc=0 q=7 (61.1s)
Z12 spin_glass_n163    ball+mm  seed 2: 11.417 mx=13 skip=True bacc=0 q=7 (60.4s)
Z12 regular_n316       mm+ball  seed 0: 2.924 mx=7 skip=False bacc=1 q=305 (60.0s)
Z12 regular_n316       mm+ball  seed 1: 2.769 mx=6 skip=False bacc=0 q=305 (60.0s)
Z12 regular_n316       mm+ball  seed 2: 2.861 mx=7 skip=False bacc=1 q=309 (60.1s)
Z12 regular_n316       ball     seed 0: 4.282 mx=14 skip=False bacc=5 q=314 (60.0s)
Z12 regular_n316       ball     seed 1: 4.085 mx=13 skip=False bacc=6 q=310 (60.0s)
Z12 regular_n316       ball     seed 2: 4.367 mx=16 skip=False bacc=4 q=313 (60.0s)
Z12 regular_n316       ball+mm  seed 0: 4.266 mx=14 skip=False bacc=6 q=314 (60.0s)
Z12 regular_n316       ball+mm  seed 1: 4.085 mx=13 skip=False bacc=6 q=310 (60.0s)
Z12 regular_n316       ball+mm  seed 2: 4.351 mx=16 skip=False bacc=5 q=313 (60.2s)
Z12 ws_n486            mm+ball  seed 0: 2.852 mx=10 skip=False bacc=0 q=473 (60.1s)
Z12 ws_n486            mm+ball  seed 1: 2.885 mx=10 skip=False bacc=0 q=467 (60.0s)
Z12 ws_n486            mm+ball  seed 2: 2.821 mx=10 skip=False bacc=0 q=467 (60.0s)
Z12 ws_n486            mm+ball  seed 3: 2.751 mx=10 skip=False bacc=0 q=468 (60.0s)
Z12 ws_n486            mm+ball  seed 4: 2.969 mx=11 skip=False bacc=0 q=465 (60.0s)
Z12 ws_n486            mm+ball  seed 5: 2.833 mx=9 skip=False bacc=0 q=459 (60.0s)
Z12 ws_n486            mm+ball  seed 6: 2.837 mx=9 skip=False bacc=1 q=470 (60.1s)
Z12 ws_n486            mm+ball  seed 7: 3.44 mx=11 skip=False bacc=0 q=476 (60.0s)
Z12 ws_n486            mm+ball  seed 8: 2.883 mx=10 skip=False bacc=0 q=457 (60.0s)
Z12 ws_n486            mm+ball  seed 9: 3.027 mx=11 skip=False bacc=1 q=462 (60.0s)
Z12 ws_n486            ball     seed 0: 4.79 mx=22 skip=False bacc=3 q=471 (60.0s)
Z12 ws_n486            ball     seed 1: 4.539 mx=23 skip=False bacc=5 q=469 (60.0s)
Z12 ws_n486            ball     seed 2: 4.693 mx=25 skip=False bacc=9 q=478 (60.0s)
Z12 ws_n486            ball     seed 3: 4.679 mx=22 skip=False bacc=5 q=473 (60.0s)
Z12 ws_n486            ball     seed 4: 4.619 mx=24 skip=False bacc=6 q=478 (60.0s)
Z12 ws_n486            ball     seed 5: 4.691 mx=20 skip=False bacc=3 q=479 (60.0s)
Z12 ws_n486            ball     seed 6: 4.251 mx=25 skip=False bacc=1 q=471 (60.0s)
Z12 ws_n486            ball     seed 7: 4.307 mx=24 skip=False bacc=3 q=480 (60.0s)
Z12 ws_n486            ball     seed 8: 4.344 mx=26 skip=False bacc=4 q=475 (60.0s)
Z12 ws_n486            ball     seed 9: 4.574 mx=20 skip=False bacc=3 q=472 (60.0s)
Z12 ws_n486            ball+mm  seed 0: 4.79 mx=22 skip=False bacc=3 q=471 (60.0s)
Z12 ws_n486            ball+mm  seed 1: 4.761 mx=22 skip=False bacc=4 q=479 (60.0s)
Z12 ws_n486            ball+mm  seed 2: 4.751 mx=25 skip=False bacc=7 q=478 (60.0s)
Z12 ws_n486            ball+mm  seed 3: 4.677 mx=20 skip=False bacc=2 q=476 (60.0s)
Z12 ws_n486            ball+mm  seed 4: 4.619 mx=24 skip=False bacc=6 q=478 (60.2s)
Z12 ws_n486            ball+mm  seed 5: 4.691 mx=20 skip=False bacc=3 q=479 (60.0s)
Z12 ws_n486            ball+mm  seed 6: 4.428 mx=22 skip=False bacc=4 q=478 (60.0s)
Z12 ws_n486            ball+mm  seed 7: 4.307 mx=24 skip=False bacc=3 q=480 (60.0s)
Z12 ws_n486            ball+mm  seed 8: 4.584 mx=22 skip=False bacc=4 q=469 (60.0s)
Z12 ws_n486            ball+mm  seed 9: 4.504 mx=21 skip=False bacc=2 q=473 (60.0s)
Z12 grid_200           mm+ball  seed 0: 1.09 mx=2 skip=False bacc=0 q=128 (39.6s)
Z12 grid_200           mm+ball  seed 1: 1.145 mx=2 skip=False bacc=0 q=134 (43.9s)
Z12 grid_200           mm+ball  seed 2: 1.13 mx=2 skip=False bacc=0 q=147 (40.8s)
Z12 grid_200           ball     seed 0: 1.615 mx=6 skip=False bacc=28 q=177 (60.0s)
Z12 grid_200           ball     seed 1: 1.69 mx=5 skip=False bacc=14 q=177 (60.0s)
Z12 grid_200           ball     seed 2: 1.645 mx=7 skip=False bacc=25 q=176 (60.0s)
Z12 grid_200           ball+mm  seed 0: 1.62 mx=6 skip=False bacc=27 q=177 (60.0s)
Z12 grid_200           ball+mm  seed 1: 1.665 mx=5 skip=False bacc=16 q=177 (60.0s)
Z12 grid_200           ball+mm  seed 2: 1.66 mx=7 skip=False bacc=23 q=176 (60.0s)
Z12 honeycomb_200      mm+ball  seed 0: 1.085 mx=2 skip=False bacc=0 q=129 (31.1s)
Z12 honeycomb_200      mm+ball  seed 1: 1.09 mx=2 skip=False bacc=0 q=139 (33.2s)
Z12 honeycomb_200      mm+ball  seed 2: 1.095 mx=2 skip=False bacc=0 q=139 (36.3s)
Z12 honeycomb_200      ball     seed 0: 1.51 mx=4 skip=False bacc=17 q=168 (60.0s)
Z12 honeycomb_200      ball     seed 1: 1.405 mx=4 skip=False bacc=14 q=171 (60.0s)
Z12 honeycomb_200      ball     seed 2: 1.465 mx=4 skip=False bacc=23 q=178 (60.0s)
Z12 honeycomb_200      ball+mm  seed 0: 1.495 mx=4 skip=False bacc=19 q=168 (60.0s)
Z12 honeycomb_200      ball+mm  seed 1: 1.07 mx=2 skip=False bacc=15 q=171 (56.9s)
Z12 honeycomb_200      ball+mm  seed 2: 1.45 mx=4 skip=False bacc=25 q=178 (60.0s)
Z12 king_graph_196     mm+ball  seed 0: 1.561 mx=3 skip=False bacc=0 q=125 (60.0s)
Z12 king_graph_196     mm+ball  seed 1: 1.531 mx=3 skip=False bacc=0 q=141 (60.1s)
Z12 king_graph_196     mm+ball  seed 2: 1.49 mx=2 skip=False bacc=1 q=125 (60.0s)
Z12 king_graph_196     ball     seed 0: 2.061 mx=7 skip=False bacc=17 q=157 (60.0s)
Z12 king_graph_196     ball     seed 1: 2.036 mx=10 skip=False bacc=13 q=131 (60.0s)
Z12 king_graph_196     ball     seed 2: 1.918 mx=11 skip=False bacc=9 q=145 (60.0s)
Z12 king_graph_196     ball+mm  seed 0: 2.102 mx=7 skip=False bacc=15 q=157 (60.1s)
Z12 king_graph_196     ball+mm  seed 1: 2.036 mx=10 skip=False bacc=13 q=131 (60.0s)
Z12 king_graph_196     ball+mm  seed 2: 1.954 mx=11 skip=False bacc=8 q=145 (60.0s)
P16 K100               mm+ball  seed 0: 11.23 mx=16 skip=None bacc=0 q=0 (31.0s)
P16 K100               mm+ball  seed 1: 11.51 mx=17 skip=None bacc=0 q=0 (34.8s)
P16 K100               mm+ball  seed 2: 11.65 mx=17 skip=None bacc=0 q=0 (61.2s)
P16 K100               ball     seed 0: 11.23 mx=16 skip=None bacc=0 q=0 (5.2s)
P16 K100               ball     seed 1: 11.52 mx=17 skip=None bacc=0 q=0 (3.6s)
P16 K100               ball     seed 2: 11.71 mx=19 skip=None bacc=0 q=0 (3.4s)
P16 K100               ball+mm  seed 0: 11.23 mx=16 skip=None bacc=0 q=0 (36.1s)
P16 K100               ball+mm  seed 1: 11.51 mx=17 skip=None bacc=0 q=0 (37.7s)
P16 K100               ball+mm  seed 2: 11.65 mx=17 skip=None bacc=0 q=0 (61.5s)
P16 turan_n162         mm+ball  seed 0: 7.654 mx=8 skip=None bacc=0 q=16 (62.0s)
P16 turan_n162         mm+ball  seed 1: 7.654 mx=8 skip=None bacc=0 q=16 (62.5s)
P16 turan_n162         mm+ball  seed 2: 7.654 mx=8 skip=None bacc=0 q=16 (62.0s)
P16 turan_n162         ball     seed 0: 7.654 mx=8 skip=None bacc=0 q=16 (60.1s)
P16 turan_n162         ball     seed 1: 7.698 mx=16 skip=None bacc=0 q=11 (60.2s)
P16 turan_n162         ball     seed 2: 7.654 mx=8 skip=None bacc=0 q=16 (60.7s)
P16 turan_n162         ball+mm  seed 0: 7.654 mx=8 skip=None bacc=0 q=16 (60.5s)
P16 turan_n162         ball+mm  seed 1: 7.698 mx=16 skip=None bacc=0 q=11 (60.3s)
P16 turan_n162         ball+mm  seed 2: 7.654 mx=8 skip=None bacc=0 q=16 (60.1s)
P16 ws_n486            mm+ball  seed 0: 3.817 mx=14 skip=None bacc=0 q=424 (60.0s)
P16 ws_n486            mm+ball  seed 1: 3.747 mx=14 skip=None bacc=0 q=423 (60.0s)
P16 ws_n486            mm+ball  seed 2: 3.65 mx=13 skip=None bacc=0 q=428 (60.0s)
P16 ws_n486            ball     seed 0: 5.315 mx=31 skip=None bacc=3 q=450 (60.0s)
P16 ws_n486            ball     seed 1: 5.595 mx=32 skip=None bacc=2 q=446 (60.0s)
P16 ws_n486            ball     seed 2: 5.726 mx=53 skip=None bacc=3 q=457 (60.0s)
P16 ws_n486            ball+mm  seed 0: 5.393 mx=27 skip=None bacc=2 q=456 (60.0s)
P16 ws_n486            ball+mm  seed 1: 5.428 mx=39 skip=None bacc=2 q=444 (60.0s)
P16 ws_n486            ball+mm  seed 2: 5.012 mx=29 skip=None bacc=5 q=441 (60.0s)

summary (mean ACL; d = ball+mm - mm+ball, negative = wins):
Z12 K100               mm+ball=7.84(3) ball=7.84(3) ball+mm=7.84(3) mx 9.0->9.0 t 37.6->35.4s d=+0.000
Z12 K140               mm+ball=10.229(3) ball=10.229(3) ball+mm=10.229(3) mx 11.0->11.0 t 68.2->66.733s d=+0.000
Z12 ER100_d10          mm+ball=4.823(3) ball=5.957(3) ball+mm=5.957(3) mx 8.333->10.0 t 60.033->60.067s d=+1.134
Z12 turan_n162         mm+ball=6.023(10) ball=6.652(10) ball+mm=6.652(10) mx 6.1->8.4 t 60.23->61.45s d=+0.629
Z12 spin_glass_n163    mm+ball=11.417(3) ball=11.417(3) ball+mm=11.417(3) mx 13.0->13.0 t 60.2->60.967s d=+0.000
Z12 regular_n316       mm+ball=2.851(3) ball=4.245(3) ball+mm=4.234(3) mx 6.667->14.333 t 60.033->60.067s d=+1.383
Z12 ws_n486            mm+ball=2.93(10) ball=4.549(10) ball+mm=4.611(10) mx 10.1->22.2 t 60.02->60.02s d=+1.681
Z12 grid_200           mm+ball=1.122(3) ball=1.65(3) ball+mm=1.648(3) mx 2.0->6.0 t 41.433->60.0s d=+0.526
Z12 honeycomb_200      mm+ball=1.09(3) ball=1.46(3) ball+mm=1.338(3) mx 2.0->3.333 t 33.533->58.967s d=+0.248
Z12 king_graph_196     mm+ball=1.527(3) ball=2.005(3) ball+mm=2.031(3) mx 2.667->9.333 t 60.033->60.033s d=+0.504
P16 K100               mm+ball=11.463(3) ball=11.487(3) ball+mm=11.463(3) mx 16.667->16.667 t 42.333->45.1s d=+0.000
P16 turan_n162         mm+ball=7.654(3) ball=7.669(3) ball+mm=7.669(3) mx 8.0->10.667 t 62.167->60.3s d=+0.015
P16 ws_n486            mm+ball=3.738(3) ball=5.545(3) ball+mm=5.278(3) mx 13.667->31.667 t 60.0->60.0s d=+1.540
load at end: (76.4462890625, 81.31982421875, 69.4267578125)
done-probe
