15225 graphs with n <= 184
500/15225
1000/15225
1500/15225
2000/15225
2500/15225
3000/15225
3500/15225
4000/15225
4500/15225
5000/15225
5500/15225
6000/15225
6500/15225
7000/15225
7500/15225
8000/15225
8500/15225
9000/15225
9500/15225
10000/15225
10500/15225
11000/15225
11500/15225
12000/15225
12500/15225
13000/15225
13500/15225
14000/15225
14500/15225
15000/15225
  Downloading graph 90000 (path_120) from zachmacsmith/ember-graphs...
  Downloading graph 90004 (ba_n120_m1_s1) from zachmacsmith/ember-graphs...
  Downloading graph 90012 (ws_n120_k2_b0.00_s1) from zachmacsmith/ember-graphs...
  Downloading graph 90001 (cycle_120) from zachmacsmith/ember-graphs...
  Downloading graph 90005 (ba_n120_m1_s2) from zachmacsmith/ember-graphs...
  Downloading graph 90013 (ws_n120_k2_b0.10_s0) from zachmacsmith/ember-graphs...
  Downloading graph 90020 (ws_n120_k4_b0.10_s1) from zachmacsmith/ember-graphs...
  Downloading graph 90002 (star_119) from zachmacsmith/ember-graphs...
  Downloading graph 90014 (ws_n120_k2_b0.10_s1) from zachmacsmith/ember-graphs...
  Downloading graph 90006 (ba_n120_m1_s3) from zachmacsmith/ember-graphs...
  Downloading graph 90021 (er_n120_p0.01_s0) from zachmacsmith/ember-graphs...
  Downloading graph 90003 (ba_n120_m1_s0) from zachmacsmith/ember-graphs...
  Downloading graph 90028 (er_n120_p0.03_s1) from zachmacsmith/ember-graphs...
  Downloading graph 90015 (ws_n120_k2_b0.20_s0) from zachmacsmith/ember-graphs...
  Downloading graph 90007 (ba_n120_m2_s0) from zachmacsmith/ember-graphs...
  Downloading graph 90036 (grid_10x12) from zachmacsmith/ember-graphs...
  Downloading graph 90022 (er_n120_p0.01_s1) from zachmacsmith/ember-graphs...
  Downloading graph 90029 (er_n120_p0.03_s2) from zachmacsmith/ember-graphs...
  Downloading graph 90016 (ws_n120_k2_b0.20_s1) from zachmacsmith/ember-graphs...
  Downloading graph 90008 (ba_n120_m2_s1) from zachmacsmith/ember-graphs...
  Downloading graph 90037 (grid_8x15) from zachmacsmith/ember-graphs...
  Downloading graph 90023 (er_n120_p0.01_s2) from zachmacsmith/ember-graphs...
  Downloading graph 90030 (er_n120_p0.03_s0) from zachmacsmith/ember-graphs...
  Downloading graph 90017 (ws_n120_k4_b0.00_s0) from zachmacsmith/ember-graphs...
  Downloading graph 90009 (ba_n120_m2_s2) from zachmacsmith/ember-graphs...
  Downloading graph 90038 (grid_6x20) from zachmacsmith/ember-graphs...
  Downloading graph 90024 (er_n120_p0.02_s0) from zachmacsmith/ember-graphs...
  Downloading graph 90031 (er_n120_p0.03_s1) from zachmacsmith/ember-graphs...
  Downloading graph 90010 (ba_n120_m2_s3) from zachmacsmith/ember-graphs...
  Downloading graph 90018 (ws_n120_k4_b0.00_s1) from zachmacsmith/ember-graphs...
  Downloading graph 90044 (sbm_n120_c4_pi0.15_po0.01_s2) from zachmacsmith/ember-graphs...
  Downloading graph 90039 (planar_n120_s0) from zachmacsmith/ember-graphs...
  Downloading graph 90032 (er_n120_p0.03_s2) from zachmacsmith/ember-graphs...
  Downloading graph 90011 (ws_n120_k2_b0.00_s0) from zachmacsmith/ember-graphs...
  Downloading graph 90019 (ws_n120_k4_b0.10_s0) from zachmacsmith/ember-graphs...
  Downloading graph 90025 (er_n120_p0.02_s1) from zachmacsmith/ember-graphs...
  Downloading graph 90040 (planar_n120_s1) from zachmacsmith/ember-graphs...
  Downloading graph 90033 (regular_n120_d3_s0) from zachmacsmith/ember-graphs...
  Downloading graph 90026 (er_n120_p0.02_s2) from zachmacsmith/ember-graphs...
  Downloading graph 90041 (planar_n120_s2) from zachmacsmith/ember-graphs...
  Downloading graph 90034 (regular_n120_d3_s1) from zachmacsmith/ember-graphs...
  Downloading graph 90027 (er_n120_p0.03_s0) from zachmacsmith/ember-graphs...
  Downloading graph 90042 (sbm_n120_c4_pi0.15_po0.01_s0) from zachmacsmith/ember-graphs...
  Downloading graph 90035 (regular_n120_d3_s2) from zachmacsmith/ember-graphs...
  Downloading graph 90043 (sbm_n120_c4_pi0.15_po0.01_s1) from zachmacsmith/ember-graphs...
done-template-bounds
