10 cells, 176 jobs; load (78.27734375, 74.02880859375, 74.26806640625)
/data/max/ember/docs/paper2/data/tile_probe.py:63: DeprecationWarning: dwave-networkx is deprecated and will be replaced by dwave-graphs in Ocean 10. Most functionality previously provided by dwave-networkx is now available as part of dwave-graphs under the 'dwave.graphs' namespace.
  import dwave_networkx as dnx
/data/max/ember/docs/paper2/data/tile_probe.py:63: DeprecationWarning: dwave-networkx is deprecated and will be replaced by dwave-graphs in Ocean 10. Most functionality previously provided by dwave-networkx is now available as part of dwave-graphs under the 'dwave.graphs' namespace.
  import dwave_networkx as dnx
/data/max/ember/docs/paper2/data/tile_probe.py:63: DeprecationWarning: dwave-networkx is deprecated and will be replaced by dwave-graphs in Ocean 10. Most functionality previously provided by dwave-networkx is now available as part of dwave-graphs under the 'dwave.graphs' namespace.
  import dwave_networkx as dnx
/data/max/ember/docs/paper2/data/tile_probe.py:63: DeprecationWarning: dwave-networkx is deprecated and will be replaced by dwave-graphs in Ocean 10. Most functionality previously provided by dwave-networkx is now available as part of dwave-graphs under the 'dwave.graphs' namespace.
  import dwave_networkx as dnx
/data/max/ember/docs/paper2/data/tile_probe.py:63: DeprecationWarning: dwave-networkx is deprecated and will be replaced by dwave-graphs in Ocean 10. Most functionality previously provided by dwave-networkx is now available as part of dwave-graphs under the 'dwave.graphs' namespace.
  import dwave_networkx as dnx
/data/max/ember/docs/paper2/data/tile_probe.py:63: DeprecationWarning: dwave-networkx is deprecated and will be replaced by dwave-graphs in Ocean 10. Most functionality previously provided by dwave-networkx is now available as part of dwave-graphs under the 'dwave.graphs' namespace.
  import dwave_networkx as dnx
/data/max/ember/docs/paper2/data/tile_probe.py:63: DeprecationWarning: dwave-networkx is deprecated and will be replaced by dwave-graphs in Ocean 10. Most functionality previously provided by dwave-networkx is now available as part of dwave-graphs under the 'dwave.graphs' namespace.
  import dwave_networkx as dnx
/data/max/ember/docs/paper2/data/tile_probe.py:63: DeprecationWarning: dwave-networkx is deprecated and will be replaced by dwave-graphs in Ocean 10. Most functionality previously provided by dwave-networkx is now available as part of dwave-graphs under the 'dwave.graphs' namespace.
  import dwave_networkx as dnx
/data/max/ember/docs/paper2/data/tile_probe.py:63: DeprecationWarning: dwave-networkx is deprecated and will be replaced by dwave-graphs in Ocean 10. Most functionality previously provided by dwave-networkx is now available as part of dwave-graphs under the 'dwave.graphs' namespace.
  import dwave_networkx as dnx
/data/max/ember/docs/paper2/data/tile_probe.py:63: DeprecationWarning: dwave-networkx is deprecated and will be replaced by dwave-graphs in Ocean 10. Most functionality previously provided by dwave-networkx is now available as part of dwave-graphs under the 'dwave.graphs' namespace.
  import dwave_networkx as dnx
/data/max/ember/docs/paper2/data/tile_probe.py:63: DeprecationWarning: dwave-networkx is deprecated and will be replaced by dwave-graphs in Ocean 10. Most functionality previously provided by dwave-networkx is now available as part of dwave-graphs under the 'dwave.graphs' namespace.
  import dwave_networkx as dnx
/data/max/ember/docs/paper2/data/tile_probe.py:63: DeprecationWarning: dwave-networkx is deprecated and will be replaced by dwave-graphs in Ocean 10. Most functionality previously provided by dwave-networkx is now available as part of dwave-graphs under the 'dwave.graphs' namespace.
  import dwave_networkx as dnx
/data/max/ember/docs/paper2/data/tile_probe.py:63: DeprecationWarning: dwave-networkx is deprecated and will be replaced by dwave-graphs in Ocean 10. Most functionality previously provided by dwave-networkx is now available as part of dwave-graphs under the 'dwave.graphs' namespace.
  import dwave_networkx as dnx
/data/max/ember/docs/paper2/data/tile_probe.py:63: DeprecationWarning: dwave-networkx is deprecated and will be replaced by dwave-graphs in Ocean 10. Most functionality previously provided by dwave-networkx is now available as part of dwave-graphs under the 'dwave.graphs' namespace.
  import dwave_networkx as dnx
/data/max/ember/docs/paper2/data/tile_probe.py:63: DeprecationWarning: dwave-networkx is deprecated and will be replaced by dwave-graphs in Ocean 10. Most functionality previously provided by dwave-networkx is now available as part of dwave-graphs under the 'dwave.graphs' namespace.
  import dwave_networkx as dnx
/data/max/ember/docs/paper2/data/tile_probe.py:63: DeprecationWarning: dwave-networkx is deprecated and will be replaced by dwave-graphs in Ocean 10. Most functionality previously provided by dwave-networkx is now available as part of dwave-graphs under the 'dwave.graphs' namespace.
  import dwave_networkx as dnx
/data/max/ember/docs/paper2/data/tile_probe.py:63: DeprecationWarning: dwave-networkx is deprecated and will be replaced by dwave-graphs in Ocean 10. Most functionality previously provided by dwave-networkx is now available as part of dwave-graphs under the 'dwave.graphs' namespace.
  import dwave_networkx as dnx
/data/max/ember/docs/paper2/data/tile_probe.py:63: DeprecationWarning: dwave-networkx is deprecated and will be replaced by dwave-graphs in Ocean 10. Most functionality previously provided by dwave-networkx is now available as part of dwave-graphs under the 'dwave.graphs' namespace.
  import dwave_networkx as dnx
/data/max/ember/docs/paper2/data/tile_probe.py:63: DeprecationWarning: dwave-networkx is deprecated and will be replaced by dwave-graphs in Ocean 10. Most functionality previously provided by dwave-networkx is now available as part of dwave-graphs under the 'dwave.graphs' namespace.
  import dwave_networkx as dnx
/data/max/ember/docs/paper2/data/tile_probe.py:63: DeprecationWarning: dwave-networkx is deprecated and will be replaced by dwave-graphs in Ocean 10. Most functionality previously provided by dwave-networkx is now available as part of dwave-graphs under the 'dwave.graphs' namespace.
  import dwave_networkx as dnx
/data/max/ember/docs/paper2/data/tile_probe.py:63: DeprecationWarning: dwave-networkx is deprecated and will be replaced by dwave-graphs in Ocean 10. Most functionality previously provided by dwave-networkx is now available as part of dwave-graphs under the 'dwave.graphs' namespace.
  import dwave_networkx as dnx
/data/max/ember/docs/paper2/data/tile_probe.py:63: DeprecationWarning: dwave-networkx is deprecated and will be replaced by dwave-graphs in Ocean 10. Most functionality previously provided by dwave-networkx is now available as part of dwave-graphs under the 'dwave.graphs' namespace.
  import dwave_networkx as dnx
/data/max/ember/docs/paper2/data/tile_probe.py:63: DeprecationWarning: dwave-networkx is deprecated and will be replaced by dwave-graphs in Ocean 10. Most functionality previously provided by dwave-networkx is now available as part of dwave-graphs under the 'dwave.graphs' namespace.
  import dwave_networkx as dnx
/data/max/ember/docs/paper2/data/tile_probe.py:63: DeprecationWarning: dwave-networkx is deprecated and will be replaced by dwave-graphs in Ocean 10. Most functionality previously provided by dwave-networkx is now available as part of dwave-graphs under the 'dwave.graphs' namespace.
  import dwave_networkx as dnx
Z12 K100               plane        seed 0: 7.26 mx=8 pen=None acc=199 ro=1324 def=0 skip=True (61.5s)
Z12 K100               plane        seed 1: 7.26 mx=8 pen=None acc=196 ro=1175 def=0 skip=True (66.8s)
Z12 K100               plane        seed 2: 7.26 mx=8 pen=None acc=196 ro=1171 def=0 skip=True (62.4s)
Z12 K100               carry        seed 0: 7.26 mx=8 pen=None acc=138 ro=139 def=0 skip=True (67.2s)
Z12 K100               carry        seed 1: 7.26 mx=8 pen=None acc=138 ro=139 def=0 skip=True (65.5s)
Z12 K100               carry        seed 2: 7.26 mx=8 pen=None acc=138 ro=139 def=0 skip=True (61.9s)
Z12 K100               carry-tile   seed 0: 7.27 mx=8 pen=None acc=207 ro=208 def=0 skip=True (60.4s)
Z12 K100               carry-tile   seed 1: 7.27 mx=8 pen=None acc=207 ro=208 def=0 skip=True (69.0s)
Z12 K100               carry-tile   seed 2: 7.27 mx=8 pen=None acc=207 ro=208 def=0 skip=True (64.2s)
Z12 K100               carry-tile-settle seed 0: 7.27 mx=8 pen=None acc=207 ro=208 def=0 skip=True (65.6s)
Z12 K100               carry-tile-settle seed 1: 7.27 mx=8 pen=None acc=207 ro=208 def=0 skip=True (71.4s)
Z12 K100               carry-tile-settle seed 2: 7.27 mx=8 pen=None acc=207 ro=208 def=0 skip=True (69.0s)
Z12 K140               plane        seed 0: 9.764 mx=10 pen=None acc=308 ro=883 def=0 skip=True (72.9s)
Z12 K140               plane        seed 1: 9.764 mx=10 pen=None acc=306 ro=722 def=0 skip=True (67.8s)
Z12 K140               plane        seed 2: 9.764 mx=10 pen=None acc=307 ro=775 def=0 skip=True (77.9s)
Z12 K140               carry        seed 0: 9.757 mx=10 pen=None acc=188 ro=189 def=0 skip=True (66.2s)
Z12 K140               carry        seed 1: 9.757 mx=10 pen=None acc=188 ro=189 def=0 skip=True (62.9s)
Z12 K140               carry        seed 2: 9.757 mx=10 pen=None acc=188 ro=189 def=0 skip=True (69.7s)
Z12 K140               carry-tile   seed 0: 12.779 mx=15 pen=None acc=90 ro=91 def=0 skip=True (85.8s)
Z12 K140               carry-tile   seed 1: 9.879 mx=11 pen=None acc=259 ro=260 def=0 skip=True (76.7s)
Z12 K140               carry-tile   seed 2: 12.779 mx=15 pen=None acc=89 ro=90 def=0 skip=True (70.7s)
Z12 K140               carry-tile-settle seed 0: 12.779 mx=15 pen=None acc=86 ro=87 def=0 skip=True (79.9s)
Z12 K140               carry-tile-settle seed 1: 12.779 mx=15 pen=None acc=92 ro=93 def=0 skip=True (73.7s)
Z12 K140               carry-tile-settle seed 2: 12.779 mx=15 pen=None acc=91 ro=92 def=0 skip=True (74.2s)
Z12 ER100_d10          plane        seed 0: 4.81 mx=9 pen=None acc=576 ro=802 def=0 skip=True (60.2s)
Z12 ER100_d10          plane        seed 1: 5.49 mx=10 pen=None acc=894 ro=1281 def=0 skip=True (60.1s)
Z12 ER100_d10          plane        seed 2: 4.98 mx=9 pen=None acc=3195 ro=4598 def=0 skip=True (60.2s)
Z12 ER100_d10          carry        seed 0: 4.56 mx=8 pen=None acc=592 ro=593 def=0 skip=True (60.0s)
Z12 ER100_d10          carry        seed 1: 4.43 mx=8 pen=None acc=510 ro=511 def=0 skip=True (60.0s)
Z12 ER100_d10          carry        seed 2: 4.27 mx=7 pen=None acc=592 ro=593 def=0 skip=True (60.1s)
Z12 ER100_d10          carry-tile   seed 0: 4.45 mx=8 pen=None acc=2578 ro=2579 def=0 skip=True (60.0s)
Z12 ER100_d10          carry-tile   seed 1: 4.58 mx=8 pen=None acc=447 ro=448 def=0 skip=True (60.1s)
Z12 ER100_d10          carry-tile   seed 2: 5.05 mx=9 pen=None acc=450 ro=451 def=0 skip=True (60.1s)
Z12 ER100_d10          carry-tile-settle seed 0: 4.29 mx=8 pen=None acc=1801 ro=1802 def=0 skip=True (60.2s)
Z12 ER100_d10          carry-tile-settle seed 1: 4.44 mx=8 pen=None acc=3572 ro=3573 def=0 skip=True (60.3s)
Z12 ER100_d10          carry-tile-settle seed 2: 4.5 mx=9 pen=None acc=1899 ro=1900 def=0 skip=True (60.1s)
Z12 turan_n162         plane        seed 0: 6.228 mx=7 pen=None acc=693 ro=760 def=0 skip=True (60.7s)
Z12 turan_n162         plane        seed 1: 6.228 mx=7 pen=None acc=381 ro=385 def=0 skip=True (64.9s)
Z12 turan_n162         plane        seed 2: 6.0 mx=6 pen=None acc=137 ro=138 def=0 skip=True (62.1s)
Z12 turan_n162         plane        seed 3: 6.0 mx=6 pen=None acc=586 ro=632 def=0 skip=True (66.0s)
Z12 turan_n162         plane        seed 4: 6.228 mx=7 pen=None acc=846 ro=914 def=0 skip=True (61.1s)
Z12 turan_n162         plane        seed 5: 6.0 mx=6 pen=None acc=119 ro=121 def=0 skip=True (61.3s)
Z12 turan_n162         plane        seed 6: 6.228 mx=7 pen=None acc=820 ro=888 def=0 skip=True (61.4s)
Z12 turan_n162         plane        seed 7: 6.228 mx=7 pen=None acc=440 ro=444 def=0 skip=True (60.9s)
Z12 turan_n162         plane        seed 8: 6.228 mx=7 pen=None acc=608 ro=612 def=0 skip=True (63.0s)
Z12 turan_n162         plane        seed 9: 6.0 mx=6 pen=None acc=693 ro=760 def=0 skip=True (60.7s)
Z12 turan_n162         carry        seed 0: 9.253 mx=12 pen=None acc=203 ro=204 def=0 skip=True (61.2s)
Z12 turan_n162         carry        seed 1: 9.593 mx=13 pen=None acc=183 ro=184 def=0 skip=True (62.6s)
Z12 turan_n162         carry        seed 2: 9.253 mx=12 pen=None acc=203 ro=204 def=0 skip=True (64.0s)
Z12 turan_n162         carry        seed 3: 9.253 mx=12 pen=None acc=203 ro=204 def=0 skip=True (60.2s)
Z12 turan_n162         carry        seed 4: 9.222 mx=12 pen=None acc=203 ro=204 def=0 skip=True (61.9s)
Z12 turan_n162         carry        seed 5: 9.611 mx=13 pen=None acc=190 ro=191 def=0 skip=True (61.3s)
Z12 turan_n162         carry        seed 6: 9.253 mx=12 pen=None acc=203 ro=204 def=0 skip=True (62.5s)
Z12 turan_n162         carry        seed 7: 9.611 mx=13 pen=None acc=190 ro=191 def=0 skip=True (63.6s)
Z12 turan_n162         carry        seed 8: 9.611 mx=13 pen=None acc=190 ro=191 def=0 skip=True (63.8s)
Z12 turan_n162         carry        seed 9: 9.253 mx=12 pen=None acc=203 ro=204 def=0 skip=True (61.2s)
Z12 turan_n162         carry-tile   seed 0: 6.0 mx=6 pen=None acc=400 ro=401 def=0 skip=True (64.8s)
Z12 turan_n162         carry-tile   seed 1: 9.463 mx=12 pen=None acc=411 ro=412 def=0 skip=True (60.7s)
Z12 turan_n162         carry-tile   seed 2: 6.815 mx=9 pen=None acc=400 ro=401 def=0 skip=True (60.5s)
Z12 turan_n162         carry-tile   seed 3: 6.0 mx=6 pen=None acc=400 ro=401 def=0 skip=True (60.9s)
Z12 turan_n162         carry-tile   seed 4: 6.457 mx=7 pen=None acc=400 ro=401 def=0 skip=True (61.6s)
Z12 turan_n162         carry-tile   seed 5: 9.407 mx=12 pen=None acc=411 ro=412 def=0 skip=True (61.2s)
Z12 turan_n162         carry-tile   seed 6: 6.0 mx=6 pen=None acc=400 ro=401 def=0 skip=True (63.0s)
Z12 turan_n162         carry-tile   seed 7: 9.407 mx=12 pen=None acc=411 ro=412 def=0 skip=True (61.3s)
Z12 turan_n162         carry-tile   seed 8: 9.407 mx=12 pen=None acc=411 ro=412 def=0 skip=True (63.2s)
Z12 turan_n162         carry-tile   seed 9: 6.0 mx=6 pen=None acc=400 ro=401 def=0 skip=True (60.2s)
Z12 turan_n162         carry-tile-settle seed 0: 6.0 mx=6 pen=None acc=400 ro=401 def=0 skip=True (60.6s)
Z12 turan_n162         carry-tile-settle seed 1: 9.463 mx=12 pen=None acc=411 ro=412 def=0 skip=True (62.3s)
Z12 turan_n162         carry-tile-settle seed 2: 6.815 mx=9 pen=None acc=400 ro=401 def=0 skip=True (60.7s)
Z12 turan_n162         carry-tile-settle seed 3: 6.0 mx=6 pen=None acc=400 ro=401 def=0 skip=True (62.7s)
Z12 turan_n162         carry-tile-settle seed 4: 6.457 mx=7 pen=None acc=400 ro=401 def=0 skip=True (66.0s)
Z12 turan_n162         carry-tile-settle seed 5: 9.407 mx=12 pen=None acc=411 ro=412 def=0 skip=True (67.5s)
Z12 turan_n162         carry-tile-settle seed 6: 6.321 mx=8 pen=None acc=400 ro=401 def=0 skip=True (61.6s)
Z12 turan_n162         carry-tile-settle seed 7: 9.407 mx=12 pen=None acc=411 ro=412 def=0 skip=True (62.5s)
Z12 turan_n162         carry-tile-settle seed 8: 9.407 mx=12 pen=None acc=411 ro=412 def=0 skip=True (64.0s)
Z12 turan_n162         carry-tile-settle seed 9: 6.0 mx=6 pen=None acc=400 ro=401 def=0 skip=True (65.2s)
Z12 spin_glass_n163    plane        seed 0: 11.129 mx=12 pen=None acc=673 ro=1298 def=0 skip=True (62.7s)
Z12 spin_glass_n163    plane        seed 1: 11.098 mx=13 pen=None acc=652 ro=1256 def=0 skip=True (64.4s)
Z12 spin_glass_n163    plane        seed 2: 11.123 mx=12 pen=None acc=681 ro=1306 def=0 skip=True (64.4s)
Z12 spin_glass_n163    carry        seed 0: 10.853 mx=12 pen=None acc=346 ro=347 def=0 skip=True (61.1s)
Z12 spin_glass_n163    carry        seed 1: 10.853 mx=12 pen=None acc=340 ro=341 def=0 skip=True (69.8s)
Z12 spin_glass_n163    carry        seed 2: 10.853 mx=12 pen=None acc=346 ro=347 def=0 skip=True (62.5s)
Z12 spin_glass_n163    carry-tile   seed 0: 10.926 mx=12 pen=None acc=478 ro=479 def=0 skip=True (66.4s)
Z12 spin_glass_n163    carry-tile   seed 1: 10.957 mx=12 pen=None acc=484 ro=485 def=0 skip=True (66.0s)
Z12 spin_glass_n163    carry-tile   seed 2: 10.926 mx=12 pen=None acc=478 ro=479 def=0 skip=True (68.7s)
Z12 spin_glass_n163    carry-tile-settle seed 0: 10.926 mx=12 pen=None acc=477 ro=478 def=0 skip=True (60.5s)
Z12 spin_glass_n163    carry-tile-settle seed 1: 10.926 mx=12 pen=None acc=477 ro=478 def=0 skip=True (64.0s)
Z12 spin_glass_n163    carry-tile-settle seed 2: 10.926 mx=12 pen=None acc=478 ro=479 def=0 skip=True (61.6s)
Z12 regular_n316       plane        seed 0: 2.557 mx=6 pen=None acc=1518 ro=1591 def=1 skip=False (60.0s)
Z12 regular_n316       plane        seed 1: 2.706 mx=6 pen=None acc=1459 ro=1530 def=1 skip=False (60.0s)
Z12 regular_n316       plane        seed 2: 2.756 mx=6 pen=None acc=1194 ro=1260 def=1 skip=False (60.0s)
Z12 regular_n316       carry        seed 0: 2.87 mx=7 pen=None acc=884 ro=885 def=0 skip=True (60.2s)
Z12 regular_n316       carry        seed 1: 2.734 mx=7 pen=None acc=755 ro=756 def=1 skip=False (60.1s)
Z12 regular_n316       carry        seed 2: 2.734 mx=6 pen=None acc=786 ro=787 def=0 skip=True (60.4s)
Z12 regular_n316       carry-tile   seed 0: 2.759 mx=7 pen=None acc=929 ro=931 def=2 skip=False (60.0s)
Z12 regular_n316       carry-tile   seed 1: 2.88 mx=7 pen=None acc=874 ro=876 def=2 skip=False (60.0s)
Z12 regular_n316       carry-tile   seed 2: 2.778 mx=6 pen=None acc=671 ro=673 def=2 skip=False (60.0s)
Z12 regular_n316       carry-tile-settle seed 0: 2.741 mx=6 pen=None acc=687 ro=689 def=3 skip=False (60.0s)
Z12 regular_n316       carry-tile-settle seed 1: 2.902 mx=7 pen=None acc=537 ro=539 def=0 skip=True (60.0s)
Z12 regular_n316       carry-tile-settle seed 2: 2.671 mx=6 pen=None acc=741 ro=743 def=3 skip=False (60.0s)
Z12 ws_n486            plane        seed 0: 2.646 mx=8 pen=None acc=162 ro=163 def=40 skip=False (60.1s)
Z12 ws_n486            plane        seed 1: 2.603 mx=8 pen=None acc=283 ro=287 def=40 skip=False (60.4s)
Z12 ws_n486            plane        seed 2: 2.856 mx=9 pen=None acc=284 ro=288 def=40 skip=False (60.4s)
Z12 ws_n486            plane        seed 3: 2.529 mx=8 pen=None acc=360 ro=364 def=40 skip=False (60.0s)
Z12 ws_n486            plane        seed 4: 2.377 mx=8 pen=None acc=322 ro=326 def=40 skip=False (60.2s)
Z12 ws_n486            plane        seed 5: 2.724 mx=9 pen=None acc=367 ro=371 def=40 skip=False (60.0s)
Z12 ws_n486            plane        seed 6: 2.486 mx=8 pen=None acc=355 ro=359 def=40 skip=False (60.0s)
Z12 ws_n486            plane        seed 7: 3.091 mx=9 pen=None acc=429 ro=433 def=40 skip=False (60.9s)
Z12 ws_n486            plane        seed 8: 2.584 mx=8 pen=None acc=461 ro=465 def=40 skip=False (60.2s)
Z12 ws_n486            plane        seed 9: 2.628 mx=8 pen=None acc=450 ro=454 def=40 skip=False (60.4s)
Z12 ws_n486            carry        seed 0: 2.49 mx=8 pen=None acc=510 ro=511 def=41 skip=False (60.4s)
Z12 ws_n486            carry        seed 1: 2.494 mx=8 pen=None acc=588 ro=589 def=29 skip=False (60.4s)
Z12 ws_n486            carry        seed 2: 2.537 mx=9 pen=None acc=445 ro=446 def=41 skip=False (60.0s)
Z12 ws_n486            carry        seed 3: 2.626 mx=9 pen=None acc=485 ro=486 def=41 skip=False (60.4s)
Z12 ws_n486            carry        seed 4: 2.588 mx=8 pen=None acc=586 ro=587 def=29 skip=False (60.1s)
Z12 ws_n486            carry        seed 5: 2.512 mx=9 pen=None acc=433 ro=434 def=41 skip=False (60.2s)
Z12 ws_n486            carry        seed 6: 2.681 mx=9 pen=None acc=439 ro=440 def=41 skip=False (60.5s)
Z12 ws_n486            carry        seed 7: 2.628 mx=9 pen=None acc=620 ro=621 def=29 skip=False (60.8s)
Z12 ws_n486            carry        seed 8: 2.484 mx=8 pen=None acc=720 ro=721 def=25 skip=False (60.7s)
Z12 ws_n486            carry        seed 9: 2.568 mx=9 pen=None acc=1059 ro=1060 def=27 skip=False (60.0s)
Z12 ws_n486            carry-tile   seed 0: 2.412 mx=7 pen=None acc=535 ro=536 def=30 skip=False (60.1s)
Z12 ws_n486            carry-tile   seed 1: 2.504 mx=7 pen=None acc=616 ro=617 def=43 skip=False (60.0s)
Z12 ws_n486            carry-tile   seed 2: 2.531 mx=8 pen=None acc=571 ro=572 def=43 skip=False (60.0s)
Z12 ws_n486            carry-tile   seed 3: 2.712 mx=8 pen=None acc=693 ro=694 def=43 skip=False (60.1s)
Z12 ws_n486            carry-tile   seed 4: 2.687 mx=8 pen=None acc=727 ro=728 def=43 skip=False (60.1s)
Z12 ws_n486            carry-tile   seed 5: 2.648 mx=9 pen=None acc=867 ro=868 def=43 skip=False (60.0s)
Z12 ws_n486            carry-tile   seed 6: 2.623 mx=9 pen=None acc=791 ro=792 def=43 skip=False (60.0s)
Z12 ws_n486            carry-tile   seed 7: 2.595 mx=8 pen=None acc=736 ro=737 def=43 skip=False (60.0s)
Z12 ws_n486            carry-tile   seed 8: 2.718 mx=9 pen=None acc=637 ro=638 def=43 skip=False (60.1s)
Z12 ws_n486            carry-tile   seed 9: 2.424 mx=7 pen=None acc=606 ro=607 def=43 skip=False (60.1s)
Z12 ws_n486            carry-tile-settle seed 0: 2.724 mx=10 pen=None acc=733 ro=734 def=23 skip=False (60.0s)
Z12 ws_n486            carry-tile-settle seed 1: 2.57 mx=8 pen=None acc=839 ro=840 def=23 skip=False (60.0s)
Z12 ws_n486            carry-tile-settle seed 2: 2.663 mx=9 pen=None acc=825 ro=826 def=23 skip=False (60.0s)
Z12 ws_n486            carry-tile-settle seed 3: 2.609 mx=8 pen=None acc=917 ro=918 def=23 skip=False (60.0s)
Z12 ws_n486            carry-tile-settle seed 4: 2.986 mx=10 pen=None acc=718 ro=719 def=23 skip=False (60.0s)
Z12 ws_n486            carry-tile-settle seed 5: 2.56 mx=9 pen=None acc=844 ro=845 def=23 skip=False (60.1s)
Z12 ws_n486            carry-tile-settle seed 6: 2.623 mx=9 pen=None acc=812 ro=813 def=23 skip=False (60.3s)
Z12 ws_n486            carry-tile-settle seed 7: 2.508 mx=8 pen=None acc=903 ro=904 def=23 skip=False (60.0s)
Z12 ws_n486            carry-tile-settle seed 8: 2.605 mx=8 pen=None acc=796 ro=797 def=23 skip=False (60.0s)
Z12 ws_n486            carry-tile-settle seed 9: 2.654 mx=9 pen=None acc=980 ro=981 def=23 skip=False (60.2s)
Z12 grid_200           plane        seed 0: 1.285 mx=3 pen=None acc=848 ro=926 def=0 skip=True (60.1s)
Z12 grid_200           plane        seed 1: 1.095 mx=2 pen=None acc=1036 ro=1128 def=0 skip=True (60.0s)
Z12 grid_200           plane        seed 2: 1.135 mx=2 pen=None acc=1594 ro=1726 def=0 skip=True (60.0s)
Z12 grid_200           carry        seed 0: 1.33 mx=3 pen=None acc=1022 ro=1023 def=0 skip=True (60.1s)
Z12 grid_200           carry        seed 1: 1.43 mx=3 pen=None acc=973 ro=974 def=0 skip=True (60.1s)
Z12 grid_200           carry        seed 2: 1.35 mx=3 pen=None acc=973 ro=974 def=0 skip=True (60.1s)
Z12 grid_200           carry-tile   seed 0: 1.42 mx=3 pen=None acc=1355 ro=1356 def=0 skip=True (60.1s)
Z12 grid_200           carry-tile   seed 1: 1.415 mx=3 pen=None acc=1118 ro=1119 def=0 skip=True (60.1s)
Z12 grid_200           carry-tile   seed 2: 1.435 mx=3 pen=None acc=1343 ro=1344 def=0 skip=True (60.1s)
Z12 grid_200           carry-tile-settle seed 0: 1.395 mx=3 pen=None acc=1518 ro=1519 def=0 skip=True (60.0s)
Z12 grid_200           carry-tile-settle seed 1: 1.405 mx=3 pen=None acc=1271 ro=1272 def=0 skip=True (60.0s)
Z12 grid_200           carry-tile-settle seed 2: 1.51 mx=3 pen=None acc=1325 ro=1326 def=0 skip=True (60.1s)
Z12 honeycomb_200      plane        seed 0: 1.205 mx=3 pen=None acc=1282 ro=1489 def=0 skip=True (60.0s)
Z12 honeycomb_200      plane        seed 1: 1.13 mx=2 pen=None acc=1629 ro=1906 def=0 skip=True (60.0s)
Z12 honeycomb_200      plane        seed 2: 1.285 mx=3 pen=None acc=1774 ro=2082 def=0 skip=True (60.0s)
Z12 honeycomb_200      carry        seed 0: 1.335 mx=3 pen=None acc=395 ro=396 def=0 skip=True (60.0s)
Z12 honeycomb_200      carry        seed 1: 1.43 mx=3 pen=None acc=395 ro=396 def=0 skip=True (60.0s)
Z12 honeycomb_200      carry        seed 2: 1.23 mx=2 pen=None acc=393 ro=394 def=0 skip=True (60.0s)
Z12 honeycomb_200      carry-tile   seed 0: 1.27 mx=2 pen=None acc=613 ro=614 def=0 skip=True (60.0s)
Z12 honeycomb_200      carry-tile   seed 1: 1.36 mx=3 pen=None acc=1079 ro=1080 def=0 skip=True (60.1s)
Z12 honeycomb_200      carry-tile   seed 2: 1.185 mx=2 pen=None acc=1315 ro=1316 def=0 skip=True (60.0s)
Z12 honeycomb_200      carry-tile-settle seed 0: 1.25 mx=3 pen=None acc=1196 ro=1197 def=0 skip=True (60.1s)
Z12 honeycomb_200      carry-tile-settle seed 1: 1.355 mx=3 pen=None acc=1038 ro=1039 def=0 skip=True (60.0s)
Z12 honeycomb_200      carry-tile-settle seed 2: 1.33 mx=3 pen=None acc=1343 ro=1344 def=0 skip=True (60.0s)
Z12 king_graph_196     plane        seed 0: 2.168 mx=5 pen=None acc=417 ro=600 def=0 skip=True (60.1s)
Z12 king_graph_196     plane        seed 1: 1.75 mx=3 pen=None acc=444 ro=656 def=0 skip=True (60.0s)
Z12 king_graph_196     plane        seed 2: 1.556 mx=3 pen=None acc=330 ro=465 def=0 skip=True (60.1s)
Z12 king_graph_196     carry        seed 0: 1.791 mx=4 pen=None acc=834 ro=835 def=0 skip=True (60.1s)
Z12 king_graph_196     carry        seed 1: 1.74 mx=4 pen=None acc=1104 ro=1105 def=0 skip=True (60.1s)
Z12 king_graph_196     carry        seed 2: 1.878 mx=4 pen=None acc=271 ro=272 def=0 skip=True (60.1s)
Z12 king_graph_196     carry-tile   seed 0: 2.194 mx=5 pen=None acc=1207 ro=1208 def=0 skip=True (60.1s)
Z12 king_graph_196     carry-tile   seed 1: 1.852 mx=4 pen=None acc=1794 ro=1795 def=0 skip=True (60.1s)
Z12 king_graph_196     carry-tile   seed 2: 1.74 mx=4 pen=None acc=1619 ro=1620 def=0 skip=True (60.1s)
Z12 king_graph_196     carry-tile-settle seed 0: 2.199 mx=5 pen=None acc=1244 ro=1245 def=0 skip=True (60.1s)
Z12 king_graph_196     carry-tile-settle seed 1: 1.847 mx=4 pen=None acc=2219 ro=2220 def=0 skip=True (60.1s)
Z12 king_graph_196     carry-tile-settle seed 2: 1.74 mx=4 pen=None acc=1667 ro=1668 def=0 skip=True (60.0s)

summary (mean ACL; d = arm - plane, negative = wins):
Z12 K100               plane=7.26(3) mx=8.0 | carry=7.26(3) mx=8.0 mes=21.0 d=+0.000 | carry-tile=7.27(3) mx=8.0 mes=21.0 d=+0.010 | carry-tile-settle=7.27(3) mx=8.0 mes=21.0 d=+0.010
Z12 K140               plane=9.764(3) mx=10.0 | carry=9.757(3) mx=10.0 mes=31.0 d=-0.007 | carry-tile=11.812(3) mx=13.667 mes=31.333 d=+2.048 | carry-tile-settle=12.779(3) mx=15.0 mes=30.0 d=+3.015
Z12 ER100_d10          plane=5.093(3) mx=9.333 | carry=4.42(3) mx=7.667 mes=17.0 d=-0.673 | carry-tile=4.693(3) mx=8.333 mes=16.0 d=-0.400 | carry-tile-settle=4.41(3) mx=8.333 mes=18.0 d=-0.683
Z12 turan_n162         plane=6.137(10) mx=6.6 | carry=9.391(10) mx=12.4 mes=29.6 d=+3.254 | carry-tile=7.496(10) mx=8.8 mes=31.2 d=+1.359 | carry-tile-settle=7.528(10) mx=9.0 mes=31.2 d=+1.391
Z12 spin_glass_n163    plane=11.117(3) mx=12.333 | carry=10.853(3) mx=12.0 mes=33.0 d=-0.264 | carry-tile=10.936(3) mx=12.0 mes=30.0 d=-0.181 | carry-tile-settle=10.926(3) mx=12.0 mes=30.0 d=-0.191
Z12 regular_n316       plane=2.673(3) mx=6.0 | carry=2.779(3) mx=6.667 mes=29.333 d=+0.106 | carry-tile=2.806(3) mx=6.667 mes=27.0 d=+0.133 | carry-tile-settle=2.771(3) mx=6.333 mes=28.0 d=+0.098
Z12 ws_n486            plane=2.652(10) mx=8.3 | carry=2.561(10) mx=8.6 mes=26.4 d=-0.091 | carry-tile=2.585(10) mx=8.0 mes=24.1 d=-0.067 | carry-tile-settle=2.65(10) mx=8.8 mes=24.0 d=-0.002
Z12 grid_200           plane=1.172(3) mx=2.333 | carry=1.37(3) mx=3.0 mes=8.0 d=+0.198 | carry-tile=1.423(3) mx=3.0 mes=12.0 d=+0.251 | carry-tile-settle=1.437(3) mx=3.0 mes=11.0 d=+0.265
Z12 honeycomb_200      plane=1.207(3) mx=2.667 | carry=1.332(3) mx=2.667 mes=10.0 d=+0.125 | carry-tile=1.272(3) mx=2.333 mes=10.333 d=+0.065 | carry-tile-settle=1.312(3) mx=3.0 mes=10.0 d=+0.105
Z12 king_graph_196     plane=1.825(3) mx=3.667 | carry=1.803(3) mx=4.0 mes=8.667 d=-0.022 | carry-tile=1.929(3) mx=4.333 mes=12.0 d=+0.104 | carry-tile-settle=1.929(3) mx=4.333 mes=12.0 d=+0.104

BAR turan_n162/Z12: acl {'plane': 6.137, 'carry': 9.391, 'carry-tile': 7.496, 'carry-tile-settle': 7.528} mx {'plane': 6.6, 'carry': 12.4, 'carry-tile': 8.8, 'carry-tile-settle': 9.0}

BAR ws_n486/Z12: acl {'plane': 2.652, 'carry': 2.561, 'carry-tile': 2.585, 'carry-tile-settle': 2.65} mx {'plane': 8.3, 'carry': 8.6, 'carry-tile': 8.0, 'carry-tile-settle': 8.8}
BAR board: FAIL [('Z12', 'K140', 'carry-tile', 2.048), ('Z12', 'K140', 'carry-tile-settle', 3.015), ('Z12', 'turan_n162', 'carry', 3.254), ('Z12', 'turan_n162', 'carry-tile', 1.359), ('Z12', 'turan_n162', 'carry-tile-settle', 1.391)]
load at end: (103.08837890625, 121.28271484375, 98.50537109375)
done-probe
