13 cells, 265 jobs; load (7.1552734375, 3.72998046875, 2.080078125)
/data/max/ember/docs/paper2/data/truth_probe.py:72: DeprecationWarning: dwave-networkx is deprecated and will be replaced by dwave-graphs in Ocean 10. Most functionality previously provided by dwave-networkx is now available as part of dwave-graphs under the 'dwave.graphs' namespace.
  import dwave_networkx as dnx
/data/max/ember/docs/paper2/data/truth_probe.py:72: DeprecationWarning: dwave-networkx is deprecated and will be replaced by dwave-graphs in Ocean 10. Most functionality previously provided by dwave-networkx is now available as part of dwave-graphs under the 'dwave.graphs' namespace.
  import dwave_networkx as dnx
/data/max/ember/docs/paper2/data/truth_probe.py:72: DeprecationWarning: dwave-networkx is deprecated and will be replaced by dwave-graphs in Ocean 10. Most functionality previously provided by dwave-networkx is now available as part of dwave-graphs under the 'dwave.graphs' namespace.
  import dwave_networkx as dnx
/data/max/ember/docs/paper2/data/truth_probe.py:72: DeprecationWarning: dwave-networkx is deprecated and will be replaced by dwave-graphs in Ocean 10. Most functionality previously provided by dwave-networkx is now available as part of dwave-graphs under the 'dwave.graphs' namespace.
  import dwave_networkx as dnx
/data/max/ember/docs/paper2/data/truth_probe.py:72: DeprecationWarning: dwave-networkx is deprecated and will be replaced by dwave-graphs in Ocean 10. Most functionality previously provided by dwave-networkx is now available as part of dwave-graphs under the 'dwave.graphs' namespace.
  import dwave_networkx as dnx
/data/max/ember/docs/paper2/data/truth_probe.py:72: DeprecationWarning: dwave-networkx is deprecated and will be replaced by dwave-graphs in Ocean 10. Most functionality previously provided by dwave-networkx is now available as part of dwave-graphs under the 'dwave.graphs' namespace.
  import dwave_networkx as dnx
/data/max/ember/docs/paper2/data/truth_probe.py:72: DeprecationWarning: dwave-networkx is deprecated and will be replaced by dwave-graphs in Ocean 10. Most functionality previously provided by dwave-networkx is now available as part of dwave-graphs under the 'dwave.graphs' namespace.
  import dwave_networkx as dnx
/data/max/ember/docs/paper2/data/truth_probe.py:72: DeprecationWarning: dwave-networkx is deprecated and will be replaced by dwave-graphs in Ocean 10. Most functionality previously provided by dwave-networkx is now available as part of dwave-graphs under the 'dwave.graphs' namespace.
  import dwave_networkx as dnx
/data/max/ember/docs/paper2/data/truth_probe.py:72: DeprecationWarning: dwave-networkx is deprecated and will be replaced by dwave-graphs in Ocean 10. Most functionality previously provided by dwave-networkx is now available as part of dwave-graphs under the 'dwave.graphs' namespace.
  import dwave_networkx as dnx
/data/max/ember/docs/paper2/data/truth_probe.py:72: DeprecationWarning: dwave-networkx is deprecated and will be replaced by dwave-graphs in Ocean 10. Most functionality previously provided by dwave-networkx is now available as part of dwave-graphs under the 'dwave.graphs' namespace.
  import dwave_networkx as dnx
/data/max/ember/docs/paper2/data/truth_probe.py:72: DeprecationWarning: dwave-networkx is deprecated and will be replaced by dwave-graphs in Ocean 10. Most functionality previously provided by dwave-networkx is now available as part of dwave-graphs under the 'dwave.graphs' namespace.
  import dwave_networkx as dnx
/data/max/ember/docs/paper2/data/truth_probe.py:72: DeprecationWarning: dwave-networkx is deprecated and will be replaced by dwave-graphs in Ocean 10. Most functionality previously provided by dwave-networkx is now available as part of dwave-graphs under the 'dwave.graphs' namespace.
  import dwave_networkx as dnx
/data/max/ember/docs/paper2/data/truth_probe.py:72: DeprecationWarning: dwave-networkx is deprecated and will be replaced by dwave-graphs in Ocean 10. Most functionality previously provided by dwave-networkx is now available as part of dwave-graphs under the 'dwave.graphs' namespace.
  import dwave_networkx as dnx
/data/max/ember/docs/paper2/data/truth_probe.py:72: DeprecationWarning: dwave-networkx is deprecated and will be replaced by dwave-graphs in Ocean 10. Most functionality previously provided by dwave-networkx is now available as part of dwave-graphs under the 'dwave.graphs' namespace.
  import dwave_networkx as dnx
/data/max/ember/docs/paper2/data/truth_probe.py:72: DeprecationWarning: dwave-networkx is deprecated and will be replaced by dwave-graphs in Ocean 10. Most functionality previously provided by dwave-networkx is now available as part of dwave-graphs under the 'dwave.graphs' namespace.
  import dwave_networkx as dnx
/data/max/ember/docs/paper2/data/truth_probe.py:72: DeprecationWarning: dwave-networkx is deprecated and will be replaced by dwave-graphs in Ocean 10. Most functionality previously provided by dwave-networkx is now available as part of dwave-graphs under the 'dwave.graphs' namespace.
  import dwave_networkx as dnx
/data/max/ember/docs/paper2/data/truth_probe.py:72: DeprecationWarning: dwave-networkx is deprecated and will be replaced by dwave-graphs in Ocean 10. Most functionality previously provided by dwave-networkx is now available as part of dwave-graphs under the 'dwave.graphs' namespace.
  import dwave_networkx as dnx
/data/max/ember/docs/paper2/data/truth_probe.py:72: DeprecationWarning: dwave-networkx is deprecated and will be replaced by dwave-graphs in Ocean 10. Most functionality previously provided by dwave-networkx is now available as part of dwave-graphs under the 'dwave.graphs' namespace.
  import dwave_networkx as dnx
/data/max/ember/docs/paper2/data/truth_probe.py:72: DeprecationWarning: dwave-networkx is deprecated and will be replaced by dwave-graphs in Ocean 10. Most functionality previously provided by dwave-networkx is now available as part of dwave-graphs under the 'dwave.graphs' namespace.
  import dwave_networkx as dnx
/data/max/ember/docs/paper2/data/truth_probe.py:72: DeprecationWarning: dwave-networkx is deprecated and will be replaced by dwave-graphs in Ocean 10. Most functionality previously provided by dwave-networkx is now available as part of dwave-graphs under the 'dwave.graphs' namespace.
  import dwave_networkx as dnx
/data/max/ember/docs/paper2/data/truth_probe.py:72: DeprecationWarning: dwave-networkx is deprecated and will be replaced by dwave-graphs in Ocean 10. Most functionality previously provided by dwave-networkx is now available as part of dwave-graphs under the 'dwave.graphs' namespace.
  import dwave_networkx as dnx
/data/max/ember/docs/paper2/data/truth_probe.py:72: DeprecationWarning: dwave-networkx is deprecated and will be replaced by dwave-graphs in Ocean 10. Most functionality previously provided by dwave-networkx is now available as part of dwave-graphs under the 'dwave.graphs' namespace.
  import dwave_networkx as dnx
/data/max/ember/docs/paper2/data/truth_probe.py:72: DeprecationWarning: dwave-networkx is deprecated and will be replaced by dwave-graphs in Ocean 10. Most functionality previously provided by dwave-networkx is now available as part of dwave-graphs under the 'dwave.graphs' namespace.
  import dwave_networkx as dnx
/data/max/ember/docs/paper2/data/truth_probe.py:72: DeprecationWarning: dwave-networkx is deprecated and will be replaced by dwave-graphs in Ocean 10. Most functionality previously provided by dwave-networkx is now available as part of dwave-graphs under the 'dwave.graphs' namespace.
  import dwave_networkx as dnx
Z12 K100               default  seed 0: 7.52 mx=8 align=79 skip=True (29.1s)
Z12 K100               default  seed 1: 7.52 mx=8 align=79 skip=True (27.1s)
Z12 K100               default  seed 2: 7.52 mx=8 align=79 skip=True (24.3s)
Z12 K100               ins      seed 0: 7.52 mx=8 align=79 skip=True (29.1s)
Z12 K100               ins      seed 1: 7.52 mx=8 align=79 skip=True (26.6s)
Z12 K100               ins      seed 2: 7.52 mx=8 align=79 skip=True (24.4s)
Z12 K100               insreq   seed 0: 7.52 mx=8 align=79 skip=True (29.2s)
Z12 K100               insreq   seed 1: 7.52 mx=8 align=79 skip=True (27.1s)
Z12 K100               insreq   seed 2: 7.52 mx=8 align=79 skip=True (24.5s)
Z12 K100               inscap   seed 0: 7.52 mx=8 align=79 skip=True (30.0s)
Z12 K100               inscap   seed 1: 7.52 mx=8 align=79 skip=True (27.0s)
Z12 K100               inscap   seed 2: 7.52 mx=8 align=79 skip=True (25.5s)
Z12 K100               reqL4    seed 0: 7.52 mx=8 align=79 skip=True (30.1s)
Z12 K100               reqL4    seed 1: 7.52 mx=8 align=79 skip=True (27.3s)
Z12 K100               reqL4    seed 2: 7.52 mx=8 align=79 skip=True (25.6s)
Z12 K140               default  seed 0: 9.85 mx=11 align=151 skip=True (62.1s)
Z12 K140               default  seed 1: 9.85 mx=11 align=151 skip=True (64.2s)
Z12 K140               default  seed 2: 9.85 mx=11 align=151 skip=True (62.4s)
Z12 K140               ins      seed 0: 9.85 mx=11 align=151 skip=True (60.9s)
Z12 K140               ins      seed 1: 9.85 mx=11 align=151 skip=True (64.6s)
Z12 K140               ins      seed 2: 9.85 mx=11 align=151 skip=True (62.1s)
Z12 K140               insreq   seed 0: 9.85 mx=11 align=151 skip=True (60.3s)
Z12 K140               insreq   seed 1: 9.85 mx=11 align=151 skip=True (63.5s)
Z12 K140               insreq   seed 2: 9.85 mx=11 align=151 skip=True (60.3s)
Z12 K140               inscap   seed 0: 9.85 mx=11 align=151 skip=True (60.8s)
Z12 K140               inscap   seed 1: 9.85 mx=11 align=151 skip=True (64.2s)
Z12 K140               inscap   seed 2: 9.85 mx=11 align=151 skip=True (61.9s)
Z12 K140               reqL4    seed 0: 9.85 mx=11 align=151 skip=True (58.6s)
Z12 K140               reqL4    seed 1: 9.85 mx=11 align=151 skip=True (60.9s)
Z12 K140               reqL4    seed 2: 9.85 mx=11 align=151 skip=True (62.4s)
Z12 ER100_d10          default  seed 0: 5.42 mx=8 align=364 skip=True (60.0s)
Z12 ER100_d10          default  seed 1: 4.6 mx=8 align=364 skip=True (60.0s)
Z12 ER100_d10          default  seed 2: 4.57 mx=8 align=364 skip=True (60.0s)
Z12 ER100_d10          ins      seed 0: 5.42 mx=8 align=364 skip=True (60.0s)
Z12 ER100_d10          ins      seed 1: 4.6 mx=8 align=364 skip=True (60.0s)
Z12 ER100_d10          ins      seed 2: 4.57 mx=8 align=364 skip=True (60.0s)
Z12 ER100_d10          insreq   seed 0: 5.42 mx=8 align=364 skip=True (60.0s)
Z12 ER100_d10          insreq   seed 1: 4.6 mx=8 align=364 skip=True (60.0s)
Z12 ER100_d10          insreq   seed 2: 4.57 mx=8 align=364 skip=True (60.0s)
Z12 ER100_d10          inscap   seed 0: 5.44 mx=8 align=371 skip=True (60.0s)
Z12 ER100_d10          inscap   seed 1: 5.44 mx=8 align=371 skip=True (60.0s)
Z12 ER100_d10          inscap   seed 2: 5.44 mx=8 align=371 skip=True (60.0s)
Z12 ER100_d10          reqL4    seed 0: 5.46 mx=8 align=380 skip=True (60.0s)
Z12 ER100_d10          reqL4    seed 1: 5.46 mx=8 align=380 skip=True (60.0s)
Z12 ER100_d10          reqL4    seed 2: 4.88 mx=8 align=380 skip=True (60.0s)
Z12 turan_n162         default  seed 0: 6.0 mx=6 align=158 skip=True (60.2s)
Z12 turan_n162         default  seed 1: 6.0 mx=6 align=144 skip=True (60.4s)
Z12 turan_n162         default  seed 2: 6.0 mx=6 align=159 skip=True (60.1s)
Z12 turan_n162         default  seed 3: 6.0 mx=6 align=161 skip=True (60.3s)
Z12 turan_n162         default  seed 4: 6.0 mx=6 align=159 skip=True (60.2s)
Z12 turan_n162         default  seed 5: 6.0 mx=6 align=144 skip=True (60.2s)
Z12 turan_n162         default  seed 6: 6.0 mx=6 align=160 skip=True (60.2s)
Z12 turan_n162         default  seed 7: 6.0 mx=6 align=144 skip=True (60.4s)
Z12 turan_n162         default  seed 8: 6.0 mx=6 align=144 skip=True (60.3s)
Z12 turan_n162         default  seed 9: 6.0 mx=6 align=160 skip=True (60.3s)
Z12 turan_n162         ins      seed 0: 6.0 mx=6 align=159 skip=True (60.3s)
Z12 turan_n162         ins      seed 1: 6.0 mx=6 align=144 skip=True (60.3s)
Z12 turan_n162         ins      seed 2: 6.0 mx=6 align=158 skip=True (60.1s)
Z12 turan_n162         ins      seed 3: 6.0 mx=6 align=159 skip=True (60.1s)
Z12 turan_n162         ins      seed 4: 6.0 mx=6 align=159 skip=True (60.2s)
Z12 turan_n162         ins      seed 5: 6.0 mx=6 align=144 skip=True (60.3s)
Z12 turan_n162         ins      seed 6: 6.0 mx=6 align=160 skip=True (60.4s)
Z12 turan_n162         ins      seed 7: 6.0 mx=6 align=144 skip=True (60.0s)
Z12 turan_n162         ins      seed 8: 6.0 mx=6 align=144 skip=True (60.2s)
Z12 turan_n162         ins      seed 9: 6.0 mx=6 align=160 skip=True (60.1s)
Z12 turan_n162         insreq   seed 0: 6.0 mx=6 align=152 skip=True (60.3s)
Z12 turan_n162         insreq   seed 1: 6.0 mx=6 align=144 skip=True (60.4s)
Z12 turan_n162         insreq   seed 2: 6.0 mx=6 align=153 skip=True (60.2s)
Z12 turan_n162         insreq   seed 3: 6.0 mx=6 align=153 skip=True (60.2s)
Z12 turan_n162         insreq   seed 4: 6.0 mx=6 align=152 skip=True (60.4s)
Z12 turan_n162         insreq   seed 5: 6.0 mx=6 align=144 skip=True (60.2s)
Z12 turan_n162         insreq   seed 6: 6.0 mx=6 align=154 skip=True (60.0s)
Z12 turan_n162         insreq   seed 7: 6.0 mx=6 align=144 skip=True (60.2s)
Z12 turan_n162         insreq   seed 8: 6.0 mx=6 align=144 skip=True (60.2s)
Z12 turan_n162         insreq   seed 9: 6.0 mx=6 align=153 skip=True (60.2s)
Z12 turan_n162         inscap   seed 0: 6.0 mx=6 align=153 skip=True (60.3s)
Z12 turan_n162         inscap   seed 1: 6.0 mx=6 align=144 skip=True (60.3s)
Z12 turan_n162         inscap   seed 2: 6.0 mx=6 align=153 skip=True (60.2s)
Z12 turan_n162         inscap   seed 3: 6.0 mx=6 align=154 skip=True (60.1s)
Z12 turan_n162         inscap   seed 4: 6.0 mx=6 align=153 skip=True (60.3s)
Z12 turan_n162         inscap   seed 5: 6.0 mx=6 align=144 skip=True (60.2s)
Z12 turan_n162         inscap   seed 6: 6.0 mx=6 align=153 skip=True (60.3s)
Z12 turan_n162         inscap   seed 7: 6.0 mx=6 align=144 skip=True (60.4s)
Z12 turan_n162         inscap   seed 8: 6.0 mx=6 align=144 skip=True (60.1s)
Z12 turan_n162         inscap   seed 9: 6.0 mx=6 align=152 skip=True (60.4s)
Z12 turan_n162         reqL4    seed 0: 6.0 mx=6 align=215 skip=True (60.1s)
Z12 turan_n162         reqL4    seed 1: 6.228 mx=7 align=124 skip=True (60.5s)
Z12 turan_n162         reqL4    seed 2: 6.0 mx=6 align=213 skip=True (60.1s)
Z12 turan_n162         reqL4    seed 3: 6.0 mx=6 align=211 skip=True (60.0s)
Z12 turan_n162         reqL4    seed 4: 6.0 mx=6 align=207 skip=True (60.1s)
Z12 turan_n162         reqL4    seed 5: 6.228 mx=7 align=124 skip=True (60.1s)
Z12 turan_n162         reqL4    seed 6: 6.0 mx=6 align=211 skip=True (60.1s)
Z12 turan_n162         reqL4    seed 7: 6.228 mx=7 align=124 skip=True (60.2s)
Z12 turan_n162         reqL4    seed 8: 6.228 mx=7 align=124 skip=True (60.3s)
Z12 turan_n162         reqL4    seed 9: 6.0 mx=6 align=211 skip=True (60.1s)
Z12 spin_glass_n163    default  seed 0: 10.896 mx=13 align=417 skip=True (51.3s)
Z12 spin_glass_n163    default  seed 1: 10.896 mx=13 align=417 skip=True (49.1s)
Z12 spin_glass_n163    default  seed 2: 10.896 mx=13 align=417 skip=True (52.6s)
Z12 spin_glass_n163    ins      seed 0: 11.031 mx=12 align=417 skip=True (38.5s)
Z12 spin_glass_n163    ins      seed 1: 11.031 mx=12 align=417 skip=True (38.4s)
Z12 spin_glass_n163    ins      seed 2: 11.031 mx=12 align=417 skip=True (38.5s)
Z12 spin_glass_n163    insreq   seed 0: 11.031 mx=12 align=417 skip=True (41.4s)
Z12 spin_glass_n163    insreq   seed 1: 11.031 mx=12 align=417 skip=True (40.6s)
Z12 spin_glass_n163    insreq   seed 2: 11.031 mx=12 align=417 skip=True (40.7s)
Z12 spin_glass_n163    inscap   seed 0: 11.031 mx=12 align=417 skip=True (40.7s)
Z12 spin_glass_n163    inscap   seed 1: 11.031 mx=12 align=417 skip=True (40.4s)
Z12 spin_glass_n163    inscap   seed 2: 11.031 mx=12 align=417 skip=True (40.4s)
Z12 spin_glass_n163    reqL4    seed 0: 11.031 mx=12 align=417 skip=True (40.7s)
Z12 spin_glass_n163    reqL4    seed 1: 11.031 mx=12 align=417 skip=True (40.6s)
Z12 spin_glass_n163    reqL4    seed 2: 11.031 mx=12 align=417 skip=True (40.4s)
Z12 regular_n316       default  seed 0: 2.845 mx=7 align=739 skip=False (60.0s)
Z12 regular_n316       default  seed 1: 2.769 mx=6 align=739 skip=False (60.0s)
Z12 regular_n316       default  seed 2: 2.93 mx=7 align=739 skip=False (60.0s)
Z12 regular_n316       ins      seed 0: 2.845 mx=7 align=739 skip=False (60.0s)
Z12 regular_n316       ins      seed 1: 2.769 mx=6 align=739 skip=False (60.0s)
Z12 regular_n316       ins      seed 2: 2.93 mx=7 align=739 skip=False (60.0s)
Z12 regular_n316       insreq   seed 0: 2.845 mx=7 align=739 skip=False (60.0s)
Z12 regular_n316       insreq   seed 1: 2.769 mx=6 align=739 skip=False (60.0s)
Z12 regular_n316       insreq   seed 2: 2.93 mx=7 align=739 skip=False (60.0s)
Z12 regular_n316       inscap   seed 0: 2.832 mx=9 align=823 skip=False (60.0s)
Z12 regular_n316       inscap   seed 1: 2.741 mx=7 align=826 skip=False (60.0s)
Z12 regular_n316       inscap   seed 2: 2.756 mx=6 align=830 skip=False (60.0s)
Z12 regular_n316       reqL4    seed 0: 2.94 mx=7 align=779 skip=False (60.0s)
Z12 regular_n316       reqL4    seed 1: 2.731 mx=6 align=779 skip=False (60.0s)
Z12 regular_n316       reqL4    seed 2: 3.028 mx=7 align=779 skip=False (60.0s)
Z12 ws_n486            default  seed 0: 2.955 mx=11 align=577 skip=False (60.0s)
Z12 ws_n486            default  seed 1: 2.543 mx=8 align=584 skip=False (60.0s)
Z12 ws_n486            default  seed 2: 2.685 mx=9 align=583 skip=False (60.0s)
Z12 ws_n486            default  seed 3: 2.646 mx=8 align=589 skip=False (60.0s)
Z12 ws_n486            default  seed 4: 2.453 mx=7 align=584 skip=False (60.0s)
Z12 ws_n486            default  seed 5: 2.574 mx=8 align=576 skip=False (60.0s)
Z12 ws_n486            default  seed 6: 2.798 mx=9 align=593 skip=False (60.0s)
Z12 ws_n486            default  seed 7: 2.502 mx=8 align=575 skip=False (60.0s)
Z12 ws_n486            default  seed 8: 2.527 mx=8 align=585 skip=False (60.0s)
Z12 ws_n486            default  seed 9: 2.652 mx=8 align=583 skip=False (60.0s)
Z12 ws_n486            ins      seed 0: 2.955 mx=11 align=562 skip=False (60.0s)
Z12 ws_n486            ins      seed 1: 2.623 mx=8 align=568 skip=False (60.0s)
Z12 ws_n486            ins      seed 2: 2.685 mx=9 align=564 skip=False (60.0s)
Z12 ws_n486            ins      seed 3: 2.541 mx=8 align=567 skip=False (60.0s)
Z12 ws_n486            ins      seed 4: 2.623 mx=8 align=566 skip=False (60.0s)
Z12 ws_n486            ins      seed 5: 2.574 mx=8 align=564 skip=False (60.0s)
Z12 ws_n486            ins      seed 6: 2.533 mx=8 align=571 skip=False (60.0s)
Z12 ws_n486            ins      seed 7: 2.502 mx=8 align=576 skip=False (60.0s)
Z12 ws_n486            ins      seed 8: 2.539 mx=8 align=576 skip=False (60.0s)
Z12 ws_n486            ins      seed 9: 2.652 mx=8 align=574 skip=False (60.0s)
Z12 ws_n486            insreq   seed 0: 2.537 mx=8 align=507 skip=False (60.0s)
Z12 ws_n486            insreq   seed 1: 2.714 mx=9 align=512 skip=False (60.0s)
Z12 ws_n486            insreq   seed 2: 2.599 mx=9 align=504 skip=False (60.0s)
Z12 ws_n486            insreq   seed 3: 2.389 mx=7 align=501 skip=False (60.0s)
Z12 ws_n486            insreq   seed 4: 2.492 mx=8 align=507 skip=False (60.0s)
Z12 ws_n486            insreq   seed 5: 2.605 mx=8 align=502 skip=False (60.0s)
Z12 ws_n486            insreq   seed 6: 2.566 mx=8 align=505 skip=False (60.0s)
Z12 ws_n486            insreq   seed 7: 2.805 mx=9 align=510 skip=False (60.0s)
Z12 ws_n486            insreq   seed 8: 2.58 mx=8 align=509 skip=False (60.0s)
Z12 ws_n486            insreq   seed 9: 2.551 mx=8 align=514 skip=False (60.0s)
Z12 ws_n486            inscap   seed 0: 2.57 mx=9 align=470 skip=False (60.0s)
Z12 ws_n486            inscap   seed 1: 2.681 mx=9 align=469 skip=False (60.0s)
Z12 ws_n486            inscap   seed 2: 2.391 mx=8 align=469 skip=False (60.0s)
Z12 ws_n486            inscap   seed 3: 2.595 mx=8 align=469 skip=False (60.0s)
Z12 ws_n486            inscap   seed 4: 2.63 mx=8 align=463 skip=False (60.0s)
Z12 ws_n486            inscap   seed 5: 2.473 mx=7 align=467 skip=False (60.0s)
Z12 ws_n486            inscap   seed 6: 2.615 mx=9 align=458 skip=False (60.0s)
Z12 ws_n486            inscap   seed 7: 2.506 mx=8 align=468 skip=False (60.0s)
Z12 ws_n486            inscap   seed 8: 2.426 mx=7 align=477 skip=False (60.0s)
Z12 ws_n486            inscap   seed 9: 2.255 mx=7 align=465 skip=False (60.0s)
Z12 ws_n486            reqL4    seed 0: 2.636 mx=9 align=501 skip=False (60.1s)
Z12 ws_n486            reqL4    seed 1: 2.475 mx=7 align=511 skip=False (60.0s)
Z12 ws_n486            reqL4    seed 2: 2.704 mx=9 align=505 skip=False (60.0s)
Z12 ws_n486            reqL4    seed 3: 2.512 mx=8 align=502 skip=False (60.0s)
Z12 ws_n486            reqL4    seed 4: 2.632 mx=9 align=511 skip=False (60.0s)
Z12 ws_n486            reqL4    seed 5: 2.64 mx=8 align=508 skip=False (60.0s)
Z12 ws_n486            reqL4    seed 6: 2.784 mx=9 align=497 skip=False (60.0s)
Z12 ws_n486            reqL4    seed 7: 2.459 mx=8 align=496 skip=False (60.0s)
Z12 ws_n486            reqL4    seed 8: 2.588 mx=8 align=511 skip=False (60.0s)
Z12 ws_n486            reqL4    seed 9: 2.617 mx=8 align=508 skip=False (60.0s)
Z12 grid_200           default  seed 0: 1.055 mx=2 align=518 skip=False (23.3s)
Z12 grid_200           default  seed 1: 1.02 mx=2 align=518 skip=False (23.3s)
Z12 grid_200           default  seed 2: 1.02 mx=2 align=518 skip=False (22.4s)
Z12 grid_200           ins      seed 0: 1.055 mx=2 align=518 skip=False (23.1s)
Z12 grid_200           ins      seed 1: 1.02 mx=2 align=518 skip=False (23.3s)
Z12 grid_200           ins      seed 2: 1.02 mx=2 align=518 skip=False (22.7s)
Z12 grid_200           insreq   seed 0: 1.055 mx=2 align=518 skip=False (24.8s)
Z12 grid_200           insreq   seed 1: 1.02 mx=2 align=518 skip=False (24.7s)
Z12 grid_200           insreq   seed 2: 1.02 mx=2 align=518 skip=False (24.0s)
Z12 grid_200           inscap   seed 0: 1.055 mx=2 align=518 skip=False (25.4s)
Z12 grid_200           inscap   seed 1: 1.02 mx=2 align=518 skip=False (25.5s)
Z12 grid_200           inscap   seed 2: 1.02 mx=2 align=518 skip=False (24.6s)
Z12 grid_200           reqL4    seed 0: 1.025 mx=2 align=360 skip=False (20.0s)
Z12 grid_200           reqL4    seed 1: 1.02 mx=2 align=360 skip=False (17.9s)
Z12 grid_200           reqL4    seed 2: 1.03 mx=2 align=360 skip=False (22.9s)
Z12 honeycomb_200      default  seed 0: 1.06 mx=2 align=759 skip=False (30.9s)
Z12 honeycomb_200      default  seed 1: 1.04 mx=2 align=759 skip=False (28.3s)
Z12 honeycomb_200      default  seed 2: 1.08 mx=2 align=759 skip=False (31.9s)
Z12 honeycomb_200      ins      seed 0: 1.06 mx=2 align=759 skip=False (31.2s)
Z12 honeycomb_200      ins      seed 1: 1.04 mx=2 align=759 skip=False (28.0s)
Z12 honeycomb_200      ins      seed 2: 1.08 mx=2 align=759 skip=False (32.3s)
Z12 honeycomb_200      insreq   seed 0: 1.06 mx=2 align=759 skip=False (31.7s)
Z12 honeycomb_200      insreq   seed 1: 1.04 mx=2 align=759 skip=False (29.6s)
Z12 honeycomb_200      insreq   seed 2: 1.08 mx=2 align=759 skip=False (34.0s)
Z12 honeycomb_200      inscap   seed 0: 1.06 mx=2 align=759 skip=False (32.5s)
Z12 honeycomb_200      inscap   seed 1: 1.04 mx=2 align=759 skip=False (30.6s)
Z12 honeycomb_200      inscap   seed 2: 1.08 mx=2 align=759 skip=False (34.2s)
Z12 honeycomb_200      reqL4    seed 0: 1.105 mx=2 align=692 skip=False (33.7s)
Z12 honeycomb_200      reqL4    seed 1: 1.145 mx=2 align=692 skip=False (35.4s)
Z12 honeycomb_200      reqL4    seed 2: 1.11 mx=2 align=692 skip=False (33.1s)
Z12 king_graph_196     default  seed 0: 1.439 mx=2 align=841 skip=False (60.0s)
Z12 king_graph_196     default  seed 1: 1.592 mx=3 align=841 skip=False (60.0s)
Z12 king_graph_196     default  seed 2: 1.633 mx=3 align=841 skip=False (60.0s)
Z12 king_graph_196     ins      seed 0: 1.439 mx=2 align=841 skip=False (60.0s)
Z12 king_graph_196     ins      seed 1: 1.592 mx=3 align=841 skip=False (60.0s)
Z12 king_graph_196     ins      seed 2: 1.633 mx=3 align=841 skip=False (60.0s)
Z12 king_graph_196     insreq   seed 0: 1.561 mx=3 align=810 skip=False (60.0s)
Z12 king_graph_196     insreq   seed 1: 1.597 mx=3 align=810 skip=False (60.0s)
Z12 king_graph_196     insreq   seed 2: 1.52 mx=3 align=810 skip=False (60.0s)
Z12 king_graph_196     inscap   seed 0: 1.561 mx=3 align=810 skip=False (60.0s)
Z12 king_graph_196     inscap   seed 1: 1.597 mx=3 align=810 skip=False (60.0s)
Z12 king_graph_196     inscap   seed 2: 1.52 mx=3 align=810 skip=False (60.0s)
Z12 king_graph_196     reqL4    seed 0: 1.505 mx=2 align=631 skip=False (60.0s)
Z12 king_graph_196     reqL4    seed 1: 1.587 mx=3 align=631 skip=False (60.0s)
Z12 king_graph_196     reqL4    seed 2: 1.638 mx=3 align=631 skip=False (60.0s)
P16 K100               default  seed 0: 11.63 mx=16 align=115 skip=None (27.1s)
P16 K100               default  seed 1: 12.14 mx=16 align=115 skip=None (28.5s)
P16 K100               default  seed 2: 11.7 mx=17 align=115 skip=None (21.4s)
P16 K100               ins      seed 0: 11.63 mx=16 align=115 skip=None (27.7s)
P16 K100               ins      seed 1: 12.14 mx=16 align=115 skip=None (30.5s)
P16 K100               ins      seed 2: 11.7 mx=17 align=115 skip=None (23.4s)
P16 K100               insreq   seed 0: 11.63 mx=16 align=115 skip=None (26.0s)
P16 K100               insreq   seed 1: 12.14 mx=16 align=115 skip=None (28.0s)
P16 K100               insreq   seed 2: 11.7 mx=17 align=115 skip=None (21.3s)
P16 K100               inscap   seed 0: 11.63 mx=16 align=115 skip=None (25.5s)
P16 K100               inscap   seed 1: 12.14 mx=16 align=115 skip=None (29.9s)
P16 K100               inscap   seed 2: 11.7 mx=17 align=115 skip=None (20.9s)
P16 K100               reqL4    seed 0: 12.11 mx=23 align=78 skip=None (15.8s)
P16 K100               reqL4    seed 1: 11.77 mx=15 align=78 skip=None (30.5s)
P16 K100               reqL4    seed 2: 12.26 mx=23 align=78 skip=None (16.3s)
P16 turan_n162         default  seed 0: 7.815 mx=8 align=73 skip=None (60.3s)
P16 turan_n162         default  seed 1: 7.654 mx=8 align=73 skip=None (60.2s)
P16 turan_n162         default  seed 2: 7.815 mx=8 align=73 skip=None (60.2s)
P16 turan_n162         ins      seed 0: 7.815 mx=8 align=73 skip=None (60.1s)
P16 turan_n162         ins      seed 1: 7.654 mx=8 align=73 skip=None (60.3s)
P16 turan_n162         ins      seed 2: 7.815 mx=8 align=73 skip=None (60.1s)
P16 turan_n162         insreq   seed 0: 7.815 mx=8 align=73 skip=None (60.3s)
P16 turan_n162         insreq   seed 1: 7.654 mx=8 align=73 skip=None (60.3s)
P16 turan_n162         insreq   seed 2: 7.815 mx=8 align=73 skip=None (60.3s)
P16 turan_n162         inscap   seed 0: 7.815 mx=8 align=75 skip=None (60.1s)
P16 turan_n162         inscap   seed 1: 7.654 mx=8 align=75 skip=None (60.1s)
P16 turan_n162         inscap   seed 2: 7.815 mx=8 align=75 skip=None (60.2s)
P16 turan_n162         reqL4    seed 0: 7.815 mx=8 align=73 skip=None (60.1s)
P16 turan_n162         reqL4    seed 1: 7.654 mx=8 align=73 skip=None (60.2s)
P16 turan_n162         reqL4    seed 2: 7.815 mx=8 align=73 skip=None (60.1s)
P16 ws_n486            default  seed 0: 3.453 mx=12 align=734 skip=None (60.0s)
P16 ws_n486            default  seed 1: 3.193 mx=11 align=752 skip=None (60.0s)
P16 ws_n486            default  seed 2: 3.158 mx=10 align=751 skip=None (60.0s)
P16 ws_n486            ins      seed 0: 3.475 mx=13 align=761 skip=None (60.0s)
P16 ws_n486            ins      seed 1: 3.224 mx=10 align=751 skip=None (60.0s)
P16 ws_n486            ins      seed 2: 3.078 mx=11 align=738 skip=None (60.0s)
P16 ws_n486            insreq   seed 0: 3.276 mx=11 align=747 skip=None (60.0s)
P16 ws_n486            insreq   seed 1: 3.206 mx=11 align=770 skip=None (60.0s)
P16 ws_n486            insreq   seed 2: 3.111 mx=12 align=763 skip=None (60.0s)
P16 ws_n486            inscap   seed 0: 3.237 mx=10 align=721 skip=None (60.0s)
P16 ws_n486            inscap   seed 1: 3.113 mx=11 align=730 skip=None (60.0s)
P16 ws_n486            inscap   seed 2: 3.01 mx=10 align=726 skip=None (60.0s)
P16 ws_n486            reqL4    seed 0: 3.368 mx=12 align=763 skip=None (60.0s)
P16 ws_n486            reqL4    seed 1: 3.216 mx=12 align=754 skip=None (60.0s)
P16 ws_n486            reqL4    seed 2: 3.222 mx=10 align=787 skip=None (60.0s)

summary (mean ACL; d = arm - default, negative = wins):
Z12 K100               default=7.52(3) mx=8.0 | ins=7.52(3) mx=8.0 align=79.0 d=+0.000 | insreq=7.52(3) mx=8.0 align=79.0 d=+0.000 | inscap=7.52(3) mx=8.0 align=79.0 d=+0.000 | reqL4=7.52(3) mx=8.0 align=79.0 d=+0.000
Z12 K140               default=9.85(3) mx=11.0 | ins=9.85(3) mx=11.0 align=151.0 d=+0.000 | insreq=9.85(3) mx=11.0 align=151.0 d=+0.000 | inscap=9.85(3) mx=11.0 align=151.0 d=+0.000 | reqL4=9.85(3) mx=11.0 align=151.0 d=+0.000
Z12 ER100_d10          default=4.863(3) mx=8.0 | ins=4.863(3) mx=8.0 align=364.0 d=+0.000 | insreq=4.863(3) mx=8.0 align=364.0 d=+0.000 | inscap=5.44(3) mx=8.0 align=371.0 d=+0.577 | reqL4=5.267(3) mx=8.0 align=380.0 d=+0.404
Z12 turan_n162         default=6.0(10) mx=6.0 | ins=6.0(10) mx=6.0 align=153.1 d=+0.000 | insreq=6.0(10) mx=6.0 align=149.3 d=+0.000 | inscap=6.0(10) mx=6.0 align=149.4 d=+0.000 | reqL4=6.091(10) mx=6.4 align=176.4 d=+0.091
Z12 spin_glass_n163    default=10.896(3) mx=13.0 | ins=11.031(3) mx=12.0 align=417.0 d=+0.135 | insreq=11.031(3) mx=12.0 align=417.0 d=+0.135 | inscap=11.031(3) mx=12.0 align=417.0 d=+0.135 | reqL4=11.031(3) mx=12.0 align=417.0 d=+0.135
Z12 regular_n316       default=2.848(3) mx=6.667 | ins=2.848(3) mx=6.667 align=739.0 d=+0.000 | insreq=2.848(3) mx=6.667 align=739.0 d=+0.000 | inscap=2.776(3) mx=7.333 align=826.333 d=-0.072 | reqL4=2.9(3) mx=6.667 align=779.0 d=+0.052
Z12 ws_n486            default=2.634(10) mx=8.4 | ins=2.623(10) mx=8.4 align=568.8 d=-0.011 | insreq=2.584(10) mx=8.2 align=507.1 d=-0.050 | inscap=2.514(10) mx=8.0 align=467.5 d=-0.120 | reqL4=2.605(10) mx=8.3 align=505.0 d=-0.029
Z12 grid_200           default=1.032(3) mx=2.0 | ins=1.032(3) mx=2.0 align=518.0 d=+0.000 | insreq=1.032(3) mx=2.0 align=518.0 d=+0.000 | inscap=1.032(3) mx=2.0 align=518.0 d=+0.000 | reqL4=1.025(3) mx=2.0 align=360.0 d=-0.007
Z12 honeycomb_200      default=1.06(3) mx=2.0 | ins=1.06(3) mx=2.0 align=759.0 d=+0.000 | insreq=1.06(3) mx=2.0 align=759.0 d=+0.000 | inscap=1.06(3) mx=2.0 align=759.0 d=+0.000 | reqL4=1.12(3) mx=2.0 align=692.0 d=+0.060
Z12 king_graph_196     default=1.555(3) mx=2.667 | ins=1.555(3) mx=2.667 align=841.0 d=+0.000 | insreq=1.559(3) mx=3.0 align=810.0 d=+0.004 | inscap=1.559(3) mx=3.0 align=810.0 d=+0.004 | reqL4=1.577(3) mx=2.667 align=631.0 d=+0.022
P16 K100               default=11.823(3) mx=16.333 | ins=11.823(3) mx=16.333 align=115.0 d=+0.000 | insreq=11.823(3) mx=16.333 align=115.0 d=+0.000 | inscap=11.823(3) mx=16.333 align=115.0 d=+0.000 | reqL4=12.047(3) mx=20.333 align=78.0 d=+0.224
P16 turan_n162         default=7.761(3) mx=8.0 | ins=7.761(3) mx=8.0 align=73.0 d=+0.000 | insreq=7.761(3) mx=8.0 align=73.0 d=+0.000 | inscap=7.761(3) mx=8.0 align=75.0 d=+0.000 | reqL4=7.761(3) mx=8.0 align=73.0 d=+0.000
P16 ws_n486            default=3.268(3) mx=11.0 | ins=3.259(3) mx=11.333 align=750.0 d=-0.009 | insreq=3.198(3) mx=11.333 align=760.0 d=-0.070 | inscap=3.12(3) mx=10.333 align=725.667 d=-0.148 | reqL4=3.269(3) mx=11.333 align=768.0 d=+0.001

BAR ws_n486/Z12: acl {'default': 2.634, 'ins': 2.623, 'insreq': 2.584, 'inscap': 2.514, 'reqL4': 2.605} mx {'default': 8.4, 'ins': 8.4, 'insreq': 8.2, 'inscap': 8.0, 'reqL4': 8.3}
BAR board: FAIL [('Z12', 'ER100_d10', 'inscap', 0.577), ('Z12', 'ER100_d10', 'reqL4', 0.404)]
load at end: (15.99755859375, 19.8125, 12.26953125)
done-probe
