13 cells, 212 jobs; load (25.75732421875, 23.390625, 23.89453125)
/data/max/ember/docs/paper2/data/unb_probe.py:70: DeprecationWarning: dwave-networkx is deprecated and will be replaced by dwave-graphs in Ocean 10. Most functionality previously provided by dwave-networkx is now available as part of dwave-graphs under the 'dwave.graphs' namespace.
  import dwave_networkx as dnx
/data/max/ember/docs/paper2/data/unb_probe.py:70: DeprecationWarning: dwave-networkx is deprecated and will be replaced by dwave-graphs in Ocean 10. Most functionality previously provided by dwave-networkx is now available as part of dwave-graphs under the 'dwave.graphs' namespace.
  import dwave_networkx as dnx
/data/max/ember/docs/paper2/data/unb_probe.py:70: DeprecationWarning: dwave-networkx is deprecated and will be replaced by dwave-graphs in Ocean 10. Most functionality previously provided by dwave-networkx is now available as part of dwave-graphs under the 'dwave.graphs' namespace.
  import dwave_networkx as dnx
/data/max/ember/docs/paper2/data/unb_probe.py:70: DeprecationWarning: dwave-networkx is deprecated and will be replaced by dwave-graphs in Ocean 10. Most functionality previously provided by dwave-networkx is now available as part of dwave-graphs under the 'dwave.graphs' namespace.
  import dwave_networkx as dnx
/data/max/ember/docs/paper2/data/unb_probe.py:70: DeprecationWarning: dwave-networkx is deprecated and will be replaced by dwave-graphs in Ocean 10. Most functionality previously provided by dwave-networkx is now available as part of dwave-graphs under the 'dwave.graphs' namespace.
  import dwave_networkx as dnx
/data/max/ember/docs/paper2/data/unb_probe.py:70: DeprecationWarning: dwave-networkx is deprecated and will be replaced by dwave-graphs in Ocean 10. Most functionality previously provided by dwave-networkx is now available as part of dwave-graphs under the 'dwave.graphs' namespace.
  import dwave_networkx as dnx
/data/max/ember/docs/paper2/data/unb_probe.py:70: DeprecationWarning: dwave-networkx is deprecated and will be replaced by dwave-graphs in Ocean 10. Most functionality previously provided by dwave-networkx is now available as part of dwave-graphs under the 'dwave.graphs' namespace.
  import dwave_networkx as dnx
/data/max/ember/docs/paper2/data/unb_probe.py:70: DeprecationWarning: dwave-networkx is deprecated and will be replaced by dwave-graphs in Ocean 10. Most functionality previously provided by dwave-networkx is now available as part of dwave-graphs under the 'dwave.graphs' namespace.
  import dwave_networkx as dnx
/data/max/ember/docs/paper2/data/unb_probe.py:70: DeprecationWarning: dwave-networkx is deprecated and will be replaced by dwave-graphs in Ocean 10. Most functionality previously provided by dwave-networkx is now available as part of dwave-graphs under the 'dwave.graphs' namespace.
  import dwave_networkx as dnx
/data/max/ember/docs/paper2/data/unb_probe.py:70: DeprecationWarning: dwave-networkx is deprecated and will be replaced by dwave-graphs in Ocean 10. Most functionality previously provided by dwave-networkx is now available as part of dwave-graphs under the 'dwave.graphs' namespace.
  import dwave_networkx as dnx
/data/max/ember/docs/paper2/data/unb_probe.py:70: DeprecationWarning: dwave-networkx is deprecated and will be replaced by dwave-graphs in Ocean 10. Most functionality previously provided by dwave-networkx is now available as part of dwave-graphs under the 'dwave.graphs' namespace.
  import dwave_networkx as dnx
/data/max/ember/docs/paper2/data/unb_probe.py:70: DeprecationWarning: dwave-networkx is deprecated and will be replaced by dwave-graphs in Ocean 10. Most functionality previously provided by dwave-networkx is now available as part of dwave-graphs under the 'dwave.graphs' namespace.
  import dwave_networkx as dnx
/data/max/ember/docs/paper2/data/unb_probe.py:70: DeprecationWarning: dwave-networkx is deprecated and will be replaced by dwave-graphs in Ocean 10. Most functionality previously provided by dwave-networkx is now available as part of dwave-graphs under the 'dwave.graphs' namespace.
  import dwave_networkx as dnx
/data/max/ember/docs/paper2/data/unb_probe.py:70: DeprecationWarning: dwave-networkx is deprecated and will be replaced by dwave-graphs in Ocean 10. Most functionality previously provided by dwave-networkx is now available as part of dwave-graphs under the 'dwave.graphs' namespace.
  import dwave_networkx as dnx
/data/max/ember/docs/paper2/data/unb_probe.py:70: DeprecationWarning: dwave-networkx is deprecated and will be replaced by dwave-graphs in Ocean 10. Most functionality previously provided by dwave-networkx is now available as part of dwave-graphs under the 'dwave.graphs' namespace.
  import dwave_networkx as dnx
/data/max/ember/docs/paper2/data/unb_probe.py:70: DeprecationWarning: dwave-networkx is deprecated and will be replaced by dwave-graphs in Ocean 10. Most functionality previously provided by dwave-networkx is now available as part of dwave-graphs under the 'dwave.graphs' namespace.
  import dwave_networkx as dnx
/data/max/ember/docs/paper2/data/unb_probe.py:70: DeprecationWarning: dwave-networkx is deprecated and will be replaced by dwave-graphs in Ocean 10. Most functionality previously provided by dwave-networkx is now available as part of dwave-graphs under the 'dwave.graphs' namespace.
  import dwave_networkx as dnx
/data/max/ember/docs/paper2/data/unb_probe.py:70: DeprecationWarning: dwave-networkx is deprecated and will be replaced by dwave-graphs in Ocean 10. Most functionality previously provided by dwave-networkx is now available as part of dwave-graphs under the 'dwave.graphs' namespace.
  import dwave_networkx as dnx
/data/max/ember/docs/paper2/data/unb_probe.py:70: DeprecationWarning: dwave-networkx is deprecated and will be replaced by dwave-graphs in Ocean 10. Most functionality previously provided by dwave-networkx is now available as part of dwave-graphs under the 'dwave.graphs' namespace.
  import dwave_networkx as dnx
/data/max/ember/docs/paper2/data/unb_probe.py:70: DeprecationWarning: dwave-networkx is deprecated and will be replaced by dwave-graphs in Ocean 10. Most functionality previously provided by dwave-networkx is now available as part of dwave-graphs under the 'dwave.graphs' namespace.
  import dwave_networkx as dnx
/data/max/ember/docs/paper2/data/unb_probe.py:70: DeprecationWarning: dwave-networkx is deprecated and will be replaced by dwave-graphs in Ocean 10. Most functionality previously provided by dwave-networkx is now available as part of dwave-graphs under the 'dwave.graphs' namespace.
  import dwave_networkx as dnx
/data/max/ember/docs/paper2/data/unb_probe.py:70: DeprecationWarning: dwave-networkx is deprecated and will be replaced by dwave-graphs in Ocean 10. Most functionality previously provided by dwave-networkx is now available as part of dwave-graphs under the 'dwave.graphs' namespace.
  import dwave_networkx as dnx
/data/max/ember/docs/paper2/data/unb_probe.py:70: DeprecationWarning: dwave-networkx is deprecated and will be replaced by dwave-graphs in Ocean 10. Most functionality previously provided by dwave-networkx is now available as part of dwave-graphs under the 'dwave.graphs' namespace.
  import dwave_networkx as dnx
/data/max/ember/docs/paper2/data/unb_probe.py:70: DeprecationWarning: dwave-networkx is deprecated and will be replaced by dwave-graphs in Ocean 10. Most functionality previously provided by dwave-networkx is now available as part of dwave-graphs under the 'dwave.graphs' namespace.
  import dwave_networkx as dnx
Z12 K100               default  seed 0: 7.84 mx=9 w=NonexNone pmiss=None subm=False (26.7s)
Z12 K100               default  seed 1: 7.84 mx=9 w=NonexNone pmiss=None subm=False (27.3s)
Z12 K100               default  seed 2: 7.84 mx=9 w=NonexNone pmiss=None subm=False (28.6s)
Z12 K100               subm     seed 0: 7.84 mx=9 w=NonexNone pmiss=None subm=False (26.0s)
Z12 K100               subm     seed 1: 7.84 mx=9 w=NonexNone pmiss=None subm=False (26.6s)
Z12 K100               subm     seed 2: 7.84 mx=9 w=NonexNone pmiss=None subm=False (28.1s)
Z12 K100               unb      seed 0: 7.84 mx=9 w=13x13 pmiss=0 subm=False (23.2s)
Z12 K100               unb      seed 1: 7.84 mx=9 w=13x13 pmiss=0 subm=False (26.0s)
Z12 K100               unb      seed 2: 7.84 mx=9 w=13x13 pmiss=0 subm=False (28.9s)
Z12 K100               both     seed 0: 7.84 mx=9 w=13x13 pmiss=0 subm=False (25.4s)
Z12 K100               both     seed 1: 7.84 mx=9 w=13x13 pmiss=0 subm=False (25.4s)
Z12 K100               both     seed 2: 7.84 mx=9 w=13x13 pmiss=0 subm=False (27.7s)
Z12 K140               default  seed 0: 10.229 mx=11 w=NonexNone pmiss=None subm=False (62.0s)
Z12 K140               default  seed 1: 10.229 mx=11 w=NonexNone pmiss=None subm=False (63.8s)
Z12 K140               default  seed 2: 10.229 mx=11 w=NonexNone pmiss=None subm=False (63.5s)
Z12 K140               subm     seed 0: 10.229 mx=11 w=NonexNone pmiss=None subm=False (68.2s)
Z12 K140               subm     seed 1: 10.229 mx=11 w=NonexNone pmiss=None subm=False (61.9s)
Z12 K140               subm     seed 2: 10.229 mx=11 w=NonexNone pmiss=None subm=False (62.9s)
Z12 K140               unb      seed 0: 10.229 mx=11 w=18x18 pmiss=0 subm=False (66.1s)
Z12 K140               unb      seed 1: 10.229 mx=11 w=18x18 pmiss=0 subm=False (61.9s)
Z12 K140               unb      seed 2: 10.229 mx=11 w=18x18 pmiss=0 subm=False (70.9s)
Z12 K140               both     seed 0: 10.229 mx=11 w=18x18 pmiss=0 subm=False (62.2s)
Z12 K140               both     seed 1: 10.229 mx=11 w=18x18 pmiss=0 subm=False (67.8s)
Z12 K140               both     seed 2: 10.229 mx=11 w=18x18 pmiss=0 subm=False (61.7s)
Z12 ER100_d10          default  seed 0: 4.66 mx=8 w=NonexNone pmiss=None subm=False (60.1s)
Z12 ER100_d10          default  seed 1: 5.06 mx=9 w=NonexNone pmiss=None subm=False (60.0s)
Z12 ER100_d10          default  seed 2: 4.75 mx=8 w=NonexNone pmiss=None subm=False (60.0s)
Z12 ER100_d10          subm     seed 0: 4.66 mx=8 w=NonexNone pmiss=None subm=False (60.0s)
Z12 ER100_d10          subm     seed 1: 5.06 mx=9 w=NonexNone pmiss=None subm=False (60.0s)
Z12 ER100_d10          subm     seed 2: 4.75 mx=8 w=NonexNone pmiss=None subm=False (60.0s)
Z12 ER100_d10          unb      seed 0: 4.66 mx=8 w=12x11 pmiss=0 subm=False (60.0s)
Z12 ER100_d10          unb      seed 1: 5.06 mx=9 w=12x11 pmiss=0 subm=False (60.0s)
Z12 ER100_d10          unb      seed 2: 4.75 mx=8 w=12x11 pmiss=0 subm=False (60.0s)
Z12 ER100_d10          both     seed 0: 4.66 mx=8 w=12x11 pmiss=0 subm=False (60.0s)
Z12 ER100_d10          both     seed 1: 5.06 mx=9 w=12x11 pmiss=0 subm=False (60.0s)
Z12 ER100_d10          both     seed 2: 4.75 mx=8 w=12x11 pmiss=0 subm=False (60.0s)
Z12 turan_n162         default  seed 0: 6.0 mx=6 w=NonexNone pmiss=None subm=False (60.3s)
Z12 turan_n162         default  seed 1: 6.228 mx=7 w=NonexNone pmiss=None subm=False (60.2s)
Z12 turan_n162         default  seed 2: 6.0 mx=6 w=NonexNone pmiss=None subm=False (60.5s)
Z12 turan_n162         default  seed 3: 6.0 mx=6 w=NonexNone pmiss=None subm=False (60.4s)
Z12 turan_n162         default  seed 4: 6.0 mx=6 w=NonexNone pmiss=None subm=False (60.1s)
Z12 turan_n162         default  seed 5: 6.0 mx=6 w=NonexNone pmiss=None subm=False (60.1s)
Z12 turan_n162         default  seed 6: 6.0 mx=6 w=NonexNone pmiss=None subm=False (60.4s)
Z12 turan_n162         default  seed 7: 6.0 mx=6 w=NonexNone pmiss=None subm=False (60.1s)
Z12 turan_n162         default  seed 8: 6.228 mx=7 w=NonexNone pmiss=None subm=False (60.1s)
Z12 turan_n162         default  seed 9: 6.0 mx=6 w=NonexNone pmiss=None subm=False (60.5s)
Z12 turan_n162         subm     seed 0: 6.0 mx=6 w=NonexNone pmiss=None subm=False (60.2s)
Z12 turan_n162         subm     seed 1: 6.228 mx=7 w=NonexNone pmiss=None subm=False (60.4s)
Z12 turan_n162         subm     seed 2: 6.0 mx=6 w=NonexNone pmiss=None subm=False (60.1s)
Z12 turan_n162         subm     seed 3: 6.0 mx=6 w=NonexNone pmiss=None subm=False (60.1s)
Z12 turan_n162         subm     seed 4: 6.0 mx=6 w=NonexNone pmiss=None subm=False (60.3s)
Z12 turan_n162         subm     seed 5: 6.0 mx=6 w=NonexNone pmiss=None subm=False (60.4s)
Z12 turan_n162         subm     seed 6: 6.0 mx=6 w=NonexNone pmiss=None subm=False (60.0s)
Z12 turan_n162         subm     seed 7: 6.0 mx=6 w=NonexNone pmiss=None subm=False (60.3s)
Z12 turan_n162         subm     seed 8: 6.228 mx=7 w=NonexNone pmiss=None subm=False (60.2s)
Z12 turan_n162         subm     seed 9: 6.0 mx=6 w=NonexNone pmiss=None subm=False (60.1s)
Z12 turan_n162         unb      seed 0: 6.0 mx=6 w=12x12 pmiss=0 subm=False (60.6s)
Z12 turan_n162         unb      seed 1: 6.0 mx=6 w=12x18 pmiss=0 subm=False (60.8s)
Z12 turan_n162         unb      seed 2: 6.0 mx=6 w=12x12 pmiss=0 subm=False (60.0s)
Z12 turan_n162         unb      seed 3: 6.0 mx=6 w=12x12 pmiss=0 subm=False (60.3s)
Z12 turan_n162         unb      seed 4: 6.0 mx=6 w=12x12 pmiss=0 subm=False (60.5s)
Z12 turan_n162         unb      seed 5: 6.0 mx=6 w=12x18 pmiss=0 subm=False (60.1s)
Z12 turan_n162         unb      seed 6: 6.0 mx=6 w=12x12 pmiss=0 subm=False (60.3s)
Z12 turan_n162         unb      seed 7: 6.0 mx=6 w=12x18 pmiss=0 subm=False (60.2s)
Z12 turan_n162         unb      seed 8: 6.0 mx=6 w=12x18 pmiss=0 subm=False (60.1s)
Z12 turan_n162         unb      seed 9: 6.0 mx=6 w=12x12 pmiss=0 subm=False (60.1s)
Z12 turan_n162         both     seed 0: 6.0 mx=6 w=12x12 pmiss=0 subm=False (60.3s)
Z12 turan_n162         both     seed 1: 6.0 mx=6 w=12x18 pmiss=0 subm=False (60.5s)
Z12 turan_n162         both     seed 2: 6.0 mx=6 w=12x12 pmiss=0 subm=False (60.6s)
Z12 turan_n162         both     seed 3: 6.0 mx=6 w=12x12 pmiss=0 subm=False (61.2s)
Z12 turan_n162         both     seed 4: 6.0 mx=6 w=12x12 pmiss=0 subm=False (61.1s)
Z12 turan_n162         both     seed 5: 6.0 mx=6 w=12x18 pmiss=0 subm=False (60.7s)
Z12 turan_n162         both     seed 6: 6.0 mx=6 w=12x12 pmiss=0 subm=False (60.3s)
Z12 turan_n162         both     seed 7: 6.0 mx=6 w=12x18 pmiss=0 subm=False (60.4s)
Z12 turan_n162         both     seed 8: 6.0 mx=6 w=12x18 pmiss=0 subm=False (60.6s)
Z12 turan_n162         both     seed 9: 6.0 mx=6 w=12x12 pmiss=0 subm=False (60.2s)
Z12 spin_glass_n163    default  seed 0: 11.417 mx=13 w=NonexNone pmiss=None subm=False (47.4s)
Z12 spin_glass_n163    default  seed 1: 11.417 mx=13 w=NonexNone pmiss=None subm=False (47.0s)
Z12 spin_glass_n163    default  seed 2: 11.417 mx=13 w=NonexNone pmiss=None subm=False (46.8s)
Z12 spin_glass_n163    subm     seed 0: 11.417 mx=13 w=NonexNone pmiss=None subm=False (49.0s)
Z12 spin_glass_n163    subm     seed 1: 11.417 mx=13 w=NonexNone pmiss=None subm=False (50.0s)
Z12 spin_glass_n163    subm     seed 2: 11.417 mx=13 w=NonexNone pmiss=None subm=False (43.3s)
Z12 spin_glass_n163    unb      seed 0: 11.417 mx=13 w=20x21 pmiss=0 subm=False (50.0s)
Z12 spin_glass_n163    unb      seed 1: 11.417 mx=13 w=20x21 pmiss=0 subm=False (48.4s)
Z12 spin_glass_n163    unb      seed 2: 11.417 mx=13 w=20x21 pmiss=0 subm=False (50.1s)
Z12 spin_glass_n163    both     seed 0: 11.417 mx=13 w=20x21 pmiss=0 subm=False (50.6s)
Z12 spin_glass_n163    both     seed 1: 11.417 mx=13 w=20x21 pmiss=0 subm=False (51.2s)
Z12 spin_glass_n163    both     seed 2: 11.417 mx=13 w=20x21 pmiss=0 subm=False (47.4s)
Z12 regular_n316       default  seed 0: 2.997 mx=7 w=NonexNone pmiss=None subm=False (60.0s)
Z12 regular_n316       default  seed 1: 2.905 mx=8 w=NonexNone pmiss=None subm=False (60.0s)
Z12 regular_n316       default  seed 2: 2.794 mx=7 w=NonexNone pmiss=None subm=False (60.0s)
Z12 regular_n316       subm     seed 0: 2.997 mx=7 w=NonexNone pmiss=None subm=False (60.0s)
Z12 regular_n316       subm     seed 1: 2.905 mx=8 w=NonexNone pmiss=None subm=False (60.0s)
Z12 regular_n316       subm     seed 2: 2.794 mx=7 w=NonexNone pmiss=None subm=False (60.0s)
Z12 regular_n316       unb      seed 0: 2.731 mx=6 w=18x19 pmiss=0 subm=False (60.0s)
Z12 regular_n316       unb      seed 1: 2.788 mx=7 w=18x19 pmiss=0 subm=False (60.0s)
Z12 regular_n316       unb      seed 2: 2.953 mx=7 w=18x19 pmiss=0 subm=False (60.0s)
Z12 regular_n316       both     seed 0: 2.731 mx=6 w=18x19 pmiss=0 subm=False (60.0s)
Z12 regular_n316       both     seed 1: 2.788 mx=7 w=18x19 pmiss=0 subm=False (60.0s)
Z12 regular_n316       both     seed 2: 2.953 mx=7 w=18x19 pmiss=0 subm=False (60.0s)
Z12 ws_n486            default  seed 0: 2.819 mx=11 w=NonexNone pmiss=None subm=False (60.0s)
Z12 ws_n486            default  seed 1: 2.654 mx=9 w=NonexNone pmiss=None subm=False (60.1s)
Z12 ws_n486            default  seed 2: 3.185 mx=13 w=NonexNone pmiss=None subm=False (60.0s)
Z12 ws_n486            default  seed 3: 3.167 mx=11 w=NonexNone pmiss=None subm=False (60.0s)
Z12 ws_n486            default  seed 4: 3.072 mx=11 w=NonexNone pmiss=None subm=False (60.0s)
Z12 ws_n486            default  seed 5: 3.455 mx=12 w=NonexNone pmiss=None subm=False (60.0s)
Z12 ws_n486            default  seed 6: 2.975 mx=10 w=NonexNone pmiss=None subm=False (60.0s)
Z12 ws_n486            default  seed 7: 3.154 mx=10 w=NonexNone pmiss=None subm=False (60.0s)
Z12 ws_n486            default  seed 8: 2.996 mx=10 w=NonexNone pmiss=None subm=False (60.0s)
Z12 ws_n486            default  seed 9: 2.891 mx=10 w=NonexNone pmiss=None subm=False (60.0s)
Z12 ws_n486            subm     seed 0: 3.181 mx=12 w=NonexNone pmiss=None subm=True (60.0s)
Z12 ws_n486            subm     seed 1: 2.891 mx=12 w=NonexNone pmiss=None subm=True (60.0s)
Z12 ws_n486            subm     seed 2: 3.352 mx=13 w=NonexNone pmiss=None subm=True (60.0s)
Z12 ws_n486            subm     seed 3: 3.035 mx=14 w=NonexNone pmiss=None subm=True (60.0s)
Z12 ws_n486            subm     seed 4: 3.123 mx=12 w=NonexNone pmiss=None subm=True (60.0s)
Z12 ws_n486            subm     seed 5: 2.761 mx=11 w=NonexNone pmiss=None subm=True (60.0s)
Z12 ws_n486            subm     seed 6: 2.928 mx=12 w=NonexNone pmiss=None subm=True (60.0s)
Z12 ws_n486            subm     seed 7: 3.152 mx=12 w=NonexNone pmiss=None subm=True (60.0s)
Z12 ws_n486            subm     seed 8: 3.156 mx=13 w=NonexNone pmiss=None subm=True (60.0s)
Z12 ws_n486            subm     seed 9: 3.218 mx=13 w=NonexNone pmiss=None subm=True (60.0s)
Z12 ws_n486            unb      seed 0: 2.597 mx=9 w=25x26 pmiss=19 subm=False (60.0s)
Z12 ws_n486            unb      seed 1: 2.749 mx=9 w=25x26 pmiss=19 subm=False (60.0s)
Z12 ws_n486            unb      seed 2: 2.436 mx=8 w=25x26 pmiss=19 subm=False (60.0s)
Z12 ws_n486            unb      seed 3: 2.512 mx=8 w=25x26 pmiss=19 subm=False (60.0s)
Z12 ws_n486            unb      seed 4: 2.521 mx=8 w=25x26 pmiss=19 subm=False (60.0s)
Z12 ws_n486            unb      seed 5: 2.751 mx=8 w=25x26 pmiss=19 subm=False (60.0s)
Z12 ws_n486            unb      seed 6: 2.35 mx=7 w=25x26 pmiss=19 subm=False (60.0s)
Z12 ws_n486            unb      seed 7: 2.556 mx=8 w=25x26 pmiss=19 subm=False (60.0s)
Z12 ws_n486            unb      seed 8: 2.628 mx=8 w=25x26 pmiss=19 subm=False (60.0s)
Z12 ws_n486            unb      seed 9: 2.418 mx=8 w=25x26 pmiss=19 subm=False (60.0s)
Z12 ws_n486            both     seed 0: 2.558 mx=9 w=25x26 pmiss=19 subm=True (60.0s)
Z12 ws_n486            both     seed 1: 2.496 mx=8 w=25x26 pmiss=19 subm=True (60.0s)
Z12 ws_n486            both     seed 2: 2.724 mx=8 w=25x26 pmiss=19 subm=True (60.0s)
Z12 ws_n486            both     seed 3: 2.508 mx=8 w=25x26 pmiss=19 subm=True (60.0s)
Z12 ws_n486            both     seed 4: 2.5 mx=8 w=25x26 pmiss=19 subm=True (60.0s)
Z12 ws_n486            both     seed 5: 2.5 mx=8 w=25x26 pmiss=19 subm=True (60.0s)
Z12 ws_n486            both     seed 6: 2.58 mx=8 w=25x26 pmiss=19 subm=True (60.0s)
Z12 ws_n486            both     seed 7: 2.412 mx=7 w=25x26 pmiss=19 subm=True (60.0s)
Z12 ws_n486            both     seed 8: 2.574 mx=10 w=25x26 pmiss=19 subm=True (60.0s)
Z12 ws_n486            both     seed 9: 2.835 mx=9 w=25x26 pmiss=19 subm=True (60.0s)
Z12 grid_200           default  seed 0: 1.015 mx=2 w=NonexNone pmiss=None subm=False (18.8s)
Z12 grid_200           default  seed 1: 1.055 mx=2 w=NonexNone pmiss=None subm=False (25.0s)
Z12 grid_200           default  seed 2: 1.04 mx=2 w=NonexNone pmiss=None subm=False (19.7s)
Z12 grid_200           subm     seed 0: 1.015 mx=2 w=NonexNone pmiss=None subm=False (18.5s)
Z12 grid_200           subm     seed 1: 1.055 mx=2 w=NonexNone pmiss=None subm=False (25.2s)
Z12 grid_200           subm     seed 2: 1.04 mx=2 w=NonexNone pmiss=None subm=False (19.5s)
Z12 grid_200           unb      seed 0: 1.015 mx=2 w=11x7 pmiss=0 subm=False (19.5s)
Z12 grid_200           unb      seed 1: 1.05 mx=2 w=11x7 pmiss=0 subm=False (24.8s)
Z12 grid_200           unb      seed 2: 1.05 mx=2 w=11x7 pmiss=0 subm=False (23.0s)
Z12 grid_200           both     seed 0: 1.015 mx=2 w=11x7 pmiss=0 subm=False (19.1s)
Z12 grid_200           both     seed 1: 1.05 mx=2 w=11x7 pmiss=0 subm=False (24.4s)
Z12 grid_200           both     seed 2: 1.05 mx=2 w=11x7 pmiss=0 subm=False (22.5s)
Z12 honeycomb_200      default  seed 0: 1.09 mx=2 w=NonexNone pmiss=None subm=False (24.5s)
Z12 honeycomb_200      default  seed 1: 1.095 mx=2 w=NonexNone pmiss=None subm=False (25.9s)
Z12 honeycomb_200      default  seed 2: 1.065 mx=2 w=NonexNone pmiss=None subm=False (47.7s)
Z12 honeycomb_200      subm     seed 0: 1.09 mx=2 w=NonexNone pmiss=None subm=False (24.8s)
Z12 honeycomb_200      subm     seed 1: 1.095 mx=2 w=NonexNone pmiss=None subm=False (25.7s)
Z12 honeycomb_200      subm     seed 2: 1.065 mx=2 w=NonexNone pmiss=None subm=False (48.3s)
Z12 honeycomb_200      unb      seed 0: 1.11 mx=2 w=8x11 pmiss=0 subm=False (24.4s)
Z12 honeycomb_200      unb      seed 1: 1.09 mx=2 w=8x11 pmiss=0 subm=False (45.8s)
Z12 honeycomb_200      unb      seed 2: 1.13 mx=2 w=8x11 pmiss=0 subm=False (49.8s)
Z12 honeycomb_200      both     seed 0: 1.11 mx=2 w=8x11 pmiss=0 subm=False (25.9s)
Z12 honeycomb_200      both     seed 1: 1.09 mx=2 w=8x11 pmiss=0 subm=False (46.0s)
Z12 honeycomb_200      both     seed 2: 1.13 mx=2 w=8x11 pmiss=0 subm=False (49.1s)
Z12 king_graph_196     default  seed 0: 1.49 mx=3 w=NonexNone pmiss=None subm=False (60.0s)
Z12 king_graph_196     default  seed 1: 1.51 mx=3 w=NonexNone pmiss=None subm=False (60.0s)
Z12 king_graph_196     default  seed 2: 1.464 mx=2 w=NonexNone pmiss=None subm=False (60.0s)
Z12 king_graph_196     subm     seed 0: 1.49 mx=3 w=NonexNone pmiss=None subm=False (60.0s)
Z12 king_graph_196     subm     seed 1: 1.51 mx=3 w=NonexNone pmiss=None subm=False (60.0s)
Z12 king_graph_196     subm     seed 2: 1.464 mx=2 w=NonexNone pmiss=None subm=False (60.0s)
Z12 king_graph_196     unb      seed 0: 1.832 mx=4 w=8x14 pmiss=0 subm=False (60.0s)
Z12 king_graph_196     unb      seed 1: 1.735 mx=4 w=8x14 pmiss=0 subm=False (60.0s)
Z12 king_graph_196     unb      seed 2: 1.607 mx=3 w=8x14 pmiss=0 subm=False (60.0s)
Z12 king_graph_196     both     seed 0: 1.832 mx=4 w=8x14 pmiss=0 subm=False (60.0s)
Z12 king_graph_196     both     seed 1: 1.735 mx=4 w=8x14 pmiss=0 subm=False (60.0s)
Z12 king_graph_196     both     seed 2: 1.607 mx=3 w=8x14 pmiss=0 subm=False (60.0s)
P16 K100               default  seed 0: 11.23 mx=16 w=NonexNone pmiss=None subm=False (26.1s)
P16 K100               default  seed 1: 11.51 mx=17 w=NonexNone pmiss=None subm=False (25.5s)
P16 K100               default  seed 2: 11.65 mx=17 w=NonexNone pmiss=None subm=False (51.5s)
P16 K100               subm     seed 0: 11.23 mx=16 w=NonexNone pmiss=None subm=False (26.5s)
P16 K100               subm     seed 1: 11.51 mx=17 w=NonexNone pmiss=None subm=False (25.1s)
P16 K100               subm     seed 2: 11.65 mx=17 w=NonexNone pmiss=None subm=False (52.4s)
P16 K100               unb      seed 0: 11.23 mx=16 w=9x9 pmiss=0 subm=False (24.6s)
P16 K100               unb      seed 1: 11.51 mx=17 w=9x9 pmiss=0 subm=False (24.9s)
P16 K100               unb      seed 2: 11.65 mx=17 w=9x9 pmiss=0 subm=False (54.2s)
P16 K100               both     seed 0: 11.23 mx=16 w=9x9 pmiss=0 subm=False (25.7s)
P16 K100               both     seed 1: 11.51 mx=17 w=9x9 pmiss=0 subm=False (25.1s)
P16 K100               both     seed 2: 11.65 mx=17 w=9x9 pmiss=0 subm=False (55.2s)
P16 turan_n162         default  seed 0: 7.654 mx=8 w=NonexNone pmiss=None subm=False (60.2s)
P16 turan_n162         default  seed 1: 7.654 mx=8 w=NonexNone pmiss=None subm=False (60.3s)
P16 turan_n162         default  seed 2: 7.654 mx=8 w=NonexNone pmiss=None subm=False (60.1s)
P16 turan_n162         subm     seed 0: 7.654 mx=8 w=NonexNone pmiss=None subm=False (60.4s)
P16 turan_n162         subm     seed 1: 7.654 mx=8 w=NonexNone pmiss=None subm=False (60.2s)
P16 turan_n162         subm     seed 2: 7.654 mx=8 w=NonexNone pmiss=None subm=False (60.1s)
P16 turan_n162         unb      seed 0: 7.654 mx=8 w=8x8 pmiss=0 subm=False (60.0s)
P16 turan_n162         unb      seed 1: 7.815 mx=8 w=8x8 pmiss=0 subm=False (60.0s)
P16 turan_n162         unb      seed 2: 7.654 mx=8 w=8x8 pmiss=0 subm=False (60.5s)
P16 turan_n162         both     seed 0: 7.654 mx=8 w=8x8 pmiss=0 subm=False (60.3s)
P16 turan_n162         both     seed 1: 7.815 mx=8 w=8x8 pmiss=0 subm=False (60.0s)
P16 turan_n162         both     seed 2: 7.654 mx=8 w=8x8 pmiss=0 subm=False (60.2s)
P16 ws_n486            default  seed 0: 3.601 mx=15 w=NonexNone pmiss=None subm=False (60.0s)
P16 ws_n486            default  seed 1: 3.467 mx=13 w=NonexNone pmiss=None subm=False (60.0s)
P16 ws_n486            default  seed 2: 3.905 mx=14 w=NonexNone pmiss=None subm=False (60.0s)
P16 ws_n486            subm     seed 0: 3.868 mx=14 w=NonexNone pmiss=None subm=True (60.0s)
P16 ws_n486            subm     seed 1: 3.829 mx=14 w=NonexNone pmiss=None subm=True (60.0s)
P16 ws_n486            subm     seed 2: 3.549 mx=12 w=NonexNone pmiss=None subm=True (60.0s)
P16 ws_n486            unb      seed 0: 3.3 mx=13 w=12x13 pmiss=0 subm=False (60.0s)
P16 ws_n486            unb      seed 1: 3.214 mx=11 w=13x15 pmiss=2 subm=False (60.0s)
P16 ws_n486            unb      seed 2: 3.076 mx=12 w=11x14 pmiss=3 subm=False (60.0s)
P16 ws_n486            both     seed 0: 3.3 mx=13 w=12x13 pmiss=0 subm=False (60.0s)
P16 ws_n486            both     seed 1: 3.064 mx=10 w=11x14 pmiss=3 subm=False (60.0s)
P16 ws_n486            both     seed 2: 3.298 mx=11 w=12x14 pmiss=0 subm=False (60.0s)

summary (mean ACL; d = arm - default, negative = wins):
Z12 K100               default=7.84(3) mx=9.0 | subm=7.84(3) mx=9.0 d=+0.000 | unb=7.84(3) mx=9.0 d=+0.000 | both=7.84(3) mx=9.0 d=+0.000
Z12 K140               default=10.229(3) mx=11.0 | subm=10.229(3) mx=11.0 d=+0.000 | unb=10.229(3) mx=11.0 d=+0.000 | both=10.229(3) mx=11.0 d=+0.000
Z12 ER100_d10          default=4.823(3) mx=8.333 | subm=4.823(3) mx=8.333 d=+0.000 | unb=4.823(3) mx=8.333 d=+0.000 | both=4.823(3) mx=8.333 d=+0.000
Z12 turan_n162         default=6.046(10) mx=6.2 | subm=6.046(10) mx=6.2 d=+0.000 | unb=6.0(10) mx=6.0 d=-0.046 | both=6.0(10) mx=6.0 d=-0.046
Z12 spin_glass_n163    default=11.417(3) mx=13.0 | subm=11.417(3) mx=13.0 d=+0.000 | unb=11.417(3) mx=13.0 d=+0.000 | both=11.417(3) mx=13.0 d=+0.000
Z12 regular_n316       default=2.899(3) mx=7.333 | subm=2.899(3) mx=7.333 d=+0.000 | unb=2.824(3) mx=6.667 d=-0.075 | both=2.824(3) mx=6.667 d=-0.075
Z12 ws_n486            default=3.037(10) mx=10.7 | subm=3.08(10) mx=12.4 d=+0.043 | unb=2.552(10) mx=8.1 d=-0.485 | both=2.569(10) mx=8.3 d=-0.468
Z12 grid_200           default=1.037(3) mx=2.0 | subm=1.037(3) mx=2.0 d=+0.000 | unb=1.038(3) mx=2.0 d=+0.001 | both=1.038(3) mx=2.0 d=+0.001
Z12 honeycomb_200      default=1.083(3) mx=2.0 | subm=1.083(3) mx=2.0 d=+0.000 | unb=1.11(3) mx=2.0 d=+0.027 | both=1.11(3) mx=2.0 d=+0.027
Z12 king_graph_196     default=1.488(3) mx=2.667 | subm=1.488(3) mx=2.667 d=+0.000 | unb=1.725(3) mx=3.667 d=+0.237 | both=1.725(3) mx=3.667 d=+0.237
P16 K100               default=11.463(3) mx=16.667 | subm=11.463(3) mx=16.667 d=+0.000 | unb=11.463(3) mx=16.667 d=+0.000 | both=11.463(3) mx=16.667 d=+0.000
P16 turan_n162         default=7.654(3) mx=8.0 | subm=7.654(3) mx=8.0 d=+0.000 | unb=7.708(3) mx=8.0 d=+0.054 | both=7.708(3) mx=8.0 d=+0.054
P16 ws_n486            default=3.658(3) mx=14.0 | subm=3.749(3) mx=13.333 d=+0.091 | unb=3.197(3) mx=12.0 d=-0.461 | both=3.221(3) mx=11.333 d=-0.437

BAR ws_n486/Z12: acl {'default': 3.037, 'subm': 3.08, 'unb': 2.552, 'both': 2.569} mx {'default': 10.7, 'subm': 12.4, 'unb': 8.1, 'both': 8.3}
BAR board: FAIL [('Z12', 'honeycomb_200', 'unb', 'wall 32.7->40.0'), ('Z12', 'honeycomb_200', 'both', 'wall 32.7->40.333')]
load at end: (35.85400390625, 45.94677734375, 36.5517578125)
done-probe
