load at start: (5.83935546875, 3.5029296875, 3.69580078125)
/data/max/ember/docs/paper2/data/vcycle2_probe.py:67: DeprecationWarning: dwave-networkx is deprecated and will be replaced by dwave-graphs in Ocean 10. Most functionality previously provided by dwave-networkx is now available as part of dwave-graphs under the 'dwave.graphs' namespace.
  import dwave_networkx as dnx
/data/max/ember/docs/paper2/data/vcycle2_probe.py:67: DeprecationWarning: dwave-networkx is deprecated and will be replaced by dwave-graphs in Ocean 10. Most functionality previously provided by dwave-networkx is now available as part of dwave-graphs under the 'dwave.graphs' namespace.
  import dwave_networkx as dnx
/data/max/ember/docs/paper2/data/vcycle2_probe.py:67: DeprecationWarning: dwave-networkx is deprecated and will be replaced by dwave-graphs in Ocean 10. Most functionality previously provided by dwave-networkx is now available as part of dwave-graphs under the 'dwave.graphs' namespace.
  import dwave_networkx as dnx
/data/max/ember/docs/paper2/data/vcycle2_probe.py:67: DeprecationWarning: dwave-networkx is deprecated and will be replaced by dwave-graphs in Ocean 10. Most functionality previously provided by dwave-networkx is now available as part of dwave-graphs under the 'dwave.graphs' namespace.
  import dwave_networkx as dnx
/data/max/ember/docs/paper2/data/vcycle2_probe.py:67: DeprecationWarning: dwave-networkx is deprecated and will be replaced by dwave-graphs in Ocean 10. Most functionality previously provided by dwave-networkx is now available as part of dwave-graphs under the 'dwave.graphs' namespace.
  import dwave_networkx as dnx
/data/max/ember/docs/paper2/data/vcycle2_probe.py:67: DeprecationWarning: dwave-networkx is deprecated and will be replaced by dwave-graphs in Ocean 10. Most functionality previously provided by dwave-networkx is now available as part of dwave-graphs under the 'dwave.graphs' namespace.
  import dwave_networkx as dnx
/data/max/ember/docs/paper2/data/vcycle2_probe.py:67: DeprecationWarning: dwave-networkx is deprecated and will be replaced by dwave-graphs in Ocean 10. Most functionality previously provided by dwave-networkx is now available as part of dwave-graphs under the 'dwave.graphs' namespace.
  import dwave_networkx as dnx
/data/max/ember/docs/paper2/data/vcycle2_probe.py:67: DeprecationWarning: dwave-networkx is deprecated and will be replaced by dwave-graphs in Ocean 10. Most functionality previously provided by dwave-networkx is now available as part of dwave-graphs under the 'dwave.graphs' namespace.
  import dwave_networkx as dnx
/data/max/ember/docs/paper2/data/vcycle2_probe.py:67: DeprecationWarning: dwave-networkx is deprecated and will be replaced by dwave-graphs in Ocean 10. Most functionality previously provided by dwave-networkx is now available as part of dwave-graphs under the 'dwave.graphs' namespace.
  import dwave_networkx as dnx
/data/max/ember/docs/paper2/data/vcycle2_probe.py:67: DeprecationWarning: dwave-networkx is deprecated and will be replaced by dwave-graphs in Ocean 10. Most functionality previously provided by dwave-networkx is now available as part of dwave-graphs under the 'dwave.graphs' namespace.
  import dwave_networkx as dnx
/data/max/ember/docs/paper2/data/vcycle2_probe.py:67: DeprecationWarning: dwave-networkx is deprecated and will be replaced by dwave-graphs in Ocean 10. Most functionality previously provided by dwave-networkx is now available as part of dwave-graphs under the 'dwave.graphs' namespace.
  import dwave_networkx as dnx
/data/max/ember/docs/paper2/data/vcycle2_probe.py:67: DeprecationWarning: dwave-networkx is deprecated and will be replaced by dwave-graphs in Ocean 10. Most functionality previously provided by dwave-networkx is now available as part of dwave-graphs under the 'dwave.graphs' namespace.
  import dwave_networkx as dnx
K100 base seed 0: 8.13 s=1 d=0 (26.9s)
K100 base seed 1: 8.12 s=1 d=0 (33.1s)
K100 base seed 2: 8.12 s=1 d=0 (29.1s)
K100 vc seed 0: 9.93 s=0 d=6 (10.1s)
K100 vc seed 1: 9.32 s=0 d=6 (9.6s)
K100 vc seed 2: 9.61 s=0 d=6 (16.1s)
K140 base seed 0: 10.929 s=0 d=4 (53.3s)
K140 base seed 1: 10.793 s=0 d=4 (61.6s)
K140 base seed 2: 11.014 s=0 d=4 (40.1s)
K140 vc seed 0: 10.879 s=1 d=0 (36.4s)
K140 vc seed 1: 10.871 s=1 d=0 (41.1s)
K140 vc seed 2: 10.864 s=1 d=0 (44.6s)
ER100_d10 base seed 0: 4.97 s=0 d=367 (2.7s)
ER100_d10 base seed 1: 4.48 s=0 d=367 (6.2s)
ER100_d10 base seed 2: 4.83 s=0 d=367 (3.3s)
ER100_d10 vc seed 0: 4.67 s=0 d=355 (4.3s)
ER100_d10 vc seed 1: 5.18 s=0 d=355 (4.1s)
ER100_d10 vc seed 2: 4.53 s=0 d=355 (5.3s)
turan_n162 base seed 0: 9.13 s=0 d=15 (15.5s)
turan_n162 base seed 1: 9.062 s=0 d=15 (15.1s)
turan_n162 base seed 2: 8.988 s=0 d=15 (60.2s)
turan_n162 vc seed 0: 7.407 s=1 d=0 (34.9s)
turan_n162 vc seed 1: 9.463 s=0 d=41 (60.6s)
turan_n162 vc seed 2: 7.5 s=1 d=0 (33.6s)
spin_glass_n163 base seed 0: 12.73 s=0 d=1 (14.1s)
spin_glass_n163 base seed 1: 13.049 s=0 d=1 (17.0s)
spin_glass_n163 base seed 2: 12.853 s=0 d=1 (15.3s)
spin_glass_n163 vc seed 0: 12.337 s=0 d=7 (17.6s)
spin_glass_n163 vc seed 1: 12.712 s=0 d=7 (26.0s)
spin_glass_n163 vc seed 2: 12.221 s=0 d=7 (15.2s)
regular_n316 base seed 0: 2.759 s=0 d=95 (5.6s)
regular_n316 base seed 1: 2.674 s=0 d=95 (5.7s)
regular_n316 base seed 2: 3.136 s=0 d=95 (5.2s)
regular_n316 vc seed 0: 2.728 s=0 d=132 (4.1s)
regular_n316 vc seed 1: 2.956 s=0 d=132 (3.9s)
regular_n316 vc seed 2: 2.658 s=0 d=132 (4.5s)
ws_n486 base seed 0: 3.019 s=0 d=762 (5.6s)
ws_n486 base seed 1: 2.792 s=0 d=762 (6.8s)
ws_n486 base seed 2: 3.545 s=0 d=762 (4.7s)
ws_n486 vc seed 0: 2.829 s=0 d=495 (10.2s)
ws_n486 vc seed 1: 2.7 s=0 d=495 (9.9s)
ws_n486 vc seed 2: 2.998 s=0 d=495 (9.8s)

summary (ACL mean over legal seeds (n)):
K100              base=8.12(3) s1 d0  vc=9.62(3) s0 d6  ref=8.12
K140              base=10.91(3) s0 d4  vc=10.87(3) s1 d0  ref=10.91
ER100_d10         base=4.76(3) s0 d367  vc=4.79(3) s0 d355  ref=4.76
turan_n162        base=9.06(3) s0 d15  vc=8.12(3) s1 d14  ref=9.06
spin_glass_n163   base=12.88(3) s0 d1  vc=12.42(3) s0 d7  ref=12.88
regular_n316      base=2.86(3) s0 d95  vc=2.78(3) s0 d132  ref=2.86
ws_n486           base=3.12(3) s0 d762  vc=2.84(3) s0 d495  ref=3.12
load at end: (12.05224609375, 7.2470703125, 5.078125)
done-vcycle-probe
