load at start: (2.13427734375, 2.7763671875, 3.65478515625)
/data/max/ember/docs/paper2/data/vcycle_probe.py:66: DeprecationWarning: dwave-networkx is deprecated and will be replaced by dwave-graphs in Ocean 10. Most functionality previously provided by dwave-networkx is now available as part of dwave-graphs under the 'dwave.graphs' namespace.
  import dwave_networkx as dnx
/data/max/ember/docs/paper2/data/vcycle_probe.py:66: DeprecationWarning: dwave-networkx is deprecated and will be replaced by dwave-graphs in Ocean 10. Most functionality previously provided by dwave-networkx is now available as part of dwave-graphs under the 'dwave.graphs' namespace.
  import dwave_networkx as dnx
/data/max/ember/docs/paper2/data/vcycle_probe.py:66: DeprecationWarning: dwave-networkx is deprecated and will be replaced by dwave-graphs in Ocean 10. Most functionality previously provided by dwave-networkx is now available as part of dwave-graphs under the 'dwave.graphs' namespace.
  import dwave_networkx as dnx
/data/max/ember/docs/paper2/data/vcycle_probe.py:66: DeprecationWarning: dwave-networkx is deprecated and will be replaced by dwave-graphs in Ocean 10. Most functionality previously provided by dwave-networkx is now available as part of dwave-graphs under the 'dwave.graphs' namespace.
  import dwave_networkx as dnx
/data/max/ember/docs/paper2/data/vcycle_probe.py:66: DeprecationWarning: dwave-networkx is deprecated and will be replaced by dwave-graphs in Ocean 10. Most functionality previously provided by dwave-networkx is now available as part of dwave-graphs under the 'dwave.graphs' namespace.
  import dwave_networkx as dnx
/data/max/ember/docs/paper2/data/vcycle_probe.py:66: DeprecationWarning: dwave-networkx is deprecated and will be replaced by dwave-graphs in Ocean 10. Most functionality previously provided by dwave-networkx is now available as part of dwave-graphs under the 'dwave.graphs' namespace.
  import dwave_networkx as dnx
/data/max/ember/docs/paper2/data/vcycle_probe.py:66: DeprecationWarning: dwave-networkx is deprecated and will be replaced by dwave-graphs in Ocean 10. Most functionality previously provided by dwave-networkx is now available as part of dwave-graphs under the 'dwave.graphs' namespace.
  import dwave_networkx as dnx
/data/max/ember/docs/paper2/data/vcycle_probe.py:66: DeprecationWarning: dwave-networkx is deprecated and will be replaced by dwave-graphs in Ocean 10. Most functionality previously provided by dwave-networkx is now available as part of dwave-graphs under the 'dwave.graphs' namespace.
  import dwave_networkx as dnx
/data/max/ember/docs/paper2/data/vcycle_probe.py:66: DeprecationWarning: dwave-networkx is deprecated and will be replaced by dwave-graphs in Ocean 10. Most functionality previously provided by dwave-networkx is now available as part of dwave-graphs under the 'dwave.graphs' namespace.
  import dwave_networkx as dnx
/data/max/ember/docs/paper2/data/vcycle_probe.py:66: DeprecationWarning: dwave-networkx is deprecated and will be replaced by dwave-graphs in Ocean 10. Most functionality previously provided by dwave-networkx is now available as part of dwave-graphs under the 'dwave.graphs' namespace.
  import dwave_networkx as dnx
/data/max/ember/docs/paper2/data/vcycle_probe.py:66: DeprecationWarning: dwave-networkx is deprecated and will be replaced by dwave-graphs in Ocean 10. Most functionality previously provided by dwave-networkx is now available as part of dwave-graphs under the 'dwave.graphs' namespace.
  import dwave_networkx as dnx
/data/max/ember/docs/paper2/data/vcycle_probe.py:66: DeprecationWarning: dwave-networkx is deprecated and will be replaced by dwave-graphs in Ocean 10. Most functionality previously provided by dwave-networkx is now available as part of dwave-graphs under the 'dwave.graphs' namespace.
  import dwave_networkx as dnx
K100 base seed 0: 8.13 s=1 d=0 (28.8s)
K100 base seed 1: 8.12 s=1 d=0 (33.4s)
K100 base seed 2: 8.12 s=1 d=0 (29.2s)
K100 vc seed 0: 7.79 s=1 d=0 (14.6s)
K100 vc seed 1: 7.79 s=1 d=0 (15.7s)
K100 vc seed 2: 7.79 s=1 d=0 (17.2s)
K140 base seed 0: 10.929 s=0 d=4 (53.0s)
K140 base seed 1: 10.793 s=0 d=4 (60.6s)
K140 base seed 2: 11.014 s=0 d=4 (40.7s)
K140 vc seed 0: 10.521 s=1 d=0 (45.9s)
K140 vc seed 1: 10.521 s=1 d=0 (46.9s)
K140 vc seed 2: 10.521 s=1 d=0 (45.8s)
ER100_d10 base seed 0: 4.97 s=0 d=367 (2.7s)
ER100_d10 base seed 1: 4.48 s=0 d=367 (6.1s)
ER100_d10 base seed 2: 4.83 s=0 d=367 (3.3s)
ER100_d10 vc seed 0: 4.66 s=1 d=0 (4.8s)
ER100_d10 vc seed 1: 4.74 s=1 d=0 (4.2s)
ER100_d10 vc seed 2: 4.74 s=1 d=0 (2.9s)
turan_n162 base seed 0: 9.13 s=0 d=15 (15.5s)
turan_n162 base seed 1: 9.062 s=0 d=15 (15.0s)
turan_n162 base seed 2: 8.988 s=0 d=15 (61.0s)
turan_n162 vc seed 0: 10.395 s=1 d=0 (49.8s)
turan_n162 vc seed 1: 7.377 s=1 d=0 (28.0s)
turan_n162 vc seed 2: 9.796 s=1 d=0 (25.2s)
spin_glass_n163 base seed 0: 12.73 s=0 d=1 (14.1s)
spin_glass_n163 base seed 1: 13.049 s=0 d=1 (16.6s)
spin_glass_n163 base seed 2: 12.853 s=0 d=1 (15.1s)
spin_glass_n163 vc seed 0: 12.939 s=1 d=0 (18.7s)
spin_glass_n163 vc seed 1: 12.564 s=1 d=0 (19.6s)
spin_glass_n163 vc seed 2: 12.834 s=1 d=0 (20.7s)
regular_n316 base seed 0: 2.759 s=0 d=95 (5.6s)
regular_n316 base seed 1: 2.674 s=0 d=95 (5.7s)
regular_n316 base seed 2: 3.136 s=0 d=95 (5.1s)
regular_n316 vc seed 0: 3.62 s=0 d=25 (6.6s)
regular_n316 vc seed 1: 3.462 s=0 d=26 (8.2s)
regular_n316 vc seed 2: 3.301 s=0 d=27 (7.7s)
ws_n486 base seed 0: 3.019 s=0 d=762 (5.7s)
ws_n486 base seed 1: 2.792 s=0 d=762 (7.1s)
ws_n486 base seed 2: 3.545 s=0 d=762 (4.7s)
ws_n486 vc seed 0: 3.331 s=0 d=182 (16.4s)
ws_n486 vc seed 1: 3.177 s=0 d=179 (18.7s)
ws_n486 vc seed 2: 3.138 s=0 d=177 (17.6s)

summary (ACL mean over legal seeds (n)):
K100              base=8.12(3) s1 d0  vc=7.79(3) s1 d0  ref=8.12
K140              base=10.91(3) s0 d4  vc=10.52(3) s1 d0  ref=10.91
ER100_d10         base=4.76(3) s0 d367  vc=4.71(3) s1 d0  ref=4.76
turan_n162        base=9.06(3) s0 d15  vc=9.19(3) s1 d0  ref=9.06
spin_glass_n163   base=12.88(3) s0 d1  vc=12.78(3) s1 d0  ref=12.88
regular_n316      base=2.86(3) s0 d95  vc=3.46(3) s0 d26  ref=2.86
ws_n486           base=3.12(3) s0 d762  vc=3.22(3) s0 d179  ref=3.12
load at end: (16.1103515625, 7.29296875, 5.17626953125)
done-vcycle-probe
