10 cells, 102 jobs; load (39.2177734375, 51.30419921875, 44.60009765625)
/data/max/ember/docs/paper2/data/wave_probe.py:74: DeprecationWarning: dwave-networkx is deprecated and will be replaced by dwave-graphs in Ocean 10. Most functionality previously provided by dwave-networkx is now available as part of dwave-graphs under the 'dwave.graphs' namespace.
  import dwave_networkx as dnx
/data/max/ember/docs/paper2/data/wave_probe.py:74: DeprecationWarning: dwave-networkx is deprecated and will be replaced by dwave-graphs in Ocean 10. Most functionality previously provided by dwave-networkx is now available as part of dwave-graphs under the 'dwave.graphs' namespace.
  import dwave_networkx as dnx
/data/max/ember/docs/paper2/data/wave_probe.py:74: DeprecationWarning: dwave-networkx is deprecated and will be replaced by dwave-graphs in Ocean 10. Most functionality previously provided by dwave-networkx is now available as part of dwave-graphs under the 'dwave.graphs' namespace.
  import dwave_networkx as dnx
/data/max/ember/docs/paper2/data/wave_probe.py:74: DeprecationWarning: dwave-networkx is deprecated and will be replaced by dwave-graphs in Ocean 10. Most functionality previously provided by dwave-networkx is now available as part of dwave-graphs under the 'dwave.graphs' namespace.
  import dwave_networkx as dnx
/data/max/ember/docs/paper2/data/wave_probe.py:74: DeprecationWarning: dwave-networkx is deprecated and will be replaced by dwave-graphs in Ocean 10. Most functionality previously provided by dwave-networkx is now available as part of dwave-graphs under the 'dwave.graphs' namespace.
  import dwave_networkx as dnx
/data/max/ember/docs/paper2/data/wave_probe.py:74: DeprecationWarning: dwave-networkx is deprecated and will be replaced by dwave-graphs in Ocean 10. Most functionality previously provided by dwave-networkx is now available as part of dwave-graphs under the 'dwave.graphs' namespace.
  import dwave_networkx as dnx
/data/max/ember/docs/paper2/data/wave_probe.py:74: DeprecationWarning: dwave-networkx is deprecated and will be replaced by dwave-graphs in Ocean 10. Most functionality previously provided by dwave-networkx is now available as part of dwave-graphs under the 'dwave.graphs' namespace.
  import dwave_networkx as dnx
/data/max/ember/docs/paper2/data/wave_probe.py:74: DeprecationWarning: dwave-networkx is deprecated and will be replaced by dwave-graphs in Ocean 10. Most functionality previously provided by dwave-networkx is now available as part of dwave-graphs under the 'dwave.graphs' namespace.
  import dwave_networkx as dnx
/data/max/ember/docs/paper2/data/wave_probe.py:74: DeprecationWarning: dwave-networkx is deprecated and will be replaced by dwave-graphs in Ocean 10. Most functionality previously provided by dwave-networkx is now available as part of dwave-graphs under the 'dwave.graphs' namespace.
  import dwave_networkx as dnx
/data/max/ember/docs/paper2/data/wave_probe.py:74: DeprecationWarning: dwave-networkx is deprecated and will be replaced by dwave-graphs in Ocean 10. Most functionality previously provided by dwave-networkx is now available as part of dwave-graphs under the 'dwave.graphs' namespace.
  import dwave_networkx as dnx
/data/max/ember/docs/paper2/data/wave_probe.py:74: DeprecationWarning: dwave-networkx is deprecated and will be replaced by dwave-graphs in Ocean 10. Most functionality previously provided by dwave-networkx is now available as part of dwave-graphs under the 'dwave.graphs' namespace.
  import dwave_networkx as dnx
/data/max/ember/docs/paper2/data/wave_probe.py:74: DeprecationWarning: dwave-networkx is deprecated and will be replaced by dwave-graphs in Ocean 10. Most functionality previously provided by dwave-networkx is now available as part of dwave-graphs under the 'dwave.graphs' namespace.
  import dwave_networkx as dnx
/data/max/ember/docs/paper2/data/wave_probe.py:74: DeprecationWarning: dwave-networkx is deprecated and will be replaced by dwave-graphs in Ocean 10. Most functionality previously provided by dwave-networkx is now available as part of dwave-graphs under the 'dwave.graphs' namespace.
  import dwave_networkx as dnx
/data/max/ember/docs/paper2/data/wave_probe.py:74: DeprecationWarning: dwave-networkx is deprecated and will be replaced by dwave-graphs in Ocean 10. Most functionality previously provided by dwave-networkx is now available as part of dwave-graphs under the 'dwave.graphs' namespace.
  import dwave_networkx as dnx
/data/max/ember/docs/paper2/data/wave_probe.py:74: DeprecationWarning: dwave-networkx is deprecated and will be replaced by dwave-graphs in Ocean 10. Most functionality previously provided by dwave-networkx is now available as part of dwave-graphs under the 'dwave.graphs' namespace.
  import dwave_networkx as dnx
/data/max/ember/docs/paper2/data/wave_probe.py:74: DeprecationWarning: dwave-networkx is deprecated and will be replaced by dwave-graphs in Ocean 10. Most functionality previously provided by dwave-networkx is now available as part of dwave-graphs under the 'dwave.graphs' namespace.
  import dwave_networkx as dnx
/data/max/ember/docs/paper2/data/wave_probe.py:74: DeprecationWarning: dwave-networkx is deprecated and will be replaced by dwave-graphs in Ocean 10. Most functionality previously provided by dwave-networkx is now available as part of dwave-graphs under the 'dwave.graphs' namespace.
  import dwave_networkx as dnx
/data/max/ember/docs/paper2/data/wave_probe.py:74: DeprecationWarning: dwave-networkx is deprecated and will be replaced by dwave-graphs in Ocean 10. Most functionality previously provided by dwave-networkx is now available as part of dwave-graphs under the 'dwave.graphs' namespace.
  import dwave_networkx as dnx
/data/max/ember/docs/paper2/data/wave_probe.py:74: DeprecationWarning: dwave-networkx is deprecated and will be replaced by dwave-graphs in Ocean 10. Most functionality previously provided by dwave-networkx is now available as part of dwave-graphs under the 'dwave.graphs' namespace.
  import dwave_networkx as dnx
/data/max/ember/docs/paper2/data/wave_probe.py:74: DeprecationWarning: dwave-networkx is deprecated and will be replaced by dwave-graphs in Ocean 10. Most functionality previously provided by dwave-networkx is now available as part of dwave-graphs under the 'dwave.graphs' namespace.
  import dwave_networkx as dnx
/data/max/ember/docs/paper2/data/wave_probe.py:74: DeprecationWarning: dwave-networkx is deprecated and will be replaced by dwave-graphs in Ocean 10. Most functionality previously provided by dwave-networkx is now available as part of dwave-graphs under the 'dwave.graphs' namespace.
  import dwave_networkx as dnx
/data/max/ember/docs/paper2/data/wave_probe.py:74: DeprecationWarning: dwave-networkx is deprecated and will be replaced by dwave-graphs in Ocean 10. Most functionality previously provided by dwave-networkx is now available as part of dwave-graphs under the 'dwave.graphs' namespace.
  import dwave_networkx as dnx
/data/max/ember/docs/paper2/data/wave_probe.py:74: DeprecationWarning: dwave-networkx is deprecated and will be replaced by dwave-graphs in Ocean 10. Most functionality previously provided by dwave-networkx is now available as part of dwave-graphs under the 'dwave.graphs' namespace.
  import dwave_networkx as dnx
/data/max/ember/docs/paper2/data/wave_probe.py:74: DeprecationWarning: dwave-networkx is deprecated and will be replaced by dwave-graphs in Ocean 10. Most functionality previously provided by dwave-networkx is now available as part of dwave-graphs under the 'dwave.graphs' namespace.
  import dwave_networkx as dnx
Z12 K100               plane  seed 0: 7.26 mx=8 wv=0 wq=0 stop=False acc=138 ro=139 pair=4 bmw=1.61 aw=29.74 (64.4s)
Z12 K100               plane  seed 1: 7.26 mx=8 wv=0 wq=0 stop=False acc=138 ro=139 pair=4 bmw=1.79 aw=29.75 (63.6s)
Z12 K100               plane  seed 2: 7.26 mx=8 wv=0 wq=0 stop=False acc=138 ro=139 pair=4 bmw=1.47 aw=29.7 (61.0s)
Z12 K100               wave   seed 0: 7.26 mx=8 wv=1 wq=10128 stop=False acc=138 ro=139 pair=4 bmw=1.61 aw=29.76 (63.9s)
Z12 K100               wave   seed 1: 7.26 mx=8 wv=2 wq=10678 stop=False acc=138 ro=139 pair=4 bmw=1.58 aw=29.73 (62.5s)
Z12 K100               wave   seed 2: 7.26 mx=8 wv=2 wq=10948 stop=False acc=138 ro=139 pair=4 bmw=1.52 aw=29.73 (61.3s)
Z12 K140               plane  seed 0: 9.757 mx=10 wv=0 wq=0 stop=False acc=188 ro=189 pair=3 bmw=3.5 aw=29.76 (68.4s)
Z12 K140               plane  seed 1: 9.757 mx=10 wv=0 wq=0 stop=False acc=188 ro=189 pair=3 bmw=4.37 aw=29.73 (67.3s)
Z12 K140               plane  seed 2: 9.757 mx=10 wv=0 wq=0 stop=False acc=188 ro=189 pair=3 bmw=3.41 aw=29.73 (66.5s)
Z12 K140               wave   seed 0: 9.757 mx=10 wv=1 wq=6575 stop=False acc=188 ro=189 pair=3 bmw=3.34 aw=29.75 (67.1s)
Z12 K140               wave   seed 1: 9.757 mx=10 wv=1 wq=6507 stop=False acc=188 ro=189 pair=3 bmw=3.55 aw=29.72 (67.6s)
Z12 K140               wave   seed 2: 9.757 mx=10 wv=1 wq=6310 stop=False acc=188 ro=189 pair=3 bmw=3.48 aw=29.73 (65.9s)
Z12 ER100_d10          plane  seed 0: 4.56 mx=8 wv=0 wq=0 stop=False acc=592 ro=593 pair=202 bmw=5.07 aw=13.42 (60.0s)
Z12 ER100_d10          plane  seed 1: 4.43 mx=8 wv=0 wq=0 stop=False acc=592 ro=593 pair=202 bmw=5.24 aw=13.8 (60.0s)
Z12 ER100_d10          plane  seed 2: 4.27 mx=7 wv=0 wq=0 stop=False acc=592 ro=593 pair=202 bmw=5.26 aw=13.71 (60.1s)
Z12 ER100_d10          wave   seed 0: 4.56 mx=8 wv=6 wq=7853 stop=True acc=592 ro=593 pair=202 bmw=5.69 aw=13.58 (60.1s)
Z12 ER100_d10          wave   seed 1: 4.43 mx=8 wv=6 wq=7853 stop=True acc=592 ro=593 pair=202 bmw=5.14 aw=13.03 (60.0s)
Z12 ER100_d10          wave   seed 2: 4.27 mx=7 wv=6 wq=7853 stop=True acc=592 ro=593 pair=202 bmw=5.17 aw=12.96 (60.1s)
Z12 turan_n162         plane  seed 0: 9.253 mx=12 wv=0 wq=0 stop=False acc=203 ro=204 pair=0 bmw=4.45 aw=29.6 (60.1s)
Z12 turan_n162         plane  seed 1: 9.593 mx=13 wv=0 wq=0 stop=False acc=190 ro=191 pair=0 bmw=3.33 aw=29.44 (62.6s)
Z12 turan_n162         plane  seed 2: 9.253 mx=12 wv=0 wq=0 stop=False acc=203 ro=204 pair=0 bmw=4.42 aw=29.36 (60.2s)
Z12 turan_n162         plane  seed 3: 9.253 mx=12 wv=0 wq=0 stop=False acc=203 ro=204 pair=0 bmw=4.48 aw=29.56 (60.1s)
Z12 turan_n162         plane  seed 4: 9.222 mx=12 wv=0 wq=0 stop=False acc=203 ro=204 pair=0 bmw=4.36 aw=29.41 (62.9s)
Z12 turan_n162         plane  seed 5: 9.611 mx=13 wv=0 wq=0 stop=False acc=190 ro=191 pair=0 bmw=3.5 aw=29.58 (62.9s)
Z12 turan_n162         plane  seed 6: 9.253 mx=12 wv=0 wq=0 stop=False acc=203 ro=204 pair=0 bmw=4.02 aw=29.94 (60.1s)
Z12 turan_n162         plane  seed 7: 9.611 mx=13 wv=0 wq=0 stop=False acc=190 ro=191 pair=0 bmw=2.96 aw=29.93 (63.3s)
Z12 turan_n162         plane  seed 8: 9.611 mx=13 wv=0 wq=0 stop=False acc=190 ro=191 pair=0 bmw=2.97 aw=29.94 (74.1s)
Z12 turan_n162         plane  seed 9: 9.253 mx=12 wv=0 wq=0 stop=False acc=203 ro=204 pair=0 bmw=4.19 aw=29.94 (60.1s)
Z12 turan_n162         wave   seed 0: 9.253 mx=12 wv=1 wq=6616 stop=False acc=203 ro=204 pair=0 bmw=4.22 aw=29.95 (60.1s)
Z12 turan_n162         wave   seed 1: 9.593 mx=13 wv=1 wq=6793 stop=False acc=190 ro=191 pair=0 bmw=3.12 aw=29.93 (60.3s)
Z12 turan_n162         wave   seed 2: 9.253 mx=12 wv=1 wq=7023 stop=False acc=203 ro=204 pair=0 bmw=4.17 aw=29.93 (62.7s)
Z12 turan_n162         wave   seed 3: 9.253 mx=12 wv=1 wq=7067 stop=False acc=203 ro=204 pair=0 bmw=4.34 aw=29.94 (60.1s)
Z12 turan_n162         wave   seed 4: 9.222 mx=12 wv=1 wq=6797 stop=False acc=203 ro=204 pair=0 bmw=4.14 aw=29.94 (61.3s)
Z12 turan_n162         wave   seed 5: 9.611 mx=13 wv=1 wq=6473 stop=False acc=190 ro=191 pair=0 bmw=3.09 aw=29.94 (68.6s)
Z12 turan_n162         wave   seed 6: 9.253 mx=12 wv=1 wq=6962 stop=False acc=203 ro=204 pair=0 bmw=4.32 aw=29.94 (60.1s)
Z12 turan_n162         wave   seed 7: 9.611 mx=13 wv=1 wq=6925 stop=False acc=190 ro=191 pair=0 bmw=3.17 aw=29.94 (63.7s)
Z12 turan_n162         wave   seed 8: 9.611 mx=13 wv=1 wq=6417 stop=False acc=190 ro=191 pair=0 bmw=3.68 aw=29.94 (77.0s)
Z12 turan_n162         wave   seed 9: 9.253 mx=12 wv=1 wq=7361 stop=False acc=203 ro=204 pair=0 bmw=4.15 aw=29.94 (62.9s)
Z12 spin_glass_n163    plane  seed 0: 10.859 mx=12 wv=0 wq=0 stop=False acc=362 ro=363 pair=73 bmw=27.09 aw=29.14 (53.7s)
Z12 spin_glass_n163    plane  seed 1: 10.859 mx=12 wv=0 wq=0 stop=False acc=362 ro=363 pair=73 bmw=27.47 aw=28.81 (54.6s)
Z12 spin_glass_n163    plane  seed 2: 10.859 mx=12 wv=0 wq=0 stop=False acc=359 ro=360 pair=70 bmw=28.7 aw=28.85 (54.1s)
Z12 spin_glass_n163    wave   seed 0: 10.859 mx=12 wv=1 wq=7380 stop=False acc=361 ro=362 pair=72 bmw=27.82 aw=28.9 (54.8s)
Z12 spin_glass_n163    wave   seed 1: 10.859 mx=12 wv=1 wq=7630 stop=False acc=362 ro=363 pair=73 bmw=27.73 aw=29.04 (57.3s)
Z12 spin_glass_n163    wave   seed 2: 10.859 mx=12 wv=1 wq=7512 stop=False acc=362 ro=363 pair=73 bmw=27.78 aw=28.8 (54.1s)
Z12 regular_n316       plane  seed 0: 2.867 mx=7 wv=0 wq=0 stop=False acc=1138 ro=1139 pair=131 bmw=11.64 aw=26.36 (60.0s)
Z12 regular_n316       plane  seed 1: 2.687 mx=6 wv=0 wq=0 stop=False acc=1165 ro=1166 pair=156 bmw=13.53 aw=28.8 (60.1s)
Z12 regular_n316       plane  seed 2: 2.734 mx=6 wv=0 wq=0 stop=False acc=1175 ro=1176 pair=166 bmw=11.58 aw=27.92 (60.0s)
Z12 regular_n316       plane  seed 3: 2.623 mx=6 wv=0 wq=0 stop=False acc=1139 ro=1140 pair=131 bmw=13.13 aw=27.75 (60.6s)
Z12 regular_n316       plane  seed 4: 2.693 mx=6 wv=0 wq=0 stop=False acc=786 ro=787 pair=57 bmw=27.77 aw=29.32 (60.0s)
Z12 regular_n316       plane  seed 5: 2.687 mx=6 wv=0 wq=0 stop=False acc=862 ro=863 pair=131 bmw=23.81 aw=28.78 (60.0s)
Z12 regular_n316       plane  seed 6: 2.633 mx=6 wv=0 wq=0 stop=False acc=756 ro=757 pair=27 bmw=28.39 aw=28.46 (60.0s)
Z12 regular_n316       plane  seed 7: 2.81 mx=6 wv=0 wq=0 stop=False acc=799 ro=800 pair=70 bmw=26.75 aw=28.86 (60.0s)
Z12 regular_n316       plane  seed 8: 2.636 mx=6 wv=0 wq=0 stop=False acc=820 ro=821 pair=91 bmw=17.1 aw=20.01 (60.0s)
Z12 regular_n316       plane  seed 9: 2.772 mx=6 wv=0 wq=0 stop=False acc=767 ro=768 pair=38 bmw=17.82 aw=18.44 (60.0s)
Z12 regular_n316       wave   seed 0: 2.867 mx=7 wv=1 wq=2245 stop=False acc=779 ro=780 pair=50 bmw=19.42 aw=20.35 (60.0s)
Z12 regular_n316       wave   seed 1: 2.687 mx=6 wv=1 wq=2402 stop=False acc=786 ro=787 pair=57 bmw=16.9 aw=18.48 (60.0s)
Z12 regular_n316       wave   seed 2: 2.734 mx=6 wv=1 wq=2596 stop=False acc=805 ro=806 pair=76 bmw=14.08 aw=16.62 (60.0s)
Z12 regular_n316       wave   seed 3: 2.623 mx=6 wv=1 wq=2240 stop=False acc=779 ro=780 pair=50 bmw=19.45 aw=20.35 (60.0s)
Z12 regular_n316       wave   seed 4: 2.687 mx=6 wv=1 wq=2794 stop=False acc=836 ro=837 pair=107 bmw=13.21 aw=16.76 (60.0s)
Z12 regular_n316       wave   seed 5: 2.687 mx=6 wv=1 wq=2624 stop=False acc=808 ro=809 pair=79 bmw=15.42 aw=17.98 (60.0s)
Z12 regular_n316       wave   seed 6: 2.633 mx=6 wv=1 wq=2772 stop=False acc=833 ro=834 pair=104 bmw=15.37 aw=18.71 (60.0s)
Z12 regular_n316       wave   seed 7: 2.81 mx=6 wv=2 wq=3458 stop=False acc=928 ro=929 pair=131 bmw=14.92 aw=21.62 (60.0s)
Z12 regular_n316       wave   seed 8: 2.636 mx=6 wv=1 wq=2917 stop=False acc=845 ro=846 pair=116 bmw=14.56 aw=18.62 (60.1s)
Z12 regular_n316       wave   seed 9: 2.772 mx=6 wv=2 wq=3192 stop=False acc=873 ro=874 pair=131 bmw=14.88 aw=20.13 (60.0s)
Z12 ws_n486            plane  seed 0: 2.49 mx=9 wv=0 wq=0 stop=False acc=990 ro=991 pair=0 bmw=16.85 aw=17.56 (60.0s)
Z12 ws_n486            plane  seed 1: 2.525 mx=9 wv=0 wq=0 stop=False acc=1037 ro=1038 pair=0 bmw=17.8 aw=18.42 (60.0s)
Z12 ws_n486            plane  seed 2: 2.477 mx=7 wv=0 wq=0 stop=False acc=1045 ro=1046 pair=0 bmw=18.94 aw=19.91 (60.2s)
Z12 ws_n486            plane  seed 3: 2.521 mx=8 wv=0 wq=0 stop=False acc=1077 ro=1078 pair=0 bmw=19.31 aw=19.65 (60.0s)
Z12 ws_n486            plane  seed 4: 2.621 mx=8 wv=0 wq=0 stop=False acc=1084 ro=1085 pair=0 bmw=20.89 aw=21.59 (60.0s)
Z12 ws_n486            plane  seed 5: 2.932 mx=10 wv=0 wq=0 stop=False acc=1094 ro=1095 pair=0 bmw=20.27 aw=20.56 (60.0s)
Z12 ws_n486            plane  seed 6: 2.541 mx=8 wv=0 wq=0 stop=False acc=1199 ro=1200 pair=0 bmw=20.59 aw=25.13 (60.0s)
Z12 ws_n486            plane  seed 7: 2.545 mx=8 wv=0 wq=0 stop=False acc=1247 ro=1248 pair=27 bmw=29.17 aw=29.32 (60.0s)
Z12 ws_n486            plane  seed 8: 2.467 mx=8 wv=0 wq=0 stop=False acc=1240 ro=1241 pair=20 bmw=27.84 aw=29.74 (60.0s)
Z12 ws_n486            plane  seed 9: 2.539 mx=8 wv=0 wq=0 stop=False acc=1171 ro=1172 pair=0 bmw=26.25 aw=29.78 (60.0s)
Z12 ws_n486            wave   seed 0: 2.57 mx=9 wv=1 wq=2359 stop=False acc=1186 ro=1187 pair=0 bmw=25.63 aw=29.7 (60.0s)
Z12 ws_n486            wave   seed 1: 2.665 mx=9 wv=1 wq=2813 stop=False acc=1266 ro=1267 pair=46 bmw=28.74 aw=29.72 (60.0s)
Z12 ws_n486            wave   seed 2: 2.469 mx=8 wv=1 wq=2057 stop=False acc=1131 ro=1132 pair=0 bmw=20.14 aw=22.22 (60.0s)
Z12 ws_n486            wave   seed 3: 2.733 mx=9 wv=1 wq=2163 stop=False acc=1149 ro=1150 pair=0 bmw=19.4 aw=22.25 (60.0s)
Z12 ws_n486            wave   seed 4: 2.615 mx=8 wv=1 wq=2082 stop=False acc=1132 ro=1133 pair=0 bmw=19.75 aw=22.06 (60.0s)
Z12 ws_n486            wave   seed 5: 2.932 mx=10 wv=1 wq=2216 stop=False acc=1157 ro=1158 pair=0 bmw=19.21 aw=22.5 (60.0s)
Z12 ws_n486            wave   seed 6: 2.541 mx=8 wv=1 wq=2125 stop=False acc=1140 ro=1141 pair=0 bmw=20.14 aw=22.75 (60.0s)
Z12 ws_n486            wave   seed 7: 2.562 mx=8 wv=1 wq=2223 stop=False acc=1158 ro=1159 pair=0 bmw=19.77 aw=23.16 (60.0s)
Z12 ws_n486            wave   seed 8: 2.529 mx=8 wv=1 wq=2263 stop=False acc=1165 ro=1166 pair=0 bmw=19.51 aw=22.98 (60.0s)
Z12 ws_n486            wave   seed 9: 2.539 mx=8 wv=1 wq=2400 stop=False acc=1195 ro=1196 pair=0 bmw=20.34 aw=24.68 (60.0s)
Z12 grid_200           plane  seed 0: 1.33 mx=3 wv=0 wq=0 stop=False acc=1022 ro=1023 pair=176 bmw=15.93 aw=28.61 (60.0s)
Z12 grid_200           plane  seed 1: 1.43 mx=3 wv=0 wq=0 stop=False acc=1022 ro=1023 pair=176 bmw=14.34 aw=26.71 (60.0s)
Z12 grid_200           plane  seed 2: 1.35 mx=3 wv=0 wq=0 stop=False acc=1022 ro=1023 pair=176 bmw=16.77 aw=29.3 (60.0s)
Z12 grid_200           wave   seed 0: 1.325 mx=3 wv=5 wq=7673 stop=True acc=1022 ro=1023 pair=176 bmw=13.43 aw=23.88 (60.0s)
Z12 grid_200           wave   seed 1: 1.43 mx=3 wv=5 wq=7673 stop=True acc=1022 ro=1023 pair=176 bmw=14.43 aw=26.03 (60.0s)
Z12 grid_200           wave   seed 2: 1.35 mx=3 wv=5 wq=7673 stop=True acc=1022 ro=1023 pair=176 bmw=11.66 aw=22.13 (60.0s)
Z12 honeycomb_200      plane  seed 0: 1.335 mx=3 wv=0 wq=0 stop=False acc=395 ro=396 pair=62 bmw=4.79 aw=14.62 (37.9s)
Z12 honeycomb_200      plane  seed 1: 1.43 mx=3 wv=0 wq=0 stop=False acc=395 ro=396 pair=62 bmw=4.77 aw=17.37 (50.3s)
Z12 honeycomb_200      plane  seed 2: 1.23 mx=2 wv=0 wq=0 stop=False acc=395 ro=396 pair=62 bmw=5.22 aw=14.88 (37.5s)
Z12 honeycomb_200      wave   seed 0: 1.335 mx=3 wv=4 wq=5460 stop=True acc=395 ro=396 pair=62 bmw=4.79 aw=15.58 (42.8s)
Z12 honeycomb_200      wave   seed 1: 1.43 mx=3 wv=4 wq=5460 stop=True acc=395 ro=396 pair=62 bmw=5.5 aw=14.84 (47.0s)
Z12 honeycomb_200      wave   seed 2: 1.23 mx=2 wv=4 wq=5460 stop=True acc=395 ro=396 pair=62 bmw=4.67 aw=13.94 (37.3s)
Z12 king_graph_196     plane  seed 0: 1.776 mx=5 wv=0 wq=0 stop=False acc=1115 ro=1116 pair=340 bmw=6.11 aw=29.91 (60.0s)
Z12 king_graph_196     plane  seed 1: 1.735 mx=4 wv=0 wq=0 stop=False acc=1115 ro=1116 pair=340 bmw=5.82 aw=29.66 (60.0s)
Z12 king_graph_196     plane  seed 2: 1.954 mx=4 wv=0 wq=0 stop=False acc=1117 ro=1118 pair=340 bmw=5.88 aw=29.9 (60.0s)
Z12 king_graph_196     wave   seed 0: 1.781 mx=4 wv=5 wq=11110 stop=False acc=1117 ro=1118 pair=340 bmw=5.77 aw=29.91 (60.1s)
Z12 king_graph_196     wave   seed 1: 1.735 mx=4 wv=5 wq=11058 stop=False acc=1117 ro=1118 pair=340 bmw=5.78 aw=29.91 (60.0s)
Z12 king_graph_196     wave   seed 2: 1.954 mx=4 wv=5 wq=11273 stop=False acc=1117 ro=1118 pair=340 bmw=5.53 aw=29.91 (60.0s)

summary (mean ACL; d = arm - plane, negative = wins):
Z12 K100               plane=7.26(3) mx=8.0 bmw=1.623 | wave=7.26(3) mx=8.0 bmw=1.57 wq=10584.667 stop=0 pair=4.0 d=+0.000
Z12 K140               plane=9.757(3) mx=10.0 bmw=3.76 | wave=9.757(3) mx=10.0 bmw=3.457 wq=6464.0 stop=0 pair=3.0 d=+0.000
Z12 ER100_d10          plane=4.42(3) mx=7.667 bmw=5.19 | wave=4.42(3) mx=7.667 bmw=5.333 wq=7853.0 stop=3 pair=202.0 d=+0.000
Z12 turan_n162         plane=9.391(10) mx=12.4 bmw=3.868 | wave=9.391(10) mx=12.4 bmw=3.84 wq=6843.4 stop=0 pair=0.0 d=+0.000
Z12 spin_glass_n163    plane=10.859(3) mx=12.0 bmw=27.753 | wave=10.859(3) mx=12.0 bmw=27.777 wq=7507.333 stop=0 pair=72.667 d=+0.000
Z12 regular_n316       plane=2.714(10) mx=6.1 bmw=19.152 | wave=2.714(10) mx=6.1 bmw=15.821 wq=2724.0 stop=0 pair=90.1 d=+0.000
Z12 ws_n486            plane=2.566(10) mx=8.3 bmw=21.791 | wave=2.615(10) mx=8.5 bmw=21.263 wq=2270.1 stop=0 pair=4.6 d=+0.049
Z12 grid_200           plane=1.37(3) mx=3.0 bmw=15.68 | wave=1.368(3) mx=3.0 bmw=13.173 wq=7673.0 stop=3 pair=176.0 d=-0.002
Z12 honeycomb_200      plane=1.332(3) mx=2.667 bmw=4.927 | wave=1.332(3) mx=2.667 bmw=4.987 wq=5460.0 stop=3 pair=62.0 d=+0.000
Z12 king_graph_196     plane=1.822(3) mx=4.333 bmw=5.937 | wave=1.823(3) mx=4.0 bmw=5.693 wq=11147.0 stop=0 pair=340.0 d=+0.001

BAR turan_n162/Z12: acl {'plane': 9.391, 'wave': 9.391} mx {'plane': 12.4, 'wave': 12.4} bmw {'plane': 3.868, 'wave': 3.84}

BAR ws_n486/Z12: acl {'plane': 2.566, 'wave': 2.615} mx {'plane': 8.3, 'wave': 8.5} bmw {'plane': 21.791, 'wave': 21.263}

BAR regular_n316/Z12: acl {'plane': 2.714, 'wave': 2.714} mx {'plane': 6.1, 'wave': 6.1} bmw {'plane': 19.152, 'wave': 15.821}
BAR board: PASS
load at end: (63.18701171875, 71.3544921875, 55.78125)
done-probe
