10 cells, 174 jobs; load (24.314453125, 23.55712890625, 26.5205078125)
/data/max/ember/docs/paper2/data/widen_probe.py:80: DeprecationWarning: dwave-networkx is deprecated and will be replaced by dwave-graphs in Ocean 10. Most functionality previously provided by dwave-networkx is now available as part of dwave-graphs under the 'dwave.graphs' namespace.
  import dwave_networkx as dnx
/data/max/ember/docs/paper2/data/widen_probe.py:80: DeprecationWarning: dwave-networkx is deprecated and will be replaced by dwave-graphs in Ocean 10. Most functionality previously provided by dwave-networkx is now available as part of dwave-graphs under the 'dwave.graphs' namespace.
  import dwave_networkx as dnx
/data/max/ember/docs/paper2/data/widen_probe.py:80: DeprecationWarning: dwave-networkx is deprecated and will be replaced by dwave-graphs in Ocean 10. Most functionality previously provided by dwave-networkx is now available as part of dwave-graphs under the 'dwave.graphs' namespace.
  import dwave_networkx as dnx
/data/max/ember/docs/paper2/data/widen_probe.py:80: DeprecationWarning: dwave-networkx is deprecated and will be replaced by dwave-graphs in Ocean 10. Most functionality previously provided by dwave-networkx is now available as part of dwave-graphs under the 'dwave.graphs' namespace.
  import dwave_networkx as dnx
/data/max/ember/docs/paper2/data/widen_probe.py:80: DeprecationWarning: dwave-networkx is deprecated and will be replaced by dwave-graphs in Ocean 10. Most functionality previously provided by dwave-networkx is now available as part of dwave-graphs under the 'dwave.graphs' namespace.
  import dwave_networkx as dnx
/data/max/ember/docs/paper2/data/widen_probe.py:80: DeprecationWarning: dwave-networkx is deprecated and will be replaced by dwave-graphs in Ocean 10. Most functionality previously provided by dwave-networkx is now available as part of dwave-graphs under the 'dwave.graphs' namespace.
  import dwave_networkx as dnx
/data/max/ember/docs/paper2/data/widen_probe.py:80: DeprecationWarning: dwave-networkx is deprecated and will be replaced by dwave-graphs in Ocean 10. Most functionality previously provided by dwave-networkx is now available as part of dwave-graphs under the 'dwave.graphs' namespace.
  import dwave_networkx as dnx
/data/max/ember/docs/paper2/data/widen_probe.py:80: DeprecationWarning: dwave-networkx is deprecated and will be replaced by dwave-graphs in Ocean 10. Most functionality previously provided by dwave-networkx is now available as part of dwave-graphs under the 'dwave.graphs' namespace.
  import dwave_networkx as dnx
/data/max/ember/docs/paper2/data/widen_probe.py:80: DeprecationWarning: dwave-networkx is deprecated and will be replaced by dwave-graphs in Ocean 10. Most functionality previously provided by dwave-networkx is now available as part of dwave-graphs under the 'dwave.graphs' namespace.
  import dwave_networkx as dnx
/data/max/ember/docs/paper2/data/widen_probe.py:80: DeprecationWarning: dwave-networkx is deprecated and will be replaced by dwave-graphs in Ocean 10. Most functionality previously provided by dwave-networkx is now available as part of dwave-graphs under the 'dwave.graphs' namespace.
  import dwave_networkx as dnx
/data/max/ember/docs/paper2/data/widen_probe.py:80: DeprecationWarning: dwave-networkx is deprecated and will be replaced by dwave-graphs in Ocean 10. Most functionality previously provided by dwave-networkx is now available as part of dwave-graphs under the 'dwave.graphs' namespace.
  import dwave_networkx as dnx
/data/max/ember/docs/paper2/data/widen_probe.py:80: DeprecationWarning: dwave-networkx is deprecated and will be replaced by dwave-graphs in Ocean 10. Most functionality previously provided by dwave-networkx is now available as part of dwave-graphs under the 'dwave.graphs' namespace.
  import dwave_networkx as dnx
/data/max/ember/docs/paper2/data/widen_probe.py:80: DeprecationWarning: dwave-networkx is deprecated and will be replaced by dwave-graphs in Ocean 10. Most functionality previously provided by dwave-networkx is now available as part of dwave-graphs under the 'dwave.graphs' namespace.
  import dwave_networkx as dnx
/data/max/ember/docs/paper2/data/widen_probe.py:80: DeprecationWarning: dwave-networkx is deprecated and will be replaced by dwave-graphs in Ocean 10. Most functionality previously provided by dwave-networkx is now available as part of dwave-graphs under the 'dwave.graphs' namespace.
  import dwave_networkx as dnx
/data/max/ember/docs/paper2/data/widen_probe.py:80: DeprecationWarning: dwave-networkx is deprecated and will be replaced by dwave-graphs in Ocean 10. Most functionality previously provided by dwave-networkx is now available as part of dwave-graphs under the 'dwave.graphs' namespace.
  import dwave_networkx as dnx
/data/max/ember/docs/paper2/data/widen_probe.py:80: DeprecationWarning: dwave-networkx is deprecated and will be replaced by dwave-graphs in Ocean 10. Most functionality previously provided by dwave-networkx is now available as part of dwave-graphs under the 'dwave.graphs' namespace.
  import dwave_networkx as dnx
/data/max/ember/docs/paper2/data/widen_probe.py:80: DeprecationWarning: dwave-networkx is deprecated and will be replaced by dwave-graphs in Ocean 10. Most functionality previously provided by dwave-networkx is now available as part of dwave-graphs under the 'dwave.graphs' namespace.
  import dwave_networkx as dnx
/data/max/ember/docs/paper2/data/widen_probe.py:80: DeprecationWarning: dwave-networkx is deprecated and will be replaced by dwave-graphs in Ocean 10. Most functionality previously provided by dwave-networkx is now available as part of dwave-graphs under the 'dwave.graphs' namespace.
  import dwave_networkx as dnx
/data/max/ember/docs/paper2/data/widen_probe.py:80: DeprecationWarning: dwave-networkx is deprecated and will be replaced by dwave-graphs in Ocean 10. Most functionality previously provided by dwave-networkx is now available as part of dwave-graphs under the 'dwave.graphs' namespace.
  import dwave_networkx as dnx
/data/max/ember/docs/paper2/data/widen_probe.py:80: DeprecationWarning: dwave-networkx is deprecated and will be replaced by dwave-graphs in Ocean 10. Most functionality previously provided by dwave-networkx is now available as part of dwave-graphs under the 'dwave.graphs' namespace.
  import dwave_networkx as dnx
/data/max/ember/docs/paper2/data/widen_probe.py:80: DeprecationWarning: dwave-networkx is deprecated and will be replaced by dwave-graphs in Ocean 10. Most functionality previously provided by dwave-networkx is now available as part of dwave-graphs under the 'dwave.graphs' namespace.
  import dwave_networkx as dnx
/data/max/ember/docs/paper2/data/widen_probe.py:80: DeprecationWarning: dwave-networkx is deprecated and will be replaced by dwave-graphs in Ocean 10. Most functionality previously provided by dwave-networkx is now available as part of dwave-graphs under the 'dwave.graphs' namespace.
  import dwave_networkx as dnx
/data/max/ember/docs/paper2/data/widen_probe.py:80: DeprecationWarning: dwave-networkx is deprecated and will be replaced by dwave-graphs in Ocean 10. Most functionality previously provided by dwave-networkx is now available as part of dwave-graphs under the 'dwave.graphs' namespace.
  import dwave_networkx as dnx
/data/max/ember/docs/paper2/data/widen_probe.py:80: DeprecationWarning: dwave-networkx is deprecated and will be replaced by dwave-graphs in Ocean 10. Most functionality previously provided by dwave-networkx is now available as part of dwave-graphs under the 'dwave.graphs' namespace.
  import dwave_networkx as dnx
Z12 K100               plane  seed 0: 7.26 mx=8 wa=0 wacc=0 acc=138 pair=4 bmw=1.52 mes=21.0 (62.7s)
Z12 K100               plane  seed 1: 7.26 mx=8 wa=0 wacc=0 acc=138 pair=4 bmw=1.61 mes=21.0 (60.8s)
Z12 K100               plane  seed 2: 7.26 mx=8 wa=0 wacc=0 acc=138 pair=4 bmw=1.59 mes=21.0 (63.2s)
Z12 K100               inner  seed 0: 7.26 mx=8 wa=0 wacc=0 acc=138 pair=4 bmw=1.68 mes=21.0 (62.9s)
Z12 K100               inner  seed 1: 7.26 mx=8 wa=0 wacc=0 acc=138 pair=4 bmw=1.49 mes=21.0 (61.3s)
Z12 K100               inner  seed 2: 7.26 mx=8 wa=0 wacc=0 acc=138 pair=4 bmw=1.65 mes=21.0 (63.7s)
Z12 K100               widen  seed 0: 7.27 mx=8 wa=41 wacc=30 acc=123 pair=5 bmw=2.45 mes=20.0 (60.3s)
Z12 K100               widen  seed 1: 7.27 mx=8 wa=41 wacc=30 acc=123 pair=5 bmw=2.45 mes=20.0 (64.0s)
Z12 K100               widen  seed 2: 7.27 mx=8 wa=41 wacc=30 acc=123 pair=5 bmw=2.63 mes=20.0 (62.0s)
Z12 K140               plane  seed 0: 9.757 mx=10 wa=0 wacc=0 acc=188 pair=3 bmw=3.47 mes=31.0 (65.0s)
Z12 K140               plane  seed 1: 9.757 mx=10 wa=0 wacc=0 acc=188 pair=3 bmw=3.25 mes=31.0 (60.3s)
Z12 K140               plane  seed 2: 9.757 mx=10 wa=0 wacc=0 acc=188 pair=3 bmw=3.47 mes=31.0 (60.9s)
Z12 K140               inner  seed 0: 9.757 mx=10 wa=0 wacc=0 acc=188 pair=3 bmw=3.42 mes=31.0 (61.6s)
Z12 K140               inner  seed 1: 9.757 mx=10 wa=0 wacc=0 acc=188 pair=3 bmw=3.35 mes=31.0 (65.1s)
Z12 K140               inner  seed 2: 9.757 mx=10 wa=0 wacc=0 acc=188 pair=3 bmw=3.21 mes=31.0 (61.7s)
Z12 K140               widen  seed 0: 9.793 mx=11 wa=60 wacc=46 acc=171 pair=1 bmw=3.73 mes=25.0 (61.5s)
Z12 K140               widen  seed 1: 9.793 mx=11 wa=60 wacc=46 acc=171 pair=1 bmw=3.82 mes=25.0 (64.5s)
Z12 K140               widen  seed 2: 9.793 mx=11 wa=60 wacc=46 acc=171 pair=1 bmw=3.7 mes=25.0 (60.8s)
Z12 ER100_d10          plane  seed 0: 4.56 mx=8 wa=0 wacc=0 acc=592 pair=202 bmw=5.3 mes=17.0 (60.0s)
Z12 ER100_d10          plane  seed 1: 4.43 mx=8 wa=0 wacc=0 acc=592 pair=202 bmw=5.02 mes=17.0 (60.0s)
Z12 ER100_d10          plane  seed 2: 4.27 mx=7 wa=0 wacc=0 acc=592 pair=202 bmw=5.07 mes=17.0 (60.0s)
Z12 ER100_d10          plane  seed 3: 4.95 mx=8 wa=0 wacc=0 acc=592 pair=202 bmw=5.09 mes=17.0 (60.0s)
Z12 ER100_d10          plane  seed 4: 4.6 mx=8 wa=0 wacc=0 acc=592 pair=202 bmw=4.95 mes=17.0 (60.0s)
Z12 ER100_d10          plane  seed 5: 4.55 mx=8 wa=0 wacc=0 acc=592 pair=202 bmw=4.91 mes=17.0 (60.0s)
Z12 ER100_d10          plane  seed 6: 4.3 mx=7 wa=0 wacc=0 acc=592 pair=202 bmw=4.63 mes=17.0 (60.0s)
Z12 ER100_d10          plane  seed 7: 4.95 mx=8 wa=0 wacc=0 acc=592 pair=202 bmw=4.5 mes=17.0 (60.0s)
Z12 ER100_d10          plane  seed 8: 4.95 mx=8 wa=0 wacc=0 acc=592 pair=202 bmw=4.53 mes=17.0 (60.0s)
Z12 ER100_d10          plane  seed 9: 4.96 mx=8 wa=0 wacc=0 acc=592 pair=202 bmw=4.55 mes=17.0 (60.0s)
Z12 ER100_d10          inner  seed 0: 4.9 mx=8 wa=0 wacc=0 acc=499 pair=193 bmw=2.33 mes=17.0 (60.1s)
Z12 ER100_d10          inner  seed 1: 4.9 mx=8 wa=0 wacc=0 acc=499 pair=193 bmw=2.47 mes=17.0 (60.0s)
Z12 ER100_d10          inner  seed 2: 4.88 mx=8 wa=0 wacc=0 acc=499 pair=193 bmw=2.31 mes=17.0 (60.0s)
Z12 ER100_d10          inner  seed 3: 4.9 mx=8 wa=0 wacc=0 acc=499 pair=193 bmw=2.31 mes=17.0 (60.0s)
Z12 ER100_d10          inner  seed 4: 4.9 mx=8 wa=0 wacc=0 acc=499 pair=193 bmw=2.33 mes=17.0 (60.1s)
Z12 ER100_d10          inner  seed 5: 4.9 mx=8 wa=0 wacc=0 acc=499 pair=193 bmw=2.3 mes=17.0 (60.1s)
Z12 ER100_d10          inner  seed 6: 4.31 mx=7 wa=0 wacc=0 acc=499 pair=193 bmw=2.29 mes=17.0 (60.1s)
Z12 ER100_d10          inner  seed 7: 4.48 mx=7 wa=0 wacc=0 acc=499 pair=193 bmw=2.36 mes=17.0 (60.1s)
Z12 ER100_d10          inner  seed 8: 4.89 mx=8 wa=0 wacc=0 acc=499 pair=193 bmw=2.39 mes=17.0 (60.1s)
Z12 ER100_d10          inner  seed 9: 4.58 mx=8 wa=0 wacc=0 acc=499 pair=193 bmw=2.35 mes=17.0 (60.0s)
Z12 ER100_d10          widen  seed 0: 4.16 mx=7 wa=207 wacc=127 acc=506 pair=173 bmw=5.89 mes=17.0 (60.0s)
Z12 ER100_d10          widen  seed 1: 4.79 mx=9 wa=207 wacc=127 acc=506 pair=173 bmw=6.01 mes=17.0 (60.0s)
Z12 ER100_d10          widen  seed 2: 4.84 mx=9 wa=207 wacc=127 acc=506 pair=173 bmw=5.95 mes=17.0 (60.0s)
Z12 ER100_d10          widen  seed 3: 4.39 mx=9 wa=207 wacc=127 acc=506 pair=173 bmw=6.28 mes=17.0 (60.1s)
Z12 ER100_d10          widen  seed 4: 4.38 mx=8 wa=207 wacc=127 acc=506 pair=173 bmw=6.02 mes=17.0 (60.1s)
Z12 ER100_d10          widen  seed 5: 4.79 mx=9 wa=207 wacc=127 acc=506 pair=173 bmw=6.17 mes=17.0 (60.0s)
Z12 ER100_d10          widen  seed 6: 4.79 mx=9 wa=207 wacc=127 acc=506 pair=173 bmw=6.0 mes=17.0 (60.0s)
Z12 ER100_d10          widen  seed 7: 4.79 mx=9 wa=207 wacc=127 acc=506 pair=173 bmw=6.04 mes=17.0 (60.0s)
Z12 ER100_d10          widen  seed 8: 4.79 mx=9 wa=207 wacc=127 acc=506 pair=173 bmw=6.05 mes=17.0 (60.0s)
Z12 ER100_d10          widen  seed 9: 4.3 mx=8 wa=207 wacc=127 acc=506 pair=173 bmw=6.02 mes=17.0 (60.0s)
Z12 turan_n162         plane  seed 0: 9.253 mx=12 wa=0 wacc=0 acc=203 pair=0 bmw=3.84 mes=28.0 (60.2s)
Z12 turan_n162         plane  seed 1: 9.593 mx=13 wa=0 wacc=0 acc=190 pair=0 bmw=2.84 mes=32.0 (61.8s)
Z12 turan_n162         plane  seed 2: 9.253 mx=12 wa=0 wacc=0 acc=203 pair=0 bmw=3.89 mes=28.0 (61.8s)
Z12 turan_n162         plane  seed 3: 9.253 mx=12 wa=0 wacc=0 acc=203 pair=0 bmw=3.91 mes=28.0 (61.4s)
Z12 turan_n162         plane  seed 4: 9.222 mx=12 wa=0 wacc=0 acc=203 pair=0 bmw=3.99 mes=28.0 (60.8s)
Z12 turan_n162         plane  seed 5: 9.611 mx=13 wa=0 wacc=0 acc=190 pair=0 bmw=2.94 mes=32.0 (60.9s)
Z12 turan_n162         plane  seed 6: 9.253 mx=12 wa=0 wacc=0 acc=203 pair=0 bmw=4.0 mes=28.0 (62.0s)
Z12 turan_n162         plane  seed 7: 9.611 mx=13 wa=0 wacc=0 acc=190 pair=0 bmw=2.91 mes=32.0 (61.0s)
Z12 turan_n162         plane  seed 8: 9.611 mx=13 wa=0 wacc=0 acc=190 pair=0 bmw=3.05 mes=32.0 (60.7s)
Z12 turan_n162         plane  seed 9: 9.253 mx=12 wa=0 wacc=0 acc=203 pair=0 bmw=4.05 mes=28.0 (62.2s)
Z12 turan_n162         inner  seed 0: 9.253 mx=12 wa=0 wacc=0 acc=203 pair=0 bmw=3.95 mes=28.0 (60.0s)
Z12 turan_n162         inner  seed 1: 9.593 mx=13 wa=0 wacc=0 acc=190 pair=0 bmw=2.92 mes=32.0 (61.7s)
Z12 turan_n162         inner  seed 2: 9.253 mx=12 wa=0 wacc=0 acc=203 pair=0 bmw=3.9 mes=28.0 (60.3s)
Z12 turan_n162         inner  seed 3: 9.253 mx=12 wa=0 wacc=0 acc=203 pair=0 bmw=3.95 mes=28.0 (60.5s)
Z12 turan_n162         inner  seed 4: 9.222 mx=12 wa=0 wacc=0 acc=203 pair=0 bmw=4.01 mes=28.0 (61.1s)
Z12 turan_n162         inner  seed 5: 9.611 mx=13 wa=0 wacc=0 acc=190 pair=0 bmw=2.98 mes=32.0 (62.8s)
Z12 turan_n162         inner  seed 6: 9.253 mx=12 wa=0 wacc=0 acc=203 pair=0 bmw=4.0 mes=28.0 (62.7s)
Z12 turan_n162         inner  seed 7: 9.611 mx=13 wa=0 wacc=0 acc=190 pair=0 bmw=2.97 mes=32.0 (64.0s)
Z12 turan_n162         inner  seed 8: 9.611 mx=13 wa=0 wacc=0 acc=190 pair=0 bmw=2.98 mes=32.0 (64.0s)
Z12 turan_n162         inner  seed 9: 9.253 mx=12 wa=0 wacc=0 acc=203 pair=0 bmw=3.98 mes=28.0 (62.1s)
Z12 turan_n162         widen  seed 0: 10.142 mx=13 wa=72 wacc=55 acc=174 pair=2 bmw=2.97 mes=35.0 (67.4s)
Z12 turan_n162         widen  seed 1: 9.636 mx=12 wa=74 wacc=58 acc=170 pair=0 bmw=2.82 mes=33.0 (61.0s)
Z12 turan_n162         widen  seed 2: 10.148 mx=13 wa=72 wacc=55 acc=174 pair=2 bmw=2.95 mes=35.0 (61.8s)
Z12 turan_n162         widen  seed 3: 10.148 mx=13 wa=72 wacc=55 acc=174 pair=2 bmw=3.16 mes=35.0 (64.8s)
Z12 turan_n162         widen  seed 4: 10.148 mx=13 wa=72 wacc=55 acc=174 pair=2 bmw=3.15 mes=35.0 (60.2s)
Z12 turan_n162         widen  seed 5: 9.636 mx=12 wa=74 wacc=58 acc=170 pair=0 bmw=3.44 mes=33.0 (63.7s)
Z12 turan_n162         widen  seed 6: 10.148 mx=13 wa=72 wacc=55 acc=174 pair=2 bmw=2.83 mes=35.0 (63.5s)
Z12 turan_n162         widen  seed 7: 9.636 mx=12 wa=74 wacc=58 acc=170 pair=0 bmw=2.75 mes=33.0 (60.3s)
Z12 turan_n162         widen  seed 8: 9.636 mx=12 wa=74 wacc=58 acc=170 pair=0 bmw=3.21 mes=33.0 (69.1s)
Z12 turan_n162         widen  seed 9: 10.148 mx=13 wa=72 wacc=55 acc=174 pair=2 bmw=3.45 mes=35.0 (64.3s)
Z12 spin_glass_n163    plane  seed 0: 10.853 mx=12 wa=0 wacc=0 acc=351 pair=62 bmw=14.7 mes=33.0 (54.1s)
Z12 spin_glass_n163    plane  seed 1: 10.853 mx=12 wa=0 wacc=0 acc=351 pair=62 bmw=13.59 mes=33.0 (56.4s)
Z12 spin_glass_n163    plane  seed 2: 10.853 mx=12 wa=0 wacc=0 acc=351 pair=62 bmw=12.88 mes=33.0 (56.8s)
Z12 spin_glass_n163    inner  seed 0: 10.853 mx=12 wa=0 wacc=0 acc=351 pair=62 bmw=12.45 mes=33.0 (55.2s)
Z12 spin_glass_n163    inner  seed 1: 10.853 mx=12 wa=0 wacc=0 acc=351 pair=62 bmw=13.13 mes=33.0 (54.7s)
Z12 spin_glass_n163    inner  seed 2: 10.853 mx=12 wa=0 wacc=0 acc=351 pair=62 bmw=13.25 mes=33.0 (57.5s)
Z12 spin_glass_n163    widen  seed 0: 10.902 mx=12 wa=94 wacc=76 acc=280 pair=49 bmw=26.48 mes=29.0 (60.2s)
Z12 spin_glass_n163    widen  seed 1: 10.902 mx=12 wa=94 wacc=76 acc=281 pair=50 bmw=25.4 mes=29.0 (60.2s)
Z12 spin_glass_n163    widen  seed 2: 10.902 mx=12 wa=94 wacc=76 acc=280 pair=49 bmw=26.48 mes=29.0 (60.3s)
Z12 regular_n316       plane  seed 0: 2.867 mx=7 wa=0 wacc=0 acc=1133 pair=131 bmw=15.36 mes=30.0 (60.1s)
Z12 regular_n316       plane  seed 1: 2.687 mx=6 wa=0 wacc=0 acc=1103 pair=131 bmw=12.56 mes=30.0 (60.0s)
Z12 regular_n316       plane  seed 2: 2.734 mx=6 wa=0 wacc=0 acc=1072 pair=131 bmw=13.0 mes=30.0 (60.0s)
Z12 regular_n316       plane  seed 3: 2.623 mx=6 wa=0 wacc=0 acc=1071 pair=131 bmw=12.18 mes=30.0 (60.0s)
Z12 regular_n316       plane  seed 4: 2.687 mx=6 wa=0 wacc=0 acc=1106 pair=131 bmw=12.15 mes=30.0 (60.0s)
Z12 regular_n316       plane  seed 5: 2.687 mx=6 wa=0 wacc=0 acc=1092 pair=131 bmw=11.53 mes=30.0 (60.2s)
Z12 regular_n316       plane  seed 6: 2.633 mx=6 wa=0 wacc=0 acc=1109 pair=131 bmw=12.14 mes=30.0 (60.3s)
Z12 regular_n316       plane  seed 7: 2.813 mx=6 wa=0 wacc=0 acc=1150 pair=141 bmw=11.64 mes=30.0 (60.1s)
Z12 regular_n316       plane  seed 8: 2.636 mx=6 wa=0 wacc=0 acc=1165 pair=156 bmw=11.54 mes=30.0 (60.1s)
Z12 regular_n316       plane  seed 9: 2.772 mx=6 wa=0 wacc=0 acc=1004 pair=131 bmw=21.38 mes=30.0 (60.0s)
Z12 regular_n316       inner  seed 0: 2.867 mx=7 wa=0 wacc=0 acc=939 pair=131 bmw=22.3 mes=30.0 (60.0s)
Z12 regular_n316       inner  seed 1: 2.687 mx=6 wa=0 wacc=0 acc=925 pair=131 bmw=22.71 mes=30.0 (60.0s)
Z12 regular_n316       inner  seed 2: 2.734 mx=6 wa=0 wacc=0 acc=937 pair=131 bmw=22.67 mes=30.0 (60.0s)
Z12 regular_n316       inner  seed 3: 2.623 mx=6 wa=0 wacc=0 acc=1026 pair=131 bmw=21.24 mes=30.0 (60.0s)
Z12 regular_n316       inner  seed 4: 2.687 mx=6 wa=0 wacc=0 acc=1012 pair=131 bmw=21.89 mes=30.0 (60.0s)
Z12 regular_n316       inner  seed 5: 2.687 mx=6 wa=0 wacc=0 acc=995 pair=131 bmw=21.94 mes=30.0 (60.0s)
Z12 regular_n316       inner  seed 6: 2.633 mx=6 wa=0 wacc=0 acc=957 pair=131 bmw=22.51 mes=30.0 (60.0s)
Z12 regular_n316       inner  seed 7: 2.81 mx=6 wa=0 wacc=0 acc=1035 pair=131 bmw=20.19 mes=30.0 (60.0s)
Z12 regular_n316       inner  seed 8: 2.636 mx=6 wa=0 wacc=0 acc=1011 pair=131 bmw=19.92 mes=30.0 (60.0s)
Z12 regular_n316       inner  seed 9: 2.772 mx=6 wa=0 wacc=0 acc=1012 pair=131 bmw=19.37 mes=30.0 (60.0s)
Z12 regular_n316       widen  seed 0: 2.703 mx=6 wa=404 wacc=274 acc=806 pair=73 bmw=21.24 mes=29.0 (60.0s)
Z12 regular_n316       widen  seed 1: 2.807 mx=7 wa=404 wacc=274 acc=817 pair=73 bmw=18.78 mes=29.0 (60.0s)
Z12 regular_n316       widen  seed 2: 2.854 mx=7 wa=421 wacc=285 acc=852 pair=73 bmw=22.15 mes=30.0 (60.0s)
Z12 regular_n316       widen  seed 3: 3.035 mx=7 wa=406 wacc=275 acc=826 pair=73 bmw=18.91 mes=30.0 (60.0s)
Z12 regular_n316       widen  seed 4: 2.731 mx=6 wa=405 wacc=275 acc=823 pair=73 bmw=20.04 mes=30.0 (60.0s)
Z12 regular_n316       widen  seed 5: 2.759 mx=6 wa=412 wacc=277 acc=840 pair=73 bmw=18.97 mes=30.0 (60.0s)
Z12 regular_n316       widen  seed 6: 2.639 mx=6 wa=420 wacc=284 acc=850 pair=73 bmw=19.66 mes=30.0 (60.3s)
Z12 regular_n316       widen  seed 7: 2.731 mx=6 wa=412 wacc=277 acc=840 pair=73 bmw=19.69 mes=30.0 (60.7s)
Z12 regular_n316       widen  seed 8: 2.652 mx=7 wa=424 wacc=285 acc=875 pair=73 bmw=19.82 mes=30.0 (60.5s)
Z12 regular_n316       widen  seed 9: 2.858 mx=7 wa=431 wacc=287 acc=898 pair=73 bmw=19.63 mes=30.0 (60.0s)
Z12 ws_n486            plane  seed 0: 2.57 mx=9 wa=0 wacc=0 acc=1177 pair=0 bmw=19.07 mes=27.0 (60.1s)
Z12 ws_n486            plane  seed 1: 2.802 mx=10 wa=0 wacc=0 acc=1216 pair=0 bmw=24.42 mes=27.0 (60.0s)
Z12 ws_n486            plane  seed 2: 2.588 mx=8 wa=0 wacc=0 acc=1208 pair=0 bmw=24.57 mes=27.0 (60.1s)
Z12 ws_n486            plane  seed 3: 2.73 mx=9 wa=0 wacc=0 acc=1107 pair=0 bmw=29.01 mes=27.0 (60.0s)
Z12 ws_n486            plane  seed 4: 2.615 mx=8 wa=0 wacc=0 acc=1149 pair=0 bmw=26.61 mes=27.0 (60.0s)
Z12 ws_n486            plane  seed 5: 2.671 mx=9 wa=0 wacc=0 acc=1047 pair=0 bmw=28.44 mes=32.0 (60.0s)
Z12 ws_n486            plane  seed 6: 2.541 mx=8 wa=0 wacc=0 acc=1168 pair=0 bmw=26.14 mes=27.0 (60.0s)
Z12 ws_n486            plane  seed 7: 2.436 mx=8 wa=0 wacc=0 acc=1072 pair=0 bmw=29.36 mes=27.0 (60.0s)
Z12 ws_n486            plane  seed 8: 2.529 mx=8 wa=0 wacc=0 acc=1093 pair=0 bmw=29.44 mes=27.0 (60.0s)
Z12 ws_n486            plane  seed 9: 2.444 mx=8 wa=0 wacc=0 acc=1066 pair=0 bmw=29.54 mes=28.0 (60.0s)
Z12 ws_n486            inner  seed 0: 2.57 mx=9 wa=0 wacc=0 acc=1114 pair=0 bmw=28.69 mes=27.0 (60.0s)
Z12 ws_n486            inner  seed 1: 2.578 mx=8 wa=0 wacc=0 acc=1099 pair=0 bmw=28.8 mes=27.0 (60.0s)
Z12 ws_n486            inner  seed 2: 2.63 mx=8 wa=0 wacc=0 acc=1066 pair=0 bmw=29.44 mes=28.0 (60.0s)
Z12 ws_n486            inner  seed 3: 2.73 mx=9 wa=0 wacc=0 acc=1126 pair=0 bmw=27.9 mes=27.0 (60.0s)
Z12 ws_n486            inner  seed 4: 2.615 mx=8 wa=0 wacc=0 acc=1116 pair=0 bmw=27.73 mes=27.0 (60.0s)
Z12 ws_n486            inner  seed 5: 2.471 mx=7 wa=0 wacc=0 acc=1056 pair=0 bmw=21.35 mes=30.0 (60.0s)
Z12 ws_n486            inner  seed 6: 2.595 mx=9 wa=0 wacc=0 acc=1073 pair=0 bmw=23.06 mes=27.0 (60.0s)
Z12 ws_n486            inner  seed 7: 2.786 mx=10 wa=0 wacc=0 acc=1054 pair=0 bmw=22.63 mes=30.0 (60.0s)
Z12 ws_n486            inner  seed 8: 2.864 mx=9 wa=0 wacc=0 acc=1072 pair=0 bmw=22.68 mes=27.0 (60.0s)
Z12 ws_n486            inner  seed 9: 2.566 mx=9 wa=0 wacc=0 acc=1051 pair=0 bmw=20.23 mes=30.0 (60.1s)
Z12 ws_n486            widen  seed 0: 2.473 mx=7 wa=434 wacc=332 acc=913 pair=0 bmw=19.77 mes=31.0 (60.0s)
Z12 ws_n486            widen  seed 1: 2.586 mx=9 wa=440 wacc=334 acc=981 pair=0 bmw=16.96 mes=31.0 (60.0s)
Z12 ws_n486            widen  seed 2: 2.586 mx=8 wa=440 wacc=334 acc=989 pair=0 bmw=18.39 mes=31.0 (60.0s)
Z12 ws_n486            widen  seed 3: 2.794 mx=10 wa=440 wacc=334 acc=972 pair=0 bmw=18.38 mes=31.0 (60.0s)
Z12 ws_n486            widen  seed 4: 2.529 mx=9 wa=450 wacc=338 acc=997 pair=0 bmw=18.43 mes=31.0 (60.0s)
Z12 ws_n486            widen  seed 5: 2.549 mx=9 wa=440 wacc=334 acc=992 pair=0 bmw=18.62 mes=31.0 (60.0s)
Z12 ws_n486            widen  seed 6: 2.595 mx=8 wa=496 wacc=352 acc=1017 pair=0 bmw=18.5 mes=31.0 (60.0s)
Z12 ws_n486            widen  seed 7: 2.488 mx=8 wa=553 wacc=375 acc=1104 pair=77 bmw=18.91 mes=31.0 (60.0s)
Z12 ws_n486            widen  seed 8: 2.539 mx=7 wa=536 wacc=370 acc=1066 pair=39 bmw=19.81 mes=31.0 (60.0s)
Z12 ws_n486            widen  seed 9: 3.023 mx=9 wa=561 wacc=378 acc=1115 pair=88 bmw=17.88 mes=31.0 (60.0s)
Z12 grid_200           plane  seed 0: 1.325 mx=3 wa=0 wacc=0 acc=1022 pair=176 bmw=12.87 mes=8.0 (60.0s)
Z12 grid_200           plane  seed 1: 1.43 mx=3 wa=0 wacc=0 acc=1022 pair=176 bmw=12.48 mes=8.0 (60.0s)
Z12 grid_200           plane  seed 2: 1.35 mx=3 wa=0 wacc=0 acc=1022 pair=176 bmw=14.04 mes=8.0 (60.0s)
Z12 grid_200           inner  seed 0: 1.305 mx=3 wa=0 wacc=0 acc=1004 pair=199 bmw=7.93 mes=9.0 (58.7s)
Z12 grid_200           inner  seed 1: 1.345 mx=3 wa=0 wacc=0 acc=1004 pair=199 bmw=7.85 mes=9.0 (60.0s)
Z12 grid_200           inner  seed 2: 1.235 mx=2 wa=0 wacc=0 acc=1004 pair=199 bmw=7.25 mes=9.0 (55.1s)
Z12 grid_200           widen  seed 0: 1.44 mx=3 wa=573 wacc=288 acc=1134 pair=339 bmw=2.07 mes=10.0 (60.0s)
Z12 grid_200           widen  seed 1: 1.16 mx=2 wa=573 wacc=288 acc=1134 pair=339 bmw=2.78 mes=10.0 (60.0s)
Z12 grid_200           widen  seed 2: 1.435 mx=3 wa=573 wacc=288 acc=1134 pair=339 bmw=2.91 mes=10.0 (60.0s)
Z12 honeycomb_200      plane  seed 0: 1.335 mx=3 wa=0 wacc=0 acc=395 pair=62 bmw=5.15 mes=10.0 (37.8s)
Z12 honeycomb_200      plane  seed 1: 1.43 mx=3 wa=0 wacc=0 acc=395 pair=62 bmw=5.46 mes=10.0 (43.7s)
Z12 honeycomb_200      plane  seed 2: 1.23 mx=2 wa=0 wacc=0 acc=395 pair=62 bmw=5.1 mes=10.0 (34.8s)
Z12 honeycomb_200      inner  seed 0: 1.335 mx=3 wa=0 wacc=0 acc=411 pair=62 bmw=5.04 mes=10.0 (44.4s)
Z12 honeycomb_200      inner  seed 1: 1.43 mx=3 wa=0 wacc=0 acc=411 pair=62 bmw=4.91 mes=10.0 (50.3s)
Z12 honeycomb_200      inner  seed 2: 1.23 mx=2 wa=0 wacc=0 acc=411 pair=62 bmw=4.7 mes=10.0 (43.3s)
Z12 honeycomb_200      widen  seed 0: 1.375 mx=3 wa=159 wacc=111 acc=351 pair=26 bmw=2.28 mes=8.0 (47.1s)
Z12 honeycomb_200      widen  seed 1: 1.3 mx=2 wa=159 wacc=111 acc=351 pair=26 bmw=2.11 mes=8.0 (43.4s)
Z12 honeycomb_200      widen  seed 2: 1.275 mx=2 wa=159 wacc=111 acc=351 pair=26 bmw=2.07 mes=8.0 (45.3s)
Z12 king_graph_196     plane  seed 0: 1.781 mx=4 wa=0 wacc=0 acc=1115 pair=340 bmw=5.53 mes=9.0 (60.0s)
Z12 king_graph_196     plane  seed 1: 1.735 mx=4 wa=0 wacc=0 acc=1111 pair=340 bmw=5.56 mes=9.0 (60.0s)
Z12 king_graph_196     plane  seed 2: 1.954 mx=4 wa=0 wacc=0 acc=1114 pair=340 bmw=5.6 mes=9.0 (60.0s)
Z12 king_graph_196     inner  seed 0: 1.781 mx=4 wa=0 wacc=0 acc=1116 pair=325 bmw=5.68 mes=9.0 (60.0s)
Z12 king_graph_196     inner  seed 1: 1.735 mx=4 wa=0 wacc=0 acc=1118 pair=325 bmw=5.73 mes=9.0 (60.0s)
Z12 king_graph_196     inner  seed 2: 1.954 mx=4 wa=0 wacc=0 acc=1118 pair=325 bmw=5.74 mes=9.0 (60.0s)
Z12 king_graph_196     widen  seed 0: 2.372 mx=5 wa=394 wacc=214 acc=853 pair=187 bmw=2.41 mes=9.0 (60.1s)
Z12 king_graph_196     widen  seed 1: 1.918 mx=4 wa=394 wacc=214 acc=853 pair=187 bmw=2.47 mes=9.0 (60.0s)
Z12 king_graph_196     widen  seed 2: 1.98 mx=4 wa=394 wacc=214 acc=853 pair=187 bmw=2.54 mes=9.0 (60.1s)

summary (mean ACL; d = arm - plane, negative = wins):
Z12 K100               plane=7.26(3) mx=8.0 | inner=7.26(3) mx=8.0 wa=0.0 wacc=0.0 d=+0.000 | widen=7.27(3) mx=8.0 wa=41.0 wacc=30.0 d=+0.010
Z12 K140               plane=9.757(3) mx=10.0 | inner=9.757(3) mx=10.0 wa=0.0 wacc=0.0 d=+0.000 | widen=9.793(3) mx=11.0 wa=60.0 wacc=46.0 d=+0.036
Z12 ER100_d10          plane=4.652(10) mx=7.8 | inner=4.764(10) mx=7.8 wa=0.0 wacc=0.0 d=+0.112 | widen=4.602(10) mx=8.6 wa=207.0 wacc=127.0 d=-0.050
Z12 turan_n162         plane=9.391(10) mx=12.4 | inner=9.391(10) mx=12.4 wa=0.0 wacc=0.0 d=+0.000 | widen=9.943(10) mx=12.6 wa=72.8 wacc=56.2 d=+0.552
Z12 spin_glass_n163    plane=10.853(3) mx=12.0 | inner=10.853(3) mx=12.0 wa=0.0 wacc=0.0 d=+0.000 | widen=10.902(3) mx=12.0 wa=94.0 wacc=76.0 d=+0.049
Z12 regular_n316       plane=2.714(10) mx=6.1 | inner=2.714(10) mx=6.1 wa=0.0 wacc=0.0 d=+0.000 | widen=2.777(10) mx=6.5 wa=413.9 wacc=279.3 d=+0.063
Z12 ws_n486            plane=2.593(10) mx=8.5 | inner=2.641(10) mx=8.6 wa=0.0 wacc=0.0 d=+0.048 | widen=2.616(10) mx=8.4 wa=479.0 wacc=348.1 d=+0.023
Z12 grid_200           plane=1.368(3) mx=3.0 | inner=1.295(3) mx=2.667 wa=0.0 wacc=0.0 d=-0.073 | widen=1.345(3) mx=2.667 wa=573.0 wacc=288.0 d=-0.023
Z12 honeycomb_200      plane=1.332(3) mx=2.667 | inner=1.332(3) mx=2.667 wa=0.0 wacc=0.0 d=+0.000 | widen=1.317(3) mx=2.333 wa=159.0 wacc=111.0 d=-0.015
Z12 king_graph_196     plane=1.823(3) mx=4.0 | inner=1.823(3) mx=4.0 wa=0.0 wacc=0.0 d=+0.000 | widen=2.09(3) mx=4.333 wa=394.0 wacc=214.0 d=+0.267

BAR turan_n162/Z12: acl {'plane': 9.391, 'inner': 9.391, 'widen': 9.943} mx {'plane': 12.4, 'inner': 12.4, 'widen': 12.6}

BAR ws_n486/Z12: acl {'plane': 2.593, 'inner': 2.641, 'widen': 2.616} mx {'plane': 8.5, 'inner': 8.6, 'widen': 8.4}

BAR regular_n316/Z12: acl {'plane': 2.714, 'inner': 2.714, 'widen': 2.777} mx {'plane': 6.1, 'inner': 6.1, 'widen': 6.5}

BAR ER100_d10/Z12: acl {'plane': 4.652, 'inner': 4.764, 'widen': 4.602} mx {'plane': 7.8, 'inner': 7.8, 'widen': 8.6}
BAR board: FAIL [('Z12', 'turan_n162', 'widen', 0.552), ('Z12', 'honeycomb_200', 'inner', 'wall 38.767->46.0'), ('Z12', 'honeycomb_200', 'widen', 'wall 38.767->45.267')]
load at end: (38.87255859375, 51.72314453125, 40.1552734375)
done-probe
