10 cells, 102 jobs; load (73.9951171875, 96.3701171875, 91.78076171875)
/data/max/ember/docs/paper2/data/xy_probe.py:71: DeprecationWarning: dwave-networkx is deprecated and will be replaced by dwave-graphs in Ocean 10. Most functionality previously provided by dwave-networkx is now available as part of dwave-graphs under the 'dwave.graphs' namespace.
  import dwave_networkx as dnx
/data/max/ember/docs/paper2/data/xy_probe.py:71: DeprecationWarning: dwave-networkx is deprecated and will be replaced by dwave-graphs in Ocean 10. Most functionality previously provided by dwave-networkx is now available as part of dwave-graphs under the 'dwave.graphs' namespace.
  import dwave_networkx as dnx
/data/max/ember/docs/paper2/data/xy_probe.py:71: DeprecationWarning: dwave-networkx is deprecated and will be replaced by dwave-graphs in Ocean 10. Most functionality previously provided by dwave-networkx is now available as part of dwave-graphs under the 'dwave.graphs' namespace.
  import dwave_networkx as dnx
/data/max/ember/docs/paper2/data/xy_probe.py:71: DeprecationWarning: dwave-networkx is deprecated and will be replaced by dwave-graphs in Ocean 10. Most functionality previously provided by dwave-networkx is now available as part of dwave-graphs under the 'dwave.graphs' namespace.
  import dwave_networkx as dnx
/data/max/ember/docs/paper2/data/xy_probe.py:71: DeprecationWarning: dwave-networkx is deprecated and will be replaced by dwave-graphs in Ocean 10. Most functionality previously provided by dwave-networkx is now available as part of dwave-graphs under the 'dwave.graphs' namespace.
  import dwave_networkx as dnx
/data/max/ember/docs/paper2/data/xy_probe.py:71: DeprecationWarning: dwave-networkx is deprecated and will be replaced by dwave-graphs in Ocean 10. Most functionality previously provided by dwave-networkx is now available as part of dwave-graphs under the 'dwave.graphs' namespace.
  import dwave_networkx as dnx
/data/max/ember/docs/paper2/data/xy_probe.py:71: DeprecationWarning: dwave-networkx is deprecated and will be replaced by dwave-graphs in Ocean 10. Most functionality previously provided by dwave-networkx is now available as part of dwave-graphs under the 'dwave.graphs' namespace.
  import dwave_networkx as dnx
/data/max/ember/docs/paper2/data/xy_probe.py:71: DeprecationWarning: dwave-networkx is deprecated and will be replaced by dwave-graphs in Ocean 10. Most functionality previously provided by dwave-networkx is now available as part of dwave-graphs under the 'dwave.graphs' namespace.
  import dwave_networkx as dnx
/data/max/ember/docs/paper2/data/xy_probe.py:71: DeprecationWarning: dwave-networkx is deprecated and will be replaced by dwave-graphs in Ocean 10. Most functionality previously provided by dwave-networkx is now available as part of dwave-graphs under the 'dwave.graphs' namespace.
  import dwave_networkx as dnx
/data/max/ember/docs/paper2/data/xy_probe.py:71: DeprecationWarning: dwave-networkx is deprecated and will be replaced by dwave-graphs in Ocean 10. Most functionality previously provided by dwave-networkx is now available as part of dwave-graphs under the 'dwave.graphs' namespace.
  import dwave_networkx as dnx
/data/max/ember/docs/paper2/data/xy_probe.py:71: DeprecationWarning: dwave-networkx is deprecated and will be replaced by dwave-graphs in Ocean 10. Most functionality previously provided by dwave-networkx is now available as part of dwave-graphs under the 'dwave.graphs' namespace.
  import dwave_networkx as dnx
/data/max/ember/docs/paper2/data/xy_probe.py:71: DeprecationWarning: dwave-networkx is deprecated and will be replaced by dwave-graphs in Ocean 10. Most functionality previously provided by dwave-networkx is now available as part of dwave-graphs under the 'dwave.graphs' namespace.
  import dwave_networkx as dnx
/data/max/ember/docs/paper2/data/xy_probe.py:71: DeprecationWarning: dwave-networkx is deprecated and will be replaced by dwave-graphs in Ocean 10. Most functionality previously provided by dwave-networkx is now available as part of dwave-graphs under the 'dwave.graphs' namespace.
  import dwave_networkx as dnx
/data/max/ember/docs/paper2/data/xy_probe.py:71: DeprecationWarning: dwave-networkx is deprecated and will be replaced by dwave-graphs in Ocean 10. Most functionality previously provided by dwave-networkx is now available as part of dwave-graphs under the 'dwave.graphs' namespace.
  import dwave_networkx as dnx
/data/max/ember/docs/paper2/data/xy_probe.py:71: DeprecationWarning: dwave-networkx is deprecated and will be replaced by dwave-graphs in Ocean 10. Most functionality previously provided by dwave-networkx is now available as part of dwave-graphs under the 'dwave.graphs' namespace.
  import dwave_networkx as dnx
/data/max/ember/docs/paper2/data/xy_probe.py:71: DeprecationWarning: dwave-networkx is deprecated and will be replaced by dwave-graphs in Ocean 10. Most functionality previously provided by dwave-networkx is now available as part of dwave-graphs under the 'dwave.graphs' namespace.
  import dwave_networkx as dnx
/data/max/ember/docs/paper2/data/xy_probe.py:71: DeprecationWarning: dwave-networkx is deprecated and will be replaced by dwave-graphs in Ocean 10. Most functionality previously provided by dwave-networkx is now available as part of dwave-graphs under the 'dwave.graphs' namespace.
  import dwave_networkx as dnx
/data/max/ember/docs/paper2/data/xy_probe.py:71: DeprecationWarning: dwave-networkx is deprecated and will be replaced by dwave-graphs in Ocean 10. Most functionality previously provided by dwave-networkx is now available as part of dwave-graphs under the 'dwave.graphs' namespace.
  import dwave_networkx as dnx
/data/max/ember/docs/paper2/data/xy_probe.py:71: DeprecationWarning: dwave-networkx is deprecated and will be replaced by dwave-graphs in Ocean 10. Most functionality previously provided by dwave-networkx is now available as part of dwave-graphs under the 'dwave.graphs' namespace.
  import dwave_networkx as dnx
/data/max/ember/docs/paper2/data/xy_probe.py:71: DeprecationWarning: dwave-networkx is deprecated and will be replaced by dwave-graphs in Ocean 10. Most functionality previously provided by dwave-networkx is now available as part of dwave-graphs under the 'dwave.graphs' namespace.
  import dwave_networkx as dnx
/data/max/ember/docs/paper2/data/xy_probe.py:71: DeprecationWarning: dwave-networkx is deprecated and will be replaced by dwave-graphs in Ocean 10. Most functionality previously provided by dwave-networkx is now available as part of dwave-graphs under the 'dwave.graphs' namespace.
  import dwave_networkx as dnx
/data/max/ember/docs/paper2/data/xy_probe.py:71: DeprecationWarning: dwave-networkx is deprecated and will be replaced by dwave-graphs in Ocean 10. Most functionality previously provided by dwave-networkx is now available as part of dwave-graphs under the 'dwave.graphs' namespace.
  import dwave_networkx as dnx
/data/max/ember/docs/paper2/data/xy_probe.py:71: DeprecationWarning: dwave-networkx is deprecated and will be replaced by dwave-graphs in Ocean 10. Most functionality previously provided by dwave-networkx is now available as part of dwave-graphs under the 'dwave.graphs' namespace.
  import dwave_networkx as dnx
/data/max/ember/docs/paper2/data/xy_probe.py:71: DeprecationWarning: dwave-networkx is deprecated and will be replaced by dwave-graphs in Ocean 10. Most functionality previously provided by dwave-networkx is now available as part of dwave-graphs under the 'dwave.graphs' namespace.
  import dwave_networkx as dnx
Z12 K100               plane  seed 0: 7.26 mx=8 xy=0 acc=138 ro=139 mes=21.0 def=0 skip=True (65.3s)
Z12 K100               plane  seed 1: 7.26 mx=8 xy=0 acc=138 ro=139 mes=21.0 def=0 skip=True (64.7s)
Z12 K100               plane  seed 2: 7.26 mx=8 xy=0 acc=138 ro=139 mes=21.0 def=0 skip=True (65.0s)
Z12 K100               xy     seed 0: 7.26 mx=8 xy=62 acc=190 ro=191 mes=21.0 def=0 skip=True (61.9s)
Z12 K100               xy     seed 1: 7.26 mx=8 xy=98 acc=226 ro=227 mes=21.0 def=0 skip=True (65.2s)
Z12 K100               xy     seed 2: 7.26 mx=8 xy=64 acc=192 ro=193 mes=21.0 def=0 skip=True (64.1s)
Z12 K140               plane  seed 0: 9.757 mx=10 xy=0 acc=188 ro=189 mes=31.0 def=0 skip=True (70.9s)
Z12 K140               plane  seed 1: 9.757 mx=10 xy=0 acc=188 ro=189 mes=31.0 def=0 skip=True (60.4s)
Z12 K140               plane  seed 2: 9.757 mx=10 xy=0 acc=188 ro=189 mes=31.0 def=0 skip=True (70.5s)
Z12 K140               xy     seed 0: 9.757 mx=10 xy=34 acc=216 ro=217 mes=31.0 def=0 skip=True (78.2s)
Z12 K140               xy     seed 1: 9.757 mx=10 xy=23 acc=205 ro=206 mes=31.0 def=0 skip=True (63.0s)
Z12 K140               xy     seed 2: 9.757 mx=10 xy=15 acc=197 ro=198 mes=31.0 def=0 skip=True (62.0s)
Z12 ER100_d10          plane  seed 0: 4.56 mx=8 xy=0 acc=592 ro=593 mes=17.0 def=0 skip=True (60.0s)
Z12 ER100_d10          plane  seed 1: 4.43 mx=8 xy=0 acc=592 ro=593 mes=17.0 def=0 skip=True (60.1s)
Z12 ER100_d10          plane  seed 2: 4.27 mx=7 xy=0 acc=592 ro=593 mes=17.0 def=0 skip=True (60.0s)
Z12 ER100_d10          xy     seed 0: 5.06 mx=9 xy=243 acc=948 ro=949 mes=19.0 def=0 skip=True (60.0s)
Z12 ER100_d10          xy     seed 1: 4.59 mx=8 xy=102 acc=475 ro=476 mes=19.0 def=0 skip=True (60.1s)
Z12 ER100_d10          xy     seed 2: 4.53 mx=8 xy=314 acc=1178 ro=1179 mes=19.0 def=0 skip=True (60.1s)
Z12 turan_n162         plane  seed 0: 9.253 mx=12 xy=0 acc=203 ro=204 mes=28.0 def=0 skip=True (62.4s)
Z12 turan_n162         plane  seed 1: 9.593 mx=13 xy=0 acc=190 ro=191 mes=32.0 def=0 skip=True (61.9s)
Z12 turan_n162         plane  seed 2: 9.253 mx=12 xy=0 acc=203 ro=204 mes=28.0 def=0 skip=True (64.2s)
Z12 turan_n162         plane  seed 3: 9.253 mx=12 xy=0 acc=203 ro=204 mes=28.0 def=0 skip=True (63.7s)
Z12 turan_n162         plane  seed 4: 9.222 mx=12 xy=0 acc=203 ro=204 mes=28.0 def=0 skip=True (66.3s)
Z12 turan_n162         plane  seed 5: 9.611 mx=13 xy=0 acc=190 ro=191 mes=32.0 def=0 skip=True (63.4s)
Z12 turan_n162         plane  seed 6: 9.253 mx=12 xy=0 acc=203 ro=204 mes=28.0 def=0 skip=True (65.0s)
Z12 turan_n162         plane  seed 7: 9.611 mx=13 xy=0 acc=190 ro=191 mes=32.0 def=0 skip=True (68.0s)
Z12 turan_n162         plane  seed 8: 9.611 mx=13 xy=0 acc=190 ro=191 mes=32.0 def=0 skip=True (63.7s)
Z12 turan_n162         plane  seed 9: 9.253 mx=12 xy=0 acc=203 ro=204 mes=28.0 def=0 skip=True (63.9s)
Z12 turan_n162         xy     seed 0: 9.006 mx=13 xy=48 acc=250 ro=251 mes=27.0 def=0 skip=True (64.5s)
Z12 turan_n162         xy     seed 1: 9.593 mx=13 xy=50 acc=240 ro=241 mes=32.0 def=0 skip=True (63.0s)
Z12 turan_n162         xy     seed 2: 9.019 mx=13 xy=52 acc=254 ro=255 mes=27.0 def=0 skip=True (64.1s)
Z12 turan_n162         xy     seed 3: 9.019 mx=13 xy=66 acc=268 ro=269 mes=27.0 def=0 skip=True (65.0s)
Z12 turan_n162         xy     seed 4: 9.16 mx=13 xy=38 acc=240 ro=241 mes=27.0 def=0 skip=True (60.6s)
Z12 turan_n162         xy     seed 5: 9.611 mx=13 xy=63 acc=253 ro=254 mes=32.0 def=0 skip=True (61.7s)
Z12 turan_n162         xy     seed 6: 9.019 mx=13 xy=47 acc=249 ro=250 mes=27.0 def=0 skip=True (69.9s)
Z12 turan_n162         xy     seed 7: 9.611 mx=13 xy=59 acc=249 ro=250 mes=32.0 def=0 skip=True (67.0s)
Z12 turan_n162         xy     seed 8: 9.586 mx=13 xy=65 acc=255 ro=256 mes=32.0 def=0 skip=True (75.3s)
Z12 turan_n162         xy     seed 9: 9.006 mx=13 xy=70 acc=272 ro=273 mes=27.0 def=0 skip=True (60.7s)
Z12 spin_glass_n163    plane  seed 0: 10.853 mx=12 xy=0 acc=347 ro=348 mes=33.0 def=0 skip=True (60.5s)
Z12 spin_glass_n163    plane  seed 1: 10.853 mx=12 xy=0 acc=348 ro=349 mes=33.0 def=0 skip=True (72.0s)
Z12 spin_glass_n163    plane  seed 2: 10.853 mx=12 xy=0 acc=353 ro=354 mes=33.0 def=0 skip=True (70.6s)
Z12 spin_glass_n163    xy     seed 0: 10.871 mx=12 xy=144 acc=452 ro=453 mes=32.0 def=0 skip=True (76.7s)
Z12 spin_glass_n163    xy     seed 1: 10.883 mx=12 xy=131 acc=388 ro=389 mes=32.0 def=0 skip=True (77.6s)
Z12 spin_glass_n163    xy     seed 2: 10.859 mx=12 xy=136 acc=393 ro=394 mes=32.0 def=0 skip=True (65.8s)
Z12 regular_n316       plane  seed 0: 2.87 mx=7 xy=0 acc=1035 ro=1036 mes=30.0 def=0 skip=True (60.4s)
Z12 regular_n316       plane  seed 1: 2.687 mx=6 xy=0 acc=1150 ro=1151 mes=30.0 def=0 skip=True (60.1s)
Z12 regular_n316       plane  seed 2: 2.734 mx=6 xy=0 acc=1156 ro=1157 mes=30.0 def=0 skip=True (60.5s)
Z12 regular_n316       plane  seed 3: 2.623 mx=6 xy=0 acc=1174 ro=1175 mes=30.0 def=0 skip=True (60.7s)
Z12 regular_n316       plane  seed 4: 2.722 mx=6 xy=0 acc=327 ro=328 mes=27.0 def=0 skip=True (60.1s)
Z12 regular_n316       plane  seed 5: 2.797 mx=6 xy=0 acc=619 ro=620 mes=27.0 def=0 skip=True (60.1s)
Z12 regular_n316       plane  seed 6: 3.155 mx=7 xy=0 acc=486 ro=487 mes=27.0 def=0 skip=True (60.0s)
Z12 regular_n316       plane  seed 7: 2.699 mx=6 xy=0 acc=525 ro=526 mes=27.0 def=0 skip=True (60.1s)
Z12 regular_n316       plane  seed 8: 2.873 mx=7 xy=0 acc=438 ro=439 mes=27.0 def=0 skip=True (60.0s)
Z12 regular_n316       plane  seed 9: 2.665 mx=6 xy=0 acc=421 ro=422 mes=27.0 def=0 skip=True (60.0s)
Z12 regular_n316       xy     seed 0: 2.848 mx=7 xy=0 acc=334 ro=335 mes=27.0 def=0 skip=True (60.0s)
Z12 regular_n316       xy     seed 1: 2.725 mx=6 xy=0 acc=495 ro=496 mes=27.0 def=0 skip=True (60.0s)
Z12 regular_n316       xy     seed 2: 2.826 mx=6 xy=0 acc=417 ro=418 mes=27.0 def=0 skip=True (61.0s)
Z12 regular_n316       xy     seed 3: 2.671 mx=6 xy=0 acc=477 ro=478 mes=27.0 def=0 skip=True (60.2s)
Z12 regular_n316       xy     seed 4: 2.722 mx=6 xy=0 acc=352 ro=353 mes=27.0 def=0 skip=True (60.1s)
Z12 regular_n316       xy     seed 5: 2.816 mx=6 xy=0 acc=201 ro=202 mes=25.0 def=0 skip=True (60.1s)
Z12 regular_n316       xy     seed 6: 3.127 mx=7 xy=0 acc=618 ro=619 mes=27.0 def=0 skip=True (60.5s)
Z12 regular_n316       xy     seed 7: 2.699 mx=6 xy=0 acc=553 ro=554 mes=27.0 def=0 skip=True (60.0s)
Z12 regular_n316       xy     seed 8: 2.674 mx=6 xy=0 acc=547 ro=548 mes=27.0 def=0 skip=True (60.0s)
Z12 regular_n316       xy     seed 9: 2.962 mx=7 xy=0 acc=602 ro=603 mes=27.0 def=0 skip=True (60.7s)
Z12 ws_n486            plane  seed 0: 2.49 mx=8 xy=0 acc=453 ro=454 mes=25.0 def=41 skip=False (60.1s)
Z12 ws_n486            plane  seed 1: 2.498 mx=8 xy=0 acc=538 ro=539 mes=25.0 def=41 skip=False (61.1s)
Z12 ws_n486            plane  seed 2: 2.547 mx=9 xy=0 acc=770 ro=771 mes=34.0 def=25 skip=False (60.0s)
Z12 ws_n486            plane  seed 3: 2.626 mx=9 xy=0 acc=538 ro=539 mes=25.0 def=41 skip=False (60.0s)
Z12 ws_n486            plane  seed 4: 2.652 mx=9 xy=0 acc=221 ro=222 mes=22.0 def=23 skip=False (60.0s)
Z12 ws_n486            plane  seed 5: 2.84 mx=9 xy=0 acc=630 ro=631 mes=25.0 def=29 skip=False (60.0s)
Z12 ws_n486            plane  seed 6: 2.613 mx=9 xy=0 acc=840 ro=841 mes=30.0 def=33 skip=False (60.1s)
Z12 ws_n486            plane  seed 7: 2.628 mx=9 xy=0 acc=636 ro=637 mes=25.0 def=29 skip=False (60.0s)
Z12 ws_n486            plane  seed 8: 2.484 mx=10 xy=0 acc=595 ro=596 mes=25.0 def=29 skip=False (60.0s)
Z12 ws_n486            plane  seed 9: 2.984 mx=10 xy=0 acc=780 ro=781 mes=34.0 def=25 skip=False (60.1s)
Z12 ws_n486            xy     seed 0: 2.508 mx=8 xy=0 acc=630 ro=631 mes=25.0 def=29 skip=False (60.1s)
Z12 ws_n486            xy     seed 1: 2.498 mx=8 xy=0 acc=529 ro=530 mes=25.0 def=41 skip=False (60.0s)
Z12 ws_n486            xy     seed 2: 2.537 mx=9 xy=0 acc=533 ro=534 mes=25.0 def=41 skip=False (60.1s)
Z12 ws_n486            xy     seed 3: 2.477 mx=8 xy=0 acc=672 ro=673 mes=34.0 def=25 skip=False (60.0s)
Z12 ws_n486            xy     seed 4: 2.496 mx=8 xy=0 acc=555 ro=556 mes=25.0 def=41 skip=False (60.1s)
Z12 ws_n486            xy     seed 5: 2.628 mx=9 xy=0 acc=773 ro=774 mes=34.0 def=25 skip=False (60.0s)
Z12 ws_n486            xy     seed 6: 2.521 mx=8 xy=0 acc=693 ro=694 mes=34.0 def=25 skip=False (60.0s)
Z12 ws_n486            xy     seed 7: 2.455 mx=8 xy=0 acc=881 ro=882 mes=30.0 def=33 skip=False (60.1s)
Z12 ws_n486            xy     seed 8: 2.638 mx=8 xy=0 acc=860 ro=861 mes=30.0 def=33 skip=False (60.0s)
Z12 ws_n486            xy     seed 9: 2.984 mx=10 xy=0 acc=774 ro=775 mes=34.0 def=25 skip=False (60.1s)
Z12 grid_200           plane  seed 0: 1.33 mx=3 xy=0 acc=1019 ro=1020 mes=8.0 def=0 skip=True (60.0s)
Z12 grid_200           plane  seed 1: 1.43 mx=3 xy=0 acc=1020 ro=1021 mes=8.0 def=0 skip=True (60.0s)
Z12 grid_200           plane  seed 2: 1.35 mx=3 xy=0 acc=1021 ro=1022 mes=8.0 def=0 skip=True (60.0s)
Z12 grid_200           xy     seed 0: 1.415 mx=3 xy=289 acc=1116 ro=1117 mes=10.0 def=0 skip=True (60.0s)
Z12 grid_200           xy     seed 1: 1.34 mx=3 xy=194 acc=917 ro=918 mes=10.0 def=0 skip=True (60.0s)
Z12 grid_200           xy     seed 2: 1.39 mx=3 xy=289 acc=1119 ro=1120 mes=10.0 def=0 skip=True (60.0s)
Z12 honeycomb_200      plane  seed 0: 1.335 mx=3 xy=0 acc=395 ro=396 mes=10.0 def=0 skip=True (49.9s)
Z12 honeycomb_200      plane  seed 1: 1.43 mx=3 xy=0 acc=395 ro=396 mes=10.0 def=0 skip=True (60.0s)
Z12 honeycomb_200      plane  seed 2: 1.23 mx=2 xy=0 acc=395 ro=396 mes=10.0 def=0 skip=True (55.8s)
Z12 honeycomb_200      xy     seed 0: 1.355 mx=3 xy=272 acc=746 ro=747 mes=12.0 def=0 skip=True (60.0s)
Z12 honeycomb_200      xy     seed 1: 1.365 mx=3 xy=196 acc=637 ro=638 mes=12.0 def=0 skip=True (60.0s)
Z12 honeycomb_200      xy     seed 2: 1.325 mx=3 xy=244 acc=716 ro=717 mes=12.0 def=0 skip=True (60.0s)
Z12 king_graph_196     plane  seed 0: 1.781 mx=4 xy=0 acc=1109 ro=1110 mes=9.0 def=0 skip=True (60.0s)
Z12 king_graph_196     plane  seed 1: 1.74 mx=4 xy=0 acc=1052 ro=1053 mes=9.0 def=0 skip=True (60.0s)
Z12 king_graph_196     plane  seed 2: 1.964 mx=4 xy=0 acc=1104 ro=1105 mes=9.0 def=0 skip=True (60.0s)
Z12 king_graph_196     xy     seed 0: 1.862 mx=4 xy=172 acc=1005 ro=1006 mes=10.0 def=0 skip=True (60.0s)
Z12 king_graph_196     xy     seed 1: 1.898 mx=4 xy=172 acc=1054 ro=1055 mes=10.0 def=0 skip=True (60.1s)
Z12 king_graph_196     xy     seed 2: 1.653 mx=3 xy=216 acc=1211 ro=1212 mes=10.0 def=0 skip=True (60.1s)

summary (mean ACL; d = arm - plane, negative = wins):
Z12 K100               plane=7.26(3) mx=8.0 | xy=7.26(3) mx=8.0 mes=21.0 xy=74.667 d=+0.000
Z12 K140               plane=9.757(3) mx=10.0 | xy=9.757(3) mx=10.0 mes=31.0 xy=24.0 d=+0.000
Z12 ER100_d10          plane=4.42(3) mx=7.667 | xy=4.727(3) mx=8.333 mes=19.0 xy=219.667 d=+0.307
Z12 turan_n162         plane=9.391(10) mx=12.4 | xy=9.263(10) mx=13.0 mes=29.0 xy=55.8 d=-0.128
Z12 spin_glass_n163    plane=10.853(3) mx=12.0 | xy=10.871(3) mx=12.0 mes=32.0 xy=137.0 d=+0.018
Z12 regular_n316       plane=2.782(10) mx=6.3 | xy=2.807(10) mx=6.3 mes=26.8 xy=0.0 d=+0.025
Z12 ws_n486            plane=2.636(10) mx=9.0 | xy=2.574(10) mx=8.4 mes=29.6 xy=0.0 d=-0.062
Z12 grid_200           plane=1.37(3) mx=3.0 | xy=1.382(3) mx=3.0 mes=10.0 xy=257.333 d=+0.012
Z12 honeycomb_200      plane=1.332(3) mx=2.667 | xy=1.348(3) mx=3.0 mes=12.0 xy=237.333 d=+0.016
Z12 king_graph_196     plane=1.828(3) mx=4.0 | xy=1.804(3) mx=3.667 mes=10.0 xy=186.667 d=-0.024

BAR turan_n162/Z12: acl {'plane': 9.391, 'xy': 9.263} mx {'plane': 12.4, 'xy': 13.0} mes {'plane': 29.6, 'xy': 29.0}

BAR ws_n486/Z12: acl {'plane': 2.636, 'xy': 2.574} mx {'plane': 9.0, 'xy': 8.4} mes {'plane': 27.0, 'xy': 29.6}

BAR regular_n316/Z12: acl {'plane': 2.782, 'xy': 2.807} mx {'plane': 6.3, 'xy': 6.3} mes {'plane': 28.2, 'xy': 26.8}
BAR board: FAIL [('Z12', 'ER100_d10', 'xy', 0.307)]
load at end: (105.54541015625, 120.17578125, 104.146484375)
done-probe
