10 cells, 102 jobs; load (29.775390625, 44.02490234375, 48.32421875)
/data/max/ember/docs/paper2/data/xy_probe_quiet.py:71: DeprecationWarning: dwave-networkx is deprecated and will be replaced by dwave-graphs in Ocean 10. Most functionality previously provided by dwave-networkx is now available as part of dwave-graphs under the 'dwave.graphs' namespace.
  import dwave_networkx as dnx
/data/max/ember/docs/paper2/data/xy_probe_quiet.py:71: DeprecationWarning: dwave-networkx is deprecated and will be replaced by dwave-graphs in Ocean 10. Most functionality previously provided by dwave-networkx is now available as part of dwave-graphs under the 'dwave.graphs' namespace.
  import dwave_networkx as dnx
/data/max/ember/docs/paper2/data/xy_probe_quiet.py:71: DeprecationWarning: dwave-networkx is deprecated and will be replaced by dwave-graphs in Ocean 10. Most functionality previously provided by dwave-networkx is now available as part of dwave-graphs under the 'dwave.graphs' namespace.
  import dwave_networkx as dnx
/data/max/ember/docs/paper2/data/xy_probe_quiet.py:71: DeprecationWarning: dwave-networkx is deprecated and will be replaced by dwave-graphs in Ocean 10. Most functionality previously provided by dwave-networkx is now available as part of dwave-graphs under the 'dwave.graphs' namespace.
  import dwave_networkx as dnx
/data/max/ember/docs/paper2/data/xy_probe_quiet.py:71: DeprecationWarning: dwave-networkx is deprecated and will be replaced by dwave-graphs in Ocean 10. Most functionality previously provided by dwave-networkx is now available as part of dwave-graphs under the 'dwave.graphs' namespace.
  import dwave_networkx as dnx
/data/max/ember/docs/paper2/data/xy_probe_quiet.py:71: DeprecationWarning: dwave-networkx is deprecated and will be replaced by dwave-graphs in Ocean 10. Most functionality previously provided by dwave-networkx is now available as part of dwave-graphs under the 'dwave.graphs' namespace.
  import dwave_networkx as dnx
/data/max/ember/docs/paper2/data/xy_probe_quiet.py:71: DeprecationWarning: dwave-networkx is deprecated and will be replaced by dwave-graphs in Ocean 10. Most functionality previously provided by dwave-networkx is now available as part of dwave-graphs under the 'dwave.graphs' namespace.
  import dwave_networkx as dnx
/data/max/ember/docs/paper2/data/xy_probe_quiet.py:71: DeprecationWarning: dwave-networkx is deprecated and will be replaced by dwave-graphs in Ocean 10. Most functionality previously provided by dwave-networkx is now available as part of dwave-graphs under the 'dwave.graphs' namespace.
  import dwave_networkx as dnx
/data/max/ember/docs/paper2/data/xy_probe_quiet.py:71: DeprecationWarning: dwave-networkx is deprecated and will be replaced by dwave-graphs in Ocean 10. Most functionality previously provided by dwave-networkx is now available as part of dwave-graphs under the 'dwave.graphs' namespace.
  import dwave_networkx as dnx
/data/max/ember/docs/paper2/data/xy_probe_quiet.py:71: DeprecationWarning: dwave-networkx is deprecated and will be replaced by dwave-graphs in Ocean 10. Most functionality previously provided by dwave-networkx is now available as part of dwave-graphs under the 'dwave.graphs' namespace.
  import dwave_networkx as dnx
/data/max/ember/docs/paper2/data/xy_probe_quiet.py:71: DeprecationWarning: dwave-networkx is deprecated and will be replaced by dwave-graphs in Ocean 10. Most functionality previously provided by dwave-networkx is now available as part of dwave-graphs under the 'dwave.graphs' namespace.
  import dwave_networkx as dnx
/data/max/ember/docs/paper2/data/xy_probe_quiet.py:71: DeprecationWarning: dwave-networkx is deprecated and will be replaced by dwave-graphs in Ocean 10. Most functionality previously provided by dwave-networkx is now available as part of dwave-graphs under the 'dwave.graphs' namespace.
  import dwave_networkx as dnx
/data/max/ember/docs/paper2/data/xy_probe_quiet.py:71: DeprecationWarning: dwave-networkx is deprecated and will be replaced by dwave-graphs in Ocean 10. Most functionality previously provided by dwave-networkx is now available as part of dwave-graphs under the 'dwave.graphs' namespace.
  import dwave_networkx as dnx
/data/max/ember/docs/paper2/data/xy_probe_quiet.py:71: DeprecationWarning: dwave-networkx is deprecated and will be replaced by dwave-graphs in Ocean 10. Most functionality previously provided by dwave-networkx is now available as part of dwave-graphs under the 'dwave.graphs' namespace.
  import dwave_networkx as dnx
/data/max/ember/docs/paper2/data/xy_probe_quiet.py:71: DeprecationWarning: dwave-networkx is deprecated and will be replaced by dwave-graphs in Ocean 10. Most functionality previously provided by dwave-networkx is now available as part of dwave-graphs under the 'dwave.graphs' namespace.
  import dwave_networkx as dnx
/data/max/ember/docs/paper2/data/xy_probe_quiet.py:71: DeprecationWarning: dwave-networkx is deprecated and will be replaced by dwave-graphs in Ocean 10. Most functionality previously provided by dwave-networkx is now available as part of dwave-graphs under the 'dwave.graphs' namespace.
  import dwave_networkx as dnx
/data/max/ember/docs/paper2/data/xy_probe_quiet.py:71: DeprecationWarning: dwave-networkx is deprecated and will be replaced by dwave-graphs in Ocean 10. Most functionality previously provided by dwave-networkx is now available as part of dwave-graphs under the 'dwave.graphs' namespace.
  import dwave_networkx as dnx
/data/max/ember/docs/paper2/data/xy_probe_quiet.py:71: DeprecationWarning: dwave-networkx is deprecated and will be replaced by dwave-graphs in Ocean 10. Most functionality previously provided by dwave-networkx is now available as part of dwave-graphs under the 'dwave.graphs' namespace.
  import dwave_networkx as dnx
/data/max/ember/docs/paper2/data/xy_probe_quiet.py:71: DeprecationWarning: dwave-networkx is deprecated and will be replaced by dwave-graphs in Ocean 10. Most functionality previously provided by dwave-networkx is now available as part of dwave-graphs under the 'dwave.graphs' namespace.
  import dwave_networkx as dnx
/data/max/ember/docs/paper2/data/xy_probe_quiet.py:71: DeprecationWarning: dwave-networkx is deprecated and will be replaced by dwave-graphs in Ocean 10. Most functionality previously provided by dwave-networkx is now available as part of dwave-graphs under the 'dwave.graphs' namespace.
  import dwave_networkx as dnx
/data/max/ember/docs/paper2/data/xy_probe_quiet.py:71: DeprecationWarning: dwave-networkx is deprecated and will be replaced by dwave-graphs in Ocean 10. Most functionality previously provided by dwave-networkx is now available as part of dwave-graphs under the 'dwave.graphs' namespace.
  import dwave_networkx as dnx
/data/max/ember/docs/paper2/data/xy_probe_quiet.py:71: DeprecationWarning: dwave-networkx is deprecated and will be replaced by dwave-graphs in Ocean 10. Most functionality previously provided by dwave-networkx is now available as part of dwave-graphs under the 'dwave.graphs' namespace.
  import dwave_networkx as dnx
/data/max/ember/docs/paper2/data/xy_probe_quiet.py:71: DeprecationWarning: dwave-networkx is deprecated and will be replaced by dwave-graphs in Ocean 10. Most functionality previously provided by dwave-networkx is now available as part of dwave-graphs under the 'dwave.graphs' namespace.
  import dwave_networkx as dnx
/data/max/ember/docs/paper2/data/xy_probe_quiet.py:71: DeprecationWarning: dwave-networkx is deprecated and will be replaced by dwave-graphs in Ocean 10. Most functionality previously provided by dwave-networkx is now available as part of dwave-graphs under the 'dwave.graphs' namespace.
  import dwave_networkx as dnx
Z12 K100               plane  seed 0: 7.26 mx=8 xy=0 acc=138 ro=139 mes=21.0 def=0 skip=True (63.9s)
Z12 K100               plane  seed 1: 7.26 mx=8 xy=0 acc=138 ro=139 mes=21.0 def=0 skip=True (62.6s)
Z12 K100               plane  seed 2: 7.26 mx=8 xy=0 acc=138 ro=139 mes=21.0 def=0 skip=True (67.6s)
Z12 K100               xy     seed 0: 7.26 mx=8 xy=99 acc=228 ro=229 mes=21.0 def=0 skip=True (65.7s)
Z12 K100               xy     seed 1: 7.26 mx=8 xy=99 acc=228 ro=229 mes=21.0 def=0 skip=True (63.1s)
Z12 K100               xy     seed 2: 7.26 mx=8 xy=99 acc=228 ro=229 mes=21.0 def=0 skip=True (65.9s)
Z12 K140               plane  seed 0: 9.757 mx=10 xy=0 acc=188 ro=189 mes=31.0 def=0 skip=True (69.0s)
Z12 K140               plane  seed 1: 9.757 mx=10 xy=0 acc=188 ro=189 mes=31.0 def=0 skip=True (69.0s)
Z12 K140               plane  seed 2: 9.757 mx=10 xy=0 acc=188 ro=189 mes=31.0 def=0 skip=True (68.6s)
Z12 K140               xy     seed 0: 9.757 mx=10 xy=60 acc=242 ro=243 mes=31.0 def=0 skip=True (69.8s)
Z12 K140               xy     seed 1: 9.757 mx=10 xy=60 acc=242 ro=243 mes=31.0 def=0 skip=True (69.8s)
Z12 K140               xy     seed 2: 9.757 mx=10 xy=56 acc=238 ro=239 mes=31.0 def=0 skip=True (68.6s)
Z12 ER100_d10          plane  seed 0: 4.56 mx=8 xy=0 acc=592 ro=593 mes=17.0 def=0 skip=True (60.1s)
Z12 ER100_d10          plane  seed 1: 4.43 mx=8 xy=0 acc=592 ro=593 mes=17.0 def=0 skip=True (60.1s)
Z12 ER100_d10          plane  seed 2: 4.27 mx=7 xy=0 acc=592 ro=593 mes=17.0 def=0 skip=True (60.0s)
Z12 ER100_d10          xy     seed 0: 4.29 mx=7 xy=342 acc=1289 ro=1290 mes=19.0 def=0 skip=True (60.1s)
Z12 ER100_d10          xy     seed 1: 4.34 mx=8 xy=342 acc=1297 ro=1298 mes=19.0 def=0 skip=True (60.1s)
Z12 ER100_d10          xy     seed 2: 4.53 mx=8 xy=342 acc=1305 ro=1306 mes=19.0 def=0 skip=True (60.1s)
Z12 turan_n162         plane  seed 0: 9.253 mx=12 xy=0 acc=203 ro=204 mes=28.0 def=0 skip=True (63.1s)
Z12 turan_n162         plane  seed 1: 9.593 mx=13 xy=0 acc=190 ro=191 mes=32.0 def=0 skip=True (61.1s)
Z12 turan_n162         plane  seed 2: 9.253 mx=12 xy=0 acc=203 ro=204 mes=28.0 def=0 skip=True (61.8s)
Z12 turan_n162         plane  seed 3: 9.253 mx=12 xy=0 acc=203 ro=204 mes=28.0 def=0 skip=True (61.6s)
Z12 turan_n162         plane  seed 4: 9.222 mx=12 xy=0 acc=203 ro=204 mes=28.0 def=0 skip=True (61.8s)
Z12 turan_n162         plane  seed 5: 9.611 mx=13 xy=0 acc=190 ro=191 mes=32.0 def=0 skip=True (61.8s)
Z12 turan_n162         plane  seed 6: 9.253 mx=12 xy=0 acc=203 ro=204 mes=28.0 def=0 skip=True (65.9s)
Z12 turan_n162         plane  seed 7: 9.611 mx=13 xy=0 acc=190 ro=191 mes=32.0 def=0 skip=True (61.6s)
Z12 turan_n162         plane  seed 8: 9.611 mx=13 xy=0 acc=190 ro=191 mes=32.0 def=0 skip=True (60.6s)
Z12 turan_n162         plane  seed 9: 9.253 mx=12 xy=0 acc=203 ro=204 mes=28.0 def=0 skip=True (64.8s)
Z12 turan_n162         xy     seed 0: 9.006 mx=13 xy=70 acc=272 ro=273 mes=27.0 def=0 skip=True (67.6s)
Z12 turan_n162         xy     seed 1: 9.506 mx=14 xy=76 acc=266 ro=267 mes=32.0 def=0 skip=True (60.4s)
Z12 turan_n162         xy     seed 2: 9.006 mx=13 xy=70 acc=272 ro=273 mes=27.0 def=0 skip=True (60.3s)
Z12 turan_n162         xy     seed 3: 9.006 mx=13 xy=70 acc=272 ro=273 mes=27.0 def=0 skip=True (61.2s)
Z12 turan_n162         xy     seed 4: 9.006 mx=13 xy=70 acc=272 ro=273 mes=27.0 def=0 skip=True (60.2s)
Z12 turan_n162         xy     seed 5: 9.506 mx=14 xy=76 acc=266 ro=267 mes=32.0 def=0 skip=True (64.6s)
Z12 turan_n162         xy     seed 6: 9.006 mx=13 xy=70 acc=272 ro=273 mes=27.0 def=0 skip=True (60.4s)
Z12 turan_n162         xy     seed 7: 9.506 mx=14 xy=76 acc=266 ro=267 mes=32.0 def=0 skip=True (62.0s)
Z12 turan_n162         xy     seed 8: 9.506 mx=14 xy=76 acc=266 ro=267 mes=32.0 def=0 skip=True (64.3s)
Z12 turan_n162         xy     seed 9: 9.006 mx=13 xy=70 acc=272 ro=273 mes=27.0 def=0 skip=True (71.7s)
Z12 spin_glass_n163    plane  seed 0: 10.859 mx=12 xy=0 acc=361 ro=362 mes=33.0 def=0 skip=True (56.3s)
Z12 spin_glass_n163    plane  seed 1: 10.859 mx=12 xy=0 acc=362 ro=363 mes=33.0 def=0 skip=True (55.2s)
Z12 spin_glass_n163    plane  seed 2: 10.859 mx=12 xy=0 acc=362 ro=363 mes=33.0 def=0 skip=True (55.1s)
Z12 spin_glass_n163    xy     seed 0: 10.847 mx=12 xy=144 acc=475 ro=476 mes=32.0 def=0 skip=True (57.2s)
Z12 spin_glass_n163    xy     seed 1: 10.847 mx=12 xy=144 acc=464 ro=465 mes=32.0 def=0 skip=True (56.0s)
Z12 spin_glass_n163    xy     seed 2: 10.847 mx=12 xy=144 acc=465 ro=466 mes=32.0 def=0 skip=True (59.8s)
Z12 regular_n316       plane  seed 0: 2.867 mx=7 xy=0 acc=1165 ro=1166 mes=30.0 def=0 skip=True (60.0s)
Z12 regular_n316       plane  seed 1: 2.687 mx=6 xy=0 acc=1164 ro=1165 mes=30.0 def=0 skip=True (60.1s)
Z12 regular_n316       plane  seed 2: 2.734 mx=6 xy=0 acc=1166 ro=1167 mes=30.0 def=0 skip=True (60.1s)
Z12 regular_n316       plane  seed 3: 2.623 mx=6 xy=0 acc=1165 ro=1166 mes=30.0 def=0 skip=True (60.3s)
Z12 regular_n316       plane  seed 4: 2.693 mx=6 xy=0 acc=823 ro=824 mes=30.0 def=0 skip=True (60.0s)
Z12 regular_n316       plane  seed 5: 2.687 mx=6 xy=0 acc=799 ro=800 mes=30.0 def=0 skip=True (60.0s)
Z12 regular_n316       plane  seed 6: 2.633 mx=6 xy=0 acc=845 ro=846 mes=30.0 def=0 skip=True (60.0s)
Z12 regular_n316       plane  seed 7: 2.813 mx=6 xy=0 acc=799 ro=800 mes=30.0 def=0 skip=True (60.5s)
Z12 regular_n316       plane  seed 8: 2.636 mx=6 xy=0 acc=781 ro=782 mes=30.0 def=0 skip=True (60.0s)
Z12 regular_n316       plane  seed 9: 2.772 mx=6 xy=0 acc=803 ro=804 mes=30.0 def=0 skip=True (60.0s)
Z12 regular_n316       xy     seed 0: 2.832 mx=7 xy=104 acc=777 ro=778 mes=27.0 def=0 skip=True (60.0s)
Z12 regular_n316       xy     seed 1: 2.766 mx=7 xy=100 acc=773 ro=774 mes=27.0 def=0 skip=True (60.0s)
Z12 regular_n316       xy     seed 2: 2.737 mx=6 xy=107 acc=852 ro=853 mes=27.0 def=0 skip=True (60.1s)
Z12 regular_n316       xy     seed 3: 2.684 mx=7 xy=107 acc=837 ro=838 mes=27.0 def=0 skip=True (60.1s)
Z12 regular_n316       xy     seed 4: 2.93 mx=7 xy=107 acc=871 ro=872 mes=27.0 def=0 skip=True (60.1s)
Z12 regular_n316       xy     seed 5: 2.797 mx=6 xy=107 acc=869 ro=870 mes=27.0 def=0 skip=True (60.0s)
Z12 regular_n316       xy     seed 6: 3.127 mx=7 xy=107 acc=863 ro=864 mes=27.0 def=0 skip=True (60.0s)
Z12 regular_n316       xy     seed 7: 2.684 mx=6 xy=107 acc=907 ro=908 mes=29.0 def=3 skip=False (60.7s)
Z12 regular_n316       xy     seed 8: 2.674 mx=6 xy=107 acc=837 ro=838 mes=27.0 def=0 skip=True (60.2s)
Z12 regular_n316       xy     seed 9: 2.962 mx=7 xy=107 acc=852 ro=853 mes=27.0 def=0 skip=True (60.6s)
Z12 ws_n486            plane  seed 0: 2.798 mx=9 xy=0 acc=1087 ro=1088 mes=27.0 def=48 skip=False (60.4s)
Z12 ws_n486            plane  seed 1: 2.533 mx=8 xy=0 acc=1061 ro=1062 mes=30.0 def=45 skip=False (60.2s)
Z12 ws_n486            plane  seed 2: 2.469 mx=8 xy=0 acc=1095 ro=1096 mes=27.0 def=42 skip=False (60.2s)
Z12 ws_n486            plane  seed 3: 2.593 mx=8 xy=0 acc=1087 ro=1088 mes=27.0 def=48 skip=False (60.0s)
Z12 ws_n486            plane  seed 4: 2.687 mx=9 xy=0 acc=1087 ro=1088 mes=27.0 def=48 skip=False (60.9s)
Z12 ws_n486            plane  seed 5: 2.932 mx=10 xy=0 acc=1125 ro=1126 mes=27.0 def=42 skip=False (60.5s)
Z12 ws_n486            plane  seed 6: 2.541 mx=8 xy=0 acc=1118 ro=1119 mes=27.0 def=42 skip=False (60.0s)
Z12 ws_n486            plane  seed 7: 2.543 mx=8 xy=0 acc=1218 ro=1219 mes=27.0 def=24 skip=False (60.0s)
Z12 ws_n486            plane  seed 8: 2.461 mx=7 xy=0 acc=1039 ro=1040 mes=32.0 def=35 skip=False (60.0s)
Z12 ws_n486            plane  seed 9: 2.576 mx=9 xy=0 acc=919 ro=920 mes=30.0 def=33 skip=False (60.0s)
Z12 ws_n486            xy     seed 0: 2.467 mx=8 xy=0 acc=1015 ro=1016 mes=32.0 def=35 skip=False (60.0s)
Z12 ws_n486            xy     seed 1: 2.432 mx=8 xy=0 acc=934 ro=935 mes=32.0 def=36 skip=False (60.0s)
Z12 ws_n486            xy     seed 2: 2.617 mx=9 xy=0 acc=996 ro=997 mes=32.0 def=34 skip=False (60.0s)
Z12 ws_n486            xy     seed 3: 2.765 mx=9 xy=0 acc=969 ro=970 mes=32.0 def=34 skip=False (60.0s)
Z12 ws_n486            xy     seed 4: 2.64 mx=8 xy=0 acc=1037 ro=1038 mes=32.0 def=35 skip=False (60.0s)
Z12 ws_n486            xy     seed 5: 2.628 mx=9 xy=0 acc=994 ro=995 mes=32.0 def=34 skip=False (60.0s)
Z12 ws_n486            xy     seed 6: 2.761 mx=9 xy=0 acc=976 ro=977 mes=32.0 def=34 skip=False (60.0s)
Z12 ws_n486            xy     seed 7: 2.49 mx=8 xy=0 acc=929 ro=930 mes=32.0 def=36 skip=False (60.0s)
Z12 ws_n486            xy     seed 8: 2.498 mx=8 xy=26 acc=1070 ro=1071 mes=30.0 def=27 skip=False (60.0s)
Z12 ws_n486            xy     seed 9: 2.817 mx=9 xy=40 acc=1084 ro=1085 mes=30.0 def=27 skip=False (60.0s)
Z12 grid_200           plane  seed 0: 1.33 mx=3 xy=0 acc=1022 ro=1023 mes=8.0 def=0 skip=True (60.0s)
Z12 grid_200           plane  seed 1: 1.43 mx=3 xy=0 acc=1022 ro=1023 mes=8.0 def=0 skip=True (60.0s)
Z12 grid_200           plane  seed 2: 1.35 mx=3 xy=0 acc=1022 ro=1023 mes=8.0 def=0 skip=True (60.0s)
Z12 grid_200           xy     seed 0: 1.415 mx=3 xy=379 acc=1231 ro=1232 mes=10.0 def=0 skip=True (60.0s)
Z12 grid_200           xy     seed 1: 1.34 mx=3 xy=379 acc=1267 ro=1268 mes=10.0 def=0 skip=True (60.0s)
Z12 grid_200           xy     seed 2: 1.385 mx=3 xy=379 acc=1256 ro=1257 mes=10.0 def=0 skip=True (60.0s)
Z12 honeycomb_200      plane  seed 0: 1.335 mx=3 xy=0 acc=395 ro=396 mes=10.0 def=0 skip=True (46.8s)
Z12 honeycomb_200      plane  seed 1: 1.43 mx=3 xy=0 acc=395 ro=396 mes=10.0 def=0 skip=True (52.8s)
Z12 honeycomb_200      plane  seed 2: 1.23 mx=2 xy=0 acc=395 ro=396 mes=10.0 def=0 skip=True (41.6s)
Z12 honeycomb_200      xy     seed 0: 1.355 mx=3 xy=294 acc=789 ro=790 mes=12.0 def=0 skip=True (56.2s)
Z12 honeycomb_200      xy     seed 1: 1.36 mx=3 xy=339 acc=834 ro=835 mes=12.0 def=0 skip=True (60.0s)
Z12 honeycomb_200      xy     seed 2: 1.325 mx=3 xy=370 acc=876 ro=877 mes=12.0 def=0 skip=True (52.4s)
Z12 king_graph_196     plane  seed 0: 1.781 mx=4 xy=0 acc=1115 ro=1116 mes=9.0 def=0 skip=True (60.0s)
Z12 king_graph_196     plane  seed 1: 1.74 mx=4 xy=0 acc=1117 ro=1118 mes=9.0 def=0 skip=True (60.0s)
Z12 king_graph_196     plane  seed 2: 1.959 mx=4 xy=0 acc=1117 ro=1118 mes=9.0 def=0 skip=True (60.1s)
Z12 king_graph_196     xy     seed 0: 1.862 mx=4 xy=271 acc=1346 ro=1347 mes=10.0 def=0 skip=True (60.0s)
Z12 king_graph_196     xy     seed 1: 1.898 mx=4 xy=258 acc=1333 ro=1334 mes=10.0 def=0 skip=True (60.0s)
Z12 king_graph_196     xy     seed 2: 1.648 mx=3 xy=256 acc=1331 ro=1332 mes=10.0 def=0 skip=True (60.0s)

summary (mean ACL; d = arm - plane, negative = wins):
Z12 K100               plane=7.26(3) mx=8.0 | xy=7.26(3) mx=8.0 mes=21.0 xy=99.0 d=+0.000
Z12 K140               plane=9.757(3) mx=10.0 | xy=9.757(3) mx=10.0 mes=31.0 xy=58.667 d=+0.000
Z12 ER100_d10          plane=4.42(3) mx=7.667 | xy=4.387(3) mx=7.667 mes=19.0 xy=342.0 d=-0.033
Z12 turan_n162         plane=9.391(10) mx=12.4 | xy=9.206(10) mx=13.4 mes=29.0 xy=72.4 d=-0.185
Z12 spin_glass_n163    plane=10.859(3) mx=12.0 | xy=10.847(3) mx=12.0 mes=32.0 xy=144.0 d=-0.012
Z12 regular_n316       plane=2.714(10) mx=6.1 | xy=2.819(10) mx=6.6 mes=27.2 xy=106.0 d=+0.105
Z12 ws_n486            plane=2.613(10) mx=8.4 | xy=2.612(10) mx=8.5 mes=31.6 xy=6.6 d=-0.001
Z12 grid_200           plane=1.37(3) mx=3.0 | xy=1.38(3) mx=3.0 mes=10.0 xy=379.0 d=+0.010
Z12 honeycomb_200      plane=1.332(3) mx=2.667 | xy=1.347(3) mx=3.0 mes=12.0 xy=334.333 d=+0.015
Z12 king_graph_196     plane=1.827(3) mx=4.0 | xy=1.803(3) mx=3.667 mes=10.0 xy=261.667 d=-0.024

BAR turan_n162/Z12: acl {'plane': 9.391, 'xy': 9.206} mx {'plane': 12.4, 'xy': 13.4} mes {'plane': 29.6, 'xy': 29.0}

BAR ws_n486/Z12: acl {'plane': 2.613, 'xy': 2.612} mx {'plane': 8.4, 'xy': 8.5} mes {'plane': 28.1, 'xy': 31.6}

BAR regular_n316/Z12: acl {'plane': 2.714, 'xy': 2.819} mx {'plane': 6.1, 'xy': 6.6} mes {'plane': 30.0, 'xy': 27.2}
BAR board: FAIL [('Z12', 'honeycomb_200', 'xy', 'wall 47.067->56.2')]
load at end: (84.20654296875, 84.2265625, 65.26708984375)
done-probe
