4 cells, 66 jobs; load (79.87353515625, 89.1416015625, 94.75439453125)
/data/max/ember/docs/paper2/data/xy_probe2.py:73: DeprecationWarning: dwave-networkx is deprecated and will be replaced by dwave-graphs in Ocean 10. Most functionality previously provided by dwave-networkx is now available as part of dwave-graphs under the 'dwave.graphs' namespace.
  import dwave_networkx as dnx
/data/max/ember/docs/paper2/data/xy_probe2.py:73: DeprecationWarning: dwave-networkx is deprecated and will be replaced by dwave-graphs in Ocean 10. Most functionality previously provided by dwave-networkx is now available as part of dwave-graphs under the 'dwave.graphs' namespace.
  import dwave_networkx as dnx
/data/max/ember/docs/paper2/data/xy_probe2.py:73: DeprecationWarning: dwave-networkx is deprecated and will be replaced by dwave-graphs in Ocean 10. Most functionality previously provided by dwave-networkx is now available as part of dwave-graphs under the 'dwave.graphs' namespace.
  import dwave_networkx as dnx
/data/max/ember/docs/paper2/data/xy_probe2.py:73: DeprecationWarning: dwave-networkx is deprecated and will be replaced by dwave-graphs in Ocean 10. Most functionality previously provided by dwave-networkx is now available as part of dwave-graphs under the 'dwave.graphs' namespace.
  import dwave_networkx as dnx
/data/max/ember/docs/paper2/data/xy_probe2.py:73: DeprecationWarning: dwave-networkx is deprecated and will be replaced by dwave-graphs in Ocean 10. Most functionality previously provided by dwave-networkx is now available as part of dwave-graphs under the 'dwave.graphs' namespace.
  import dwave_networkx as dnx
/data/max/ember/docs/paper2/data/xy_probe2.py:73: DeprecationWarning: dwave-networkx is deprecated and will be replaced by dwave-graphs in Ocean 10. Most functionality previously provided by dwave-networkx is now available as part of dwave-graphs under the 'dwave.graphs' namespace.
  import dwave_networkx as dnx
/data/max/ember/docs/paper2/data/xy_probe2.py:73: DeprecationWarning: dwave-networkx is deprecated and will be replaced by dwave-graphs in Ocean 10. Most functionality previously provided by dwave-networkx is now available as part of dwave-graphs under the 'dwave.graphs' namespace.
  import dwave_networkx as dnx
/data/max/ember/docs/paper2/data/xy_probe2.py:73: DeprecationWarning: dwave-networkx is deprecated and will be replaced by dwave-graphs in Ocean 10. Most functionality previously provided by dwave-networkx is now available as part of dwave-graphs under the 'dwave.graphs' namespace.
  import dwave_networkx as dnx
/data/max/ember/docs/paper2/data/xy_probe2.py:73: DeprecationWarning: dwave-networkx is deprecated and will be replaced by dwave-graphs in Ocean 10. Most functionality previously provided by dwave-networkx is now available as part of dwave-graphs under the 'dwave.graphs' namespace.
  import dwave_networkx as dnx
/data/max/ember/docs/paper2/data/xy_probe2.py:73: DeprecationWarning: dwave-networkx is deprecated and will be replaced by dwave-graphs in Ocean 10. Most functionality previously provided by dwave-networkx is now available as part of dwave-graphs under the 'dwave.graphs' namespace.
  import dwave_networkx as dnx
/data/max/ember/docs/paper2/data/xy_probe2.py:73: DeprecationWarning: dwave-networkx is deprecated and will be replaced by dwave-graphs in Ocean 10. Most functionality previously provided by dwave-networkx is now available as part of dwave-graphs under the 'dwave.graphs' namespace.
  import dwave_networkx as dnx
/data/max/ember/docs/paper2/data/xy_probe2.py:73: DeprecationWarning: dwave-networkx is deprecated and will be replaced by dwave-graphs in Ocean 10. Most functionality previously provided by dwave-networkx is now available as part of dwave-graphs under the 'dwave.graphs' namespace.
  import dwave_networkx as dnx
/data/max/ember/docs/paper2/data/xy_probe2.py:73: DeprecationWarning: dwave-networkx is deprecated and will be replaced by dwave-graphs in Ocean 10. Most functionality previously provided by dwave-networkx is now available as part of dwave-graphs under the 'dwave.graphs' namespace.
  import dwave_networkx as dnx
/data/max/ember/docs/paper2/data/xy_probe2.py:73: DeprecationWarning: dwave-networkx is deprecated and will be replaced by dwave-graphs in Ocean 10. Most functionality previously provided by dwave-networkx is now available as part of dwave-graphs under the 'dwave.graphs' namespace.
  import dwave_networkx as dnx
/data/max/ember/docs/paper2/data/xy_probe2.py:73: DeprecationWarning: dwave-networkx is deprecated and will be replaced by dwave-graphs in Ocean 10. Most functionality previously provided by dwave-networkx is now available as part of dwave-graphs under the 'dwave.graphs' namespace.
  import dwave_networkx as dnx
/data/max/ember/docs/paper2/data/xy_probe2.py:73: DeprecationWarning: dwave-networkx is deprecated and will be replaced by dwave-graphs in Ocean 10. Most functionality previously provided by dwave-networkx is now available as part of dwave-graphs under the 'dwave.graphs' namespace.
  import dwave_networkx as dnx
/data/max/ember/docs/paper2/data/xy_probe2.py:73: DeprecationWarning: dwave-networkx is deprecated and will be replaced by dwave-graphs in Ocean 10. Most functionality previously provided by dwave-networkx is now available as part of dwave-graphs under the 'dwave.graphs' namespace.
  import dwave_networkx as dnx
/data/max/ember/docs/paper2/data/xy_probe2.py:73: DeprecationWarning: dwave-networkx is deprecated and will be replaced by dwave-graphs in Ocean 10. Most functionality previously provided by dwave-networkx is now available as part of dwave-graphs under the 'dwave.graphs' namespace.
  import dwave_networkx as dnx
/data/max/ember/docs/paper2/data/xy_probe2.py:73: DeprecationWarning: dwave-networkx is deprecated and will be replaced by dwave-graphs in Ocean 10. Most functionality previously provided by dwave-networkx is now available as part of dwave-graphs under the 'dwave.graphs' namespace.
  import dwave_networkx as dnx
/data/max/ember/docs/paper2/data/xy_probe2.py:73: DeprecationWarning: dwave-networkx is deprecated and will be replaced by dwave-graphs in Ocean 10. Most functionality previously provided by dwave-networkx is now available as part of dwave-graphs under the 'dwave.graphs' namespace.
  import dwave_networkx as dnx
/data/max/ember/docs/paper2/data/xy_probe2.py:73: DeprecationWarning: dwave-networkx is deprecated and will be replaced by dwave-graphs in Ocean 10. Most functionality previously provided by dwave-networkx is now available as part of dwave-graphs under the 'dwave.graphs' namespace.
  import dwave_networkx as dnx
/data/max/ember/docs/paper2/data/xy_probe2.py:73: DeprecationWarning: dwave-networkx is deprecated and will be replaced by dwave-graphs in Ocean 10. Most functionality previously provided by dwave-networkx is now available as part of dwave-graphs under the 'dwave.graphs' namespace.
  import dwave_networkx as dnx
/data/max/ember/docs/paper2/data/xy_probe2.py:73: DeprecationWarning: dwave-networkx is deprecated and will be replaced by dwave-graphs in Ocean 10. Most functionality previously provided by dwave-networkx is now available as part of dwave-graphs under the 'dwave.graphs' namespace.
  import dwave_networkx as dnx
/data/max/ember/docs/paper2/data/xy_probe2.py:73: DeprecationWarning: dwave-networkx is deprecated and will be replaced by dwave-graphs in Ocean 10. Most functionality previously provided by dwave-networkx is now available as part of dwave-graphs under the 'dwave.graphs' namespace.
  import dwave_networkx as dnx
Z12 ER100_d10          plane  seed 0: 4.56 mx=8 xy=0 acc=592 ro=593 mes=17.0 def=0 skip=True (214.8s)
Z12 ER100_d10          plane  seed 1: 4.43 mx=8 xy=0 acc=592 ro=593 mes=17.0 def=0 skip=True (179.9s)
Z12 ER100_d10          plane  seed 2: 4.27 mx=7 xy=0 acc=592 ro=593 mes=17.0 def=0 skip=True (175.9s)
Z12 ER100_d10          xy     seed 0: 4.71 mx=7 xy=1086 acc=3352 ro=3353 mes=18.0 def=0 skip=True (240.0s)
Z12 ER100_d10          xy     seed 1: 4.16 mx=7 xy=923 acc=2757 ro=2758 mes=19.0 def=0 skip=True (240.0s)
Z12 ER100_d10          xy     seed 2: 4.13 mx=7 xy=1018 acc=3062 ro=3063 mes=19.0 def=0 skip=True (240.1s)
Z12 turan_n162         plane  seed 0: 6.0 mx=6 xy=0 acc=356 ro=357 mes=27.0 def=0 skip=True (241.6s)
Z12 turan_n162         plane  seed 1: 6.0 mx=6 xy=0 acc=267 ro=268 mes=25.0 def=0 skip=True (240.1s)
Z12 turan_n162         plane  seed 2: 6.0 mx=6 xy=0 acc=356 ro=357 mes=27.0 def=0 skip=True (241.6s)
Z12 turan_n162         plane  seed 3: 6.0 mx=6 xy=0 acc=356 ro=357 mes=27.0 def=0 skip=True (240.6s)
Z12 turan_n162         plane  seed 4: 6.0 mx=6 xy=0 acc=356 ro=357 mes=27.0 def=0 skip=True (242.2s)
Z12 turan_n162         plane  seed 5: 6.0 mx=6 xy=0 acc=267 ro=268 mes=25.0 def=0 skip=True (240.4s)
Z12 turan_n162         plane  seed 6: 6.0 mx=6 xy=0 acc=356 ro=357 mes=27.0 def=0 skip=True (240.9s)
Z12 turan_n162         plane  seed 7: 6.0 mx=6 xy=0 acc=267 ro=268 mes=25.0 def=0 skip=True (243.6s)
Z12 turan_n162         plane  seed 8: 6.0 mx=6 xy=0 acc=267 ro=268 mes=25.0 def=0 skip=True (240.2s)
Z12 turan_n162         plane  seed 9: 6.0 mx=6 xy=0 acc=356 ro=357 mes=27.0 def=0 skip=True (240.0s)
Z12 turan_n162         xy     seed 0: 6.0 mx=6 xy=77 acc=374 ro=375 mes=29.0 def=0 skip=True (240.5s)
Z12 turan_n162         xy     seed 1: 9.506 mx=14 xy=76 acc=456 ro=457 mes=32.0 def=0 skip=True (240.2s)
Z12 turan_n162         xy     seed 2: 6.0 mx=6 xy=77 acc=374 ro=375 mes=29.0 def=0 skip=True (240.8s)
Z12 turan_n162         xy     seed 3: 6.0 mx=6 xy=77 acc=374 ro=375 mes=29.0 def=0 skip=True (244.2s)
Z12 turan_n162         xy     seed 4: 6.0 mx=6 xy=71 acc=368 ro=369 mes=29.0 def=0 skip=True (240.2s)
Z12 turan_n162         xy     seed 5: 9.506 mx=14 xy=76 acc=465 ro=466 mes=32.0 def=0 skip=True (240.2s)
Z12 turan_n162         xy     seed 6: 6.0 mx=6 xy=81 acc=378 ro=379 mes=29.0 def=0 skip=True (240.8s)
Z12 turan_n162         xy     seed 7: 9.506 mx=14 xy=76 acc=482 ro=483 mes=32.0 def=0 skip=True (240.4s)
Z12 turan_n162         xy     seed 8: 9.506 mx=14 xy=76 acc=422 ro=423 mes=32.0 def=0 skip=True (240.6s)
Z12 turan_n162         xy     seed 9: 9.006 mx=13 xy=70 acc=274 ro=275 mes=27.0 def=0 skip=True (192.2s)
Z12 regular_n316       plane  seed 0: 2.769 mx=8 xy=0 acc=1579 ro=1580 mes=30.0 def=0 skip=True (240.0s)
Z12 regular_n316       plane  seed 1: 2.763 mx=6 xy=0 acc=1558 ro=1559 mes=30.0 def=0 skip=True (240.0s)
Z12 regular_n316       plane  seed 2: 2.611 mx=6 xy=0 acc=1726 ro=1727 mes=30.0 def=0 skip=True (240.1s)
Z12 regular_n316       plane  seed 3: 2.611 mx=6 xy=0 acc=1681 ro=1682 mes=30.0 def=0 skip=True (240.2s)
Z12 regular_n316       plane  seed 4: 2.665 mx=6 xy=0 acc=1501 ro=1502 mes=30.0 def=0 skip=True (240.1s)
Z12 regular_n316       plane  seed 5: 2.737 mx=6 xy=0 acc=1734 ro=1735 mes=30.0 def=0 skip=True (240.0s)
Z12 regular_n316       plane  seed 6: 2.82 mx=6 xy=0 acc=1729 ro=1730 mes=30.0 def=0 skip=True (240.1s)
Z12 regular_n316       plane  seed 7: 3.035 mx=7 xy=0 acc=1607 ro=1608 mes=30.0 def=0 skip=True (240.1s)
Z12 regular_n316       plane  seed 8: 3.019 mx=7 xy=0 acc=1809 ro=1810 mes=30.0 def=0 skip=True (240.1s)
Z12 regular_n316       plane  seed 9: 2.722 mx=6 xy=0 acc=1469 ro=1470 mes=30.0 def=0 skip=True (240.0s)
Z12 regular_n316       xy     seed 0: 2.646 mx=6 xy=335 acc=2030 ro=2031 mes=30.0 def=8 skip=False (240.0s)
Z12 regular_n316       xy     seed 1: 2.639 mx=6 xy=335 acc=2064 ro=2065 mes=30.0 def=8 skip=False (240.7s)
Z12 regular_n316       xy     seed 2: 2.899 mx=7 xy=335 acc=2130 ro=2131 mes=30.0 def=8 skip=False (240.1s)
Z12 regular_n316       xy     seed 3: 2.722 mx=6 xy=335 acc=2118 ro=2119 mes=30.0 def=8 skip=False (240.0s)
Z12 regular_n316       xy     seed 4: 2.753 mx=7 xy=327 acc=1935 ro=1936 mes=30.0 def=8 skip=False (240.0s)
Z12 regular_n316       xy     seed 5: 2.759 mx=6 xy=335 acc=1957 ro=1958 mes=30.0 def=8 skip=False (240.3s)
Z12 regular_n316       xy     seed 6: 2.968 mx=7 xy=279 acc=1826 ro=1827 mes=30.0 def=8 skip=False (240.1s)
Z12 regular_n316       xy     seed 7: 3.152 mx=8 xy=279 acc=1877 ro=1878 mes=30.0 def=8 skip=False (241.1s)
Z12 regular_n316       xy     seed 8: 2.959 mx=7 xy=388 acc=2331 ro=2332 mes=30.0 def=8 skip=False (240.0s)
Z12 regular_n316       xy     seed 9: 2.839 mx=6 xy=279 acc=1785 ro=1786 mes=30.0 def=8 skip=False (240.0s)
Z12 ws_n486            plane  seed 0: 2.691 mx=10 xy=0 acc=2066 ro=2067 mes=32.0 def=36 skip=False (241.6s)
Z12 ws_n486            plane  seed 1: 2.562 mx=8 xy=0 acc=2405 ro=2406 mes=27.0 def=44 skip=False (240.0s)
Z12 ws_n486            plane  seed 2: 2.681 mx=11 xy=0 acc=2274 ro=2275 mes=27.0 def=44 skip=False (240.0s)
Z12 ws_n486            plane  seed 3: 2.512 mx=9 xy=0 acc=2023 ro=2024 mes=32.0 def=36 skip=False (240.0s)
Z12 ws_n486            plane  seed 4: 2.395 mx=8 xy=0 acc=2099 ro=2100 mes=29.0 def=34 skip=False (240.1s)
Z12 ws_n486            plane  seed 5: 2.514 mx=10 xy=0 acc=2091 ro=2092 mes=29.0 def=34 skip=False (240.0s)
Z12 ws_n486            plane  seed 6: 2.619 mx=10 xy=0 acc=2083 ro=2084 mes=29.0 def=34 skip=False (240.0s)
Z12 ws_n486            plane  seed 7: 2.535 mx=9 xy=0 acc=2195 ro=2196 mes=27.0 def=40 skip=False (240.0s)
Z12 ws_n486            plane  seed 8: 2.543 mx=8 xy=0 acc=2104 ro=2105 mes=29.0 def=37 skip=False (240.0s)
Z12 ws_n486            plane  seed 9: 2.405 mx=8 xy=0 acc=2165 ro=2166 mes=29.0 def=37 skip=False (240.0s)
Z12 ws_n486            xy     seed 0: 2.428 mx=8 xy=377 acc=2221 ro=2222 mes=32.0 def=32 skip=False (240.0s)
Z12 ws_n486            xy     seed 1: 2.628 mx=10 xy=394 acc=2238 ro=2239 mes=32.0 def=33 skip=False (240.0s)
Z12 ws_n486            xy     seed 2: 2.691 mx=9 xy=425 acc=2315 ro=2316 mes=33.0 def=35 skip=False (240.0s)
Z12 ws_n486            xy     seed 3: 2.385 mx=8 xy=425 acc=2344 ro=2345 mes=33.0 def=35 skip=False (240.0s)
Z12 ws_n486            xy     seed 4: 2.615 mx=8 xy=378 acc=2222 ro=2223 mes=32.0 def=32 skip=False (240.0s)
Z12 ws_n486            xy     seed 5: 2.66 mx=9 xy=386 acc=2230 ro=2231 mes=32.0 def=33 skip=False (240.0s)
Z12 ws_n486            xy     seed 6: 2.504 mx=8 xy=425 acc=2311 ro=2312 mes=33.0 def=35 skip=False (240.0s)
Z12 ws_n486            xy     seed 7: 2.716 mx=10 xy=302 acc=2146 ro=2147 mes=32.0 def=32 skip=False (240.0s)
Z12 ws_n486            xy     seed 8: 2.743 mx=10 xy=290 acc=2134 ro=2135 mes=32.0 def=32 skip=False (240.0s)
Z12 ws_n486            xy     seed 9: 2.628 mx=10 xy=398 acc=2242 ro=2243 mes=32.0 def=33 skip=False (240.0s)

summary (mean ACL; d = arm - plane, negative = wins):
Z12 ER100_d10          plane=4.42(3) mx=7.667 | xy=4.333(3) mx=7.0 mes=18.667 xy=1009.0 d=-0.087
Z12 turan_n162         plane=6.0(10) mx=6.0 | xy=7.703(10) mx=9.9 mes=30.0 xy=75.7 d=+1.703
Z12 regular_n316       plane=2.775(10) mx=6.4 | xy=2.834(10) mx=6.6 mes=30.0 xy=322.7 d=+0.059
Z12 ws_n486            plane=2.546(10) mx=9.1 | xy=2.6(10) mx=9.0 mes=32.3 xy=380.0 d=+0.054

BAR turan_n162/Z12: acl {'plane': 6.0, 'xy': 7.703} mx {'plane': 6.0, 'xy': 9.9} mes {'plane': 26.2, 'xy': 30.0}

BAR ws_n486/Z12: acl {'plane': 2.546, 'xy': 2.6} mx {'plane': 9.1, 'xy': 9.0} mes {'plane': 29.0, 'xy': 32.3}

BAR regular_n316/Z12: acl {'plane': 2.775, 'xy': 2.834} mx {'plane': 6.4, 'xy': 6.6} mes {'plane': 30.0, 'xy': 30.0}
BAR board: FAIL [('Z12', 'ER100_d10', 'xy', 'wall 190.2->240.033'), ('Z12', 'turan_n162', 'xy', 1.703)]
load at end: (78.76025390625, 105.55712890625, 103.9453125)
done-probe
